******************************************************************************
             TMS320C2000 Linker PC v22.6.1                     
******************************************************************************
>> Linked Sat Jun  8 22:07:05 2024

OUTPUT FILE NAME:   <Example_2833xCpuTimer.out>
ENTRY POINT SYMBOL: "code_start"  address: 0033fff6


MEMORY CONFIGURATION

         name            origin    length      used     unused   attr    fill
----------------------  --------  ---------  --------  --------  ----  --------
PAGE 0:
  ZONE0                 00004000   00001000  00000000  00001000  RWIX
  RAML0                 00008000   00001000  000001a4  00000e5c  RWIX
  RAML1                 00009000   00001000  00000000  00001000  RWIX
  RAML2                 0000a000   00001000  00000000  00001000  RWIX
  RAML3                 0000b000   00001000  00000000  00001000  RWIX
  ZONE6                 00100000   00100000  00000000  00100000  RWIX
  ZONE7A                00200000   0000fc00  00000000  0000fc00  RWIX
  FLASHH                00300000   00008000  00000000  00008000  RWIX
  FLASHG                00308000   00008000  00000000  00008000  RWIX
  FLASHF                00310000   00008000  00000000  00008000  RWIX
  FLASHE                00318000   00008000  00000000  00008000  RWIX
  FLASHD                00320000   00008000  000001a4  00007e5c  RWIX
  FLASHC                00328000   00008000  00000000  00008000  RWIX
  FLASHA                00338000   00007f80  0000419b  00003de5  RWIX
  CSM_RSVD              0033ff80   00000076  00000000  00000076  RWIX
  BEGIN                 0033fff6   00000002  00000002  00000000  RWIX
  CSM_PWL               0033fff8   00000008  00000000  00000008  RWIX
  ADC_CAL               00380080   00000009  00000007  00000002  RWIX
  OTP                   00380400   00000400  00000000  00000400  RWIX
  IQTABLES              003fe000   00000b50  00000000  00000b50  RWIX
  IQTABLES2             003feb50   0000008c  00000000  0000008c  RWIX
  FPUTABLES             003febdc   000006a0  00000000  000006a0  RWIX
  ROM                   003ff27c   00000d44  00000000  00000d44  RWIX
  RESET                 003fffc0   00000002  00000000  00000002  RWIX
  VECTORS               003fffc2   0000003e  00000000  0000003e  RWIX

PAGE 1:
  BOOT_RSVD             00000000   00000050  00000000  00000050  RWIX
  RAMM0                 00000050   000003b0  00000000  000003b0  RWIX
  RAMM1                 00000400   00000400  00000400  00000000  RWIX
  DEV_EMU               00000880   00000180  000000d0  000000b0  RWIX
  FLASH_REGS            00000a80   00000060  00000008  00000058  RWIX
  CSM                   00000ae0   00000010  00000010  00000000  RWIX
  ADC_MIRROR            00000b00   00000010  00000010  00000000  RWIX
  XINTF                 00000b20   00000020  0000001e  00000002  RWIX
  CPU_TIMER0            00000c00   00000008  00000008  00000000  RWIX
  CPU_TIMER1            00000c08   00000008  00000008  00000000  RWIX
  CPU_TIMER2            00000c10   00000008  00000008  00000000  RWIX
  PIE_CTRL              00000ce0   00000020  0000001a  00000006  RWIX
  PIE_VECT              00000d00   00000100  00000100  00000000  RWIX
  DMA                   00001000   00000200  000000e0  00000120  RWIX
  MCBSPA                00005000   00000040  00000025  0000001b  RWIX
  MCBSPB                00005040   00000040  00000025  0000001b  RWIX
  ECANA                 00006000   00000040  00000034  0000000c  RWIX
  ECANA_LAM             00006040   00000040  00000040  00000000  RWIX
  ECANA_MOTS            00006080   00000040  00000040  00000000  RWIX
  ECANA_MOTO            000060c0   00000040  00000040  00000000  RWIX
  ECANA_MBOX            00006100   00000100  00000100  00000000  RWIX
  ECANB                 00006200   00000040  00000034  0000000c  RWIX
  ECANB_LAM             00006240   00000040  00000040  00000000  RWIX
  ECANB_MOTS            00006280   00000040  00000040  00000000  RWIX
  ECANB_MOTO            000062c0   00000040  00000040  00000000  RWIX
  ECANB_MBOX            00006300   00000100  00000100  00000000  RWIX
  EPWM1                 00006800   00000022  00000022  00000000  RWIX
  EPWM2                 00006840   00000022  00000022  00000000  RWIX
  EPWM3                 00006880   00000022  00000022  00000000  RWIX
  EPWM4                 000068c0   00000022  00000022  00000000  RWIX
  EPWM5                 00006900   00000022  00000022  00000000  RWIX
  EPWM6                 00006940   00000022  00000022  00000000  RWIX
  ECAP1                 00006a00   00000020  00000020  00000000  RWIX
  ECAP2                 00006a20   00000020  00000020  00000000  RWIX
  ECAP3                 00006a40   00000020  00000020  00000000  RWIX
  ECAP4                 00006a60   00000020  00000020  00000000  RWIX
  ECAP5                 00006a80   00000020  00000020  00000000  RWIX
  ECAP6                 00006aa0   00000020  00000020  00000000  RWIX
  EQEP1                 00006b00   00000040  00000040  00000000  RWIX
  EQEP2                 00006b40   00000040  00000040  00000000  RWIX
  GPIOCTRL              00006f80   00000040  0000002e  00000012  RWIX
  GPIODAT               00006fc0   00000020  00000020  00000000  RWIX
  GPIOINT               00006fe0   00000020  0000000a  00000016  RWIX
  SYSTEM                00007010   00000020  00000020  00000000  RWIX
  SPIA                  00007040   00000010  00000010  00000000  RWIX
  SCIA                  00007050   00000010  00000010  00000000  RWIX
  XINTRUPT              00007070   00000010  00000010  00000000  RWIX
  ADC                   00007100   00000020  0000001e  00000002  RWIX
  SCIB                  00007750   00000010  00000010  00000000  RWIX
  SCIC                  00007770   00000010  00000010  00000000  RWIX
  I2CA                  00007900   00000040  00000022  0000001e  RWIX
  RAML4                 0000c000   00001000  00000ead  00000153  RWIX
  RAML5                 0000d000   00001000  00000000  00001000  RWIX
  RAML6                 0000e000   00001000  00000000  00001000  RWIX
  RAML7                 0000f000   00001000  00000000  00001000  RWIX
  ZONE7B                0020fc00   00000400  00000000  00000400  RWIX
  FLASHB                00330000   00008000  00000000  00008000  RWIX
  CSM_PWL               0033fff8   00000008  00000008  00000000  RWIX
  PARTID                00380090   00000001  00000001  00000000  RWIX


SECTION ALLOCATION MAP

 output                                  attributes/
section   page    origin      length       input sections
--------  ----  ----------  ----------   ----------------
.TI.ramfunc 
*          0    00320000    000001a4     RUN ADDR = 00008000
                  00320000    00000183     BFL_Measure.obj (.TI.ramfunc:retain)
                  00320183    0000001d     DSP2833x_SysCtrl.obj (.TI.ramfunc)
                  003201a0    00000004     DSP2833x_usDelay.obj (.TI.ramfunc)

.cinit     0    0033c014    00000187     
                  0033c014    00000096     HDL_Uart.obj (.cinit:__gCOMList)
                  0033c0aa    00000053     <whole-program> (.cinit)
                  0033c0fd    0000002b     <whole-program> (.cinit:_xFuncHandlers$29)
                  0033c128    0000000e     rts2800_fpu32.lib : exit.c.obj (.cinit)
                  0033c136    0000000d     HDL_CPU_Time.obj (.cinit)
                  0033c143    0000000a     HDL_IWDG.obj (.cinit)
                  0033c14d    00000009     B2_CmdBypassCapacitors.obj (.cinit)
                  0033c156    00000005     <whole-program> (.cinit:__lock)
                  0033c15b    00000005     <whole-program> (.cinit:__unlock)
                  0033c160    00000005     period_query.obj (.cinit:_period_last_exe_tick_table)
                  0033c165    00000004     BFL_Buzz.obj (.cinit)
                  0033c169    00000004     BFL_Measure.obj (.cinit)
                  0033c16d    00000004     <whole-program> (.cinit:_g_pageBuf$16)
                  0033c171    00000004     HDL_Uart.obj (.cinit:_m_Com1RxBuf)
                  0033c175    00000004     HDL_Uart.obj (.cinit:_m_Com1TxBuf)
                  0033c179    00000004     HDL_Uart.obj (.cinit:_m_Com2RxBuf)
                  0033c17d    00000004     HDL_Uart.obj (.cinit:_m_Com2TxBuf)
                  0033c181    00000004     HDL_Uart.obj (.cinit:_m_Com3RxBuf)
                  0033c185    00000004     HDL_Uart.obj (.cinit:_m_Com3TxBuf)
                  0033c189    00000004     <whole-program> (.cinit:_ucRegCoilsBuf)
                  0033c18d    00000004     <whole-program> (.cinit:_ucRegDiscreteBuf)
                  0033c191    00000004     <whole-program> (.cinit:_usRegHoldingBuf)
                  0033c195    00000004     <whole-program> (.cinit:_usRegInputBuf)
                  0033c199    00000002     --HOLE-- [fill = 0]

DevEmuRegsFile 
*          1    00000880    000000d0     UNINITIALIZED
                  00000880    000000d0     DSP2833x_GlobalVariableDefs.obj (DevEmuRegsFile)

FlashRegsFile 
*          1    00000a80    00000008     UNINITIALIZED
                  00000a80    00000008     DSP2833x_GlobalVariableDefs.obj (FlashRegsFile)

CsmRegsFile 
*          1    00000ae0    00000010     UNINITIALIZED
                  00000ae0    00000010     DSP2833x_GlobalVariableDefs.obj (CsmRegsFile)

AdcMirrorFile 
*          1    00000b00    00000010     UNINITIALIZED
                  00000b00    00000010     DSP2833x_GlobalVariableDefs.obj (AdcMirrorFile)

XintfRegsFile 
*          1    00000b20    0000001e     UNINITIALIZED
                  00000b20    0000001e     DSP2833x_GlobalVariableDefs.obj (XintfRegsFile)

CpuTimer0RegsFile 
*          1    00000c00    00000008     UNINITIALIZED
                  00000c00    00000008     DSP2833x_GlobalVariableDefs.obj (CpuTimer0RegsFile)

CpuTimer1RegsFile 
*          1    00000c08    00000008     UNINITIALIZED
                  00000c08    00000008     DSP2833x_GlobalVariableDefs.obj (CpuTimer1RegsFile)

CpuTimer2RegsFile 
*          1    00000c10    00000008     UNINITIALIZED
                  00000c10    00000008     DSP2833x_GlobalVariableDefs.obj (CpuTimer2RegsFile)

PieCtrlRegsFile 
*          1    00000ce0    0000001a     UNINITIALIZED
                  00000ce0    0000001a     DSP2833x_GlobalVariableDefs.obj (PieCtrlRegsFile)

PieVectTableFile 
*          1    00000d00    00000100     UNINITIALIZED
                  00000d00    00000100     DSP2833x_GlobalVariableDefs.obj (PieVectTableFile)

DmaRegsFile 
*          1    00001000    000000e0     UNINITIALIZED
                  00001000    000000e0     DSP2833x_GlobalVariableDefs.obj (DmaRegsFile)

McbspaRegsFile 
*          1    00005000    00000025     UNINITIALIZED
                  00005000    00000025     DSP2833x_GlobalVariableDefs.obj (McbspaRegsFile)

McbspbRegsFile 
*          1    00005040    00000025     UNINITIALIZED
                  00005040    00000025     DSP2833x_GlobalVariableDefs.obj (McbspbRegsFile)

ECanaRegsFile 
*          1    00006000    00000034     UNINITIALIZED
                  00006000    00000034     DSP2833x_GlobalVariableDefs.obj (ECanaRegsFile)

ECanaLAMRegsFile 
*          1    00006040    00000040     UNINITIALIZED
                  00006040    00000040     DSP2833x_GlobalVariableDefs.obj (ECanaLAMRegsFile)

ECanaMOTSRegsFile 
*          1    00006080    00000040     UNINITIALIZED
                  00006080    00000040     DSP2833x_GlobalVariableDefs.obj (ECanaMOTSRegsFile)

ECanaMOTORegsFile 
*          1    000060c0    00000040     UNINITIALIZED
                  000060c0    00000040     DSP2833x_GlobalVariableDefs.obj (ECanaMOTORegsFile)

ECanaMboxesFile 
*          1    00006100    00000100     UNINITIALIZED
                  00006100    00000100     DSP2833x_GlobalVariableDefs.obj (ECanaMboxesFile)

ECanbRegsFile 
*          1    00006200    00000034     UNINITIALIZED
                  00006200    00000034     DSP2833x_GlobalVariableDefs.obj (ECanbRegsFile)

ECanbLAMRegsFile 
*          1    00006240    00000040     UNINITIALIZED
                  00006240    00000040     DSP2833x_GlobalVariableDefs.obj (ECanbLAMRegsFile)

ECanbMOTSRegsFile 
*          1    00006280    00000040     UNINITIALIZED
                  00006280    00000040     DSP2833x_GlobalVariableDefs.obj (ECanbMOTSRegsFile)

ECanbMOTORegsFile 
*          1    000062c0    00000040     UNINITIALIZED
                  000062c0    00000040     DSP2833x_GlobalVariableDefs.obj (ECanbMOTORegsFile)

ECanbMboxesFile 
*          1    00006300    00000100     UNINITIALIZED
                  00006300    00000100     DSP2833x_GlobalVariableDefs.obj (ECanbMboxesFile)

EPwm1RegsFile 
*          1    00006800    00000022     UNINITIALIZED
                  00006800    00000022     DSP2833x_GlobalVariableDefs.obj (EPwm1RegsFile)

EPwm2RegsFile 
*          1    00006840    00000022     UNINITIALIZED
                  00006840    00000022     DSP2833x_GlobalVariableDefs.obj (EPwm2RegsFile)

EPwm3RegsFile 
*          1    00006880    00000022     UNINITIALIZED
                  00006880    00000022     DSP2833x_GlobalVariableDefs.obj (EPwm3RegsFile)

EPwm4RegsFile 
*          1    000068c0    00000022     UNINITIALIZED
                  000068c0    00000022     DSP2833x_GlobalVariableDefs.obj (EPwm4RegsFile)

EPwm5RegsFile 
*          1    00006900    00000022     UNINITIALIZED
                  00006900    00000022     DSP2833x_GlobalVariableDefs.obj (EPwm5RegsFile)

EPwm6RegsFile 
*          1    00006940    00000022     UNINITIALIZED
                  00006940    00000022     DSP2833x_GlobalVariableDefs.obj (EPwm6RegsFile)

ECap1RegsFile 
*          1    00006a00    00000020     UNINITIALIZED
                  00006a00    00000020     DSP2833x_GlobalVariableDefs.obj (ECap1RegsFile)

ECap2RegsFile 
*          1    00006a20    00000020     UNINITIALIZED
                  00006a20    00000020     DSP2833x_GlobalVariableDefs.obj (ECap2RegsFile)

ECap3RegsFile 
*          1    00006a40    00000020     UNINITIALIZED
                  00006a40    00000020     DSP2833x_GlobalVariableDefs.obj (ECap3RegsFile)

ECap4RegsFile 
*          1    00006a60    00000020     UNINITIALIZED
                  00006a60    00000020     DSP2833x_GlobalVariableDefs.obj (ECap4RegsFile)

ECap5RegsFile 
*          1    00006a80    00000020     UNINITIALIZED
                  00006a80    00000020     DSP2833x_GlobalVariableDefs.obj (ECap5RegsFile)

ECap6RegsFile 
*          1    00006aa0    00000020     UNINITIALIZED
                  00006aa0    00000020     DSP2833x_GlobalVariableDefs.obj (ECap6RegsFile)

EQep1RegsFile 
*          1    00006b00    00000040     UNINITIALIZED
                  00006b00    00000040     DSP2833x_GlobalVariableDefs.obj (EQep1RegsFile)

EQep2RegsFile 
*          1    00006b40    00000040     UNINITIALIZED
                  00006b40    00000040     DSP2833x_GlobalVariableDefs.obj (EQep2RegsFile)

GpioCtrlRegsFile 
*          1    00006f80    0000002e     UNINITIALIZED
                  00006f80    0000002e     DSP2833x_GlobalVariableDefs.obj (GpioCtrlRegsFile)

GpioDataRegsFile 
*          1    00006fc0    00000020     UNINITIALIZED
                  00006fc0    00000020     DSP2833x_GlobalVariableDefs.obj (GpioDataRegsFile)

GpioIntRegsFile 
*          1    00006fe0    0000000a     UNINITIALIZED
                  00006fe0    0000000a     DSP2833x_GlobalVariableDefs.obj (GpioIntRegsFile)

SysCtrlRegsFile 
*          1    00007010    00000020     UNINITIALIZED
                  00007010    00000020     DSP2833x_GlobalVariableDefs.obj (SysCtrlRegsFile)

SpiaRegsFile 
*          1    00007040    00000010     UNINITIALIZED
                  00007040    00000010     DSP2833x_GlobalVariableDefs.obj (SpiaRegsFile)

SciaRegsFile 
*          1    00007050    00000010     UNINITIALIZED
                  00007050    00000010     DSP2833x_GlobalVariableDefs.obj (SciaRegsFile)

XIntruptRegsFile 
*          1    00007070    00000010     UNINITIALIZED
                  00007070    00000010     DSP2833x_GlobalVariableDefs.obj (XIntruptRegsFile)

AdcRegsFile 
*          1    00007100    0000001e     UNINITIALIZED
                  00007100    0000001e     DSP2833x_GlobalVariableDefs.obj (AdcRegsFile)

ScibRegsFile 
*          1    00007750    00000010     UNINITIALIZED
                  00007750    00000010     DSP2833x_GlobalVariableDefs.obj (ScibRegsFile)

ScicRegsFile 
*          1    00007770    00000010     UNINITIALIZED
                  00007770    00000010     DSP2833x_GlobalVariableDefs.obj (ScicRegsFile)

I2caRegsFile 
*          1    00007900    00000022     UNINITIALIZED
                  00007900    00000022     DSP2833x_GlobalVariableDefs.obj (I2caRegsFile)

CsmPwlFile 
*          1    0033fff8    00000008     UNINITIALIZED
                  0033fff8    00000008     DSP2833x_GlobalVariableDefs.obj (CsmPwlFile)

PartIdRegsFile 
*          1    00380090    00000001     UNINITIALIZED
                  00380090    00000001     DSP2833x_GlobalVariableDefs.obj (PartIdRegsFile)

.pinit     0    00338000    00000000     UNINITIALIZED

.text      0    00338000    00003a4c     
                  00338000    000005b7     B1_ModbusRTUSlaver.obj (.text)
                  003385b7    00000383     DSP2833x_DMA.obj (.text)
                  0033893a    00000358     BFL_SCR.obj (.text)
                  00338c92    00000319     APP_Main.obj (.text)
                  00338fab    00000316     DSP2833x_DefaultIsr.obj (.text:retain)
                  003392c1    000002e7     HDL_Uart.obj (.text)
                  003395a8    0000023e     B3_FaultDetect.obj (.text)
                  003397e6    0000021b     BFL_VCB.obj (.text)
                  00339a01    000001fa     HDL_Uart.obj (.text:retain)
                  00339bfb    0000016a     CHIP_W25Q128.obj (.text)
                  00339d65    00000001     rts2800_fpu32.lib : _lock.c.obj (.text)
                  00339d66    00000137     mbcb.obj (.text)
                  00339e9d    00000135     B2_CmdBypassCapacitors.obj (.text)
                  00339fd2    0000012d     mbrtu.obj (.text)
                  0033a0ff    0000012b     HDL_SPI.obj (.text)
                  0033a22a    00000124     BFL_Measure.obj (.text)
                  0033a34e    00000107     rts2800_fpu32.lib : ll_div28.asm.obj (.text)
                  0033a455    000000fc     DSP2833x_SysCtrl.obj (.text)
                  0033a551    000000ee     DSP2833x_EPwm.obj (.text)
                  0033a63f    000000ec     B3_SysAutoMode.obj (.text)
                  0033a72b    000000e9     HDL_CPU_Time.obj (.text)
                  0033a814    000000df     B2_CmdCutOffCapacitors.obj (.text)
                  0033a8f3    000000d2     cqueue.obj (.text)
                  0033a9c5    000000c8     B1_Measure.obj (.text)
                  0033aa8d    000000c7     mbcrc.obj (.text)
                  0033ab54    000000c0     mbfuncholding.obj (.text)
                  0033ac14    000000a1     B1_CapacitanceTemperatureMeasure.obj (.text)
                  0033acb5    000000a1     BFL_RS485.obj (.text)
                  0033ad56    0000009c     BFL_SCR.obj (.text:retain)
                  0033adf2    0000009c     rts2800_fpu32.lib : fd_add28.asm.obj (.text)
                  0033ae8e    00000095     mbfunccoils.obj (.text)
                  0033af23    00000090     mbfuncinput.obj (.text)
                  0033afb3    0000008e     HDL_CPU_Time.obj (.text:retain)
                  0033b041    0000008b     rts2800_fpu32.lib : fd_div28.asm.obj (.text)
                  0033b0cc    00000088                       : fs_div28.asm.obj (.text)
                  0033b154    00000083                       : fd_mpy28.asm.obj (.text)
                  0033b1d7    0000007b     B2_CmdMakeCapacitorsWork.obj (.text)
                  0033b252    00000077     average_filter.obj (.text)
                  0033b2c9    00000072     rts2800_fpu32.lib : ti_fmax.c.obj (.text)
                  0033b33b    0000005e     mb.obj (.text)
                  0033b399    0000005d     B1_VCBStatusGet.obj (.text)
                  0033b3f6    00000059     BFL_Buzz.obj (.text)
                  0033b44f    00000059     HDL_CAN.obj (.text:retain)
                  0033b4a8    00000056     rts2800_fpu32.lib : boot28.asm.obj (.text)
                  0033b4fe    0000004d     crc.obj (.text)
                  0033b54b    0000004b     BFL_Button.obj (.text)
                  0033b596    00000049     BFL_DebugPin.obj (.text)
                  0033b5df    00000048     mbfuncdisc.obj (.text)
                  0033b627    00000048     period_query.obj (.text)
                  0033b66f    00000046     HDL_IWDG.obj (.text)
                  0033b6b5    00000035     B1_SysModeGet.obj (.text)
                  0033b6ea    00000035     DSP2833x_CpuTimers.obj (.text)
                  0033b71f    00000034     portserial.obj (.text)
                  0033b753    0000002a     mbutils.obj (.text)
                  0033b77d    0000002a     rts2800_fpu32.lib : fd_cmp28.asm.obj (.text)
                  0033b7a7    0000002a                       : l_div28.asm.obj (.text)
                  0033b7d1    00000029                       : exit.c.obj (.text)
                  0033b7fa    00000028     DSP2833x_PieCtrl.obj (.text)
                  0033b822    00000027     rts2800_fpu32.lib : e_sqrtf.c.obj (.text)
                  0033b849    00000025     HDL_IWDG.obj (.text:retain)
                  0033b86e    00000024     rts2800_fpu32.lib : cpy_tbl.c.obj (.text)
                  0033b892    00000021                       : fd_toi28.asm.obj (.text)
                  0033b8b3    00000020     main.obj (.text)
                  0033b8d3    0000001f     rts2800_fpu32.lib : fd_tol28.asm.obj (.text)
                  0033b8f2    0000001e     async_delay.obj (.text)
                  0033b910    0000001e     rts2800_fpu32.lib : ll_cmp28.asm.obj (.text)
                  0033b92e    0000001d                       : i_tofd28.asm.obj (.text)
                  0033b94b    0000001d                       : memcpy.c.obj (.text)
                  0033b968    0000001c                       : fs_tofdfpu32.asm.obj (.text)
                  0033b984    0000001c                       : l_tofd28.asm.obj (.text)
                  0033b9a0    00000018                       : ll_aox28.asm.obj (.text)
                  0033b9b8    00000014     DSP2833x_Adc.obj (.text)
                  0033b9cc    00000012     mbfuncother.obj (.text)
                  0033b9de    00000012     rts2800_fpu32.lib : args_main.c.obj (.text)
                  0033b9f0    00000012     state_duration_timer.obj (.text)
                  0033ba02    00000011     DSP2833x_PieVect.obj (.text)
                  0033ba13    0000000e     rts2800_fpu32.lib : fd_sub28.asm.obj (.text)
                  0033ba21    0000000b                       : u_div28.asm.obj (.text)
                  0033ba2c    00000009                       : fd_neg28.asm.obj (.text)
                  0033ba35    00000008     DSP2833x_CodeStartBranch.obj (.text)
                  0033ba3d    00000007     rts2800_fpu32.lib : memset.c.obj (.text)
                  0033ba44    00000005     porttimer.obj (.text)
                  0033ba49    00000002     rts2800_fpu32.lib : pre_init.c.obj (.text)
                  0033ba4b    00000001                       : startup.c.obj (.text)

codestart 
*          0    0033fff6    00000002     
                  0033fff6    00000002     DSP2833x_CodeStartBranch.obj (codestart)

.stack     1    00000400    00000400     UNINITIALIZED
                  00000400    00000400     --HOLE--

.ebss      1    0000c000    00000aed     UNINITIALIZED
                  0000c000    00000348     APP_Main.obj (.ebss)
                  0000c348    00000020     HDL_Uart.obj (.ebss:_m_Com1TxBuf)
                  0000c368    00000018     DSP2833x_CpuTimers.obj (.ebss)
                  0000c380    00000100     CHIP_W25Q128.obj (.ebss:_g_pageBuf$16)
                  0000c480    00000100     HDL_Uart.obj (.ebss:_m_Com2TxBuf)
                  0000c580    00000100     mbrtu.obj (.ebss:_ucRTUBuf)
                  0000c680    000000a0     BFL_Measure.obj (.ebss:_AdcVoltRMSFilterBuf)
                  0000c720    00000020     HDL_Uart.obj (.ebss:_m_Com3TxBuf)
                  0000c740    00000096     HDL_Uart.obj (.ebss:__gCOMList)
                  0000c7d6    00000020     mbfuncother.obj (.ebss:_ucMBSlaveID$27)
                  0000c7f6    0000000a     HDL_CAN.obj (.ebss)
                  0000c800    00000080     BFL_Measure.obj (.ebss:_AdcVoltRMSFilter)
                  0000c880    00000050     HDL_Uart.obj (.ebss:_m_Com1RxBuf)
                  0000c8d0    0000001c     mb.obj (.ebss)
                  0000c8ec    00000012     BFL_SCR.obj (.ebss)
                  0000c8fe    00000002     B1_CapacitanceTemperatureMeasure.obj (.ebss)
                  0000c900    00000050     HDL_Uart.obj (.ebss:_m_Com2RxBuf)
                  0000c950    00000016     period_query.obj (.ebss:_period_last_exe_tick_table)
                  0000c966    00000010     BFL_Measure.obj (.ebss:_AdcAvg)
                  0000c976    0000000a     BFL_VCB.obj (.ebss:_g_vcb_list)
                  0000c980    00000050     HDL_Uart.obj (.ebss:_m_Com3RxBuf)
                  0000c9d0    00000010     BFL_Measure.obj (.ebss:_AdcRMS)
                  0000c9e0    00000010     BFL_Measure.obj (.ebss:_AdcVoltAvg)
                  0000c9f0    00000010     BFL_Measure.obj (.ebss:_AdcVoltRMS)
                  0000ca00    00000040     mb.obj (.ebss:_xFuncHandlers$29)
                  0000ca40    0000003c     mbcb.obj (.ebss:_usRegHoldingBuf)
                  0000ca7c    00000004     B1_ModbusRTUSlaver.obj (.ebss)
                  0000ca80    0000003c     mbcb.obj (.ebss:_usRegInputBuf)
                  0000cabc    00000004     HDL_IWDG.obj (.ebss)
                  0000cac0    00000006     B2_CmdBypassCapacitors.obj (.ebss)
                  0000cac6    00000006     BFL_Measure.obj (.ebss)
                  0000cacc    00000006     HDL_CPU_Time.obj (.ebss)
                  0000cad2    00000006     mbrtu.obj (.ebss)
                  0000cad8    00000006     rts2800_fpu32.lib : exit.c.obj (.ebss)
                  0000cade    00000002                       : _lock.c.obj (.ebss:__lock)
                  0000cae0    00000002                       : _lock.c.obj (.ebss:__unlock)
                  0000cae2    00000002     mbcb.obj (.ebss:_ucRegCoilsBuf)
                  0000cae4    00000002     mbcb.obj (.ebss:_ucRegDiscreteBuf)
                  0000cae6    00000002     portevent.obj (.ebss)
                  0000cae8    00000001     BFL_Buzz.obj (.ebss)
                  0000cae9    00000001     mbcb.obj (.ebss)
                  0000caea    00000001     mbfuncother.obj (.ebss)
                  0000caeb    00000001     porttimer.obj (.ebss)
                  0000caec    00000001     rts2800_fpu32.lib : errno.c.obj (.ebss)

.econst    0    0033ba4c    000005c8     
                  0033ba4c    00000100     mbcrc.obj (.econst:.string:_aucCRCHi$34)
                  0033bb4c    00000100     mbcrc.obj (.econst:.string:_aucCRCLo$34)
                  0033bc4c    00000100     DSP2833x_PieVect.obj (.econst:_PieVectTableInit)
                  0033bd4c    00000100     crc.obj (.econst:_s_CRCHi)
                  0033be4c    00000100     crc.obj (.econst:_s_CRCLo)
                  0033bf4c    0000005b     BFL_VCB.obj (.econst:.string)
                  0033bfa7    00000001     CHIP_W25Q128.obj (.econst:_$P$T2$3$16)
                  0033bfa8    00000026     rts2800_fpu32.lib : _printfi.c.obj (.econst:.string)
                  0033bfce    0000001c                       : _printfi.c.obj (.econst)
                  0033bfea    00000010     <whole-program> (.econst)
                  0033bffa    00000008     B1_CapacitanceTemperatureMeasure.obj (.econst:_request_cmd$3)
                  0033c002    00000006     CHIP_W25Q128.obj (.econst:_$P$T5$6$16)
                  0033c008    00000004     CHIP_W25Q128.obj (.econst:_$P$T4$5$16)
                  0033c00c    00000004     CHIP_W25Q128.obj (.econst:_$P$T6$7$16)
                  0033c010    00000002     CHIP_W25Q128.obj (.econst:_$P$T0$1$16)
                  0033c012    00000002     mbcb.obj (.econst)

DMARAML4   1    0000cb00    000003c0     UNINITIALIZED
                  0000cb00    000003c0     BFL_Measure.obj (DMARAML4)

.reset     0    003fffc0    00000002     DSECT
                  003fffc0    00000002     rts2800_fpu32.lib : boot28.asm.obj (.reset)

vectors    0    003fffc2    00000000     DSECT

.adc_cal   0    00380080    00000007     NOLOAD SECTION
                  00380080    00000007     DSP2833x_ADC_cal.obj (.adc_cal)

MODULE SUMMARY

       Module                                   code    initialized data   uninitialized data
       ------                                   ----    ----------------   ------------------
    .\
       DSP2833x_GlobalVariableDefs.obj          0       0                  2679              
       DSP2833x_DMA.obj                         899     0                  0                 
       DSP2833x_DefaultIsr.obj                  790     0                  0                 
       DSP2833x_SysCtrl.obj                     310     0                  0                 
       DSP2833x_PieVect.obj                     17      256                0                 
       DSP2833x_EPwm.obj                        238     0                  0                 
       DSP2833x_CpuTimers.obj                   53      0                  24                
       DSP2833x_PieCtrl.obj                     40      0                  0                 
       DSP2833x_Adc.obj                         20      0                  0                 
       DSP2833x_CodeStartBranch.obj             10      0                  0                 
       DSP2833x_usDelay.obj                     8       0                  0                 
       DSP2833x_ADC_cal.obj                     7       0                  0                 
    +--+----------------------------------------+-------+------------------+--------------------+
       Total:                                   2392    256                2703              
                                                                                             
    .\APP\
       APP_Main.obj                             793     0                  840               
       B1_ModbusRTUSlaver.obj                   1463    0                  4                 
       B3_FaultDetect.obj                       574     0                  0                 
       B2_CmdBypassCapacitors.obj               309     9                  6                 
       B3_SysAutoMode.obj                       236     0                  0                 
       B2_CmdCutOffCapacitors.obj               223     0                  0                 
       B1_Measure.obj                           200     0                  0                 
       B1_CapacitanceTemperatureMeasure.obj     161     8                  2                 
       B2_CmdMakeCapacitorsWork.obj             123     0                  0                 
       B1_VCBStatusGet.obj                      93      0                  0                 
       B1_SysModeGet.obj                        53      0                  0                 
    +--+----------------------------------------+-------+------------------+--------------------+
       Total:                                   4228    17                 852               
                                                                                             
    .\Application\
       main.obj                                 32      0                  0                 
    +--+----------------------------------------+-------+------------------+--------------------+
       Total:                                   32      0                  0                 
                                                                                             
    .\BFL\
       BFL_Measure.obj                          1066    4                  1318              
       BFL_SCR.obj                              1012    0                  18                
       BFL_VCB.obj                              539     91                 10                
       BFL_RS485.obj                            161     0                  0                 
       period_query.obj                         72      5                  22                
       BFL_Buzz.obj                             89      4                  1                 
       BFL_Button.obj                           75      0                  0                 
       BFL_DebugPin.obj                         73      0                  0                 
       async_delay.obj                          30      0                  0                 
       state_duration_timer.obj                 18      0                  0                 
    +--+----------------------------------------+-------+------------------+--------------------+
       Total:                                   3135    104                1369              
                                                                                             
    .\CHIP\
       CHIP_W25Q128.obj                         362     17                 256               
    +--+----------------------------------------+-------+------------------+--------------------+
       Total:                                   362     17                 256               
                                                                                             
    .\HDL\
       HDL_Uart.obj                             1249    174                710               
       HDL_CPU_Time.obj                         375     13                 6                 
       HDL_SPI.obj                              299     0                  0                 
       HDL_IWDG.obj                             107     10                 4                 
       HDL_CAN.obj                              89      0                  10                
    +--+----------------------------------------+-------+------------------+--------------------+
       Total:                                   2119    197                730               
                                                                                             
    .\LIB\
       crc.obj                                  77      512                0                 
       cqueue.obj                               210     0                  0                 
       average_filter.obj                       119     0                  0                 
    +--+----------------------------------------+-------+------------------+--------------------+
       Total:                                   406     512                0                 
                                                                                             
    .\freemodbus\
       mb.obj                                   94      0                  92                
    +--+----------------------------------------+-------+------------------+--------------------+
       Total:                                   94      0                  92                
                                                                                             
    .\freemodbus\functions\
       mbfuncholding.obj                        192     0                  0                 
       mbfunccoils.obj                          149     0                  0                 
       mbfuncinput.obj                          144     0                  0                 
       mbfuncdisc.obj                           72      0                  0                 
       mbfuncother.obj                          18      0                  33                
       mbutils.obj                              42      0                  0                 
    +--+----------------------------------------+-------+------------------+--------------------+
       Total:                                   617     0                  33                
                                                                                             
    .\freemodbus\port\
       mbcb.obj                                 311     2                  125               
       portserial.obj                           52      0                  0                 
       porttimer.obj                            5       0                  1                 
       portevent.obj                            0       0                  2                 
    +--+----------------------------------------+-------+------------------+--------------------+
       Total:                                   368     2                  128               
                                                                                             
    .\freemodbus\rtu\
       mbcrc.obj                                199     512                0                 
       mbrtu.obj                                301     0                  262               
    +--+----------------------------------------+-------+------------------+--------------------+
       Total:                                   500     512                262               
                                                                                             
    C:\Users\liuyu\AppData\Local\Temp\
       {399559AF-E7F3-48D7-9C0F-9305571786A0}   0       172                0                 
    +--+----------------------------------------+-------+------------------+--------------------+
       Total:                                   0       172                0                 
                                                                                             
    C:/ti/ccstheia131/ccs/tools/compiler/ti-cgt-c2000_22.6.1A23259/lib/rts2800_fpu32.lib
       ll_div28.asm.obj                         263     0                  0                 
       fd_add28.asm.obj                         156     0                  0                 
       fd_div28.asm.obj                         139     0                  0                 
       fs_div28.asm.obj                         136     0                  0                 
       fd_mpy28.asm.obj                         131     0                  0                 
       ti_fmax.c.obj                            114     0                  0                 
       boot28.asm.obj                           86      0                  0                 
       _printfi.c.obj                           0       66                 0                 
       exit.c.obj                               41      14                 6                 
       fd_cmp28.asm.obj                         42      0                  0                 
       l_div28.asm.obj                          42      0                  0                 
       e_sqrtf.c.obj                            39      0                  0                 
       cpy_tbl.c.obj                            36      0                  0                 
       fd_toi28.asm.obj                         33      0                  0                 
       fd_tol28.asm.obj                         31      0                  0                 
       ll_cmp28.asm.obj                         30      0                  0                 
       i_tofd28.asm.obj                         29      0                  0                 
       memcpy.c.obj                             29      0                  0                 
       fs_tofdfpu32.asm.obj                     28      0                  0                 
       l_tofd28.asm.obj                         28      0                  0                 
       ll_aox28.asm.obj                         24      0                  0                 
       args_main.c.obj                          18      0                  0                 
       fd_sub28.asm.obj                         14      0                  0                 
       u_div28.asm.obj                          11      0                  0                 
       fd_neg28.asm.obj                         9       0                  0                 
       memset.c.obj                             7       0                  0                 
       _lock.c.obj                              1       0                  4                 
       pre_init.c.obj                           2       0                  0                 
       errno.c.obj                              0       0                  1                 
       startup.c.obj                            1       0                  0                 
    +--+----------------------------------------+-------+------------------+--------------------+
       Total:                                   1520    80                 11                
                                                                                             
       Stack:                                   0       0                  1024              
    +--+----------------------------------------+-------+------------------+--------------------+
       Grand Total:                             15773   1869               7460              


GLOBAL DATA SYMBOLS: SORTED BY DATA PAGE

address     data page           name
--------    ----------------    ----
00000400      10 (00000400)     __stack

00000880      22 (00000880)     _DevEmuRegs

00000a80      2a (00000a80)     _FlashRegs

00000ae0      2b (00000ac0)     _CsmRegs

00000b00      2c (00000b00)     _AdcMirror
00000b20      2c (00000b00)     _XintfRegs

00000c00      30 (00000c00)     _CpuTimer0Regs
00000c08      30 (00000c00)     _CpuTimer1Regs
00000c10      30 (00000c00)     _CpuTimer2Regs

00000ce0      33 (00000cc0)     _PieCtrlRegs

00000d00      34 (00000d00)     _PieVectTable

00001000      40 (00001000)     _DmaRegs

00005000     140 (00005000)     _McbspaRegs

00005040     141 (00005040)     _McbspbRegs

00006000     180 (00006000)     _ECanaRegs

00006040     181 (00006040)     _ECanaLAMRegs

00006080     182 (00006080)     _ECanaMOTSRegs

000060c0     183 (000060c0)     _ECanaMOTORegs

00006100     184 (00006100)     _ECanaMboxes

00006200     188 (00006200)     _ECanbRegs

00006240     189 (00006240)     _ECanbLAMRegs

00006280     18a (00006280)     _ECanbMOTSRegs

000062c0     18b (000062c0)     _ECanbMOTORegs

00006300     18c (00006300)     _ECanbMboxes

00006800     1a0 (00006800)     _EPwm1Regs

00006840     1a1 (00006840)     _EPwm2Regs

00006880     1a2 (00006880)     _EPwm3Regs

000068c0     1a3 (000068c0)     _EPwm4Regs

00006900     1a4 (00006900)     _EPwm5Regs

00006940     1a5 (00006940)     _EPwm6Regs

00006a00     1a8 (00006a00)     _ECap1Regs
00006a20     1a8 (00006a00)     _ECap2Regs

00006a40     1a9 (00006a40)     _ECap3Regs
00006a60     1a9 (00006a40)     _ECap4Regs

00006a80     1aa (00006a80)     _ECap5Regs
00006aa0     1aa (00006a80)     _ECap6Regs

00006b00     1ac (00006b00)     _EQep1Regs

00006b40     1ad (00006b40)     _EQep2Regs

00006f80     1be (00006f80)     _GpioCtrlRegs

00006fc0     1bf (00006fc0)     _GpioDataRegs
00006fe0     1bf (00006fc0)     _GpioIntRegs

00007010     1c0 (00007000)     _SysCtrlRegs

00007040     1c1 (00007040)     _SpiaRegs
00007050     1c1 (00007040)     _SciaRegs
00007070     1c1 (00007040)     _XIntruptRegs

00007100     1c4 (00007100)     _AdcRegs

00007750     1dd (00007740)     _ScibRegs
00007770     1dd (00007740)     _ScicRegs

00007900     1e4 (00007900)     _I2caRegs

0000c004     300 (0000c000)     _g_pSysInfo
0000c006     300 (0000c000)     _g_backGroundTaskMaxRuningTimeUS
0000c008     300 (0000c000)     _g_backGroundTaskRuningTimeUS
0000c00a     300 (0000c000)     _g_A
0000c00c     300 (0000c000)     _g_B

0000c040     301 (0000c040)     _g_AppMainInfo

0000c368     30d (0000c340)     _CpuTimer0
0000c370     30d (0000c340)     _CpuTimer1
0000c378     30d (0000c340)     _CpuTimer2

0000c580     316 (0000c580)     _ucRTUBuf

0000c740     31d (0000c740)     __gCOMList

0000c7f6     31f (0000c7c0)     _can_rx_msg

0000c8e0     323 (0000c8c0)     _pxMBFrameCBByteReceived
0000c8e2     323 (0000c8c0)     _pxMBFrameCBTransmitterEmpty
0000c8e4     323 (0000c8c0)     _pxMBPortCBTimerExpired
0000c8e6     323 (0000c8c0)     _pxMBFrameCBReceiveFSMCur
0000c8e8     323 (0000c8c0)     _pxMBFrameCBTransmitFSMCur
0000c8ec     323 (0000c8c0)     _epwm1_info
0000c8f2     323 (0000c8c0)     _epwm2_info
0000c8f8     323 (0000c8c0)     _epwm3_info

0000c976     325 (0000c940)     _g_vcb_list

0000ca40     329 (0000ca40)     _usRegHoldingBuf

0000ca80     32a (0000ca80)     _usRegInputBuf

0000cac0     32b (0000cac0)     _SCRT_Fault1
0000cac2     32b (0000cac0)     _scrtFb1
0000cac4     32b (0000cac0)     _s_t1
0000cac8     32b (0000cac0)     _DMADest
0000caca     32b (0000cac0)     _DMASource
0000cad8     32b (0000cac0)     ___TI_enable_exit_profile_output
0000cada     32b (0000cac0)     ___TI_cleanup_ptr
0000cadc     32b (0000cac0)     ___TI_dtors_ptr
0000cade     32b (0000cac0)     __lock
0000cae0     32b (0000cac0)     __unlock
0000cae2     32b (0000cac0)     _ucRegCoilsBuf
0000cae4     32b (0000cac0)     _ucRegDiscreteBuf
0000cae9     32b (0000cac0)     _boolRegHoldingChanged
0000caec     32b (0000cac0)     _errno

0000cb00     32c (0000cb00)     _DMABuf1

0033bc4c    cef1 (0033bc40)     _PieVectTableInit

0033bd4c    cef5 (0033bd40)     _s_CRCHi

0033be4c    cef9 (0033be40)     _s_CRCLo

0033c012    cf00 (0033c000)     _usRegInputStart
0033c013    cf00 (0033c000)     _usRegHoldingStart

0033fff8    cfff (0033ffc0)     _CsmPwl

00380090    e002 (00380080)     _PartIdRegs


GLOBAL SYMBOLS: SORTED ALPHABETICALLY BY Name 

page  address   name                                    
----  -------   ----                                    
0     00338000  .text                                   
0     0033b7d1  C$$EXIT                                 
0     0033adf2  FD$$ADD                                 
0     0033b77d  FD$$CMP                                 
0     0033b041  FD$$DIV                                 
0     0033b154  FD$$MPY                                 
0     0033ba2c  FD$$NEG                                 
0     0033ba13  FD$$SUB                                 
0     0033b892  FD$$TOI                                 
0     0033b8d3  FD$$TOL                                 
0     0033b0cc  FS$$DIV                                 
0     0033b968  FS$$TOFD                                
0     0033b92e  I$$TOFD                                 
0     0033b7a7  L$$DIV                                  
0     0033b7b6  L$$MOD                                  
0     0033b984  L$$TOFD                                 
0     0033b9a0  LL$$AND                                 
0     0033b910  LL$$CMP                                 
0     0033a34e  LL$$DIV                                 
0     0033a38a  LL$$MOD                                 
0     0033b9a8  LL$$OR                                  
0     0033b9b0  LL$$XOR                                 
0     0033ba21  U$$DIV                                  
0     0033ba26  U$$MOD                                  
0     0033b7c4  UL$$DIV                                 
0     0033b7cb  UL$$MOD                                 
0     0033b922  ULL$$CMP                                
0     0033a3c4  ULL$$DIV                                
0     0033a3f3  ULL$$MOD                                
0     003392b7  _ADCINT_ISR                             
0     00380080  _ADC_cal                                
0     00338d85  _APP_Main_Clear_All_Fault               
0     00338ee6  _APP_Main_Init                          
0     00338e6e  _APP_Main_Poll                          
0     00338d9d  _APP_Main_Save_SysInfo                  
1     00000b00  _AdcMirror                              
1     00007100  _AdcRegs                                
0     0033ac14  _B1_CapacitanceTemperatureMeasure_Poll  
0     0033a9c5  _B1_Measure_Poll                        
0     00338599  _B1_ModbusRTUSlaver_Poll                
0     0033b6b5  _B1_SysModeGet_DeltaPoll                
0     0033b3d3  _B1_VCBStatusGet_DeltaPoll              
0     0033b399  _B1_VCBStatus_Update                    
0     00339ede  _B2_CmdBypassCapacitors_Exec            
0     00339f7e  _B2_CmdBypassCapacitors_Exec_Solution   
0     00339eb3  _B2_CmdBypassCapacitors_Test            
0     0033a822  _B2_CmdCutOffCapacitors_Exec            
0     0033a8ab  _B2_CmdCutOffCapacitors_Exec_Solution   
0     0033b1da  _B2_CmdMakeCapacitorsWork_Exec          
0     003395a8  _B3_Check_Minor_Fault_Exist             
0     0033974c  _B3_Check_SCR_Serious_Fault             
0     0033a63f  _B3_SysAutoMode_DeltaPoll               
0     0033b555  _BFL_Button_Init                        
0     0033b54b  _BFL_Button_IsPressed                   
0     0033b42f  _BFL_Buzz_Init                          
0     0033b41d  _BFL_Buzz_IsOff                         
0     0033b40e  _BFL_Buzz_Off                           
0     0033b3ff  _BFL_Buzz_On                            
0     0033b3fb  _BFL_Buzz_SetTrigLevel                  
0     0033b3f6  _BFL_Buzz_Toggle                        
0     0033b5c0  _BFL_DebugPin_Init                      
0     0033b5b2  _BFL_DebugPin_Reset                     
0     0033b5a4  _BFL_DebugPin_Set                       
0     0033b596  _BFL_DebugPin_Toggle                    
0     0033a32f  _BFL_Measure_Init                       
0     0033a30c  _BFL_Measure_Read                       
0     0033a306  _BFL_Measure_ReadReady                  
0     0033ad09  _BFL_RS485_Init                         
0     0033acfb  _BFL_RS485_Read                         
0     0033aced  _BFL_RS485_Release_Bus                  
0     0033ace8  _BFL_RS485_Release_Bus_RS4851           
0     0033ace3  _BFL_RS485_Release_Bus_RS4852           
0     0033acb5  _BFL_RS485_Take_Bus                     
0     0033acde  _BFL_RS485_Take_Bus_RS4851              
0     0033acd9  _BFL_RS485_Take_Bus_RS4852              
0     0033acc3  _BFL_RS485_Write                        
0     003389b1  _BFL_SCRR_Have_Signal                   
0     00338baa  _BFL_SCRT_Pluse_Transmit                
0     0033893a  _BFL_SCR_Init                           
0     003399ee  _BFL_VCB_CTRL_STATE_To_String           
0     003399cb  _BFL_VCB_Get_Actual_State               
0     003399be  _BFL_VCB_Get_Setting_State              
0     003399b1  _BFL_VCB_Relay_Get_Setting_State        
0     00339922  _BFL_VCB_Relay_Set_As_Switch_Closed     
0     003397e6  _BFL_VCB_Relay_Set_As_Switch_No_Ctrl    
0     003398bd  _BFL_VCB_Relay_Set_As_Switch_Opened     
0     003399a3  _BFL_VCB_STATE_To_String                
0     00339983  _BFL_VCB_SW_To_String                   
0     00339975  _BFL_VCB_Set_As_Switch_Closed           
0     0033991d  _BFL_VCB_Set_As_Switch_No_Ctrl          
0     00339910  _BFL_VCB_Set_As_Switch_Opened           
0     00339825  _BFL_VCB_Seurity_Init                   
0     00338e1f  _BackGroundTask                         
0     00338c92  _BackGroundTask_WhenInSRCPoll           
0     0033b44f  _CANA_ISR                               
0     00339c71  _CHIP_W25Q128_Erase_One_Sector          
0     00339d2d  _CHIP_W25Q128_Read                      
0     00339d03  _CHIP_W25Q128_Write                     
0     0033b4fe  _CRC16_Modbus                           
0     0033b9f0  _CheckConditionDurationMet              
0     00338cba  _Config_Default_Parameter               
1     0000c368  _CpuTimer0                              
1     00000c00  _CpuTimer0Regs                          
1     0000c370  _CpuTimer1                              
1     00000c08  _CpuTimer1Regs                          
1     0000c378  _CpuTimer2                              
1     00000c10  _CpuTimer2Regs                          
1     0033fff8  _CsmPwl                                 
1     00000ae0  _CsmRegs                                
0     0033a523  _CsmUnlock                              
0     003392ad  _DATALOG_ISR                            
0     003392a3  _DINTCH1_ISR                            
0     00339299  _DINTCH2_ISR                            
0     0033928f  _DINTCH3_ISR                            
0     00339285  _DINTCH4_ISR                            
0     0033927b  _DINTCH5_ISR                            
0     00339271  _DINTCH6_ISR                            
1     0000cb00  _DMABuf1                                
0     00338930  _DMACH1AddrConfig                       
0     00338927  _DMACH1BurstConfig                      
0     003388c2  _DMACH1ModeConfig                       
0     003388b9  _DMACH1TransferConfig                   
0     003388af  _DMACH1WrapConfig                       
0     003388a5  _DMACH2AddrConfig                       
0     0033889c  _DMACH2BurstConfig                      
0     00338837  _DMACH2ModeConfig                       
0     0033882e  _DMACH2TransferConfig                   
0     00338824  _DMACH2WrapConfig                       
0     0033881a  _DMACH3AddrConfig                       
0     00338811  _DMACH3BurstConfig                      
0     003387ac  _DMACH3ModeConfig                       
0     003387a3  _DMACH3TransferConfig                   
0     00338799  _DMACH3WrapConfig                       
0     0033878f  _DMACH4AddrConfig                       
0     00338786  _DMACH4BurstConfig                      
0     0033871f  _DMACH4ModeConfig                       
0     00338716  _DMACH4TransferConfig                   
0     0033870c  _DMACH4WrapConfig                       
0     00338702  _DMACH5AddrConfig                       
0     003386f9  _DMACH5BurstConfig                      
0     00338692  _DMACH5ModeConfig                       
0     00338689  _DMACH5TransferConfig                   
0     0033867f  _DMACH5WrapConfig                       
0     00338675  _DMACH6AddrConfig                       
0     0033866c  _DMACH6BurstConfig                      
0     00338605  _DMACH6ModeConfig                       
0     003385fc  _DMACH6TransferConfig                   
0     003385f2  _DMACH6WrapConfig                       
1     0000cac8  _DMADest                                
0     003385e7  _DMAInitialize                          
1     0000caca  _DMASource                              
0     000081a0  _DSP28x_usDelay                         
1     00000880  _DevEmuRegs                             
0     0033a45f  _DisableDog                             
1     00001000  _DmaRegs                                
0     00339267  _ECAN0INTA_ISR                          
0     0033925d  _ECAN0INTB_ISR                          
0     00339253  _ECAN1INTA_ISR                          
0     00339249  _ECAN1INTB_ISR                          
0     0033923f  _ECAP1_INT_ISR                          
0     00339235  _ECAP2_INT_ISR                          
0     0033922b  _ECAP3_INT_ISR                          
0     00339221  _ECAP4_INT_ISR                          
0     00339217  _ECAP5_INT_ISR                          
0     0033920d  _ECAP6_INT_ISR                          
1     00006040  _ECanaLAMRegs                           
1     000060c0  _ECanaMOTORegs                          
1     00006080  _ECanaMOTSRegs                          
1     00006100  _ECanaMboxes                            
1     00006000  _ECanaRegs                              
1     00006240  _ECanbLAMRegs                           
1     000062c0  _ECanbMOTORegs                          
1     00006280  _ECanbMOTSRegs                          
1     00006300  _ECanbMboxes                            
1     00006200  _ECanbRegs                              
1     00006a00  _ECap1Regs                              
1     00006a20  _ECap2Regs                              
1     00006a40  _ECap3Regs                              
1     00006a60  _ECap4Regs                              
1     00006a80  _ECap5Regs                              
1     00006aa0  _ECap6Regs                              
0     00339203  _EMUINT_ISR                             
0     003391f9  _EPWM1_INT_ISR                          
0     003391ef  _EPWM1_TZINT_ISR                        
0     003391e5  _EPWM2_INT_ISR                          
0     003391db  _EPWM2_TZINT_ISR                        
0     003391d1  _EPWM3_INT_ISR                          
0     003391c7  _EPWM3_TZINT_ISR                        
0     003391bd  _EPWM4_INT_ISR                          
0     003391b3  _EPWM4_TZINT_ISR                        
0     003391a9  _EPWM5_INT_ISR                          
0     0033919f  _EPWM5_TZINT_ISR                        
0     00339195  _EPWM6_INT_ISR                          
0     0033918b  _EPWM6_TZINT_ISR                        
1     00006800  _EPwm1Regs                              
1     00006840  _EPwm2Regs                              
1     00006880  _EPwm3Regs                              
1     000068c0  _EPwm4Regs                              
1     00006900  _EPwm5Regs                              
1     00006940  _EPwm6Regs                              
0     00338a02  _EPwmx_ActionInit                       
0     00339181  _EQEP1_INT_ISR                          
0     00339177  _EQEP2_INT_ISR                          
1     00006b00  _EQep1Regs                              
1     00006b40  _EQep2Regs                              
0     0033b819  _EnableInterrupts                       
0     0033b741  _EnterCriticalSection                   
0     0033b745  _ExitCriticalSection                    
1     00000a80  _FlashRegs                              
0     00339bfb  _Flash_ReadSR1                          
0     00339c27  _Flash_Wait_Busy                        
0     00339c44  _Flash_Write_Enable                     
1     00006f80  _GpioCtrlRegs                           
1     00006fc0  _GpioDataRegs                           
1     00006fe0  _GpioIntRegs                            
0     0033a7ff  _HDL_CPU_Time_DelayMs                   
0     0033a7ed  _HDL_CPU_Time_DelayUs                   
0     0033a7e3  _HDL_CPU_Time_GetTick                   
0     0033a7dc  _HDL_CPU_Time_GetUsTick                 
0     0033a78c  _HDL_CPU_Time_Init                      
0     0033a787  _HDL_CPU_Time_ResetTick                 
0     0033a781  _HDL_CPU_Time_ResetUsTick               
0     0033a77d  _HDL_CPU_Time_SetCPUTickCallback        
0     0033a765  _HDL_CPU_Time_StartHardTimer            
0     0033a72b  _HDL_CPU_Time_StopHardTimer             
0     0033b6b2  _HDL_IWDG_Feed                          
0     0033b66f  _HDL_IWDG_Init                          
0     0033a1fa  _HDL_SPI_Init                           
0     0033a1c2  _HDL_SPI_Read                           
0     0033a18f  _HDL_SPI_Write                          
0     0033a13c  _HDL_SPI_WriteRead                      
0     0033916d  _I2CINT1A_ISR                           
0     00339163  _I2CINT2A_ISR                           
1     00007900  _I2caRegs                               
0     00339159  _ILLEGAL_ISR                            
0     0033914f  _INT13_ISR                              
0     00339145  _INT14_ISR                              
0     0033b9b8  _InitAdc                                
0     0033b6ea  _InitCpuTimers                          
0     0033a63e  _InitEPwm                               
0     00338a4a  _InitEPwm1Example                       
0     0033a5a9  _InitEPwm1Gpio                          
0     00338aac  _InitEPwm2Example                       
0     0033a5bf  _InitEPwm2Gpio                          
0     00338b0e  _InitEPwm3Example                       
0     0033a5d5  _InitEPwm3Gpio                          
0     0033a5ed  _InitEPwm4Gpio                          
0     0033a605  _InitEPwm5Gpio                          
0     0033a61b  _InitEPwm6Gpio                          
0     0033a631  _InitEPwmGpio                           
0     0033a58e  _InitEPwmSyncGpio                       
0     00008183  _InitFlash                              
0     0033a4b4  _InitPeripheralClocks                   
0     0033b7fa  _InitPieCtrl                            
0     0033ba02  _InitPieVectTable                       
0     0033a467  _InitPll                                
0     00339450  _InitSciaGpio                           
0     00339436  _InitScibGpio                           
0     003393a7  _InitScicGpio                           
0     0033a110  _InitSpiGpio                            
0     0033a110  _InitSpiaGpio                           
0     0033a51a  _InitSysCtrl                            
0     0033a551  _InitTzGpio                             
0     0033913b  _LUF_ISR                                
0     00339131  _LVF_ISR                                
0     00338e9b  _Load_Parameter_From_Flash              
0     00339127  _MRINTA_ISR                             
0     0033911d  _MRINTB_ISR                             
0     00339113  _MXINTA_ISR                             
0     00339109  _MXINTB_ISR                             
1     00005000  _McbspaRegs                             
1     00005040  _McbspbRegs                             
0     003390ff  _NMI_ISR                                
0     003390f5  _PIE_RESERVED                           
1     00380090  _PartIdRegs                             
1     00000ce0  _PieCtrlRegs                            
1     00000d00  _PieVectTable                           
0     0033bc4c  _PieVectTableInit                       
0     003390eb  _RTOSINT_ISR                            
0     003201a4  _RamfuncsLoadEnd                        
abs   000001a4  _RamfuncsLoadSize                       
0     00320000  _RamfuncsLoadStart                      
0     00008000  _RamfuncsRunStart                       
0     003390e1  _SCIRXINTA_ISR                          
0     003390d7  _SCIRXINTB_ISR                          
0     003390cd  _SCIRXINTC_ISR                          
0     003390c3  _SCITXINTA_ISR                          
0     003390b9  _SCITXINTB_ISR                          
0     003390af  _SCITXINTC_ISR                          
1     0000cac0  _SCRT_Fault1                            
0     003390a5  _SEQ1INT_ISR                            
0     0033909b  _SEQ2INT_ISR                            
0     00339091  _SPIRXINTA_ISR                          
0     00339087  _SPITXINTA_ISR                          
1     00007050  _SciaRegs                               
1     00007750  _ScibRegs                               
1     00007770  _ScicRegs                               
0     0033a455  _ServiceDog                             
1     00007040  _SpiaRegs                               
0     003385df  _StartDMACH1                            
0     003385d7  _StartDMACH2                            
0     003385cf  _StartDMACH3                            
0     003385c7  _StartDMACH4                            
0     003385bf  _StartDMACH5                            
0     003385b7  _StartDMACH6                            
0     00338000  _SyncModbusRegToSysinfo                 
0     00338222  _SyncSysinfoToModbusReg                 
1     00007010  _SysCtrlRegs                            
0     0033907d  _TINT0_ISR                              
0     003392c1  _USART_Callback                         
0     00339073  _USER10_ISR                             
0     00339069  _USER11_ISR                             
0     0033905f  _USER12_ISR                             
0     00339055  _USER1_ISR                              
0     0033904b  _USER2_ISR                              
0     00339041  _USER3_ISR                              
0     00339037  _USER4_ISR                              
0     0033902d  _USER5_ISR                              
0     00339023  _USER6_ISR                              
0     00339019  _USER7_ISR                              
0     0033900f  _USER8_ISR                              
0     00339005  _USER9_ISR                              
0     00339590  _Uart_AvailableBytes                    
0     00339568  _Uart_EmptyReadBuffer                   
0     0033946c  _Uart_Init                              
0     0033938f  _Uart_Read                              
0     00339381  _Uart_RegisterReceiveCharCallback       
0     00339373  _Uart_RegisterReceiveReadyCharCallback  
0     00339364  _Uart_SetWriteOverCallback              
0     00339355  _Uart_UnregisterReceiveCharCallback     
0     00339305  _Uart_Write                             
0     00338ffb  _WAKEINT_ISR                            
0     00338ff1  _XINT1_ISR                              
0     00338fe7  _XINT2_ISR                              
0     00338fdd  _XINT3_ISR                              
0     00338fd3  _XINT4_ISR                              
0     00338fc9  _XINT5_ISR                              
0     00338fbf  _XINT6_ISR                              
0     00338fb5  _XINT7_ISR                              
1     00007070  _XIntruptRegs                           
1     00000b20  _XintfRegs                              
1     00000800  __STACK_END                             
abs   00000400  __STACK_SIZE                            
1     0000cada  ___TI_cleanup_ptr                       
1     0000cadc  ___TI_dtors_ptr                         
1     0000cad8  ___TI_enable_exit_profile_output        
abs   ffffffff  ___TI_pprof_out_hndl                    
abs   ffffffff  ___TI_prof_data_size                    
abs   ffffffff  ___TI_prof_data_start                   
abs   ffffffff  ___binit__                              
abs   ffffffff  ___c_args__                             
0     0033c014  ___cinit__                              
0     0033ba4c  ___etext__                              
abs   ffffffff  ___pinit__                              
0     00338000  ___text__                               
0     0033b9de  __args_main                             
1     0000c740  __gCOMList                              
1     0000cade  __lock                                  
0     00339d65  __nop                                   
1     00000400  __stack                                 
0     0033ba4b  __system_post_cinit                     
0     0033ba49  __system_pre_init                       
1     0000cae0  __unlock                                
0     0033b7d1  _abort                                  
0     0033b8f2  _async_delay                            
0     0033b289  _average_filter_init                    
0     0033b252  _average_filter_update                  
1     0000cae9  _boolRegHoldingChanged                  
0     0033b4a8  _c_int00                                
1     0000c7f6  _can_rx_msg                             
0     0033a2c3  _config_ADC                             
0     0033a27d  _config_DMA                             
0     0033a26c  _config_ePWM4_to_generate_ADCSOCA       
0     0033a237  _config_ePWM4_to_generate_ADCSOCA_      
0     0033b86e  _copy_in                                
0     0033b007  _cpu_timer0_isr                         
0     0033aff3  _cpu_timer1_isr                         
0     0033afb3  _cpu_timer2_isr                         
0     0033a9ad  _cqueue_create                          
0     0033a98a  _cqueue_dequeue                         
0     0033a966  _cqueue_enqueue                         
0     0033a926  _cqueue_in                              
0     0033a8f3  _cqueue_out                             
0     0033aeef  _eMBFuncReadCoils                       
0     0033b5df  _eMBFuncReadDiscreteInputs              
0     0033abe9  _eMBFuncReadHoldingRegister             
0     0033af23  _eMBFuncReadInputRegister               
0     0033ab54  _eMBFuncReadWriteMultipleHoldingRegister
0     0033b9cc  _eMBFuncReportSlaveID                   
0     0033aec4  _eMBFuncWriteCoil                       
0     0033aba9  _eMBFuncWriteHoldingRegister            
0     0033ae8e  _eMBFuncWriteMultipleCoils              
0     0033abbe  _eMBFuncWriteMultipleHoldingRegister    
0     0033b33b  _eMBPoll                                
0     0033a0d8  _eMBRTUInit                             
0     0033a05d  _eMBRTUReceive                          
0     0033a086  _eMBRTUSend                             
0     0033a0c2  _eMBRTUStart                            
0     0033a0b4  _eMBRTUStop                             
0     00339d66  _eMBRegCoilsCB                          
0     00339dd4  _eMBRegHoldingCB                        
0     0033a22a  _enable_ePWM4                           
1     0000c8ec  _epwm1_info                             
0     0033ad56  _epwm1_isr                              
1     0000c8f2  _epwm2_info                             
0     0033ad8a  _epwm2_isr                              
1     0000c8f8  _epwm3_info                             
0     0033adbe  _epwm3_isr                              
1     0000caec  _errno                                  
0     0033b7d3  _exit                                   
0     0033b302  _fmax                                   
0     0033b302  _fmaxf                                  
0     0033b2c9  _fmin                                   
0     0033b2c9  _fminf                                  
1     0000c00a  _g_A                                    
1     0000c040  _g_AppMainInfo                          
1     0000c00c  _g_B                                    
1     0000c006  _g_backGroundTaskMaxRuningTimeUS        
1     0000c008  _g_backGroundTaskRuningTimeUS           
1     0000c004  _g_pSysInfo                             
1     0000c976  _g_vcb_list                             
0     00008000  _local_DINTCH1_ISR                      
0     0033b8b3  _main                                   
0     0033b94b  _memcpy                                 
0     0033ba3d  _memset                                 
0     0033b627  _period_query                           
0     0033b649  _period_query_user                      
0     0033b65c  _period_query_user_us                   
0     0033b76f  _prveMBError2Exception                  
0     0033ba44  _prvvTIMERExpiredISR                    
1     0000c8e0  _pxMBFrameCBByteReceived                
1     0000c8e6  _pxMBFrameCBReceiveFSMCur               
1     0000c8e8  _pxMBFrameCBTransmitFSMCur              
1     0000c8e2  _pxMBFrameCBTransmitterEmpty            
1     0000c8e4  _pxMBPortCBTimerExpired                 
0     00338fab  _rsvd_ISR                               
0     0033bd4c  _s_CRCHi                                
0     0033be4c  _s_CRCLo                                
1     0000cac4  _s_t1                                   
0     00339b92  _sciaRxFifoIsr                          
0     00339b5b  _sciaTxFifoIsr                          
0     00339ae7  _scibRxFifoIsr                          
0     00339ab0  _scibTxFifoIsr                          
0     00339a38  _scicRxFifoIsr                          
0     00339a01  _scicTxFifoIsr                          
1     0000cac2  _scrtFb1                                
0     0033b749  _serialReceiveOneByteISR                
0     0033b74e  _serialSentOneByteISR                   
0     0033a103  _spi_init                               
0     0033a0ff  _spi_xmit                               
0     0033b822  _sqrt                                   
0     0033b822  _sqrtf                                  
1     0000c580  _ucRTUBuf                               
1     0000cae2  _ucRegCoilsBuf                          
1     0000cae4  _ucRegDiscreteBuf                       
0     0033aa8d  _usMBCRC16                              
1     0000ca40  _usRegHoldingBuf                        
0     0033c013  _usRegHoldingStart                      
1     0000ca80  _usRegInputBuf                          
0     0033c012  _usRegInputStart                        
0     0033b71f  _vMBPortSerialEnable                    
0     00339cb7  _w25q128_write_page_no_erase            
0     0033b849  _wakeint_isr                            
0     0033a023  _xMBRTUReceiveFSM                       
0     0033a002  _xMBRTUTimerT35Expired                  
0     00339fd2  _xMBRTUTransmitFSM                      
0     0033b753  _xMBUtilGetBits                         
abs   ffffffff  binit                                   
0     0033c014  cinit                                   
0     0033fff6  code_start                              
0     0033ba4c  etext                                   
abs   ffffffff  pinit                                   


GLOBAL SYMBOLS: SORTED BY Symbol Address 

page  address   name                                    
----  -------   ----                                    
0     00008000  _RamfuncsRunStart                       
0     00008000  _local_DINTCH1_ISR                      
0     00008183  _InitFlash                              
0     000081a0  _DSP28x_usDelay                         
0     00320000  _RamfuncsLoadStart                      
0     003201a4  _RamfuncsLoadEnd                        
0     00338000  .text                                   
0     00338000  _SyncModbusRegToSysinfo                 
0     00338000  ___text__                               
0     00338222  _SyncSysinfoToModbusReg                 
0     00338599  _B1_ModbusRTUSlaver_Poll                
0     003385b7  _StartDMACH6                            
0     003385bf  _StartDMACH5                            
0     003385c7  _StartDMACH4                            
0     003385cf  _StartDMACH3                            
0     003385d7  _StartDMACH2                            
0     003385df  _StartDMACH1                            
0     003385e7  _DMAInitialize                          
0     003385f2  _DMACH6WrapConfig                       
0     003385fc  _DMACH6TransferConfig                   
0     00338605  _DMACH6ModeConfig                       
0     0033866c  _DMACH6BurstConfig                      
0     00338675  _DMACH6AddrConfig                       
0     0033867f  _DMACH5WrapConfig                       
0     00338689  _DMACH5TransferConfig                   
0     00338692  _DMACH5ModeConfig                       
0     003386f9  _DMACH5BurstConfig                      
0     00338702  _DMACH5AddrConfig                       
0     0033870c  _DMACH4WrapConfig                       
0     00338716  _DMACH4TransferConfig                   
0     0033871f  _DMACH4ModeConfig                       
0     00338786  _DMACH4BurstConfig                      
0     0033878f  _DMACH4AddrConfig                       
0     00338799  _DMACH3WrapConfig                       
0     003387a3  _DMACH3TransferConfig                   
0     003387ac  _DMACH3ModeConfig                       
0     00338811  _DMACH3BurstConfig                      
0     0033881a  _DMACH3AddrConfig                       
0     00338824  _DMACH2WrapConfig                       
0     0033882e  _DMACH2TransferConfig                   
0     00338837  _DMACH2ModeConfig                       
0     0033889c  _DMACH2BurstConfig                      
0     003388a5  _DMACH2AddrConfig                       
0     003388af  _DMACH1WrapConfig                       
0     003388b9  _DMACH1TransferConfig                   
0     003388c2  _DMACH1ModeConfig                       
0     00338927  _DMACH1BurstConfig                      
0     00338930  _DMACH1AddrConfig                       
0     0033893a  _BFL_SCR_Init                           
0     003389b1  _BFL_SCRR_Have_Signal                   
0     00338a02  _EPwmx_ActionInit                       
0     00338a4a  _InitEPwm1Example                       
0     00338aac  _InitEPwm2Example                       
0     00338b0e  _InitEPwm3Example                       
0     00338baa  _BFL_SCRT_Pluse_Transmit                
0     00338c92  _BackGroundTask_WhenInSRCPoll           
0     00338cba  _Config_Default_Parameter               
0     00338d85  _APP_Main_Clear_All_Fault               
0     00338d9d  _APP_Main_Save_SysInfo                  
0     00338e1f  _BackGroundTask                         
0     00338e6e  _APP_Main_Poll                          
0     00338e9b  _Load_Parameter_From_Flash              
0     00338ee6  _APP_Main_Init                          
0     00338fab  _rsvd_ISR                               
0     00338fb5  _XINT7_ISR                              
0     00338fbf  _XINT6_ISR                              
0     00338fc9  _XINT5_ISR                              
0     00338fd3  _XINT4_ISR                              
0     00338fdd  _XINT3_ISR                              
0     00338fe7  _XINT2_ISR                              
0     00338ff1  _XINT1_ISR                              
0     00338ffb  _WAKEINT_ISR                            
0     00339005  _USER9_ISR                              
0     0033900f  _USER8_ISR                              
0     00339019  _USER7_ISR                              
0     00339023  _USER6_ISR                              
0     0033902d  _USER5_ISR                              
0     00339037  _USER4_ISR                              
0     00339041  _USER3_ISR                              
0     0033904b  _USER2_ISR                              
0     00339055  _USER1_ISR                              
0     0033905f  _USER12_ISR                             
0     00339069  _USER11_ISR                             
0     00339073  _USER10_ISR                             
0     0033907d  _TINT0_ISR                              
0     00339087  _SPITXINTA_ISR                          
0     00339091  _SPIRXINTA_ISR                          
0     0033909b  _SEQ2INT_ISR                            
0     003390a5  _SEQ1INT_ISR                            
0     003390af  _SCITXINTC_ISR                          
0     003390b9  _SCITXINTB_ISR                          
0     003390c3  _SCITXINTA_ISR                          
0     003390cd  _SCIRXINTC_ISR                          
0     003390d7  _SCIRXINTB_ISR                          
0     003390e1  _SCIRXINTA_ISR                          
0     003390eb  _RTOSINT_ISR                            
0     003390f5  _PIE_RESERVED                           
0     003390ff  _NMI_ISR                                
0     00339109  _MXINTB_ISR                             
0     00339113  _MXINTA_ISR                             
0     0033911d  _MRINTB_ISR                             
0     00339127  _MRINTA_ISR                             
0     00339131  _LVF_ISR                                
0     0033913b  _LUF_ISR                                
0     00339145  _INT14_ISR                              
0     0033914f  _INT13_ISR                              
0     00339159  _ILLEGAL_ISR                            
0     00339163  _I2CINT2A_ISR                           
0     0033916d  _I2CINT1A_ISR                           
0     00339177  _EQEP2_INT_ISR                          
0     00339181  _EQEP1_INT_ISR                          
0     0033918b  _EPWM6_TZINT_ISR                        
0     00339195  _EPWM6_INT_ISR                          
0     0033919f  _EPWM5_TZINT_ISR                        
0     003391a9  _EPWM5_INT_ISR                          
0     003391b3  _EPWM4_TZINT_ISR                        
0     003391bd  _EPWM4_INT_ISR                          
0     003391c7  _EPWM3_TZINT_ISR                        
0     003391d1  _EPWM3_INT_ISR                          
0     003391db  _EPWM2_TZINT_ISR                        
[...]
0     003391f9  _EPWM1_INT_ISR                          
0     00339203  _EMUINT_ISR                             
0     0033920d  _ECAP6_INT_ISR                          
0     00339217  _ECAP5_INT_ISR                          
0     00339221  _ECAP4_INT_ISR                          
0     0033922b  _ECAP3_INT_ISR                          
0     00339235  _ECAP2_INT_ISR                          
0     0033923f  _ECAP1_INT_ISR                          
0     00339249  _ECAN1INTB_ISR                          
0     00339253  _ECAN1INTA_ISR                          
0     0033925d  _ECAN0INTB_ISR                          
0     00339267  _ECAN0INTA_ISR                          
0     00339271  _DINTCH6_ISR                            
0     0033927b  _DINTCH5_ISR                            
0     00339285  _DINTCH4_ISR                            
0     0033928f  _DINTCH3_ISR                            
0     00339299  _DINTCH2_ISR                            
0     003392a3  _DINTCH1_ISR                            
0     003392ad  _DATALOG_ISR                            
0     003392b7  _ADCINT_ISR                             
0     003392c1  _USART_Callback                         
0     00339305  _Uart_Write                             
0     00339355  _Uart_UnregisterReceiveCharCallback     
0     00339364  _Uart_SetWriteOverCallback              
0     00339373  _Uart_RegisterReceiveReadyCharCallback  
0     00339381  _Uart_RegisterReceiveCharCallback       
0     0033938f  _Uart_Read                              
0     003393a7  _InitScicGpio                           
0     00339436  _InitScibGpio                           
0     00339450  _InitSciaGpio                           
0     0033946c  _Uart_Init                              
0     00339568  _Uart_EmptyReadBuffer                   
0     00339590  _Uart_AvailableBytes                    
0     003395a8  _B3_Check_Minor_Fault_Exist             
0     0033974c  _B3_Check_SCR_Serious_Fault             
0     003397e6  _BFL_VCB_Relay_Set_As_Switch_No_Ctrl    
0     00339825  _BFL_VCB_Seurity_Init                   
0     003398bd  _BFL_VCB_Relay_Set_As_Switch_Opened     
0     00339910  _BFL_VCB_Set_As_Switch_Opened           
0     0033991d  _BFL_VCB_Set_As_Switch_No_Ctrl          
0     00339922  _BFL_VCB_Relay_Set_As_Switch_Closed     
0     00339975  _BFL_VCB_Set_As_Switch_Closed           
0     00339983  _BFL_VCB_SW_To_String                   
0     003399a3  _BFL_VCB_STATE_To_String                
0     003399b1  _BFL_VCB_Relay_Get_Setting_State        
0     003399be  _BFL_VCB_Get_Setting_State              
0     003399cb  _BFL_VCB_Get_Actual_State               
0     003399ee  _BFL_VCB_CTRL_STATE_To_String           
0     00339a01  _scicTxFifoIsr                          
0     00339a38  _scicRxFifoIsr                          
0     00339ab0  _scibTxFifoIsr                          
0     00339ae7  _scibRxFifoIsr                          
0     00339b5b  _sciaTxFifoIsr                          
0     00339b92  _sciaRxFifoIsr                          
0     00339bfb  _Flash_ReadSR1                          
0     00339c27  _Flash_Wait_Busy                        
0     00339c44  _Flash_Write_Enable                     
0     00339c71  _CHIP_W25Q128_Erase_One_Sector          
0     00339cb7  _w25q128_write_page_no_erase            
0     00339d03  _CHIP_W25Q128_Write                     
0     00339d2d  _CHIP_W25Q128_Read                      
0     00339d65  __nop                                   
0     00339d66  _eMBRegCoilsCB                          
0     00339dd4  _eMBRegHoldingCB                        
0     00339eb3  _B2_CmdBypassCapacitors_Test            
0     00339ede  _B2_CmdBypassCapacitors_Exec            
0     00339f7e  _B2_CmdBypassCapacitors_Exec_Solution   
0     00339fd2  _xMBRTUTransmitFSM                      
0     0033a002  _xMBRTUTimerT35Expired                  
0     0033a023  _xMBRTUReceiveFSM                       
0     0033a05d  _eMBRTUReceive                          
0     0033a086  _eMBRTUSend                             
0     0033a0b4  _eMBRTUStop                             
0     0033a0c2  _eMBRTUStart                            
0     0033a0d8  _eMBRTUInit                             
0     0033a0ff  _spi_xmit                               
0     0033a103  _spi_init                               
0     0033a110  _InitSpiGpio                            
0     0033a110  _InitSpiaGpio                           
0     0033a13c  _HDL_SPI_WriteRead                      
0     0033a18f  _HDL_SPI_Write                          
0     0033a1c2  _HDL_SPI_Read                           
0     0033a1fa  _HDL_SPI_Init                           
0     0033a22a  _enable_ePWM4                           
0     0033a237  _config_ePWM4_to_generate_ADCSOCA_      
0     0033a26c  _config_ePWM4_to_generate_ADCSOCA       
0     0033a27d  _config_DMA                             
0     0033a2c3  _config_ADC                             
0     0033a306  _BFL_Measure_ReadReady                  
0     0033a30c  _BFL_Measure_Read                       
0     0033a32f  _BFL_Measure_Init                       
0     0033a34e  LL$$DIV                                 
0     0033a38a  LL$$MOD                                 
0     0033a3c4  ULL$$DIV                                
0     0033a3f3  ULL$$MOD                                
0     0033a455  _ServiceDog                             
0     0033a45f  _DisableDog                             
0     0033a467  _InitPll                                
0     0033a4b4  _InitPeripheralClocks                   
0     0033a51a  _InitSysCtrl                            
0     0033a523  _CsmUnlock                              
0     0033a551  _InitTzGpio                             
0     0033a58e  _InitEPwmSyncGpio                       
0     0033a5a9  _InitEPwm1Gpio                          
0     0033a5bf  _InitEPwm2Gpio                          
0     0033a5d5  _InitEPwm3Gpio                          
0     0033a5ed  _InitEPwm4Gpio                          
0     0033a605  _InitEPwm5Gpio                          
0     0033a61b  _InitEPwm6Gpio                          
0     0033a631  _InitEPwmGpio                           
0     0033a63e  _InitEPwm                               
0     0033a63f  _B3_SysAutoMode_DeltaPoll               
0     0033a72b  _HDL_CPU_Time_StopHardTimer             
0     0033a765  _HDL_CPU_Time_StartHardTimer            
0     0033a77d  _HDL_CPU_Time_SetCPUTickCallback        
0     0033a781  _HDL_CPU_Time_ResetUsTick               
0     0033a787  _HDL_CPU_Time_ResetTick                 
0     0033a78c  _HDL_CPU_Time_Init                      
0     0033a7dc  _HDL_CPU_Time_GetUsTick                 
0     0033a7e3  _HDL_CPU_Time_GetTick                   
0     0033a7ed  _HDL_CPU_Time_DelayUs                   
0     0033a7ff  _HDL_CPU_Time_DelayMs                   
0     0033a822  _B2_CmdCutOffCapacitors_Exec            
0     0033a8ab  _B2_CmdCutOffCapacitors_Exec_Solution   
0     0033a8f3  _cqueue_out                             
0     0033a926  _cqueue_in                              
0     0033a966  _cqueue_enqueue                         
0     0033a98a  _cqueue_dequeue                         
0     0033a9ad  _cqueue_create                          
0     0033a9c5  _B1_Measure_Poll                        
0     0033aa8d  _usMBCRC16                              
0     0033ab54  _eMBFuncReadWriteMultipleHoldingRegister
0     0033aba9  _eMBFuncWriteHoldingRegister            
0     0033abbe  _eMBFuncWriteMultipleHoldingRegister    
0     0033abe9  _eMBFuncReadHoldingRegister             
0     0033ac14  _B1_CapacitanceTemperatureMeasure_Poll  
0     0033acb5  _BFL_RS485_Take_Bus                     
0     0033acc3  _BFL_RS485_Write                        
0     0033acd9  _BFL_RS485_Take_Bus_RS4852              
0     0033acde  _BFL_RS485_Take_Bus_RS4851              
0     0033ace3  _BFL_RS485_Release_Bus_RS4852           
0     0033ace8  _BFL_RS485_Release_Bus_RS4851           
0     0033aced  _BFL_RS485_Release_Bus                  
0     0033acfb  _BFL_RS485_Read                         
0     0033ad09  _BFL_RS485_Init                         
0     0033ad56  _epwm1_isr                              
0     0033ad8a  _epwm2_isr                              
0     0033adbe  _epwm3_isr                              
0     0033adf2  FD$$ADD                                 
0     0033ae8e  _eMBFuncWriteMultipleCoils              
0     0033aec4  _eMBFuncWriteCoil                       
0     0033aeef  _eMBFuncReadCoils                       
0     0033af23  _eMBFuncReadInputRegister               
0     0033afb3  _cpu_timer2_isr                         
0     0033aff3  _cpu_timer1_isr                         
0     0033b007  _cpu_timer0_isr                         
0     0033b041  FD$$DIV                                 
0     0033b0cc  FS$$DIV                                 
0     0033b154  FD$$MPY                                 
0     0033b1da  _B2_CmdMakeCapacitorsWork_Exec          
0     0033b252  _average_filter_update                  
0     0033b289  _average_filter_init                    
0     0033b2c9  _fmin                                   
0     0033b2c9  _fminf                                  
0     0033b302  _fmax                                   
0     0033b302  _fmaxf                                  
0     0033b33b  _eMBPoll                                
0     0033b399  _B1_VCBStatus_Update                    
0     0033b3d3  _B1_VCBStatusGet_DeltaPoll              
0     0033b3f6  _BFL_Buzz_Toggle                        
0     0033b3fb  _BFL_Buzz_SetTrigLevel                  
0     0033b3ff  _BFL_Buzz_On                            
0     0033b40e  _BFL_Buzz_Off                           
0     0033b41d  _BFL_Buzz_IsOff                         
0     0033b42f  _BFL_Buzz_Init                          
0     0033b44f  _CANA_ISR                               
0     0033b4a8  _c_int00                                
0     0033b4fe  _CRC16_Modbus                           
0     0033b54b  _BFL_Button_IsPressed                   
0     0033b555  _BFL_Button_Init                        
0     0033b596  _BFL_DebugPin_Toggle                    
0     0033b5a4  _BFL_DebugPin_Set                       
0     0033b5b2  _BFL_DebugPin_Reset                     
0     0033b5c0  _BFL_DebugPin_Init                      
0     0033b5df  _eMBFuncReadDiscreteInputs              
0     0033b627  _period_query                           
0     0033b649  _period_query_user                      
0     0033b65c  _period_query_user_us                   
0     0033b66f  _HDL_IWDG_Init                          
0     0033b6b2  _HDL_IWDG_Feed                          
0     0033b6b5  _B1_SysModeGet_DeltaPoll                
0     0033b6ea  _InitCpuTimers                          
0     0033b71f  _vMBPortSerialEnable                    
0     0033b741  _EnterCriticalSection                   
0     0033b745  _ExitCriticalSection                    
0     0033b749  _serialReceiveOneByteISR                
0     0033b74e  _serialSentOneByteISR                   
0     0033b753  _xMBUtilGetBits                         
0     0033b76f  _prveMBError2Exception                  
0     0033b77d  FD$$CMP                                 
0     0033b7a7  L$$DIV                                  
0     0033b7b6  L$$MOD                                  
0     0033b7c4  UL$$DIV                                 
0     0033b7cb  UL$$MOD                                 
0     0033b7d1  C$$EXIT                                 
0     0033b7d1  _abort                                  
0     0033b7d3  _exit                                   
0     0033b7fa  _InitPieCtrl                            
0     0033b819  _EnableInterrupts                       
0     0033b822  _sqrt                                   
0     0033b822  _sqrtf                                  
0     0033b849  _wakeint_isr                            
0     0033b86e  _copy_in                                
0     0033b892  FD$$TOI                                 
0     0033b8b3  _main                                   
0     0033b8d3  FD$$TOL                                 
0     0033b8f2  _async_delay                            
0     0033b910  LL$$CMP                                 
0     0033b922  ULL$$CMP                                
0     0033b92e  I$$TOFD                                 
0     0033b94b  _memcpy                                 
0     0033b968  FS$$TOFD                                
0     0033b984  L$$TOFD                                 
0     0033b9a0  LL$$AND                                 
0     0033b9a8  LL$$OR                                  
0     0033b9b0  LL$$XOR                                 
0     0033b9b8  _InitAdc                                
0     0033b9cc  _eMBFuncReportSlaveID                   
0     0033b9de  __args_main                             
0     0033b9f0  _CheckConditionDurationMet              
0     0033ba02  _InitPieVectTable                       
0     0033ba13  FD$$SUB                                 
0     0033ba21  U$$DIV                                  
0     0033ba26  U$$MOD                                  
0     0033ba2c  FD$$NEG                                 
0     0033ba3d  _memset                                 
0     0033ba44  _prvvTIMERExpiredISR                    
0     0033ba49  __system_pre_init                       
0     0033ba4b  __system_post_cinit                     
0     0033ba4c  ___etext__                              
0     0033ba4c  etext                                   
0     0033bc4c  _PieVectTableInit                       
0     0033bd4c  _s_CRCHi                                
0     0033be4c  _s_CRCLo                                
0     0033c012  _usRegInputStart                        
0     0033c013  _usRegHoldingStart                      
0     0033c014  ___cinit__                              
0     0033c014  cinit                                   
0     0033fff6  code_start                              
0     00380080  _ADC_cal                                
1     00000400  __stack                                 
1     00000800  __STACK_END                             
1     00000880  _DevEmuRegs                             
1     00000a80  _FlashRegs                              
1     00000ae0  _CsmRegs                                
1     00000b00  _AdcMirror                              
1     00000b20  _XintfRegs                              
1     00000c00  _CpuTimer0Regs                          
1     00000c08  _CpuTimer1Regs                          
1     00000c10  _CpuTimer2Regs                          
1     00000ce0  _PieCtrlRegs                            
1     00000d00  _PieVectTable                           
1     00001000  _DmaRegs                                
1     00005000  _McbspaRegs                             
1     00005040  _McbspbRegs                             
1     00006000  _ECanaRegs                              
1     00006040  _ECanaLAMRegs                           
1     00006080  _ECanaMOTSRegs                          
1     000060c0  _ECanaMOTORegs                          
1     00006100  _ECanaMboxes                            
1     00006200  _ECanbRegs                              
1     00006240  _ECanbLAMRegs                           
1     00006280  _ECanbMOTSRegs                          
1     000062c0  _ECanbMOTORegs                          
1     00006300  _ECanbMboxes                            
1     00006800  _EPwm1Regs                              
1     00006840  _EPwm2Regs                              
1     00006880  _EPwm3Regs                              
1     000068c0  _EPwm4Regs                              
1     00006900  _EPwm5Regs                              
1     00006940  _EPwm6Regs                              
1     00006a00  _ECap1Regs                              
1     00006a20  _ECap2Regs                              
1     00006a40  _ECap3Regs                              
1     00006a60  _ECap4Regs                              
1     00006a80  _ECap5Regs                              
1     00006aa0  _ECap6Regs                              
1     00006b00  _EQep1Regs                              
1     00006b40  _EQep2Regs                              
1     00006f80  _GpioCtrlRegs                           
1     00006fc0  _GpioDataRegs                           
1     00006fe0  _GpioIntRegs                            
1     00007010  _SysCtrlRegs                            
1     00007040  _SpiaRegs                               
1     00007050  _SciaRegs                               
1     00007070  _XIntruptRegs                           
1     00007100  _AdcRegs                                
1     00007750  _ScibRegs                               
1     00007770  _ScicRegs                               
1     00007900  _I2caRegs                               
1     0000c004  _g_pSysInfo                             
1     0000c006  _g_backGroundTaskMaxRuningTimeUS        
1     0000c008  _g_backGroundTaskRuningTimeUS           
1     0000c00a  _g_A                                    
1     0000c00c  _g_B                                    
1     0000c040  _g_AppMainInfo                          
1     0000c368  _CpuTimer0                              
1     0000c370  _CpuTimer1                              
1     0000c378  _CpuTimer2                              
1     0000c580  _ucRTUBuf                               
1     0000c740  __gCOMList                              
1     0000c7f6  _can_rx_msg                             
1     0000c8e0  _pxMBFrameCBByteReceived                
1     0000c8e2  _pxMBFrameCBTransmitterEmpty            
1     0000c8e4  _pxMBPortCBTimerExpired                 
1     0000c8e6  _pxMBFrameCBReceiveFSMCur               
1     0000c8e8  _pxMBFrameCBTransmitFSMCur              
1     0000c8ec  _epwm1_info                             
1     0000c8f2  _epwm2_info                             
1     0000c8f8  _epwm3_info                             
1     0000c976  _g_vcb_list                             
1     0000ca40  _usRegHoldingBuf                        
1     0000ca80  _usRegInputBuf                          
1     0000cac0  _SCRT_Fault1                            
1     0000cac2  _scrtFb1                                
1     0000cac4  _s_t1                                   
1     0000cac8  _DMADest                                
1     0000caca  _DMASource                              
1     0000cad8  ___TI_enable_exit_profile_output        
1     0000cada  ___TI_cleanup_ptr                       
1     0000cadc  ___TI_dtors_ptr                         
1     0000cade  __lock                                  
1     0000cae0  __unlock                                
1     0000cae2  _ucRegCoilsBuf                          
1     0000cae4  _ucRegDiscreteBuf                       
1     0000cae9  _boolRegHoldingChanged                  
1     0000caec  _errno                                  
1     0000cb00  _DMABuf1                                
1     0033fff8  _CsmPwl                                 
1     00380090  _PartIdRegs                             
abs   000001a4  _RamfuncsLoadSize                       
abs   00000400  __STACK_SIZE                            
abs   ffffffff  ___TI_pprof_out_hndl                    
abs   ffffffff  ___TI_prof_data_size                    
abs   ffffffff  ___TI_prof_data_start                   
abs   ffffffff  ___binit__                              
abs   ffffffff  ___c_args__                             
abs   ffffffff  ___pinit__                              
abs   ffffffff  binit                                   
abs   ffffffff  pinit                                   

[472 symbols]
