******************************************************************************
             TMS320C2000 Linker PC v22.6.1                     
******************************************************************************
>> Linked Tue May 14 17:13:52 2024

OUTPUT FILE NAME:   <Example_2833xCpuTimer.out>
ENTRY POINT SYMBOL: "code_start"  address: 00000000


MEMORY CONFIGURATION

         name            origin    length      used     unused   attr    fill
----------------------  --------  ---------  --------  --------  ----  --------
PAGE 0:
  BEGIN                 00000000   00000002  00000002  00000000  RWIX
  RAMM0                 00000050   000003b0  00000000  000003b0  RWIX
  RAML0                 00008000   00001000  0000002f  00000fd1  RWIX
  RAML1                 00009000   00001000  00001000  00000000  RWIX
  RAML2                 0000a000   00001000  00001000  00000000  RWIX
  RAML3                 0000b000   00001000  00000b3a  000004c6  RWIX
  ZONE7A                00200000   0000fc00  00000000  0000fc00  RWIX
  CSM_RSVD              0033ff80   00000076  00000000  00000076  RWIX
  CSM_PWL               0033fff8   00000008  00000000  00000008  RWIX
  ADC_CAL               00380080   00000009  00000007  00000002  RWIX
  IQTABLES              003fe000   00000b50  00000000  00000b50  RWIX
  IQTABLES2             003feb50   0000008c  00000000  0000008c  RWIX
  FPUTABLES             003febdc   000006a0  00000000  000006a0  RWIX
  BOOTROM               003ff27c   00000d44  00000000  00000d44  RWIX
  RESET                 003fffc0   00000002  00000000  00000002  RWIX

PAGE 1:
  BOOT_RSVD             00000002   0000004e  00000000  0000004e  RWIX
  RAMM1                 00000400   00000400  00000200  00000200  RWIX
  DEV_EMU               00000880   00000180  000000d0  000000b0  RWIX
  FLASH_REGS            00000a80   00000060  00000008  00000058  RWIX
  CSM                   00000ae0   00000010  00000010  00000000  RWIX
  ADC_MIRROR            00000b00   00000010  00000010  00000000  RWIX
  XINTF                 00000b20   00000020  0000001e  00000002  RWIX
  CPU_TIMER0            00000c00   00000008  00000008  00000000  RWIX
  CPU_TIMER1            00000c08   00000008  00000008  00000000  RWIX
  CPU_TIMER2            00000c10   00000008  00000008  00000000  RWIX
  PIE_CTRL              00000ce0   00000020  0000001a  00000006  RWIX
  PIE_VECT              00000d00   00000100  00000100  00000000  RWIX
  DMA                   00001000   00000200  000000e0  00000120  RWIX
  MCBSPA                00005000   00000040  00000025  0000001b  RWIX
  MCBSPB                00005040   00000040  00000025  0000001b  RWIX
  ECANA                 00006000   00000040  00000034  0000000c  RWIX
  ECANA_LAM             00006040   00000040  00000040  00000000  RWIX
  ECANA_MOTS            00006080   00000040  00000040  00000000  RWIX
  ECANA_MOTO            000060c0   00000040  00000040  00000000  RWIX
  ECANA_MBOX            00006100   00000100  00000100  00000000  RWIX
  ECANB                 00006200   00000040  00000034  0000000c  RWIX
  ECANB_LAM             00006240   00000040  00000040  00000000  RWIX
  ECANB_MOTS            00006280   00000040  00000040  00000000  RWIX
  ECANB_MOTO            000062c0   00000040  00000040  00000000  RWIX
  ECANB_MBOX            00006300   00000100  00000100  00000000  RWIX
  EPWM1                 00006800   00000022  00000022  00000000  RWIX
  EPWM2                 00006840   00000022  00000022  00000000  RWIX
  EPWM3                 00006880   00000022  00000022  00000000  RWIX
  EPWM4                 000068c0   00000022  00000022  00000000  RWIX
  EPWM5                 00006900   00000022  00000022  00000000  RWIX
  EPWM6                 00006940   00000022  00000022  00000000  RWIX
  ECAP1                 00006a00   00000020  00000020  00000000  RWIX
  ECAP2                 00006a20   00000020  00000020  00000000  RWIX
  ECAP3                 00006a40   00000020  00000020  00000000  RWIX
  ECAP4                 00006a60   00000020  00000020  00000000  RWIX
  ECAP5                 00006a80   00000020  00000020  00000000  RWIX
  ECAP6                 00006aa0   00000020  00000020  00000000  RWIX
  EQEP1                 00006b00   00000040  00000040  00000000  RWIX
  EQEP2                 00006b40   00000040  00000040  00000000  RWIX
  GPIOCTRL              00006f80   00000040  0000002e  00000012  RWIX
  GPIODAT               00006fc0   00000020  00000020  00000000  RWIX
  GPIOINT               00006fe0   00000020  0000000a  00000016  RWIX
  SYSTEM                00007010   00000020  00000020  00000000  RWIX
  SPIA                  00007040   00000010  00000010  00000000  RWIX
  SCIA                  00007050   00000010  00000010  00000000  RWIX
  XINTRUPT              00007070   00000010  00000010  00000000  RWIX
  ADC                   00007100   00000020  0000001e  00000002  RWIX
  SCIB                  00007750   00000010  00000010  00000000  RWIX
  SCIC                  00007770   00000010  00000010  00000000  RWIX
  I2CA                  00007900   00000040  00000022  0000001e  RWIX
  RAML4                 0000c000   00001000  00000677  00000989  RWIX
  RAML5                 0000d000   00001000  0000034e  00000cb2  RWIX
  RAML6                 0000e000   00001000  00000000  00001000  RWIX
  RAML7                 0000f000   00001000  00000000  00001000  RWIX
  ZONE7B                0020fc00   00000400  00000000  00000400  RWIX
  CSM_PWL               0033fff8   00000008  00000008  00000000  RWIX
  PARTID                00380090   00000001  00000001  00000000  RWIX


SECTION ALLOCATION MAP

 output                                  attributes/
section   page    origin      length       input sections
--------  ----  ----------  ----------   ----------------
codestart 
*          0    00000000    00000002     
                  00000000    00000002     DSP2833x_CodeStartBranch.obj (codestart)

.TI.ramfunc 
*          0    0000802b    00000004     
                  0000802b    00000004     DSP2833x_usDelay.obj (.TI.ramfunc)

.cinit     0    00008000    0000002b     
                  00008000    0000000e     rts2800_fpu32.lib : exit.c.obj (.cinit)
                  0000800e    00000009     HDL_CPU_Time.obj (.cinit)
                  00008017    00000005     rts2800_fpu32.lib : _lock.c.obj (.cinit:__lock)
                  0000801c    00000005                       : _lock.c.obj (.cinit:__unlock)
                  00008021    00000004     BFL_Buzz.obj (.cinit)
                  00008025    00000004     rts2800_fpu32.lib : errno.c.obj (.cinit)
                  00008029    00000002     --HOLE-- [fill = 0]

.pinit     0    00008000    00000000     UNINITIALIZED

.stack     1    00000400    00000200     UNINITIALIZED
                  00000400    00000200     --HOLE--

DevEmuRegsFile 
*          1    00000880    000000d0     UNINITIALIZED
                  00000880    000000d0     DSP2833x_GlobalVariableDefs.obj (DevEmuRegsFile)

FlashRegsFile 
*          1    00000a80    00000008     UNINITIALIZED
                  00000a80    00000008     DSP2833x_GlobalVariableDefs.obj (FlashRegsFile)

CsmRegsFile 
*          1    00000ae0    00000010     UNINITIALIZED
                  00000ae0    00000010     DSP2833x_GlobalVariableDefs.obj (CsmRegsFile)

AdcMirrorFile 
*          1    00000b00    00000010     UNINITIALIZED
                  00000b00    00000010     DSP2833x_GlobalVariableDefs.obj (AdcMirrorFile)

XintfRegsFile 
*          1    00000b20    0000001e     UNINITIALIZED
                  00000b20    0000001e     DSP2833x_GlobalVariableDefs.obj (XintfRegsFile)

CpuTimer0RegsFile 
*          1    00000c00    00000008     UNINITIALIZED
                  00000c00    00000008     DSP2833x_GlobalVariableDefs.obj (CpuTimer0RegsFile)

CpuTimer1RegsFile 
*          1    00000c08    00000008     UNINITIALIZED
                  00000c08    00000008     DSP2833x_GlobalVariableDefs.obj (CpuTimer1RegsFile)

CpuTimer2RegsFile 
*          1    00000c10    00000008     UNINITIALIZED
                  00000c10    00000008     DSP2833x_GlobalVariableDefs.obj (CpuTimer2RegsFile)

PieCtrlRegsFile 
*          1    00000ce0    0000001a     UNINITIALIZED
                  00000ce0    0000001a     DSP2833x_GlobalVariableDefs.obj (PieCtrlRegsFile)

ECanaMOTSRegsFile 
*          1    00006080    00000040     UNINITIALIZED
                  00006080    00000040     DSP2833x_GlobalVariableDefs.obj (ECanaMOTSRegsFile)

ECanaMOTORegsFile 
*          1    000060c0    00000040     UNINITIALIZED
                  000060c0    00000040     DSP2833x_GlobalVariableDefs.obj (ECanaMOTORegsFile)

ECanbMOTSRegsFile 
*          1    00006280    00000040     UNINITIALIZED
                  00006280    00000040     DSP2833x_GlobalVariableDefs.obj (ECanbMOTSRegsFile)

ECanbMOTORegsFile 
*          1    000062c0    00000040     UNINITIALIZED
                  000062c0    00000040     DSP2833x_GlobalVariableDefs.obj (ECanbMOTORegsFile)

.econst    1    0000d000    0000034e     
                  0000d000    00000101     rts2800_fpu32.lib : ctype.c.obj (.econst:.string:__ctypes_)
                  0000d101    00000001     CHIP_W25Q128.obj (.econst:_$P$T2$3)
                  0000d102    00000100     DSP2833x_PieVect.obj (.econst:_PieVectTableInit)
                  0000d202    00000072     APP_Main.obj (.econst:.string)
                  0000d274    0000005b     BFL_VCB.obj (.econst:.string)
                  0000d2cf    00000001     --HOLE-- [fill = 0]
                  0000d2d0    00000026     rts2800_fpu32.lib : _printfi.c.obj (.econst:.string)
                  0000d2f6    0000001c                       : _printfi.c.obj (.econst)
                  0000d312    0000001c                       : s_scalbn.c.obj (.econst)
                  0000d32e    00000008                       : s_frexp.c.obj (.econst)
                  0000d336    00000006     CHIP_W25Q128.obj (.econst:_$P$T3$4)
                  0000d33c    00000006     CHIP_W25Q128.obj (.econst:_$P$T5$6)
                  0000d342    00000004     CHIP_W25Q128.obj (.econst:_$P$T4$5)
                  0000d346    00000004     CHIP_W25Q128.obj (.econst:_$P$T6$7)
                  0000d34a    00000002     CHIP_W25Q128.obj (.econst:_$P$T0$1)
                  0000d34c    00000002     CHIP_W25Q128.obj (.econst:_$P$T1$2)

DMARAML4   1    0000c000    000003c0     UNINITIALIZED
                  0000c000    000003c0     BFL_Measure.obj (DMARAML4)

.reset     0    003fffc0    00000002     DSECT
                  003fffc0    00000002     rts2800_fpu32.lib : boot28.asm.obj (.reset)

csm_rsvd   0    0033ff80    00000000     DSECT

csmpasswds 
*          0    0033fff8    00000000     DSECT

.adc_cal   0    00380080    00000007     NOLOAD SECTION
                  00380080    00000007     DSP2833x_ADC_cal.obj (.adc_cal)

PieVectTableFile 
*          1    00000d00    00000100     UNINITIALIZED
                  00000d00    00000100     DSP2833x_GlobalVariableDefs.obj (PieVectTableFile)

DmaRegsFile 
*          1    00001000    000000e0     UNINITIALIZED
                  00001000    000000e0     DSP2833x_GlobalVariableDefs.obj (DmaRegsFile)

McbspaRegsFile 
*          1    00005000    00000025     UNINITIALIZED
                  00005000    00000025     DSP2833x_GlobalVariableDefs.obj (McbspaRegsFile)

McbspbRegsFile 
*          1    00005040    00000025     UNINITIALIZED
                  00005040    00000025     DSP2833x_GlobalVariableDefs.obj (McbspbRegsFile)

ECanaRegsFile 
*          1    00006000    00000034     UNINITIALIZED
                  00006000    00000034     DSP2833x_GlobalVariableDefs.obj (ECanaRegsFile)

ECanaLAMRegsFile 
*          1    00006040    00000040     UNINITIALIZED
                  00006040    00000040     DSP2833x_GlobalVariableDefs.obj (ECanaLAMRegsFile)

ECanaMboxesFile 
*          1    00006100    00000100     UNINITIALIZED
                  00006100    00000100     DSP2833x_GlobalVariableDefs.obj (ECanaMboxesFile)

ECanbRegsFile 
*          1    00006200    00000034     UNINITIALIZED
                  00006200    00000034     DSP2833x_GlobalVariableDefs.obj (ECanbRegsFile)

ECanbLAMRegsFile 
*          1    00006240    00000040     UNINITIALIZED
                  00006240    00000040     DSP2833x_GlobalVariableDefs.obj (ECanbLAMRegsFile)

ECanbMboxesFile 
*          1    00006300    00000100     UNINITIALIZED
                  00006300    00000100     DSP2833x_GlobalVariableDefs.obj (ECanbMboxesFile)

EPwm1RegsFile 
*          1    00006800    00000022     UNINITIALIZED
                  00006800    00000022     DSP2833x_GlobalVariableDefs.obj (EPwm1RegsFile)

EPwm2RegsFile 
*          1    00006840    00000022     UNINITIALIZED
                  00006840    00000022     DSP2833x_GlobalVariableDefs.obj (EPwm2RegsFile)

EPwm3RegsFile 
*          1    00006880    00000022     UNINITIALIZED
                  00006880    00000022     DSP2833x_GlobalVariableDefs.obj (EPwm3RegsFile)

EPwm4RegsFile 
*          1    000068c0    00000022     UNINITIALIZED
                  000068c0    00000022     DSP2833x_GlobalVariableDefs.obj (EPwm4RegsFile)

EPwm5RegsFile 
*          1    00006900    00000022     UNINITIALIZED
                  00006900    00000022     DSP2833x_GlobalVariableDefs.obj (EPwm5RegsFile)

EPwm6RegsFile 
*          1    00006940    00000022     UNINITIALIZED
                  00006940    00000022     DSP2833x_GlobalVariableDefs.obj (EPwm6RegsFile)

ECap1RegsFile 
*          1    00006a00    00000020     UNINITIALIZED
                  00006a00    00000020     DSP2833x_GlobalVariableDefs.obj (ECap1RegsFile)

ECap2RegsFile 
*          1    00006a20    00000020     UNINITIALIZED
                  00006a20    00000020     DSP2833x_GlobalVariableDefs.obj (ECap2RegsFile)

ECap3RegsFile 
*          1    00006a40    00000020     UNINITIALIZED
                  00006a40    00000020     DSP2833x_GlobalVariableDefs.obj (ECap3RegsFile)

ECap4RegsFile 
*          1    00006a60    00000020     UNINITIALIZED
                  00006a60    00000020     DSP2833x_GlobalVariableDefs.obj (ECap4RegsFile)

ECap5RegsFile 
*          1    00006a80    00000020     UNINITIALIZED
                  00006a80    00000020     DSP2833x_GlobalVariableDefs.obj (ECap5RegsFile)

ECap6RegsFile 
*          1    00006aa0    00000020     UNINITIALIZED
                  00006aa0    00000020     DSP2833x_GlobalVariableDefs.obj (ECap6RegsFile)

EQep1RegsFile 
*          1    00006b00    00000040     UNINITIALIZED
                  00006b00    00000040     DSP2833x_GlobalVariableDefs.obj (EQep1RegsFile)

EQep2RegsFile 
*          1    00006b40    00000040     UNINITIALIZED
                  00006b40    00000040     DSP2833x_GlobalVariableDefs.obj (EQep2RegsFile)

GpioCtrlRegsFile 
*          1    00006f80    0000002e     UNINITIALIZED
                  00006f80    0000002e     DSP2833x_GlobalVariableDefs.obj (GpioCtrlRegsFile)

GpioDataRegsFile 
*          1    00006fc0    00000020     UNINITIALIZED
                  00006fc0    00000020     DSP2833x_GlobalVariableDefs.obj (GpioDataRegsFile)

GpioIntRegsFile 
*          1    00006fe0    0000000a     UNINITIALIZED
                  00006fe0    0000000a     DSP2833x_GlobalVariableDefs.obj (GpioIntRegsFile)

SysCtrlRegsFile 
*          1    00007010    00000020     UNINITIALIZED
                  00007010    00000020     DSP2833x_GlobalVariableDefs.obj (SysCtrlRegsFile)

SpiaRegsFile 
*          1    00007040    00000010     UNINITIALIZED
                  00007040    00000010     DSP2833x_GlobalVariableDefs.obj (SpiaRegsFile)

SciaRegsFile 
*          1    00007050    00000010     UNINITIALIZED
                  00007050    00000010     DSP2833x_GlobalVariableDefs.obj (SciaRegsFile)

XIntruptRegsFile 
*          1    00007070    00000010     UNINITIALIZED
                  00007070    00000010     DSP2833x_GlobalVariableDefs.obj (XIntruptRegsFile)

AdcRegsFile 
*          1    00007100    0000001e     UNINITIALIZED
                  00007100    0000001e     DSP2833x_GlobalVariableDefs.obj (AdcRegsFile)

ScibRegsFile 
*          1    00007750    00000010     UNINITIALIZED
                  00007750    00000010     DSP2833x_GlobalVariableDefs.obj (ScibRegsFile)

ScicRegsFile 
*          1    00007770    00000010     UNINITIALIZED
                  00007770    00000010     DSP2833x_GlobalVariableDefs.obj (ScicRegsFile)

I2caRegsFile 
*          1    00007900    00000022     UNINITIALIZED
                  00007900    00000022     DSP2833x_GlobalVariableDefs.obj (I2caRegsFile)

CsmPwlFile 
*          1    0033fff8    00000008     UNINITIALIZED
                  0033fff8    00000008     DSP2833x_GlobalVariableDefs.obj (CsmPwlFile)

PartIdRegsFile 
*          1    00380090    00000001     UNINITIALIZED
                  00380090    00000001     DSP2833x_GlobalVariableDefs.obj (PartIdRegsFile)

.text.1    0    00009000    00001000     
                  00009000    000006d0     rts2800_fpu32.lib : _printfi.c.obj (.text)
                  000096d0    000005f5                       : _printfi.c.obj (.text:__TI_printfi)
                  00009cc5    00000316     DSP2833x_DefaultIsr.obj (.text:retain)
                  00009fdb    00000024     rts2800_fpu32.lib : cpy_tbl.c.obj (.text)
                  00009fff    00000001                       : startup.c.obj (.text)

.text.2    0    0000a000    00001000     
                  0000a000    000003e9     DSP2833x_DMA.obj (.text)
                  0000a3e9    00000284     BFL_VCB.obj (.text)
                  0000a66d    000001e8     CHIP_W25Q128.obj (.text)
                  0000a855    00000194     HDL_Uart.obj (.text)
                  0000a9e9    0000018a     HDL_Uart.obj (.text:retain)
                  0000ab73    00000124     HDL_SPI.obj (.text)
                  0000ac97    00000117     HDL_CPU_Time.obj (.text)
                  0000adae    00000113     BFL_Measure.obj (.text)
                  0000aec1    00000107     rts2800_fpu32.lib : ll_div28.asm.obj (.text)
                  0000afc8    00000031                       : atoi.c.obj (.text)
                  0000aff9    00000007                       : memset.c.obj (.text)

.text.3    0    0000b000    00000b3a     
                  0000b000    000000f7     DSP2833x_SysCtrl.obj (.text)
                  0000b0f7    000000d6     BFL_Measure.obj (.text:retain)
                  0000b1cd    000000af     APP_Main.obj (.text)
                  0000b27c    000000a9     rts2800_fpu32.lib : s_scalbn.c.obj (.text)
                  0000b325    0000009c                       : fd_add28.asm.obj (.text)
                  0000b3c1    0000008d     HDL_CPU_Time.obj (.text:retain)
                  0000b44e    0000008b     rts2800_fpu32.lib : fd_div28.asm.obj (.text)
                  0000b4d9    00000088                       : fs_div28.asm.obj (.text)
                  0000b561    00000083                       : fd_mpy28.asm.obj (.text)
                  0000b5e4    00000076     average_filter.obj (.text)
                  0000b65a    00000074     DSP2833x_CpuTimers.obj (.text)
                  0000b6ce    0000005a     rts2800_fpu32.lib : s_frexp.c.obj (.text)
                  0000b728    00000059     BFL_Buzz.obj (.text)
                  0000b781    00000057     rts2800_fpu32.lib : vsnprintf.c.obj (.text)
                  0000b7d8    00000056                       : boot28.asm.obj (.text)
                  0000b82e    00000043     BFL_Button.obj (.text)
                  0000b871    00000030     rts2800_fpu32.lib : _ltoa.c.obj (.text)
                  0000b8a1    0000002a                       : fd_cmp28.asm.obj (.text)
                  0000b8cb    0000002a                       : l_div28.asm.obj (.text)
                  0000b8f5    00000029                       : exit.c.obj (.text)
                  0000b91e    00000028     DSP2833x_PieCtrl.obj (.text)
                  0000b946    00000027     rts2800_fpu32.lib : e_sqrtf.c.obj (.text)
                  0000b96d    00000024                       : s_copysign.c.obj (.text)
                  0000b991    00000021                       : fd_toi28.asm.obj (.text)
                  0000b9b2    00000020     DSP2833x_PieVect.obj (.text)
                  0000b9d2    0000001f     rts2800_fpu32.lib : fd_tol28.asm.obj (.text)
                  0000b9f1    0000001e                       : ll_cmp28.asm.obj (.text)
                  0000ba0f    0000001d                       : i_tofd28.asm.obj (.text)
                  0000ba2c    0000001d                       : memcpy.c.obj (.text)
                  0000ba49    0000001c                       : fs_tofdfpu32.asm.obj (.text)
                  0000ba65    0000001c                       : l_tofd28.asm.obj (.text)
                  0000ba81    00000018                       : ll_aox28.asm.obj (.text)
                  0000ba99    00000014     DSP2833x_Adc.obj (.text)
                  0000baad    00000014     main.obj (.text)
                  0000bac1    00000012     rts2800_fpu32.lib : args_main.c.obj (.text)
                  0000bad3    00000010                       : memccpy.c.obj (.text)
                  0000bae3    0000000e                       : fd_sub28.asm.obj (.text)
                  0000baf1    0000000c                       : strchr.c.obj (.text)
                  0000bafd    0000000b                       : u_div28.asm.obj (.text)
                  0000bb08    00000009                       : _lock.c.obj (.text)
                  0000bb11    00000009                       : fd_neg28.asm.obj (.text)
                  0000bb1a    00000009                       : wcslen.c.obj (.text)
                  0000bb23    00000008     DSP2833x_CodeStartBranch.obj (.text)
                  0000bb2b    00000008     rts2800_fpu32.lib : strlen.c.obj (.text)
                  0000bb33    00000005                       : strcpy.c.obj (.text)
                  0000bb38    00000002                       : pre_init.c.obj (.text)

.ebss      1    0000c3c0    000002b7     UNINITIALIZED
                  0000c3c0    00000101     APP_Main.obj (.ebss:_buffer)
                  0000c4c1    00000001     BFL_Buzz.obj (.ebss)
                  0000c4c2    00000018     DSP2833x_CpuTimers.obj (.ebss)
                  0000c4da    00000010     BFL_Measure.obj (.ebss:_AdcAvg)
                  0000c4ea    00000010     BFL_Measure.obj (.ebss:_AdcRMS)
                  0000c4fa    00000006     HDL_CPU_Time.obj (.ebss)
                  0000c500    000000a0     BFL_Measure.obj (.ebss:_AdcVoltRMSFilterBuf)
                  0000c5a0    00000010     BFL_Measure.obj (.ebss:_AdcVoltRMS)
                  0000c5b0    0000000a     BFL_VCB.obj (.ebss:_g_vcb_list)
                  0000c5ba    00000006     rts2800_fpu32.lib : exit.c.obj (.ebss)
                  0000c5c0    00000080     BFL_Measure.obj (.ebss:_AdcVoltRMSFilter)
                  0000c640    00000008     HDL_Uart.obj (.ebss:_rdataA)
                  0000c648    00000008     HDL_Uart.obj (.ebss:_rdataB)
                  0000c650    00000008     HDL_Uart.obj (.ebss:_rdataC)
                  0000c658    00000008     HDL_Uart.obj (.ebss:_sdataA)
                  0000c660    00000008     HDL_Uart.obj (.ebss:_sdataC)
                  0000c668    00000004     BFL_Measure.obj (.ebss)
                  0000c66c    00000003     APP_Main.obj (.ebss)
                  0000c66f    00000003     HDL_Uart.obj (.ebss)
                  0000c672    00000002     rts2800_fpu32.lib : _lock.c.obj (.ebss:__lock)
                  0000c674    00000002                       : _lock.c.obj (.ebss:__unlock)
                  0000c676    00000001                       : errno.c.obj (.ebss)

MODULE SUMMARY

       Module                            code    initialized data   uninitialized data
       ------                            ----    ----------------   ------------------
    .\
       DSP2833x_GlobalVariableDefs.obj   0       0                  2679              
       DSP2833x_DMA.obj                  1001    0                  0                 
       DSP2833x_DefaultIsr.obj           790     0                  0                 
       DSP2833x_PieVect.obj              32      256                0                 
       DSP2833x_SysCtrl.obj              247     0                  0                 
       DSP2833x_CpuTimers.obj            116     0                  24                
       DSP2833x_PieCtrl.obj              40      0                  0                 
       DSP2833x_Adc.obj                  20      0                  0                 
       DSP2833x_CodeStartBranch.obj      10      0                  0                 
       DSP2833x_ADC_cal.obj              7       0                  0                 
       DSP2833x_usDelay.obj              4       0                  0                 
    +--+---------------------------------+-------+------------------+--------------------+
       Total:                            2267    256                2703              
                                                                                      
    .\APP\
       APP_Main.obj                      175     114                260               
    +--+---------------------------------+-------+------------------+--------------------+
       Total:                            175     114                260               
                                                                                      
    .\Application\
       main.obj                          20      0                  0                 
    +--+---------------------------------+-------+------------------+--------------------+
       Total:                            20      0                  0                 
                                                                                      
    .\BFL\
       BFL_Measure.obj                   489     0                  1300              
       BFL_VCB.obj                       644     91                 10                
       BFL_Buzz.obj                      89      4                  1                 
       BFL_Button.obj                    67      0                  0                 
    +--+---------------------------------+-------+------------------+--------------------+
       Total:                            1289    95                 1311              
                                                                                      
    .\CHIP\
       CHIP_W25Q128.obj                  488     25                 0                 
    +--+---------------------------------+-------+------------------+--------------------+
       Total:                            488     25                 0                 
                                                                                      
    .\HDL\
       HDL_Uart.obj                      798     0                  43                
       HDL_CPU_Time.obj                  420     9                  6                 
       HDL_SPI.obj                       292     0                  0                 
    +--+---------------------------------+-------+------------------+--------------------+
       Total:                            1510    9                  49                
                                                                                      
    .\LIB\
       average_filter.obj                118     0                  0                 
    +--+---------------------------------+-------+------------------+--------------------+
       Total:                            118     0                  0                 
                                                                                      
    C:/ti/ccstheia131/ccs/tools/compiler/ti-cgt-c2000_22.6.1A23259/lib/rts2800_fpu32.lib
       _printfi.c.obj                    3269    66                 0                 
       ll_div28.asm.obj                  263     0                  0                 
       ctype.c.obj                       0       257                0                 
       s_scalbn.c.obj                    169     28                 0                 
       fd_add28.asm.obj                  156     0                  0                 
       fd_div28.asm.obj                  139     0                  0                 
       fs_div28.asm.obj                  136     0                  0                 
       fd_mpy28.asm.obj                  131     0                  0                 
       s_frexp.c.obj                     90      8                  0                 
       vsnprintf.c.obj                   87      0                  0                 
       boot28.asm.obj                    86      0                  0                 
       exit.c.obj                        41      14                 6                 
       atoi.c.obj                        49      0                  0                 
       _ltoa.c.obj                       48      0                  0                 
       fd_cmp28.asm.obj                  42      0                  0                 
       l_div28.asm.obj                   42      0                  0                 
       e_sqrtf.c.obj                     39      0                  0                 
       cpy_tbl.c.obj                     36      0                  0                 
       s_copysign.c.obj                  36      0                  0                 
       fd_toi28.asm.obj                  33      0                  0                 
       fd_tol28.asm.obj                  31      0                  0                 
       ll_cmp28.asm.obj                  30      0                  0                 
       i_tofd28.asm.obj                  29      0                  0                 
       memcpy.c.obj                      29      0                  0                 
       fs_tofdfpu32.asm.obj              28      0                  0                 
       l_tofd28.asm.obj                  28      0                  0                 
       ll_aox28.asm.obj                  24      0                  0                 
       _lock.c.obj                       9       10                 4                 
       args_main.c.obj                   18      0                  0                 
       memccpy.c.obj                     16      0                  0                 
       fd_sub28.asm.obj                  14      0                  0                 
       strchr.c.obj                      12      0                  0                 
       u_div28.asm.obj                   11      0                  0                 
       fd_neg28.asm.obj                  9       0                  0                 
       wcslen.c.obj                      9       0                  0                 
       strlen.c.obj                      8       0                  0                 
       memset.c.obj                      7       0                  0                 
       errno.c.obj                       0       4                  1                 
       strcpy.c.obj                      5       0                  0                 
       pre_init.c.obj                    2       0                  0                 
       startup.c.obj                     1       0                  0                 
    +--+---------------------------------+-------+------------------+--------------------+
       Total:                            5212    387                11                
                                                                                      
       Stack:                            0       0                  512               
    +--+---------------------------------+-------+------------------+--------------------+
       Grand Total:                      11079   886                4846              


GLOBAL DATA SYMBOLS: SORTED BY DATA PAGE

address     data page           name
--------    ----------------    ----
00000400      10 (00000400)     __stack

00000880      22 (00000880)     _DevEmuRegs

00000a80      2a (00000a80)     _FlashRegs

00000ae0      2b (00000ac0)     _CsmRegs

00000b00      2c (00000b00)     _AdcMirror
00000b20      2c (00000b00)     _XintfRegs

00000c00      30 (00000c00)     _CpuTimer0Regs
00000c08      30 (00000c00)     _CpuTimer1Regs
00000c10      30 (00000c00)     _CpuTimer2Regs

00000ce0      33 (00000cc0)     _PieCtrlRegs

00000d00      34 (00000d00)     _PieVectTable

00001000      40 (00001000)     _DmaRegs

00005000     140 (00005000)     _McbspaRegs

00005040     141 (00005040)     _McbspbRegs

00006000     180 (00006000)     _ECanaRegs

00006040     181 (00006040)     _ECanaLAMRegs

00006080     182 (00006080)     _ECanaMOTSRegs

000060c0     183 (000060c0)     _ECanaMOTORegs

00006100     184 (00006100)     _ECanaMboxes

00006200     188 (00006200)     _ECanbRegs

00006240     189 (00006240)     _ECanbLAMRegs

00006280     18a (00006280)     _ECanbMOTSRegs

000062c0     18b (000062c0)     _ECanbMOTORegs

00006300     18c (00006300)     _ECanbMboxes

00006800     1a0 (00006800)     _EPwm1Regs

00006840     1a1 (00006840)     _EPwm2Regs

00006880     1a2 (00006880)     _EPwm3Regs

000068c0     1a3 (000068c0)     _EPwm4Regs

00006900     1a4 (00006900)     _EPwm5Regs

00006940     1a5 (00006940)     _EPwm6Regs

00006a00     1a8 (00006a00)     _ECap1Regs
00006a20     1a8 (00006a00)     _ECap2Regs

00006a40     1a9 (00006a40)     _ECap3Regs
00006a60     1a9 (00006a40)     _ECap4Regs

00006a80     1aa (00006a80)     _ECap5Regs
00006aa0     1aa (00006a80)     _ECap6Regs

00006b00     1ac (00006b00)     _EQep1Regs

00006b40     1ad (00006b40)     _EQep2Regs

00006f80     1be (00006f80)     _GpioCtrlRegs

00006fc0     1bf (00006fc0)     _GpioDataRegs
00006fe0     1bf (00006fc0)     _GpioIntRegs

00007010     1c0 (00007000)     _SysCtrlRegs

00007040     1c1 (00007040)     _SpiaRegs
00007050     1c1 (00007040)     _SciaRegs
00007070     1c1 (00007040)     _XIntruptRegs

00007100     1c4 (00007100)     _AdcRegs

00007750     1dd (00007740)     _ScibRegs
00007770     1dd (00007740)     _ScicRegs

00007900     1e4 (00007900)     _I2caRegs

0000c000     300 (0000c000)     _DMABuf1

0000c4c2     313 (0000c4c0)     _CpuTimer0
0000c4ca     313 (0000c4c0)     _CpuTimer1
0000c4d2     313 (0000c4c0)     _CpuTimer2
0000c4da     313 (0000c4c0)     _AdcAvg
0000c4ea     313 (0000c4c0)     _AdcRMS

0000c500     314 (0000c500)     _AdcVoltRMSFilterBuf

0000c5a0     316 (0000c580)     _AdcVoltRMS
0000c5b0     316 (0000c580)     _g_vcb_list
0000c5ba     316 (0000c580)     ___TI_enable_exit_profile_output
0000c5bc     316 (0000c580)     ___TI_cleanup_ptr
0000c5be     316 (0000c580)     ___TI_dtors_ptr

0000c5c0     317 (0000c5c0)     _AdcVoltRMSFilter

0000c640     319 (0000c640)     _rdataA
0000c648     319 (0000c640)     _rdataB
0000c650     319 (0000c640)     _rdataC
0000c658     319 (0000c640)     _sdataA
0000c660     319 (0000c640)     _sdataC
0000c668     319 (0000c640)     _DMADest
0000c66a     319 (0000c640)     _DMASource
0000c66c     319 (0000c640)     _g_app_main_stack
0000c66d     319 (0000c640)     _sdata
0000c66e     319 (0000c640)     _rdata
0000c66f     319 (0000c640)     _rdata_pointA
0000c670     319 (0000c640)     _rdata_pointB
0000c671     319 (0000c640)     _rdata_pointC
0000c672     319 (0000c640)     __lock
0000c674     319 (0000c640)     __unlock
0000c676     319 (0000c640)     _errno

0000d000     340 (0000d000)     __ctypes_

0000d102     344 (0000d100)     _PieVectTableInit

0033fff8    cfff (0033ffc0)     _CsmPwl

00380090    e002 (00380080)     _PartIdRegs


GLOBAL SYMBOLS: SORTED ALPHABETICALLY BY Name 

page  address   name                                   
----  -------   ----                                   
abs   ffffffff  .text                                  
0     0000b8f5  C$$EXIT                                
0     0000b325  FD$$ADD                                
0     0000b8a1  FD$$CMP                                
0     0000b44e  FD$$DIV                                
0     0000b561  FD$$MPY                                
0     0000bb11  FD$$NEG                                
0     0000bae3  FD$$SUB                                
0     0000b991  FD$$TOI                                
0     0000b9d2  FD$$TOL                                
0     0000b4d9  FS$$DIV                                
0     0000ba49  FS$$TOFD                               
0     0000ba0f  I$$TOFD                                
0     0000b8cb  L$$DIV                                 
0     0000b8da  L$$MOD                                 
0     0000ba65  L$$TOFD                                
0     0000ba81  LL$$AND                                
0     0000b9f1  LL$$CMP                                
0     0000aec1  LL$$DIV                                
0     0000aefd  LL$$MOD                                
0     0000ba89  LL$$OR                                 
0     0000ba91  LL$$XOR                                
0     0000bafd  U$$DIV                                 
0     0000bb02  U$$MOD                                 
0     0000b8e8  UL$$DIV                                
0     0000b8ef  UL$$MOD                                
0     0000ba03  ULL$$CMP                               
0     0000af37  ULL$$DIV                               
0     0000af66  ULL$$MOD                               
0     00009dab  _ADCINT_ISR                            
0     00380080  _ADC_cal                               
0     0000b1eb  _APP_Main_Init                         
0     0000b21d  _APP_Main_Poll                         
1     0000c4da  _AdcAvg                                
1     00000b00  _AdcMirror                             
1     0000c4ea  _AdcRMS                                
1     00007100  _AdcRegs                               
1     0000c5a0  _AdcVoltRMS                            
1     0000c5c0  _AdcVoltRMSFilter                      
1     0000c500  _AdcVoltRMSFilterBuf                   
0     0000b82e  _BFL_Button_Init                       
0     0000b862  _BFL_Button_IsPressed                  
0     0000b728  _BFL_Buzz_Init                         
0     0000b75b  _BFL_Buzz_IsOff                        
0     0000b738  _BFL_Buzz_Off                          
0     0000b74c  _BFL_Buzz_On                           
0     0000b77a  _BFL_Buzz_SetTrigLevel                 
0     0000b747  _BFL_Buzz_Toggle                       
0     0000adae  _BFL_Measure_Init                      
0     0000a422  _BFL_VCB_CTRL_STATE_To_String          
0     0000a636  _BFL_VCB_Get_Actual_State              
0     0000a626  _BFL_VCB_Get_Setting_State             
0     0000a5ed  _BFL_VCB_Relay_Get_Setting_State       
0     0000a52c  _BFL_VCB_Relay_Set_As_Switch_Closed    
0     0000a58f  _BFL_VCB_Relay_Set_As_Switch_No_Ctrl   
0     0000a4c9  _BFL_VCB_Relay_Set_As_Switch_Opened    
0     0000a40c  _BFL_VCB_STATE_To_String               
0     0000a3e9  _BFL_VCB_SW_To_String                  
0     0000a5fd  _BFL_VCB_Set_As_Switch_Closed          
0     0000a61e  _BFL_VCB_Set_As_Switch_No_Ctrl         
0     0000a60e  _BFL_VCB_Set_As_Switch_Opened          
0     0000a438  _BFL_VCB_Seurity_Init                  
0     0000a790  _CHIP_W25Q128_Erase_One_Sector         
0     0000a745  _CHIP_W25Q128_Init                     
0     0000a750  _CHIP_W25Q128_Read                     
0     0000a715  _CHIP_W25Q128_Read_ID                  
0     0000a822  _CHIP_W25Q128_Write_One_Sector_No_Erase
0     0000a846  _CHIP_W25q128_Write_One_Sector         
0     0000b693  _ConfigCpuTimer                        
1     0000c4c2  _CpuTimer0                             
1     00000c00  _CpuTimer0Regs                         
1     0000c4ca  _CpuTimer1                             
1     00000c08  _CpuTimer1Regs                         
1     0000c4d2  _CpuTimer2                             
1     00000c10  _CpuTimer2Regs                         
1     0033fff8  _CsmPwl                                
1     00000ae0  _CsmRegs                               
0     0000b0c6  _CsmUnlock                             
0     00009cd9  _DATALOG_ISR                           
0     00009ecd  _DINTCH1_ISR                           
0     00009ed7  _DINTCH2_ISR                           
0     00009ee1  _DINTCH3_ISR                           
0     00009eeb  _DINTCH4_ISR                           
0     00009ef5  _DINTCH5_ISR                           
0     00009eff  _DINTCH6_ISR                           
1     0000c000  _DMABuf1                               
0     0000a00b  _DMACH1AddrConfig                      
0     0000a01b  _DMACH1BurstConfig                     
0     0000a04e  _DMACH1ModeConfig                      
0     0000a02b  _DMACH1TransferConfig                  
0     0000a03b  _DMACH1WrapConfig                      
0     0000a0b0  _DMACH2AddrConfig                      
0     0000a0c0  _DMACH2BurstConfig                     
0     0000a0f3  _DMACH2ModeConfig                      
0     0000a0d0  _DMACH2TransferConfig                  
0     0000a0e0  _DMACH2WrapConfig                      
0     0000a155  _DMACH3AddrConfig                      
0     0000a165  _DMACH3BurstConfig                     
0     0000a198  _DMACH3ModeConfig                      
0     0000a175  _DMACH3TransferConfig                  
0     0000a185  _DMACH3WrapConfig                      
0     0000a1fa  _DMACH4AddrConfig                      
0     0000a20a  _DMACH4BurstConfig                     
0     0000a23d  _DMACH4ModeConfig                      
0     0000a21a  _DMACH4TransferConfig                  
0     0000a22a  _DMACH4WrapConfig                      
0     0000a29f  _DMACH5AddrConfig                      
0     0000a2af  _DMACH5BurstConfig                     
0     0000a2e2  _DMACH5ModeConfig                      
0     0000a2bf  _DMACH5TransferConfig                  
0     0000a2cf  _DMACH5WrapConfig                      
0     0000a344  _DMACH6AddrConfig                      
0     0000a354  _DMACH6BurstConfig                     
0     0000a387  _DMACH6ModeConfig                      
0     0000a364  _DMACH6TransferConfig                  
0     0000a374  _DMACH6WrapConfig                      
1     0000c668  _DMADest                               
0     0000a000  _DMAInitialize                         
1     0000c66a  _DMASource                             
0     0000802b  _DSP28x_usDelay                        
0     0000b1cd  _Debug_Printf                          
1     00000880  _DevEmuRegs                            
0     0000b013  _DisableDog                            
1     00001000  _DmaRegs                               
0     00009f59  _ECAN0INTA_ISR                         
0     00009f6d  _ECAN0INTB_ISR                         
0     00009f63  _ECAN1INTA_ISR                         
0     00009f77  _ECAN1INTB_ISR                         
0     00009e41  _ECAP1_INT_ISR                         
0     00009e4b  _ECAP2_INT_ISR                         
0     00009e55  _ECAP3_INT_ISR                         
0     00009e5f  _ECAP4_INT_ISR                         
0     00009e69  _ECAP5_INT_ISR                         
0     00009e73  _ECAP6_INT_ISR                         
1     00006040  _ECanaLAMRegs                          
1     000060c0  _ECanaMOTORegs                         
1     00006080  _ECanaMOTSRegs                         
1     00006100  _ECanaMboxes                           
1     00006000  _ECanaRegs                             
1     00006240  _ECanbLAMRegs                          
1     000062c0  _ECanbMOTORegs                         
1     00006280  _ECanbMOTSRegs                         
1     00006300  _ECanbMboxes                           
1     00006200  _ECanbRegs                             
1     00006a00  _ECap1Regs                             
1     00006a20  _ECap2Regs                             
1     00006a40  _ECap3Regs                             
1     00006a60  _ECap4Regs                             
1     00006a80  _ECap5Regs                             
1     00006aa0  _ECap6Regs                             
0     00009ced  _EMUINT_ISR                            
0     00009e05  _EPWM1_INT_ISR                         
0     00009dc9  _EPWM1_TZINT_ISR                       
0     00009e0f  _EPWM2_INT_ISR                         
0     00009dd3  _EPWM2_TZINT_ISR                       
0     00009e19  _EPWM3_INT_ISR                         
0     00009ddd  _EPWM3_TZINT_ISR                       
0     00009e23  _EPWM4_INT_ISR                         
0     00009de7  _EPWM4_TZINT_ISR                       
0     00009e2d  _EPWM5_INT_ISR                         
0     00009df1  _EPWM5_TZINT_ISR                       
0     00009e37  _EPWM6_INT_ISR                         
0     00009dfb  _EPWM6_TZINT_ISR                       
1     00006800  _EPwm1Regs                             
1     00006840  _EPwm2Regs                             
1     00006880  _EPwm3Regs                             
1     000068c0  _EPwm4Regs                             
1     00006900  _EPwm5Regs                             
1     00006940  _EPwm6Regs                             
0     00009e7d  _EQEP1_INT_ISR                         
0     00009e87  _EQEP2_INT_ISR                         
1     00006b00  _EQep1Regs                             
1     00006b40  _EQep2Regs                             
0     0000b93d  _EnableInterrupts                      
1     00000a80  _FlashRegs                             
0     0000a66d  _Flash_ReadSR1                         
0     0000a699  _Flash_ReadSR2                         
0     0000a6c5  _Flash_Wait_Busy                       
0     0000a6e9  _Flash_Write_Enable                    
1     00006f80  _GpioCtrlRegs                          
1     00006fc0  _GpioDataRegs                          
1     00006fe0  _GpioIntRegs                           
0     0000ad6b  _HDL_CPU_Time_DelayMs                  
0     0000ad5d  _HDL_CPU_Time_DelayUs                  
0     0000ad44  _HDL_CPU_Time_GetTick                  
0     0000ad4d  _HDL_CPU_Time_GetUsTick                
0     0000acf3  _HDL_CPU_Time_Init                     
0     0000ad48  _HDL_CPU_Time_ResetTick                
0     0000ad57  _HDL_CPU_Time_ResetUsTick              
0     0000ad79  _HDL_CPU_Time_SetCPUTickCallback       
0     0000ad81  _HDL_CPU_Time_StartHardTimer           
0     0000ada3  _HDL_CPU_Time_StopHardTimer            
0     0000abb0  _HDL_SPI_Init                          
0     0000ac65  _HDL_SPI_Read                          
0     0000ac31  _HDL_SPI_Write                         
0     0000abdf  _HDL_SPI_WriteRead                     
0     00009f09  _I2CINT1A_ISR                          
0     00009f13  _I2CINT2A_ISR                          
1     00007900  _I2caRegs                              
0     00009d01  _ILLEGAL_ISR                           
0     00009cc5  _INT13_ISR                             
0     00009ccf  _INT14_ISR                             
0     0000ba99  _InitAdc                               
0     0000b65a  _InitCpuTimers                         
0     0000b06b  _InitPeripheralClocks                  
0     0000b91e  _InitPieCtrl                           
0     0000b9b2  _InitPieVectTable                      
0     0000b01b  _InitPll                               
0     0000a9a6  _InitSciaGpio                          
0     0000a9bb  _InitScibGpio                          
0     0000a9d1  _InitScicGpio                          
0     0000ab73  _InitSpiGpio                           
0     0000ab76  _InitSpiaGpio                          
0     0000b000  _InitSysCtrl                           
0     00009fbd  _LUF_ISR                               
0     00009fb3  _LVF_ISR                               
0     00009eb9  _MRINTA_ISR                            
0     00009ea5  _MRINTB_ISR                            
0     00009ec3  _MXINTA_ISR                            
0     00009eaf  _MXINTB_ISR                            
1     00005000  _McbspaRegs                            
1     00005040  _McbspbRegs                            
0     00009cf7  _NMI_ISR                               
0     00009fc7  _PIE_RESERVED                          
1     00380090  _PartIdRegs                            
1     00000ce0  _PieCtrlRegs                           
1     00000d00  _PieVectTable                          
1     0000d102  _PieVectTableInit                      
0     00009ce3  _RTOSINT_ISR                           
0     00009f31  _SCIRXINTA_ISR                         
0     00009f45  _SCIRXINTB_ISR                         
0     00009f1d  _SCIRXINTC_ISR                         
0     00009f3b  _SCITXINTA_ISR                         
0     00009f4f  _SCITXINTB_ISR                         
0     00009f27  _SCITXINTC_ISR                         
0     00009d83  _SEQ1INT_ISR                           
0     00009d8d  _SEQ2INT_ISR                           
0     00009e91  _SPIRXINTA_ISR                         
0     00009e9b  _SPITXINTA_ISR                         
1     00007050  _SciaRegs                              
1     00007750  _ScibRegs                              
1     00007770  _ScicRegs                              
0     0000b009  _ServiceDog                            
1     00007040  _SpiaRegs                              
0     0000a0a8  _StartDMACH1                           
0     0000a14d  _StartDMACH2                           
0     0000a1f2  _StartDMACH3                           
0     0000a297  _StartDMACH4                           
0     0000a33c  _StartDMACH5                           
0     0000a3e1  _StartDMACH6                           
1     00007010  _SysCtrlRegs                           
0     00009db5  _TINT0_ISR                             
0     00009d65  _USER10_ISR                            
0     00009d6f  _USER11_ISR                            
0     00009d79  _USER12_ISR                            
0     00009d0b  _USER1_ISR                             
0     00009d15  _USER2_ISR                             
0     00009d1f  _USER3_ISR                             
0     00009d29  _USER4_ISR                             
0     00009d33  _USER5_ISR                             
0     00009d3d  _USER6_ISR                             
0     00009d47  _USER7_ISR                             
0     00009d51  _USER8_ISR                             
0     00009d5b  _USER9_ISR                             
0     0000a8e4  _Uart_Init                             
0     0000a954  _Uart_Write                            
0     00009dbf  _WAKEINT_ISR                           
0     00009d97  _XINT1_ISR                             
0     00009da1  _XINT2_ISR                             
0     00009f81  _XINT3_ISR                             
0     00009f8b  _XINT4_ISR                             
0     00009f95  _XINT5_ISR                             
0     00009f9f  _XINT6_ISR                             
0     00009fa9  _XINT7_ISR                             
1     00007070  _XIntruptRegs                          
1     00000b20  _XintfRegs                             
1     00000600  __STACK_END                            
abs   00000200  __STACK_SIZE                           
1     0000c5bc  ___TI_cleanup_ptr                      
1     0000c5be  ___TI_dtors_ptr                        
1     0000c5ba  ___TI_enable_exit_profile_output       
0     0000b871  ___TI_ltoa                             
abs   ffffffff  ___TI_pprof_out_hndl                   
0     00009b40  ___TI_printfi                          
abs   ffffffff  ___TI_prof_data_size                   
abs   ffffffff  ___TI_prof_data_start                  
abs   ffffffff  ___binit__                             
abs   ffffffff  ___c_args__                            
0     00008000  ___cinit__                             
abs   ffffffff  ___etext__                             
abs   ffffffff  ___pinit__                             
abs   ffffffff  ___text__                              
0     0000bac1  __args_main                            
1     0000d000  __ctypes_                              
1     0000c672  __lock                                 
0     0000bb10  __nop                                  
0     0000bb0c  __register_lock                        
0     0000bb08  __register_unlock                      
1     00000400  __stack                                
0     00009fff  __system_post_cinit                    
0     0000bb38  __system_pre_init                      
1     0000c674  __unlock                               
0     0000b8f5  _abort                                 
0     0000afc8  _atoi                                  
0     0000b5e4  _average_filter_init                   
0     0000b63b  _average_filter_reset                  
0     0000b5fb  _average_filter_update                 
0     0000b7d8  _c_int00                               
0     0000ae38  _config_ADC                            
0     0000ae78  _config_DMA                            
0     0000ae03  _config_ePWM1_to_generate_ADCSOCA      
0     0000add3  _config_ePWM1_to_generate_ADCSOCA_     
0     0000ae1f  _config_ePWM2_to_generate_ADCSOCB      
0     00009fdb  _copy_in                               
0     0000b96d  _copysignl                             
0     0000b3c1  _cpu_timer0_isr                        
0     0000b3fb  _cpu_timer1_isr                        
0     0000b40f  _cpu_timer2_isr                        
0     0000ae14  _enable_ePWM1                          
1     0000c676  _errno                                 
0     0000a9e7  _error                                 
0     0000b8f7  _exit                                  
0     0000b6ce  _frexpl                                
1     0000c66c  _g_app_main_stack                      
1     0000c5b0  _g_vcb_list                            
0     0000b27c  _ldexpl                                
0     0000b0f7  _local_DINTCH1_ISR                     
0     0000baad  _main                                  
0     0000bad3  _memccpy                               
0     0000ba2c  _memcpy                                
0     0000aff9  _memset                                
1     0000c66e  _rdata                                 
1     0000c640  _rdataA                                
1     0000c648  _rdataB                                
1     0000c650  _rdataC                                
1     0000c66f  _rdata_pointA                          
1     0000c670  _rdata_pointB                          
1     0000c671  _rdata_pointC                          
0     00009fd1  _rsvd_ISR                              
0     0000b27c  _scalbnl                               
0     0000aa22  _sciaRxFifoIsr                         
0     0000a9e9  _sciaTxFifoIsr                         
0     0000aa9a  _scibRxFifoIsr                         
0     0000aa83  _scibTxFifoIsr                         
0     0000ab12  _scicRxFifoIsr                         
0     0000aad9  _scicTxFifoIsr                         
1     0000c66d  _sdata                                 
1     0000c658  _sdataA                                
1     0000c660  _sdataC                                
0     0000ab9c  _spi_init                              
0     0000aba9  _spi_xmit                              
0     0000b946  _sqrt                                  
0     0000b946  _sqrtf                                 
0     0000baf1  _strchr                                
0     0000bb33  _strcpy                                
0     0000bb2b  _strlen                                
0     0000b215  _timer_callback                        
0     0000b781  _vsnprintf                             
0     0000a7da  _w25q128_write_page_no_erase           
0     0000bb1a  _wcslen                                
abs   ffffffff  binit                                  
0     00008000  cinit                                  
0     00000000  code_start                             
abs   ffffffff  etext                                  
abs   ffffffff  pinit                                  


GLOBAL SYMBOLS: SORTED BY Symbol Address 

page  address   name                                   
----  -------   ----                                   
0     00000000  code_start                             
0     00008000  ___cinit__                             
0     00008000  cinit                                  
0     0000802b  _DSP28x_usDelay                        
0     00009b40  ___TI_printfi                          
0     00009cc5  _INT13_ISR                             
0     00009ccf  _INT14_ISR                             
0     00009cd9  _DATALOG_ISR                           
0     00009ce3  _RTOSINT_ISR                           
0     00009ced  _EMUINT_ISR                            
0     00009cf7  _NMI_ISR                               
0     00009d01  _ILLEGAL_ISR                           
0     00009d0b  _USER1_ISR                             
0     00009d15  _USER2_ISR                             
0     00009d1f  _USER3_ISR                             
0     00009d29  _USER4_ISR                             
0     00009d33  _USER5_ISR                             
0     00009d3d  _USER6_ISR                             
0     00009d47  _USER7_ISR                             
0     00009d51  _USER8_ISR                             
0     00009d5b  _USER9_ISR                             
0     00009d65  _USER10_ISR                            
0     00009d6f  _USER11_ISR                            
0     00009d79  _USER12_ISR                            
0     00009d83  _SEQ1INT_ISR                           
0     00009d8d  _SEQ2INT_ISR                           
0     00009d97  _XINT1_ISR                             
0     00009da1  _XINT2_ISR                             
0     00009dab  _ADCINT_ISR                            
0     00009db5  _TINT0_ISR                             
0     00009dbf  _WAKEINT_ISR                           
0     00009dc9  _EPWM1_TZINT_ISR                       
0     00009dd3  _EPWM2_TZINT_ISR                       
0     00009ddd  _EPWM3_TZINT_ISR                       
0     00009de7  _EPWM4_TZINT_ISR                       
0     00009df1  _EPWM5_TZINT_ISR                       
0     00009dfb  _EPWM6_TZINT_ISR                       
0     00009e05  _EPWM1_INT_ISR                         
0     00009e0f  _EPWM2_INT_ISR                         
0     00009e19  _EPWM3_INT_ISR                         
0     00009e23  _EPWM4_INT_ISR                         
0     00009e2d  _EPWM5_INT_ISR                         
0     00009e37  _EPWM6_INT_ISR                         
0     00009e41  _ECAP1_INT_ISR                         
0     00009e4b  _ECAP2_INT_ISR                         
0     00009e55  _ECAP3_INT_ISR                         
0     00009e5f  _ECAP4_INT_ISR                         
0     00009e69  _ECAP5_INT_ISR                         
0     00009e73  _ECAP6_INT_ISR                         
0     00009e7d  _EQEP1_INT_ISR                         
0     00009e87  _EQEP2_INT_ISR                         
0     00009e91  _SPIRXINTA_ISR                         
0     00009e9b  _SPITXINTA_ISR                         
0     00009ea5  _MRINTB_ISR                            
0     00009eaf  _MXINTB_ISR                            
0     00009eb9  _MRINTA_ISR                            
0     00009ec3  _MXINTA_ISR                            
0     00009ecd  _DINTCH1_ISR                           
0     00009ed7  _DINTCH2_ISR                           
0     00009ee1  _DINTCH3_ISR                           
0     00009eeb  _DINTCH4_ISR                           
0     00009ef5  _DINTCH5_ISR                           
0     00009eff  _DINTCH6_ISR                           
0     00009f09  _I2CINT1A_ISR                          
0     00009f13  _I2CINT2A_ISR                          
0     00009f1d  _SCIRXINTC_ISR                         
0     00009f27  _SCITXINTC_ISR                         
0     00009f31  _SCIRXINTA_ISR                         
0     00009f3b  _SCITXINTA_ISR                         
0     00009f45  _SCIRXINTB_ISR                         
0     00009f4f  _SCITXINTB_ISR                         
0     00009f59  _ECAN0INTA_ISR                         
0     00009f63  _ECAN1INTA_ISR                         
0     00009f6d  _ECAN0INTB_ISR                         
0     00009f77  _ECAN1INTB_ISR                         
0     00009f81  _XINT3_ISR                             
0     00009f8b  _XINT4_ISR                             
0     00009f95  _XINT5_ISR                             
0     00009f9f  _XINT6_ISR                             
0     00009fa9  _XINT7_ISR                             
0     00009fb3  _LVF_ISR                               
0     00009fbd  _LUF_ISR                               
0     00009fc7  _PIE_RESERVED                          
0     00009fd1  _rsvd_ISR                              
0     00009fdb  _copy_in                               
0     00009fff  __system_post_cinit                    
0     0000a000  _DMAInitialize                         
0     0000a00b  _DMACH1AddrConfig                      
0     0000a01b  _DMACH1BurstConfig                     
0     0000a02b  _DMACH1TransferConfig                  
0     0000a03b  _DMACH1WrapConfig                      
0     0000a04e  _DMACH1ModeConfig                      
0     0000a0a8  _StartDMACH1                           
0     0000a0b0  _DMACH2AddrConfig                      
0     0000a0c0  _DMACH2BurstConfig                     
0     0000a0d0  _DMACH2TransferConfig                  
0     0000a0e0  _DMACH2WrapConfig                      
0     0000a0f3  _DMACH2ModeConfig                      
0     0000a14d  _StartDMACH2                           
0     0000a155  _DMACH3AddrConfig                      
0     0000a165  _DMACH3BurstConfig                     
0     0000a175  _DMACH3TransferConfig                  
0     0000a185  _DMACH3WrapConfig                      
0     0000a198  _DMACH3ModeConfig                      
0     0000a1f2  _StartDMACH3                           
0     0000a1fa  _DMACH4AddrConfig                      
0     0000a20a  _DMACH4BurstConfig                     
0     0000a21a  _DMACH4TransferConfig                  
0     0000a22a  _DMACH4WrapConfig                      
0     0000a23d  _DMACH4ModeConfig                      
0     0000a297  _StartDMACH4                           
0     0000a29f  _DMACH5AddrConfig                      
0     0000a2af  _DMACH5BurstConfig                     
0     0000a2bf  _DMACH5TransferConfig                  
0     0000a2cf  _DMACH5WrapConfig                      
0     0000a2e2  _DMACH5ModeConfig                      
0     0000a33c  _StartDMACH5                           
0     0000a344  _DMACH6AddrConfig                      
0     0000a354  _DMACH6BurstConfig                     
0     0000a364  _DMACH6TransferConfig                  
0     0000a374  _DMACH6WrapConfig                      
0     0000a387  _DMACH6ModeConfig                      
0     0000a3e1  _StartDMACH6                           
0     0000a3e9  _BFL_VCB_SW_To_String                  
0     0000a40c  _BFL_VCB_STATE_To_String               
0     0000a422  _BFL_VCB_CTRL_STATE_To_String          
0     0000a438  _BFL_VCB_Seurity_Init                  
0     0000a4c9  _BFL_VCB_Relay_Set_As_Switch_Opened    
0     0000a52c  _BFL_VCB_Relay_Set_As_Switch_Closed    
0     0000a58f  _BFL_VCB_Relay_Set_As_Switch_No_Ctrl   
0     0000a5ed  _BFL_VCB_Relay_Get_Setting_State       
0     0000a5fd  _BFL_VCB_Set_As_Switch_Closed          
0     0000a60e  _BFL_VCB_Set_As_Switch_Opened          
0     0000a61e  _BFL_VCB_Set_As_Switch_No_Ctrl         
0     0000a626  _BFL_VCB_Get_Setting_State             
0     0000a636  _BFL_VCB_Get_Actual_State              
0     0000a66d  _Flash_ReadSR1                         
0     0000a699  _Flash_ReadSR2                         
0     0000a6c5  _Flash_Wait_Busy                       
0     0000a6e9  _Flash_Write_Enable                    
0     0000a715  _CHIP_W25Q128_Read_ID                  
0     0000a745  _CHIP_W25Q128_Init                     
0     0000a750  _CHIP_W25Q128_Read                     
0     0000a790  _CHIP_W25Q128_Erase_One_Sector         
0     0000a7da  _w25q128_write_page_no_erase           
0     0000a822  _CHIP_W25Q128_Write_One_Sector_No_Erase
0     0000a846  _CHIP_W25q128_Write_One_Sector         
0     0000a8e4  _Uart_Init                             
0     0000a954  _Uart_Write                            
0     0000a9a6  _InitSciaGpio                          
0     0000a9bb  _InitScibGpio                          
0     0000a9d1  _InitScicGpio                          
0     0000a9e7  _error                                 
0     0000a9e9  _sciaTxFifoIsr                         
0     0000aa22  _sciaRxFifoIsr                         
0     0000aa83  _scibTxFifoIsr                         
0     0000aa9a  _scibRxFifoIsr                         
0     0000aad9  _scicTxFifoIsr                         
0     0000ab12  _scicRxFifoIsr                         
0     0000ab73  _InitSpiGpio                           
0     0000ab76  _InitSpiaGpio                          
0     0000ab9c  _spi_init                              
0     0000aba9  _spi_xmit                              
0     0000abb0  _HDL_SPI_Init                          
0     0000abdf  _HDL_SPI_WriteRead                     
0     0000ac31  _HDL_SPI_Write                         
0     0000ac65  _HDL_SPI_Read                          
0     0000acf3  _HDL_CPU_Time_Init                     
0     0000ad44  _HDL_CPU_Time_GetTick                  
0     0000ad48  _HDL_CPU_Time_ResetTick                
0     0000ad4d  _HDL_CPU_Time_GetUsTick                
0     0000ad57  _HDL_CPU_Time_ResetUsTick              
0     0000ad5d  _HDL_CPU_Time_DelayUs                  
0     0000ad6b  _HDL_CPU_Time_DelayMs                  
0     0000ad79  _HDL_CPU_Time_SetCPUTickCallback       
0     0000ad81  _HDL_CPU_Time_StartHardTimer           
0     0000ada3  _HDL_CPU_Time_StopHardTimer            
0     0000adae  _BFL_Measure_Init                      
0     0000add3  _config_ePWM1_to_generate_ADCSOCA_     
0     0000ae03  _config_ePWM1_to_generate_ADCSOCA      
0     0000ae14  _enable_ePWM1                          
0     0000ae1f  _config_ePWM2_to_generate_ADCSOCB      
0     0000ae38  _config_ADC                            
0     0000ae78  _config_DMA                            
0     0000aec1  LL$$DIV                                
0     0000aefd  LL$$MOD                                
0     0000af37  ULL$$DIV                               
0     0000af66  ULL$$MOD                               
0     0000afc8  _atoi                                  
0     0000aff9  _memset                                
0     0000b000  _InitSysCtrl                           
0     0000b009  _ServiceDog                            
0     0000b013  _DisableDog                            
0     0000b01b  _InitPll                               
0     0000b06b  _InitPeripheralClocks                  
0     0000b0c6  _CsmUnlock                             
0     0000b0f7  _local_DINTCH1_ISR                     
0     0000b1cd  _Debug_Printf                          
0     0000b1eb  _APP_Main_Init                         
0     0000b215  _timer_callback                        
0     0000b21d  _APP_Main_Poll                         
0     0000b27c  _ldexpl                                
0     0000b27c  _scalbnl                               
0     0000b325  FD$$ADD                                
0     0000b3c1  _cpu_timer0_isr                        
0     0000b3fb  _cpu_timer1_isr                        
0     0000b40f  _cpu_timer2_isr                        
0     0000b44e  FD$$DIV                                
0     0000b4d9  FS$$DIV                                
0     0000b561  FD$$MPY                                
0     0000b5e4  _average_filter_init                   
0     0000b5fb  _average_filter_update                 
0     0000b63b  _average_filter_reset                  
0     0000b65a  _InitCpuTimers                         
0     0000b693  _ConfigCpuTimer                        
0     0000b6ce  _frexpl                                
0     0000b728  _BFL_Buzz_Init                         
0     0000b738  _BFL_Buzz_Off                          
0     0000b747  _BFL_Buzz_Toggle                       
0     0000b74c  _BFL_Buzz_On                           
0     0000b75b  _BFL_Buzz_IsOff                        
0     0000b77a  _BFL_Buzz_SetTrigLevel                 
0     0000b781  _vsnprintf                             
0     0000b7d8  _c_int00                               
0     0000b82e  _BFL_Button_Init                       
0     0000b862  _BFL_Button_IsPressed                  
0     0000b871  ___TI_ltoa                             
0     0000b8a1  FD$$CMP                                
0     0000b8cb  L$$DIV                                 
0     0000b8da  L$$MOD                                 
0     0000b8e8  UL$$DIV                                
0     0000b8ef  UL$$MOD                                
0     0000b8f5  C$$EXIT                                
0     0000b8f5  _abort                                 
0     0000b8f7  _exit                                  
0     0000b91e  _InitPieCtrl                           
0     0000b93d  _EnableInterrupts                      
0     0000b946  _sqrt                                  
0     0000b946  _sqrtf                                 
0     0000b96d  _copysignl                             
0     0000b991  FD$$TOI                                
0     0000b9b2  _InitPieVectTable                      
0     0000b9d2  FD$$TOL                                
0     0000b9f1  LL$$CMP                                
0     0000ba03  ULL$$CMP                               
0     0000ba0f  I$$TOFD                                
0     0000ba2c  _memcpy                                
0     0000ba49  FS$$TOFD                               
0     0000ba65  L$$TOFD                                
0     0000ba81  LL$$AND                                
0     0000ba89  LL$$OR                                 
0     0000ba91  LL$$XOR                                
0     0000ba99  _InitAdc                               
0     0000baad  _main                                  
0     0000bac1  __args_main                            
0     0000bad3  _memccpy                               
0     0000bae3  FD$$SUB                                
0     0000baf1  _strchr                                
0     0000bafd  U$$DIV                                 
0     0000bb02  U$$MOD                                 
0     0000bb08  __register_unlock                      
0     0000bb0c  __register_lock                        
0     0000bb10  __nop                                  
0     0000bb11  FD$$NEG                                
0     0000bb1a  _wcslen                                
0     0000bb2b  _strlen                                
0     0000bb33  _strcpy                                
0     0000bb38  __system_pre_init                      
0     00380080  _ADC_cal                               
1     00000400  __stack                                
1     00000600  __STACK_END                            
1     00000880  _DevEmuRegs                            
1     00000a80  _FlashRegs                             
1     00000ae0  _CsmRegs                               
1     00000b00  _AdcMirror                             
1     00000b20  _XintfRegs                             
1     00000c00  _CpuTimer0Regs                         
1     00000c08  _CpuTimer1Regs                         
1     00000c10  _CpuTimer2Regs                         
1     00000ce0  _PieCtrlRegs                           
1     00000d00  _PieVectTable                          
1     00001000  _DmaRegs                               
1     00005000  _McbspaRegs                            
1     00005040  _McbspbRegs                            
1     00006000  _ECanaRegs                             
1     00006040  _ECanaLAMRegs                          
1     00006080  _ECanaMOTSRegs                         
1     000060c0  _ECanaMOTORegs                         
1     00006100  _ECanaMboxes                           
1     00006200  _ECanbRegs                             
1     00006240  _ECanbLAMRegs                          
1     00006280  _ECanbMOTSRegs                         
1     000062c0  _ECanbMOTORegs                         
1     00006300  _ECanbMboxes                           
1     00006800  _EPwm1Regs                             
1     00006840  _EPwm2Regs                             
1     00006880  _EPwm3Regs                             
1     000068c0  _EPwm4Regs                             
1     00006900  _EPwm5Regs                             
1     00006940  _EPwm6Regs                             
1     00006a00  _ECap1Regs                             
1     00006a20  _ECap2Regs                             
1     00006a40  _ECap3Regs                             
1     00006a60  _ECap4Regs                             
1     00006a80  _ECap5Regs                             
1     00006aa0  _ECap6Regs                             
1     00006b00  _EQep1Regs                             
1     00006b40  _EQep2Regs                             
1     00006f80  _GpioCtrlRegs                          
1     00006fc0  _GpioDataRegs                          
1     00006fe0  _GpioIntRegs                           
1     00007010  _SysCtrlRegs                           
1     00007040  _SpiaRegs                              
1     00007050  _SciaRegs                              
1     00007070  _XIntruptRegs                          
1     00007100  _AdcRegs                               
1     00007750  _ScibRegs                              
1     00007770  _ScicRegs                              
1     00007900  _I2caRegs                              
1     0000c000  _DMABuf1                               
1     0000c4c2  _CpuTimer0                             
1     0000c4ca  _CpuTimer1                             
1     0000c4d2  _CpuTimer2                             
1     0000c4da  _AdcAvg                                
1     0000c4ea  _AdcRMS                                
1     0000c500  _AdcVoltRMSFilterBuf                   
1     0000c5a0  _AdcVoltRMS                            
1     0000c5b0  _g_vcb_list                            
1     0000c5ba  ___TI_enable_exit_profile_output       
1     0000c5bc  ___TI_cleanup_ptr                      
1     0000c5be  ___TI_dtors_ptr                        
1     0000c5c0  _AdcVoltRMSFilter                      
1     0000c640  _rdataA                                
1     0000c648  _rdataB                                
1     0000c650  _rdataC                                
1     0000c658  _sdataA                                
1     0000c660  _sdataC                                
1     0000c668  _DMADest                               
1     0000c66a  _DMASource                             
1     0000c66c  _g_app_main_stack                      
1     0000c66d  _sdata                                 
1     0000c66e  _rdata                                 
1     0000c66f  _rdata_pointA                          
1     0000c670  _rdata_pointB                          
1     0000c671  _rdata_pointC                          
1     0000c672  __lock                                 
1     0000c674  __unlock                               
1     0000c676  _errno                                 
1     0000d000  __ctypes_                              
1     0000d102  _PieVectTableInit                      
1     0033fff8  _CsmPwl                                
1     00380090  _PartIdRegs                            
abs   00000200  __STACK_SIZE                           
abs   ffffffff  .text                                  
abs   ffffffff  ___TI_pprof_out_hndl                   
abs   ffffffff  ___TI_prof_data_size                   
abs   ffffffff  ___TI_prof_data_start                  
abs   ffffffff  ___binit__                             
abs   ffffffff  ___c_args__                            
abs   ffffffff  ___etext__                             
abs   ffffffff  ___pinit__                             
abs   ffffffff  ___text__                              
abs   ffffffff  binit                                  
abs   ffffffff  etext                                  
abs   ffffffff  pinit                                  

[365 symbols]
