******************************************************************************
             TMS320C2000 Linker PC v22.6.1                     
******************************************************************************
>> Linked Fri Jun 14 21:39:01 2024

OUTPUT FILE NAME:   <Example_2833xCpuTimer.out>
ENTRY POINT SYMBOL: "code_start"  address: 0033fff6


MEMORY CONFIGURATION

         name            origin    length      used     unused   attr    fill
----------------------  --------  ---------  --------  --------  ----  --------
PAGE 0:
  ZONE0                 00004000   00001000  00000000  00001000  RWIX
  RAML0                 00008000   00001000  000001a4  00000e5c  RWIX
  RAML1                 00009000   00001000  00000000  00001000  RWIX
  RAML2                 0000a000   00001000  00000000  00001000  RWIX
  RAML3                 0000b000   00001000  00000000  00001000  RWIX
  ZONE6                 00100000   00100000  00000000  00100000  RWIX
  ZONE7A                00200000   0000fc00  00000000  0000fc00  RWIX
  FLASHH                00300000   00008000  00000000  00008000  RWIX
  FLASHG                00308000   00008000  00000000  00008000  RWIX
  FLASHF                00310000   00008000  00000000  00008000  RWIX
  FLASHE                00318000   00008000  00000000  00008000  RWIX
  FLASHD                00320000   00008000  000001a4  00007e5c  RWIX
  FLASHC                00328000   00008000  00000000  00008000  RWIX
  FLASHA                00338000   00007f80  0000417d  00003e03  RWIX
  CSM_RSVD              0033ff80   00000076  00000000  00000076  RWIX
  BEGIN                 0033fff6   00000002  00000002  00000000  RWIX
  CSM_PWL               0033fff8   00000008  00000000  00000008  RWIX
  ADC_CAL               00380080   00000009  00000007  00000002  RWIX
  OTP                   00380400   00000400  00000000  00000400  RWIX
  IQTABLES              003fe000   00000b50  00000000  00000b50  RWIX
  IQTABLES2             003feb50   0000008c  00000000  0000008c  RWIX
  FPUTABLES             003febdc   000006a0  00000000  000006a0  RWIX
  ROM                   003ff27c   00000d44  00000000  00000d44  RWIX
  RESET                 003fffc0   00000002  00000000  00000002  RWIX
  VECTORS               003fffc2   0000003e  00000000  0000003e  RWIX

PAGE 1:
  BOOT_RSVD             00000000   00000050  00000000  00000050  RWIX
  RAMM0                 00000050   000003b0  00000000  000003b0  RWIX
  RAMM1                 00000400   00000400  00000400  00000000  RWIX
  DEV_EMU               00000880   00000180  000000d0  000000b0  RWIX
  FLASH_REGS            00000a80   00000060  00000008  00000058  RWIX
  CSM                   00000ae0   00000010  00000010  00000000  RWIX
  ADC_MIRROR            00000b00   00000010  00000010  00000000  RWIX
  XINTF                 00000b20   00000020  0000001e  00000002  RWIX
  CPU_TIMER0            00000c00   00000008  00000008  00000000  RWIX
  CPU_TIMER1            00000c08   00000008  00000008  00000000  RWIX
  CPU_TIMER2            00000c10   00000008  00000008  00000000  RWIX
  PIE_CTRL              00000ce0   00000020  0000001a  00000006  RWIX
  PIE_VECT              00000d00   00000100  00000100  00000000  RWIX
  DMA                   00001000   00000200  000000e0  00000120  RWIX
  MCBSPA                00005000   00000040  00000025  0000001b  RWIX
  MCBSPB                00005040   00000040  00000025  0000001b  RWIX
  ECANA                 00006000   00000040  00000034  0000000c  RWIX
  ECANA_LAM             00006040   00000040  00000040  00000000  RWIX
  ECANA_MOTS            00006080   00000040  00000040  00000000  RWIX
  ECANA_MOTO            000060c0   00000040  00000040  00000000  RWIX
  ECANA_MBOX            00006100   00000100  00000100  00000000  RWIX
  ECANB                 00006200   00000040  00000034  0000000c  RWIX
  ECANB_LAM             00006240   00000040  00000040  00000000  RWIX
  ECANB_MOTS            00006280   00000040  00000040  00000000  RWIX
  ECANB_MOTO            000062c0   00000040  00000040  00000000  RWIX
  ECANB_MBOX            00006300   00000100  00000100  00000000  RWIX
  EPWM1                 00006800   00000022  00000022  00000000  RWIX
  EPWM2                 00006840   00000022  00000022  00000000  RWIX
  EPWM3                 00006880   00000022  00000022  00000000  RWIX
  EPWM4                 000068c0   00000022  00000022  00000000  RWIX
  EPWM5                 00006900   00000022  00000022  00000000  RWIX
  EPWM6                 00006940   00000022  00000022  00000000  RWIX
  ECAP1                 00006a00   00000020  00000020  00000000  RWIX
  ECAP2                 00006a20   00000020  00000020  00000000  RWIX
  ECAP3                 00006a40   00000020  00000020  00000000  RWIX
  ECAP4                 00006a60   00000020  00000020  00000000  RWIX
  ECAP5                 00006a80   00000020  00000020  00000000  RWIX
  ECAP6                 00006aa0   00000020  00000020  00000000  RWIX
  EQEP1                 00006b00   00000040  00000040  00000000  RWIX
  EQEP2                 00006b40   00000040  00000040  00000000  RWIX
  GPIOCTRL              00006f80   00000040  0000002e  00000012  RWIX
  GPIODAT               00006fc0   00000020  00000020  00000000  RWIX
  GPIOINT               00006fe0   00000020  0000000a  00000016  RWIX
  SYSTEM                00007010   00000020  00000020  00000000  RWIX
  SPIA                  00007040   00000010  00000010  00000000  RWIX
  SCIA                  00007050   00000010  00000010  00000000  RWIX
  XINTRUPT              00007070   00000010  00000010  00000000  RWIX
  ADC                   00007100   00000020  0000001e  00000002  RWIX
  SCIB                  00007750   00000010  00000010  00000000  RWIX
  SCIC                  00007770   00000010  00000010  00000000  RWIX
  I2CA                  00007900   00000040  00000022  0000001e  RWIX
  RAML4                 0000c000   00001000  00000f7c  00000084  RWIX
  RAML5                 0000d000   00001000  00000000  00001000  RWIX
  RAML6                 0000e000   00001000  00000000  00001000  RWIX
  RAML7                 0000f000   00001000  00000000  00001000  RWIX
  ZONE7B                0020fc00   00000400  00000000  00000400  RWIX
  FLASHB                00330000   00008000  00000000  00008000  RWIX
  CSM_PWL               0033fff8   00000008  00000008  00000000  RWIX
  PARTID                00380090   00000001  00000001  00000000  RWIX


SECTION ALLOCATION MAP

 output                                  attributes/
section   page    origin      length       input sections
--------  ----  ----------  ----------   ----------------
.TI.ramfunc 
*          0    00320000    000001a4     RUN ADDR = 00008000
                  00320000    00000183     BFL_Measure.obj (.TI.ramfunc:retain)
                  00320183    0000001d     DSP2833x_SysCtrl.obj (.TI.ramfunc)
                  003201a0    00000004     DSP2833x_usDelay.obj (.TI.ramfunc)

.cinit     0    0033bfe0    00000186     
                  0033bfe0    00000096     HDL_Uart.obj (.cinit:__gCOMList)
                  0033c076    00000060     <whole-program> (.cinit)
                  0033c0d6    0000002b     <whole-program> (.cinit:_xFuncHandlers$32)
                  0033c101    0000000e     rts2800_fpu32.lib : exit.c.obj (.cinit)
                  0033c10f    0000000d     HDL_CPU_Time.obj (.cinit)
                  0033c11c    0000000a     HDL_IWDG.obj (.cinit)
                  0033c126    00000005     <whole-program> (.cinit:__lock)
                  0033c12b    00000005     <whole-program> (.cinit:__unlock)
                  0033c130    00000004     BFL_Buzz.obj (.cinit)
                  0033c134    00000004     BFL_Measure.obj (.cinit)
                  0033c138    00000004     <whole-program> (.cinit:_g_pageBuf$19)
                  0033c13c    00000004     HDL_Uart.obj (.cinit:_m_Com1RxBuf)
                  0033c140    00000004     HDL_Uart.obj (.cinit:_m_Com1TxBuf)
                  0033c144    00000004     HDL_Uart.obj (.cinit:_m_Com2RxBuf)
                  0033c148    00000004     HDL_Uart.obj (.cinit:_m_Com2TxBuf)
                  0033c14c    00000004     HDL_Uart.obj (.cinit:_m_Com3RxBuf)
                  0033c150    00000004     HDL_Uart.obj (.cinit:_m_Com3TxBuf)
                  0033c154    00000004     <whole-program> (.cinit:_ucRegCoilsBuf)
                  0033c158    00000004     <whole-program> (.cinit:_ucRegDiscreteBuf)
                  0033c15c    00000004     <whole-program> (.cinit:_usRegHoldingBuf)
                  0033c160    00000004     <whole-program> (.cinit:_usRegInputBuf)
                  0033c164    00000002     --HOLE-- [fill = 0]

DevEmuRegsFile 
*          1    00000880    000000d0     UNINITIALIZED
                  00000880    000000d0     DSP2833x_GlobalVariableDefs.obj (DevEmuRegsFile)

FlashRegsFile 
*          1    00000a80    00000008     UNINITIALIZED
                  00000a80    00000008     DSP2833x_GlobalVariableDefs.obj (FlashRegsFile)

CsmRegsFile 
*          1    00000ae0    00000010     UNINITIALIZED
                  00000ae0    00000010     DSP2833x_GlobalVariableDefs.obj (CsmRegsFile)

AdcMirrorFile 
*          1    00000b00    00000010     UNINITIALIZED
                  00000b00    00000010     DSP2833x_GlobalVariableDefs.obj (AdcMirrorFile)

XintfRegsFile 
*          1    00000b20    0000001e     UNINITIALIZED
                  00000b20    0000001e     DSP2833x_GlobalVariableDefs.obj (XintfRegsFile)

CpuTimer0RegsFile 
*          1    00000c00    00000008     UNINITIALIZED
                  00000c00    00000008     DSP2833x_GlobalVariableDefs.obj (CpuTimer0RegsFile)

CpuTimer1RegsFile 
*          1    00000c08    00000008     UNINITIALIZED
                  00000c08    00000008     DSP2833x_GlobalVariableDefs.obj (CpuTimer1RegsFile)

CpuTimer2RegsFile 
*          1    00000c10    00000008     UNINITIALIZED
                  00000c10    00000008     DSP2833x_GlobalVariableDefs.obj (CpuTimer2RegsFile)

PieCtrlRegsFile 
*          1    00000ce0    0000001a     UNINITIALIZED
                  00000ce0    0000001a     DSP2833x_GlobalVariableDefs.obj (PieCtrlRegsFile)

PieVectTableFile 
*          1    00000d00    00000100     UNINITIALIZED
                  00000d00    00000100     DSP2833x_GlobalVariableDefs.obj (PieVectTableFile)

DmaRegsFile 
*          1    00001000    000000e0     UNINITIALIZED
                  00001000    000000e0     DSP2833x_GlobalVariableDefs.obj (DmaRegsFile)

McbspaRegsFile 
*          1    00005000    00000025     UNINITIALIZED
                  00005000    00000025     DSP2833x_GlobalVariableDefs.obj (McbspaRegsFile)

McbspbRegsFile 
*          1    00005040    00000025     UNINITIALIZED
                  00005040    00000025     DSP2833x_GlobalVariableDefs.obj (McbspbRegsFile)

ECanaRegsFile 
*          1    00006000    00000034     UNINITIALIZED
                  00006000    00000034     DSP2833x_GlobalVariableDefs.obj (ECanaRegsFile)

ECanaLAMRegsFile 
*          1    00006040    00000040     UNINITIALIZED
                  00006040    00000040     DSP2833x_GlobalVariableDefs.obj (ECanaLAMRegsFile)

ECanaMOTSRegsFile 
*          1    00006080    00000040     UNINITIALIZED
                  00006080    00000040     DSP2833x_GlobalVariableDefs.obj (ECanaMOTSRegsFile)

ECanaMOTORegsFile 
*          1    000060c0    00000040     UNINITIALIZED
                  000060c0    00000040     DSP2833x_GlobalVariableDefs.obj (ECanaMOTORegsFile)

ECanaMboxesFile 
*          1    00006100    00000100     UNINITIALIZED
                  00006100    00000100     DSP2833x_GlobalVariableDefs.obj (ECanaMboxesFile)

ECanbRegsFile 
*          1    00006200    00000034     UNINITIALIZED
                  00006200    00000034     DSP2833x_GlobalVariableDefs.obj (ECanbRegsFile)

ECanbLAMRegsFile 
*          1    00006240    00000040     UNINITIALIZED
                  00006240    00000040     DSP2833x_GlobalVariableDefs.obj (ECanbLAMRegsFile)

ECanbMOTSRegsFile 
*          1    00006280    00000040     UNINITIALIZED
                  00006280    00000040     DSP2833x_GlobalVariableDefs.obj (ECanbMOTSRegsFile)

ECanbMOTORegsFile 
*          1    000062c0    00000040     UNINITIALIZED
                  000062c0    00000040     DSP2833x_GlobalVariableDefs.obj (ECanbMOTORegsFile)

ECanbMboxesFile 
*          1    00006300    00000100     UNINITIALIZED
                  00006300    00000100     DSP2833x_GlobalVariableDefs.obj (ECanbMboxesFile)

EPwm1RegsFile 
*          1    00006800    00000022     UNINITIALIZED
                  00006800    00000022     DSP2833x_GlobalVariableDefs.obj (EPwm1RegsFile)

EPwm2RegsFile 
*          1    00006840    00000022     UNINITIALIZED
                  00006840    00000022     DSP2833x_GlobalVariableDefs.obj (EPwm2RegsFile)

EPwm3RegsFile 
*          1    00006880    00000022     UNINITIALIZED
                  00006880    00000022     DSP2833x_GlobalVariableDefs.obj (EPwm3RegsFile)

EPwm4RegsFile 
*          1    000068c0    00000022     UNINITIALIZED
                  000068c0    00000022     DSP2833x_GlobalVariableDefs.obj (EPwm4RegsFile)

EPwm5RegsFile 
*          1    00006900    00000022     UNINITIALIZED
                  00006900    00000022     DSP2833x_GlobalVariableDefs.obj (EPwm5RegsFile)

EPwm6RegsFile 
*          1    00006940    00000022     UNINITIALIZED
                  00006940    00000022     DSP2833x_GlobalVariableDefs.obj (EPwm6RegsFile)

ECap1RegsFile 
*          1    00006a00    00000020     UNINITIALIZED
                  00006a00    00000020     DSP2833x_GlobalVariableDefs.obj (ECap1RegsFile)

ECap2RegsFile 
*          1    00006a20    00000020     UNINITIALIZED
                  00006a20    00000020     DSP2833x_GlobalVariableDefs.obj (ECap2RegsFile)

ECap3RegsFile 
*          1    00006a40    00000020     UNINITIALIZED
                  00006a40    00000020     DSP2833x_GlobalVariableDefs.obj (ECap3RegsFile)

ECap4RegsFile 
*          1    00006a60    00000020     UNINITIALIZED
                  00006a60    00000020     DSP2833x_GlobalVariableDefs.obj (ECap4RegsFile)

ECap5RegsFile 
*          1    00006a80    00000020     UNINITIALIZED
                  00006a80    00000020     DSP2833x_GlobalVariableDefs.obj (ECap5RegsFile)

ECap6RegsFile 
*          1    00006aa0    00000020     UNINITIALIZED
                  00006aa0    00000020     DSP2833x_GlobalVariableDefs.obj (ECap6RegsFile)

EQep1RegsFile 
*          1    00006b00    00000040     UNINITIALIZED
                  00006b00    00000040     DSP2833x_GlobalVariableDefs.obj (EQep1RegsFile)

EQep2RegsFile 
*          1    00006b40    00000040     UNINITIALIZED
                  00006b40    00000040     DSP2833x_GlobalVariableDefs.obj (EQep2RegsFile)

GpioCtrlRegsFile 
*          1    00006f80    0000002e     UNINITIALIZED
                  00006f80    0000002e     DSP2833x_GlobalVariableDefs.obj (GpioCtrlRegsFile)

GpioDataRegsFile 
*          1    00006fc0    00000020     UNINITIALIZED
                  00006fc0    00000020     DSP2833x_GlobalVariableDefs.obj (GpioDataRegsFile)

GpioIntRegsFile 
*          1    00006fe0    0000000a     UNINITIALIZED
                  00006fe0    0000000a     DSP2833x_GlobalVariableDefs.obj (GpioIntRegsFile)

SysCtrlRegsFile 
*          1    00007010    00000020     UNINITIALIZED
                  00007010    00000020     DSP2833x_GlobalVariableDefs.obj (SysCtrlRegsFile)

SpiaRegsFile 
*          1    00007040    00000010     UNINITIALIZED
                  00007040    00000010     DSP2833x_GlobalVariableDefs.obj (SpiaRegsFile)

SciaRegsFile 
*          1    00007050    00000010     UNINITIALIZED
                  00007050    00000010     DSP2833x_GlobalVariableDefs.obj (SciaRegsFile)

XIntruptRegsFile 
*          1    00007070    00000010     UNINITIALIZED
                  00007070    00000010     DSP2833x_GlobalVariableDefs.obj (XIntruptRegsFile)

AdcRegsFile 
*          1    00007100    0000001e     UNINITIALIZED
                  00007100    0000001e     DSP2833x_GlobalVariableDefs.obj (AdcRegsFile)

ScibRegsFile 
*          1    00007750    00000010     UNINITIALIZED
                  00007750    00000010     DSP2833x_GlobalVariableDefs.obj (ScibRegsFile)

ScicRegsFile 
*          1    00007770    00000010     UNINITIALIZED
                  00007770    00000010     DSP2833x_GlobalVariableDefs.obj (ScicRegsFile)

I2caRegsFile 
*          1    00007900    00000022     UNINITIALIZED
                  00007900    00000022     DSP2833x_GlobalVariableDefs.obj (I2caRegsFile)

CsmPwlFile 
*          1    0033fff8    00000008     UNINITIALIZED
                  0033fff8    00000008     DSP2833x_GlobalVariableDefs.obj (CsmPwlFile)

PartIdRegsFile 
*          1    00380090    00000001     UNINITIALIZED
                  00380090    00000001     DSP2833x_GlobalVariableDefs.obj (PartIdRegsFile)

.pinit     0    00338000    00000000     UNINITIALIZED

.text      0    00338000    00003a15     
                  00338000    000005cc     B1_ModbusRTUSlaver.obj (.text)
                  003385cc    00000383     DSP2833x_DMA.obj (.text)
                  0033894f    00000001     rts2800_fpu32.lib : _lock.c.obj (.text)
                  00338950    00000336     APP_Main.obj (.text)
                  00338c86    00000316     DSP2833x_DefaultIsr.obj (.text:retain)
                  00338f9c    000002e8     HDL_Uart.obj (.text)
                  00339284    00000264     BFL_SCR.obj (.text)
                  003394e8    0000021b     BFL_VCB.obj (.text)
                  00339703    0000020b     B3_FaultDetect.obj (.text)
                  0033990e    000001fa     HDL_Uart.obj (.text:retain)
                  00339b08    000001e3     B3_RTUPush.obj (.text)
                  00339ceb    0000016a     CHIP_W25Q128.obj (.text)
                  00339e55    00000001     rts2800_fpu32.lib : startup.c.obj (.text)
                  00339e56    00000137     mbcb.obj (.text)
                  00339f8d    0000012d     mbrtu.obj (.text)
                  0033a0ba    0000012b     HDL_SPI.obj (.text)
                  0033a1e5    00000001     --HOLE-- [fill = 0]
                  0033a1e6    00000124     BFL_Measure.obj (.text)
                  0033a30a    0000010b     B3_SysAutoMode.obj (.text)
                  0033a415    00000107     rts2800_fpu32.lib : ll_div28.asm.obj (.text)
                  0033a51c    000000fc     DSP2833x_SysCtrl.obj (.text)
                  0033a618    000000ee     DSP2833x_EPwm.obj (.text)
                  0033a706    000000e9     HDL_CPU_Time.obj (.text)
                  0033a7ef    000000d4     B2_CmdCutOffCapacitors.obj (.text)
                  0033a8c3    000000d2     cqueue.obj (.text)
                  0033a995    000000c7     mbcrc.obj (.text)
                  0033aa5c    000000c2     B1_Measure.obj (.text)
                  0033ab1e    000000c0     mbfuncholding.obj (.text)
                  0033abde    000000a1     BFL_RS485.obj (.text)
                  0033ac7f    0000009c     rts2800_fpu32.lib : fd_add28.asm.obj (.text)
                  0033ad1b    00000095     mbfunccoils.obj (.text)
                  0033adb0    00000090     B1_CapacitanceTemperatureMeasure.obj (.text)
                  0033ae40    00000090     mbfuncinput.obj (.text)
                  0033aed0    0000008e     HDL_CPU_Time.obj (.text:retain)
                  0033af5e    0000008b     rts2800_fpu32.lib : fd_div28.asm.obj (.text)
                  0033afe9    00000088                       : fs_div28.asm.obj (.text)
                  0033b071    00000083                       : fd_mpy28.asm.obj (.text)
                  0033b0f4    00000081     BFL_SCR.obj (.text:retain)
                  0033b175    0000007b     B2_CmdBypassCapacitors.obj (.text)
                  0033b1f0    0000007a     B2_CmdMakeCapacitorsWork.obj (.text)
                  0033b26a    00000077     average_filter.obj (.text)
                  0033b2e1    00000072     rts2800_fpu32.lib : ti_fmax.c.obj (.text)
                  0033b353    0000005e     mb.obj (.text)
                  0033b3b1    00000059     BFL_Buzz.obj (.text)
                  0033b40a    00000059     HDL_CAN.obj (.text:retain)
                  0033b463    00000056     rts2800_fpu32.lib : boot28.asm.obj (.text)
                  0033b4b9    00000055     B1_VCBStatusGet.obj (.text)
                  0033b50e    0000004b     BFL_Button.obj (.text)
                  0033b559    0000004b     crc.obj (.text)
                  0033b5a4    00000049     BFL_DebugPin.obj (.text)
                  0033b5ed    00000048     mbfuncdisc.obj (.text)
                  0033b635    00000046     HDL_IWDG.obj (.text)
                  0033b67b    00000039     B1_SysModeGet.obj (.text)
                  0033b6b4    00000035     DSP2833x_CpuTimers.obj (.text)
                  0033b6e9    00000034     portserial.obj (.text)
                  0033b71d    0000002a     mbutils.obj (.text)
                  0033b747    0000002a     rts2800_fpu32.lib : fd_cmp28.asm.obj (.text)
                  0033b771    0000002a                       : l_div28.asm.obj (.text)
                  0033b79b    00000029                       : exit.c.obj (.text)
                  0033b7c4    00000028     DSP2833x_PieCtrl.obj (.text)
                  0033b7ec    00000027     rts2800_fpu32.lib : e_sqrtf.c.obj (.text)
                  0033b813    00000025     HDL_IWDG.obj (.text:retain)
                  0033b838    00000024     rts2800_fpu32.lib : cpy_tbl.c.obj (.text)
                  0033b85c    00000021                       : fd_toi28.asm.obj (.text)
                  0033b87d    00000020     main.obj (.text)
                  0033b89d    0000001f     rts2800_fpu32.lib : fd_tol28.asm.obj (.text)
                  0033b8bc    0000001e     async_delay.obj (.text)
                  0033b8da    0000001e     rts2800_fpu32.lib : ll_cmp28.asm.obj (.text)
                  0033b8f8    0000001d                       : i_tofd28.asm.obj (.text)
                  0033b915    0000001d                       : memcpy.c.obj (.text)
                  0033b932    0000001c                       : fs_tofdfpu32.asm.obj (.text)
                  0033b94e    0000001c                       : l_tofd28.asm.obj (.text)
                  0033b96a    00000018                       : ll_aox28.asm.obj (.text)
                  0033b982    00000014     DSP2833x_Adc.obj (.text)
                  0033b996    00000012     mbfuncother.obj (.text)
                  0033b9a8    00000012     rts2800_fpu32.lib : args_main.c.obj (.text)
                  0033b9ba    00000012     state_duration_timer.obj (.text)
                  0033b9cc    00000011     DSP2833x_PieVect.obj (.text)
                  0033b9dd    0000000e     rts2800_fpu32.lib : fd_sub28.asm.obj (.text)
                  0033b9eb    0000000b                       : u_div28.asm.obj (.text)
                  0033b9f6    00000009                       : fd_neg28.asm.obj (.text)
                  0033b9ff    00000008     DSP2833x_CodeStartBranch.obj (.text)
                  0033ba07    00000007     rts2800_fpu32.lib : memset.c.obj (.text)
                  0033ba0e    00000005     porttimer.obj (.text)
                  0033ba13    00000002     rts2800_fpu32.lib : pre_init.c.obj (.text)

codestart 
*          0    0033fff6    00000002     
                  0033fff6    00000002     DSP2833x_CodeStartBranch.obj (codestart)

.stack     1    00000400    00000400     UNINITIALIZED
                  00000400    00000400     --HOLE--

.ebss      1    0000c000    00000bbc     UNINITIALIZED
                  0000c000    00000348     APP_Main.obj (.ebss)
                  0000c348    00000020     HDL_Uart.obj (.ebss:_m_Com1TxBuf)
                  0000c368    00000018     DSP2833x_CpuTimers.obj (.ebss)
                  0000c380    00000100     CHIP_W25Q128.obj (.ebss:_g_pageBuf$19)
                  0000c480    00000100     HDL_Uart.obj (.ebss:_m_Com2TxBuf)
                  0000c580    00000100     HDL_Uart.obj (.ebss:_m_Com3TxBuf)
                  0000c680    00000100     mbrtu.obj (.ebss:_ucRTUBuf)
                  0000c780    000000a0     BFL_Measure.obj (.ebss:_AdcVoltRMSFilterBuf)
                  0000c820    00000020     mbfuncother.obj (.ebss:_ucMBSlaveID$30)
                  0000c840    00000096     HDL_Uart.obj (.ebss:__gCOMList)
                  0000c8d6    0000001c     mb.obj (.ebss)
                  0000c8f2    0000000a     HDL_CAN.obj (.ebss)
                  0000c8fc    00000004     B1_ModbusRTUSlaver.obj (.ebss)
                  0000c900    00000080     BFL_Measure.obj (.ebss:_AdcVoltRMSFilter)
                  0000c980    00000050     HDL_Uart.obj (.ebss:_m_Com1RxBuf)
                  0000c9d0    00000012     BFL_SCR.obj (.ebss)
                  0000c9e2    00000010     BFL_Measure.obj (.ebss:_AdcAvg)
                  0000c9f2    0000000a     BFL_VCB.obj (.ebss:_g_vcb_list)
                  0000c9fc    00000004     B3_RTUPush.obj (.ebss)
                  0000ca00    00000050     HDL_Uart.obj (.ebss:_m_Com2RxBuf)
                  0000ca50    00000010     BFL_Measure.obj (.ebss:_AdcRMS)
                  0000ca60    00000010     BFL_Measure.obj (.ebss:_AdcVoltAvg)
                  0000ca70    00000010     BFL_Measure.obj (.ebss:_AdcVoltRMS)
                  0000ca80    00000050     HDL_Uart.obj (.ebss:_m_Com3RxBuf)
                  0000cad0    00000006     B2_CmdBypassCapacitors.obj (.ebss)
                  0000cad6    00000006     BFL_Measure.obj (.ebss)
                  0000cadc    00000006     HDL_CPU_Time.obj (.ebss)
                  0000cae2    00000006     mbrtu.obj (.ebss)
                  0000cae8    00000006     rts2800_fpu32.lib : exit.c.obj (.ebss)
                  0000caee    00000004     HDL_IWDG.obj (.ebss)
                  0000caf2    00000002     B1_CapacitanceTemperatureMeasure.obj (.ebss)
                  0000caf4    00000002     rts2800_fpu32.lib : _lock.c.obj (.ebss:__lock)
                  0000caf6    00000002                       : _lock.c.obj (.ebss:__unlock)
                  0000caf8    00000002     mbcb.obj (.ebss:_ucRegCoilsBuf)
                  0000cafa    00000002     mbcb.obj (.ebss:_ucRegDiscreteBuf)
                  0000cafc    00000002     portevent.obj (.ebss)
                  0000cafe    00000001     BFL_Buzz.obj (.ebss)
                  0000caff    00000001     mbcb.obj (.ebss)
                  0000cb00    00000040     mb.obj (.ebss:_xFuncHandlers$32)
                  0000cb40    0000003c     mbcb.obj (.ebss:_usRegHoldingBuf)
                  0000cb7c    00000001     mbfuncother.obj (.ebss)
                  0000cb7d    00000001     porttimer.obj (.ebss)
                  0000cb7e    00000001     rts2800_fpu32.lib : errno.c.obj (.ebss)
                  0000cb7f    00000001     --HOLE--
                  0000cb80    0000003c     mbcb.obj (.ebss:_usRegInputBuf)

.econst    0    0033ba16    000005ca     
                  0033ba16    00000100     mbcrc.obj (.econst:.string:_aucCRCHi$37)
                  0033bb16    00000100     mbcrc.obj (.econst:.string:_aucCRCLo$37)
                  0033bc16    00000100     DSP2833x_PieVect.obj (.econst:_PieVectTableInit)
                  0033bd16    00000100     crc.obj (.econst:_s_CRCHi)
                  0033be16    00000100     crc.obj (.econst:_s_CRCLo)
                  0033bf16    0000005b     BFL_VCB.obj (.econst:.string)
                  0033bf71    00000001     CHIP_W25Q128.obj (.econst:_$P$T2$3$19)
                  0033bf72    00000026     rts2800_fpu32.lib : _printfi.c.obj (.econst:.string)
                  0033bf98    0000001c                       : _printfi.c.obj (.econst)
                  0033bfb4    00000010     <whole-program> (.econst)
                  0033bfc4    00000008     B1_CapacitanceTemperatureMeasure.obj (.econst:_request_cmd$3)
                  0033bfcc    00000006     CHIP_W25Q128.obj (.econst:_$P$T5$6$19)
                  0033bfd2    00000004     CHIP_W25Q128.obj (.econst:_$P$T4$5$19)
                  0033bfd6    00000004     CHIP_W25Q128.obj (.econst:_$P$T6$7$19)
                  0033bfda    00000002     APP_Main.obj (.econst)
                  0033bfdc    00000002     CHIP_W25Q128.obj (.econst:_$P$T0$1$19)
                  0033bfde    00000002     mbcb.obj (.econst)

.switch    0    0033c166    00000018     
                  0033c166    00000018     <whole-program> (.switch:_B3_RTUPush_Poll)

DMARAML4   1    0000cbc0    000003c0     UNINITIALIZED
                  0000cbc0    000003c0     BFL_Measure.obj (DMARAML4)

.reset     0    003fffc0    00000002     DSECT
                  003fffc0    00000002     rts2800_fpu32.lib : boot28.asm.obj (.reset)

vectors    0    003fffc2    00000000     DSECT

.adc_cal   0    00380080    00000007     NOLOAD SECTION
                  00380080    00000007     DSP2833x_ADC_cal.obj (.adc_cal)

MODULE SUMMARY

       Module                                   code    initialized data   uninitialized data
       ------                                   ----    ----------------   ------------------
    .\
       DSP2833x_GlobalVariableDefs.obj          0       0                  2679              
       DSP2833x_DMA.obj                         899     0                  0                 
       DSP2833x_DefaultIsr.obj                  790     0                  0                 
       DSP2833x_SysCtrl.obj                     310     0                  0                 
       DSP2833x_PieVect.obj                     17      256                0                 
       DSP2833x_EPwm.obj                        238     0                  0                 
       DSP2833x_CpuTimers.obj                   53      0                  24                
       DSP2833x_PieCtrl.obj                     40      0                  0                 
       DSP2833x_Adc.obj                         20      0                  0                 
       DSP2833x_CodeStartBranch.obj             10      0                  0                 
       DSP2833x_usDelay.obj                     8       0                  0                 
       DSP2833x_ADC_cal.obj                     7       0                  0                 
    +--+----------------------------------------+-------+------------------+--------------------+
       Total:                                   2392    256                2703              
                                                                                             
    .\APP\
       APP_Main.obj                             822     2                  840               
       B1_ModbusRTUSlaver.obj                   1484    0                  4                 
       B3_FaultDetect.obj                       523     0                  0                 
       B3_RTUPush.obj                           483     0                  4                 
       B3_SysAutoMode.obj                       267     0                  0                 
       B2_CmdCutOffCapacitors.obj               212     0                  0                 
       B1_Measure.obj                           194     0                  0                 
       B1_CapacitanceTemperatureMeasure.obj     144     8                  2                 
       B2_CmdBypassCapacitors.obj               123     0                  6                 
       B2_CmdMakeCapacitorsWork.obj             122     0                  0                 
       B1_VCBStatusGet.obj                      85      0                  0                 
       B1_SysModeGet.obj                        57      0                  0                 
    +--+----------------------------------------+-------+------------------+--------------------+
       Total:                                   4516    10                 856               
                                                                                             
    .\Application\
       main.obj                                 32      0                  0                 
    +--+----------------------------------------+-------+------------------+--------------------+
       Total:                                   32      0                  0                 
                                                                                             
    .\BFL\
       BFL_Measure.obj                          1066    4                  1318              
       BFL_SCR.obj                              741     0                  18                
       BFL_VCB.obj                              539     91                 10                
       BFL_RS485.obj                            161     0                  0                 
       BFL_Buzz.obj                             89      4                  1                 
       BFL_Button.obj                           75      0                  0                 
       BFL_DebugPin.obj                         73      0                  0                 
       async_delay.obj                          30      0                  0                 
       state_duration_timer.obj                 18      0                  0                 
    +--+----------------------------------------+-------+------------------+--------------------+
       Total:                                   2792    99                 1347              
                                                                                             
    .\CHIP\
       CHIP_W25Q128.obj                         362     17                 256               
    +--+----------------------------------------+-------+------------------+--------------------+
       Total:                                   362     17                 256               
                                                                                             
    .\HDL\
       HDL_Uart.obj                             1250    174                934               
       HDL_CPU_Time.obj                         375     13                 6                 
       HDL_SPI.obj                              299     0                  0                 
       HDL_IWDG.obj                             107     10                 4                 
       HDL_CAN.obj                              89      0                  10                
    +--+----------------------------------------+-------+------------------+--------------------+
       Total:                                   2120    197                954               
                                                                                             
    .\LIB\
       crc.obj                                  75      512                0                 
       cqueue.obj                               210     0                  0                 
       average_filter.obj                       119     0                  0                 
    +--+----------------------------------------+-------+------------------+--------------------+
       Total:                                   404     512                0                 
                                                                                             
    .\freemodbus\
       mb.obj                                   94      0                  92                
    +--+----------------------------------------+-------+------------------+--------------------+
       Total:                                   94      0                  92                
                                                                                             
    .\freemodbus\functions\
       mbfuncholding.obj                        192     0                  0                 
       mbfunccoils.obj                          149     0                  0                 
       mbfuncinput.obj                          144     0                  0                 
       mbfuncdisc.obj                           72      0                  0                 
       mbfuncother.obj                          18      0                  33                
       mbutils.obj                              42      0                  0                 
    +--+----------------------------------------+-------+------------------+--------------------+
       Total:                                   617     0                  33                
                                                                                             
    .\freemodbus\port\
       mbcb.obj                                 311     2                  125               
       portserial.obj                           52      0                  0                 
       porttimer.obj                            5       0                  1                 
       portevent.obj                            0       0                  2                 
    +--+----------------------------------------+-------+------------------+--------------------+
       Total:                                   368     2                  128               
                                                                                             
    .\freemodbus\rtu\
       mbcrc.obj                                199     512                0                 
       mbrtu.obj                                301     0                  262               
    +--+----------------------------------------+-------+------------------+--------------------+
       Total:                                   500     512                262               
                                                                                             
    C:\Users\liuyu\AppData\Local\Temp\
       {9623C4F5-0CD3-4F8C-B60B-CD7AB6331781}   0       209                0                 
    +--+----------------------------------------+-------+------------------+--------------------+
       Total:                                   0       209                0                 
                                                                                             
    C:/ti/ccstheia131/ccs/tools/compiler/ti-cgt-c2000_22.6.1A23259/lib/rts2800_fpu32.lib
       ll_div28.asm.obj                         263     0                  0                 
       fd_add28.asm.obj                         156     0                  0                 
       fd_div28.asm.obj                         139     0                  0                 
       fs_div28.asm.obj                         136     0                  0                 
       fd_mpy28.asm.obj                         131     0                  0                 
       ti_fmax.c.obj                            114     0                  0                 
       boot28.asm.obj                           86      0                  0                 
       _printfi.c.obj                           0       66                 0                 
       exit.c.obj                               41      14                 6                 
       fd_cmp28.asm.obj                         42      0                  0                 
       l_div28.asm.obj                          42      0                  0                 
       e_sqrtf.c.obj                            39      0                  0                 
       cpy_tbl.c.obj                            36      0                  0                 
       fd_toi28.asm.obj                         33      0                  0                 
       fd_tol28.asm.obj                         31      0                  0                 
       ll_cmp28.asm.obj                         30      0                  0                 
       i_tofd28.asm.obj                         29      0                  0                 
       memcpy.c.obj                             29      0                  0                 
       fs_tofdfpu32.asm.obj                     28      0                  0                 
       l_tofd28.asm.obj                         28      0                  0                 
       ll_aox28.asm.obj                         24      0                  0                 
       args_main.c.obj                          18      0                  0                 
       fd_sub28.asm.obj                         14      0                  0                 
       u_div28.asm.obj                          11      0                  0                 
       fd_neg28.asm.obj                         9       0                  0                 
       memset.c.obj                             7       0                  0                 
       _lock.c.obj                              1       0                  4                 
       pre_init.c.obj                           2       0                  0                 
       errno.c.obj                              0       0                  1                 
       startup.c.obj                            1       0                  0                 
    +--+----------------------------------------+-------+------------------+--------------------+
       Total:                                   1520    80                 11                
                                                                                             
       Stack:                                   0       0                  1024              
    +--+----------------------------------------+-------+------------------+--------------------+
       Grand Total:                             15717   1894               7666              


GLOBAL DATA SYMBOLS: SORTED BY DATA PAGE

address     data page           name
--------    ----------------    ----
00000400      10 (00000400)     __stack

00000880      22 (00000880)     _DevEmuRegs

00000a80      2a (00000a80)     _FlashRegs

00000ae0      2b (00000ac0)     _CsmRegs

00000b00      2c (00000b00)     _AdcMirror
00000b20      2c (00000b00)     _XintfRegs

00000c00      30 (00000c00)     _CpuTimer0Regs
00000c08      30 (00000c00)     _CpuTimer1Regs
00000c10      30 (00000c00)     _CpuTimer2Regs

00000ce0      33 (00000cc0)     _PieCtrlRegs

00000d00      34 (00000d00)     _PieVectTable

00001000      40 (00001000)     _DmaRegs

00005000     140 (00005000)     _McbspaRegs

00005040     141 (00005040)     _McbspbRegs

00006000     180 (00006000)     _ECanaRegs

00006040     181 (00006040)     _ECanaLAMRegs

00006080     182 (00006080)     _ECanaMOTSRegs

000060c0     183 (000060c0)     _ECanaMOTORegs

00006100     184 (00006100)     _ECanaMboxes

00006200     188 (00006200)     _ECanbRegs

00006240     189 (00006240)     _ECanbLAMRegs

00006280     18a (00006280)     _ECanbMOTSRegs

000062c0     18b (000062c0)     _ECanbMOTORegs

00006300     18c (00006300)     _ECanbMboxes

00006800     1a0 (00006800)     _EPwm1Regs

00006840     1a1 (00006840)     _EPwm2Regs

00006880     1a2 (00006880)     _EPwm3Regs

000068c0     1a3 (000068c0)     _EPwm4Regs

00006900     1a4 (00006900)     _EPwm5Regs

00006940     1a5 (00006940)     _EPwm6Regs

00006a00     1a8 (00006a00)     _ECap1Regs
00006a20     1a8 (00006a00)     _ECap2Regs

00006a40     1a9 (00006a40)     _ECap3Regs
00006a60     1a9 (00006a40)     _ECap4Regs

00006a80     1aa (00006a80)     _ECap5Regs
00006aa0     1aa (00006a80)     _ECap6Regs

00006b00     1ac (00006b00)     _EQep1Regs

00006b40     1ad (00006b40)     _EQep2Regs

00006f80     1be (00006f80)     _GpioCtrlRegs

00006fc0     1bf (00006fc0)     _GpioDataRegs
00006fe0     1bf (00006fc0)     _GpioIntRegs

00007010     1c0 (00007000)     _SysCtrlRegs

00007040     1c1 (00007040)     _SpiaRegs
00007050     1c1 (00007040)     _SciaRegs
00007070     1c1 (00007040)     _XIntruptRegs

00007100     1c4 (00007100)     _AdcRegs

00007750     1dd (00007740)     _ScibRegs
00007770     1dd (00007740)     _ScicRegs

00007900     1e4 (00007900)     _I2caRegs

0000c004     300 (0000c000)     _g_backGroundTaskMaxRuningTimeUS
0000c006     300 (0000c000)     _g_backGroundTaskRuningTimeUS
0000c008     300 (0000c000)     _g_A
0000c00a     300 (0000c000)     _g_B

0000c040     301 (0000c040)     _g_AppMainInfo

0000c368     30d (0000c340)     _CpuTimer0
0000c370     30d (0000c340)     _CpuTimer1
0000c378     30d (0000c340)     _CpuTimer2

0000c680     31a (0000c680)     _ucRTUBuf

0000c840     321 (0000c840)     __gCOMList

0000c8e6     323 (0000c8c0)     _pxMBFrameCBByteReceived
0000c8e8     323 (0000c8c0)     _pxMBFrameCBTransmitterEmpty
0000c8ea     323 (0000c8c0)     _pxMBPortCBTimerExpired
0000c8ec     323 (0000c8c0)     _pxMBFrameCBReceiveFSMCur
0000c8ee     323 (0000c8c0)     _pxMBFrameCBTransmitFSMCur
0000c8f2     323 (0000c8c0)     _can_rx_msg

0000c9d0     327 (0000c9c0)     _epwm1_info
0000c9d6     327 (0000c9c0)     _epwm2_info
0000c9dc     327 (0000c9c0)     _epwm3_info
0000c9f2     327 (0000c9c0)     _g_vcb_list

0000cad0     32b (0000cac0)     _SCRT_Fault1
0000cad2     32b (0000cac0)     _scrtFb1
0000cad4     32b (0000cac0)     _s_t1
0000cad8     32b (0000cac0)     _DMADest
0000cada     32b (0000cac0)     _DMASource
0000cae8     32b (0000cac0)     ___TI_enable_exit_profile_output
0000caea     32b (0000cac0)     ___TI_cleanup_ptr
0000caec     32b (0000cac0)     ___TI_dtors_ptr
0000caf4     32b (0000cac0)     __lock
0000caf6     32b (0000cac0)     __unlock
0000caf8     32b (0000cac0)     _ucRegCoilsBuf
0000cafa     32b (0000cac0)     _ucRegDiscreteBuf
0000caff     32b (0000cac0)     _boolRegHoldingChanged

0000cb40     32d (0000cb40)     _usRegHoldingBuf
0000cb7e     32d (0000cb40)     _errno

0000cb80     32e (0000cb80)     _usRegInputBuf

0000cbc0     32f (0000cbc0)     _DMABuf1

0033bc16    cef0 (0033bc00)     _PieVectTableInit

0033bd16    cef4 (0033bd00)     _s_CRCHi

0033be16    cef8 (0033be00)     _s_CRCLo

0033bfda    ceff (0033bfc0)     _g_pSysInfo
0033bfde    ceff (0033bfc0)     _usRegInputStart
0033bfdf    ceff (0033bfc0)     _usRegHoldingStart

0033fff8    cfff (0033ffc0)     _CsmPwl

00380090    e002 (00380080)     _PartIdRegs


GLOBAL SYMBOLS: SORTED ALPHABETICALLY BY Name 

page  address   name                                    
----  -------   ----                                    
0     00338000  .text                                   
0     0033b79b  C$$EXIT                                 
0     0033ac7f  FD$$ADD                                 
0     0033b747  FD$$CMP                                 
0     0033af5e  FD$$DIV                                 
0     0033b071  FD$$MPY                                 
0     0033b9f6  FD$$NEG                                 
0     0033b9dd  FD$$SUB                                 
0     0033b85c  FD$$TOI                                 
0     0033b89d  FD$$TOL                                 
0     0033afe9  FS$$DIV                                 
0     0033b932  FS$$TOFD                                
0     0033b8f8  I$$TOFD                                 
0     0033b771  L$$DIV                                  
0     0033b780  L$$MOD                                  
0     0033b94e  L$$TOFD                                 
0     0033b96a  LL$$AND                                 
0     0033b8da  LL$$CMP                                 
0     0033a415  LL$$DIV                                 
0     0033a451  LL$$MOD                                 
0     0033b972  LL$$OR                                  
0     0033b97a  LL$$XOR                                 
0     0033b9eb  U$$DIV                                  
0     0033b9f0  U$$MOD                                  
0     0033b78e  UL$$DIV                                 
0     0033b795  UL$$MOD                                 
0     0033b8ec  ULL$$CMP                                
0     0033a48b  ULL$$DIV                                
0     0033a4ba  ULL$$MOD                                
0     00338f92  _ADCINT_ISR                             
0     00380080  _ADC_cal                                
0     00338a42  _APP_Main_Clear_All_Fault               
0     00338bb5  _APP_Main_Init                          
0     00338b35  _APP_Main_Poll                          
0     00338a59  _APP_Main_Save_SysInfo                  
1     00000b00  _AdcMirror                              
1     00007100  _AdcRegs                                
0     0033adb0  _B1_CapacitanceTemperatureMeasure_Poll  
0     0033aa5c  _B1_Measure_Poll                        
0     003385a2  _B1_ModbusRTUSlaver_Poll                
0     0033b67b  _B1_SysModeGet_DeltaPoll                
0     0033b4eb  _B1_VCBStatusGet_DeltaPoll              
0     0033b4b9  _B1_VCBStatus_Update                    
0     0033b183  _B2_CmdBypassCapacitors_Exec            
0     0033a7fd  _B2_CmdCutOffCapacitors_Exec            
0     0033a87b  _B2_CmdCutOffCapacitors_Exec_Solution   
0     0033b1f3  _B2_CmdMakeCapacitorsWork_Exec          
0     00339703  _B3_Check_Minor_Fault_Exist             
0     00339877  _B3_Check_SCR_Serious_Fault             
0     00339b08  _B3_RTUPush_Poll                        
0     0033a30a  _B3_SysAutoMode_DeltaPoll               
0     0033b518  _BFL_Button_Init                        
0     0033b50e  _BFL_Button_IsPressed                   
0     0033b3ea  _BFL_Buzz_Init                          
0     0033b3d8  _BFL_Buzz_IsOff                         
0     0033b3c9  _BFL_Buzz_Off                           
0     0033b3ba  _BFL_Buzz_On                            
0     0033b3b6  _BFL_Buzz_SetTrigLevel                  
0     0033b3b1  _BFL_Buzz_Toggle                        
0     0033b5ce  _BFL_DebugPin_Init                      
0     0033b5c0  _BFL_DebugPin_Reset                     
0     0033b5b2  _BFL_DebugPin_Set                       
0     0033b5a4  _BFL_DebugPin_Toggle                    
0     0033a2eb  _BFL_Measure_Init                       
0     0033a2c8  _BFL_Measure_Read                       
0     0033a2c2  _BFL_Measure_ReadReady                  
0     0033ac32  _BFL_RS485_Init                         
0     0033ac24  _BFL_RS485_Read                         
0     0033ac16  _BFL_RS485_Release_Bus                  
0     0033ac11  _BFL_RS485_Release_Bus_RS4851           
0     0033ac0c  _BFL_RS485_Release_Bus_RS4852           
0     0033abde  _BFL_RS485_Take_Bus                     
0     0033ac07  _BFL_RS485_Take_Bus_RS4851              
0     0033ac02  _BFL_RS485_Take_Bus_RS4852              
0     0033abec  _BFL_RS485_Write                        
0     003394a8  _BFL_SCRR_Have_Signal                   
0     00339418  _BFL_SCRT_Pluse_Transmit                
0     0033936a  _BFL_SCR_Init                           
0     003396f0  _BFL_VCB_CTRL_STATE_To_String           
0     003396cd  _BFL_VCB_Get_Actual_State               
0     003396c0  _BFL_VCB_Get_Setting_State              
0     003396b3  _BFL_VCB_Relay_Get_Setting_State        
0     00339624  _BFL_VCB_Relay_Set_As_Switch_Closed     
0     003394e8  _BFL_VCB_Relay_Set_As_Switch_No_Ctrl    
0     003395bf  _BFL_VCB_Relay_Set_As_Switch_Opened     
0     003396a5  _BFL_VCB_STATE_To_String                
0     00339685  _BFL_VCB_SW_To_String                   
0     00339677  _BFL_VCB_Set_As_Switch_Closed           
0     0033961f  _BFL_VCB_Set_As_Switch_No_Ctrl          
0     00339612  _BFL_VCB_Set_As_Switch_Opened           
0     00339527  _BFL_VCB_Seurity_Init                   
0     00338adf  _BackGroundTask                         
0     00338950  _BackGroundTask_WhenInSRCPoll           
0     0033b40a  _CANA_ISR                               
0     00339d61  _CHIP_W25Q128_Erase_One_Sector          
0     00339e1d  _CHIP_W25Q128_Read                      
0     00339df3  _CHIP_W25Q128_Write                     
0     0033b559  _CRC16_Modbus                           
0     0033b9ba  _CheckConditionDurationMet              
0     00338978  _Config_Default_Parameter               
1     0000c368  _CpuTimer0                              
1     00000c00  _CpuTimer0Regs                          
1     0000c370  _CpuTimer1                              
1     00000c08  _CpuTimer1Regs                          
1     0000c378  _CpuTimer2                              
1     00000c10  _CpuTimer2Regs                          
1     0033fff8  _CsmPwl                                 
1     00000ae0  _CsmRegs                                
0     0033a5ea  _CsmUnlock                              
0     00338f88  _DATALOG_ISR                            
0     00338f7e  _DINTCH1_ISR                            
0     00338f74  _DINTCH2_ISR                            
0     00338f6a  _DINTCH3_ISR                            
0     00338f60  _DINTCH4_ISR                            
0     00338f56  _DINTCH5_ISR                            
0     00338f4c  _DINTCH6_ISR                            
1     0000cbc0  _DMABuf1                                
0     00338945  _DMACH1AddrConfig                       
0     0033893c  _DMACH1BurstConfig                      
0     003388d7  _DMACH1ModeConfig                       
0     003388ce  _DMACH1TransferConfig                   
0     003388c4  _DMACH1WrapConfig                       
0     003388ba  _DMACH2AddrConfig                       
0     003388b1  _DMACH2BurstConfig                      
0     0033884c  _DMACH2ModeConfig                       
0     00338843  _DMACH2TransferConfig                   
0     00338839  _DMACH2WrapConfig                       
0     0033882f  _DMACH3AddrConfig                       
0     00338826  _DMACH3BurstConfig                      
0     003387c1  _DMACH3ModeConfig                       
0     003387b8  _DMACH3TransferConfig                   
0     003387ae  _DMACH3WrapConfig                       
0     003387a4  _DMACH4AddrConfig                       
0     0033879b  _DMACH4BurstConfig                      
0     00338734  _DMACH4ModeConfig                       
0     0033872b  _DMACH4TransferConfig                   
0     00338721  _DMACH4WrapConfig                       
0     00338717  _DMACH5AddrConfig                       
0     0033870e  _DMACH5BurstConfig                      
0     003386a7  _DMACH5ModeConfig                       
0     0033869e  _DMACH5TransferConfig                   
0     00338694  _DMACH5WrapConfig                       
0     0033868a  _DMACH6AddrConfig                       
0     00338681  _DMACH6BurstConfig                      
0     0033861a  _DMACH6ModeConfig                       
0     00338611  _DMACH6TransferConfig                   
0     00338607  _DMACH6WrapConfig                       
1     0000cad8  _DMADest                                
0     003385fc  _DMAInitialize                          
1     0000cada  _DMASource                              
0     000081a0  _DSP28x_usDelay                         
1     00000880  _DevEmuRegs                             
0     0033a526  _DisableDog                             
1     00001000  _DmaRegs                                
0     00338f42  _ECAN0INTA_ISR                          
0     00338f38  _ECAN0INTB_ISR                          
0     00338f2e  _ECAN1INTA_ISR                          
0     00338f24  _ECAN1INTB_ISR                          
0     00338f1a  _ECAP1_INT_ISR                          
0     00338f10  _ECAP2_INT_ISR                          
0     00338f06  _ECAP3_INT_ISR                          
0     00338efc  _ECAP4_INT_ISR                          
0     00338ef2  _ECAP5_INT_ISR                          
0     00338ee8  _ECAP6_INT_ISR                          
1     00006040  _ECanaLAMRegs                           
1     000060c0  _ECanaMOTORegs                          
1     00006080  _ECanaMOTSRegs                          
1     00006100  _ECanaMboxes                            
1     00006000  _ECanaRegs                              
1     00006240  _ECanbLAMRegs                           
1     000062c0  _ECanbMOTORegs                          
1     00006280  _ECanbMOTSRegs                          
1     00006300  _ECanbMboxes                            
1     00006200  _ECanbRegs                              
1     00006a00  _ECap1Regs                              
1     00006a20  _ECap2Regs                              
1     00006a40  _ECap3Regs                              
1     00006a60  _ECap4Regs                              
1     00006a80  _ECap5Regs                              
1     00006aa0  _ECap6Regs                              
0     00338ede  _EMUINT_ISR                             
0     00338ed4  _EPWM1_INT_ISR                          
0     00338eca  _EPWM1_TZINT_ISR                        
0     00338ec0  _EPWM2_INT_ISR                          
0     00338eb6  _EPWM2_TZINT_ISR                        
0     00338eac  _EPWM3_INT_ISR                          
0     00338ea2  _EPWM3_TZINT_ISR                        
0     00338e98  _EPWM4_INT_ISR                          
0     00338e8e  _EPWM4_TZINT_ISR                        
0     00338e84  _EPWM5_INT_ISR                          
0     00338e7a  _EPWM5_TZINT_ISR                        
0     00338e70  _EPWM6_INT_ISR                          
0     00338e66  _EPWM6_TZINT_ISR                        
1     00006800  _EPwm1Regs                              
1     00006840  _EPwm2Regs                              
1     00006880  _EPwm3Regs                              
1     000068c0  _EPwm4Regs                              
1     00006900  _EPwm5Regs                              
1     00006940  _EPwm6Regs                              
0     00339284  _EPwmx_ActionInit                       
0     00338e5c  _EQEP1_INT_ISR                          
0     00338e52  _EQEP2_INT_ISR                          
1     00006b00  _EQep1Regs                              
1     00006b40  _EQep2Regs                              
0     0033b7e3  _EnableInterrupts                       
0     0033b70b  _EnterCriticalSection                   
0     0033b70f  _ExitCriticalSection                    
1     00000a80  _FlashRegs                              
0     00339ceb  _Flash_ReadSR1                          
0     00339d17  _Flash_Wait_Busy                        
0     00339d34  _Flash_Write_Enable                     
1     00006f80  _GpioCtrlRegs                           
1     00006fc0  _GpioDataRegs                           
1     00006fe0  _GpioIntRegs                            
0     0033a7da  _HDL_CPU_Time_DelayMs                   
0     0033a7c8  _HDL_CPU_Time_DelayUs                   
0     0033a7be  _HDL_CPU_Time_GetTick                   
0     0033a7b7  _HDL_CPU_Time_GetUsTick                 
0     0033a767  _HDL_CPU_Time_Init                      
0     0033a762  _HDL_CPU_Time_ResetTick                 
0     0033a75c  _HDL_CPU_Time_ResetUsTick               
0     0033a758  _HDL_CPU_Time_SetCPUTickCallback        
0     0033a740  _HDL_CPU_Time_StartHardTimer            
0     0033a706  _HDL_CPU_Time_StopHardTimer             
0     0033b678  _HDL_IWDG_Feed                          
0     0033b635  _HDL_IWDG_Init                          
0     0033a1b5  _HDL_SPI_Init                           
0     0033a17d  _HDL_SPI_Read                           
0     0033a14a  _HDL_SPI_Write                          
0     0033a0f7  _HDL_SPI_WriteRead                      
0     00338e48  _I2CINT1A_ISR                           
0     00338e3e  _I2CINT2A_ISR                           
1     00007900  _I2caRegs                               
0     00338e34  _ILLEGAL_ISR                            
0     00338e2a  _INT13_ISR                              
0     00338e20  _INT14_ISR                              
0     0033b982  _InitAdc                                
0     0033b6b4  _InitCpuTimers                          
0     0033a705  _InitEPwm                               
0     0033932b  _InitEPwm1Example                       
0     0033a670  _InitEPwm1Gpio                          
0     003392ec  _InitEPwm2Example                       
0     0033a686  _InitEPwm2Gpio                          
0     003392ad  _InitEPwm3Example                       
0     0033a69c  _InitEPwm3Gpio                          
0     0033a6b4  _InitEPwm4Gpio                          
0     0033a6cc  _InitEPwm5Gpio                          
0     0033a6e2  _InitEPwm6Gpio                          
0     0033a6f8  _InitEPwmGpio                           
0     0033a655  _InitEPwmSyncGpio                       
0     00008183  _InitFlash                              
0     0033a57b  _InitPeripheralClocks                   
0     0033b7c4  _InitPieCtrl                            
0     0033b9cc  _InitPieVectTable                       
0     0033a52e  _InitPll                                
0     0033912b  _InitSciaGpio                           
0     00339111  _InitScibGpio                           
0     00339082  _InitScicGpio                           
0     0033a0cb  _InitSpiGpio                            
0     0033a0cb  _InitSpiaGpio                           
0     0033a5e1  _InitSysCtrl                            
0     0033a618  _InitTzGpio                             
0     00338e16  _LUF_ISR                                
0     00338e0c  _LVF_ISR                                
0     00338b66  _Load_Parameter_From_Flash              
0     00338e02  _MRINTA_ISR                             
0     00338df8  _MRINTB_ISR                             
0     00338dee  _MXINTA_ISR                             
0     00338de4  _MXINTB_ISR                             
1     00005000  _McbspaRegs                             
1     00005040  _McbspbRegs                             
0     00338dda  _NMI_ISR                                
0     00338dd0  _PIE_RESERVED                           
1     00380090  _PartIdRegs                             
1     00000ce0  _PieCtrlRegs                            
1     00000d00  _PieVectTable                           
0     0033bc16  _PieVectTableInit                       
0     00338dc6  _RTOSINT_ISR                            
0     003201a4  _RamfuncsLoadEnd                        
abs   000001a4  _RamfuncsLoadSize                       
0     00320000  _RamfuncsLoadStart                      
0     00008000  _RamfuncsRunStart                       
0     00338dbc  _SCIRXINTA_ISR                          
0     00338db2  _SCIRXINTB_ISR                          
0     00338da8  _SCIRXINTC_ISR                          
0     00338d9e  _SCITXINTA_ISR                          
0     00338d94  _SCITXINTB_ISR                          
0     00338d8a  _SCITXINTC_ISR                          
1     0000cad0  _SCRT_Fault1                            
0     00338d80  _SEQ1INT_ISR                            
0     00338d76  _SEQ2INT_ISR                            
0     00338d6c  _SPIRXINTA_ISR                          
0     00338d62  _SPITXINTA_ISR                          
1     00007050  _SciaRegs                               
1     00007750  _ScibRegs                               
1     00007770  _ScicRegs                               
0     0033a51c  _ServiceDog                             
1     00007040  _SpiaRegs                               
0     003385f4  _StartDMACH1                            
0     003385ec  _StartDMACH2                            
0     003385e4  _StartDMACH3                            
0     003385dc  _StartDMACH4                            
0     003385d4  _StartDMACH5                            
0     003385cc  _StartDMACH6                            
0     00338000  _SyncModbusRegToSysinfo                 
0     0033822b  _SyncSysinfoToModbusReg                 
1     00007010  _SysCtrlRegs                            
0     00338d58  _TINT0_ISR                              
0     00338f9c  _USART_Callback                         
0     00338d4e  _USER10_ISR                             
0     00338d44  _USER11_ISR                             
0     00338d3a  _USER12_ISR                             
0     00338d30  _USER1_ISR                              
0     00338d26  _USER2_ISR                              
0     00338d1c  _USER3_ISR                              
0     00338d12  _USER4_ISR                              
0     00338d08  _USER5_ISR                              
0     00338cfe  _USER6_ISR                              
0     00338cf4  _USER7_ISR                              
0     00338cea  _USER8_ISR                              
0     00338ce0  _USER9_ISR                              
0     0033926c  _Uart_AvailableBytes                    
0     00339244  _Uart_EmptyReadBuffer                   
0     00339147  _Uart_Init                              
0     0033906a  _Uart_Read                              
0     0033905c  _Uart_RegisterReceiveCharCallback       
0     0033904e  _Uart_RegisterReceiveReadyCharCallback  
0     0033903f  _Uart_SetWriteOverCallback              
0     00339030  _Uart_UnregisterReceiveCharCallback     
0     00338fe0  _Uart_Write                             
0     00338cd6  _WAKEINT_ISR                            
0     00338ccc  _XINT1_ISR                              
0     00338cc2  _XINT2_ISR                              
0     00338cb8  _XINT3_ISR                              
0     00338cae  _XINT4_ISR                              
0     00338ca4  _XINT5_ISR                              
0     00338c9a  _XINT6_ISR                              
0     00338c90  _XINT7_ISR                              
1     00007070  _XIntruptRegs                           
1     00000b20  _XintfRegs                              
1     00000800  __STACK_END                             
abs   00000400  __STACK_SIZE                            
1     0000caea  ___TI_cleanup_ptr                       
1     0000caec  ___TI_dtors_ptr                         
1     0000cae8  ___TI_enable_exit_profile_output        
abs   ffffffff  ___TI_pprof_out_hndl                    
abs   ffffffff  ___TI_prof_data_size                    
abs   ffffffff  ___TI_prof_data_start                   
abs   ffffffff  ___binit__                              
abs   ffffffff  ___c_args__                             
0     0033bfe0  ___cinit__                              
0     0033ba15  ___etext__                              
abs   ffffffff  ___pinit__                              
0     00338000  ___text__                               
0     0033b9a8  __args_main                             
1     0000c840  __gCOMList                              
1     0000caf4  __lock                                  
0     0033894f  __nop                                   
1     00000400  __stack                                 
0     00339e55  __system_post_cinit                     
0     0033ba13  __system_pre_init                       
1     0000caf6  __unlock                                
0     0033b79b  _abort                                  
0     0033b8bc  _async_delay                            
0     0033b2a1  _average_filter_init                    
0     0033b26a  _average_filter_update                  
1     0000caff  _boolRegHoldingChanged                  
0     0033b463  _c_int00                                
1     0000c8f2  _can_rx_msg                             
0     0033a27f  _config_ADC                             
0     0033a239  _config_DMA                             
0     0033a228  _config_ePWM4_to_generate_ADCSOCA       
0     0033a1f3  _config_ePWM4_to_generate_ADCSOCA_      
0     0033b838  _copy_in                                
0     0033af24  _cpu_timer0_isr                         
0     0033af10  _cpu_timer1_isr                         
0     0033aed0  _cpu_timer2_isr                         
0     0033a97d  _cqueue_create                          
0     0033a95a  _cqueue_dequeue                         
0     0033a936  _cqueue_enqueue                         
0     0033a8f6  _cqueue_in                              
0     0033a8c3  _cqueue_out                             
0     0033ad7c  _eMBFuncReadCoils                       
0     0033b5ed  _eMBFuncReadDiscreteInputs              
0     0033abb3  _eMBFuncReadHoldingRegister             
0     0033ae40  _eMBFuncReadInputRegister               
0     0033ab1e  _eMBFuncReadWriteMultipleHoldingRegister
0     0033b996  _eMBFuncReportSlaveID                   
0     0033ad51  _eMBFuncWriteCoil                       
0     0033ab73  _eMBFuncWriteHoldingRegister            
0     0033ad1b  _eMBFuncWriteMultipleCoils              
0     0033ab88  _eMBFuncWriteMultipleHoldingRegister    
0     0033b353  _eMBPoll                                
0     0033a093  _eMBRTUInit                             
0     0033a018  _eMBRTUReceive                          
0     0033a041  _eMBRTUSend                             
0     0033a07d  _eMBRTUStart                            
0     0033a06f  _eMBRTUStop                             
0     00339e56  _eMBRegCoilsCB                          
0     00339ec4  _eMBRegHoldingCB                        
0     0033a1e6  _enable_ePWM4                           
1     0000c9d0  _epwm1_info                             
0     0033b14a  _epwm1_isr                              
1     0000c9d6  _epwm2_info                             
0     0033b11f  _epwm2_isr                              
1     0000c9dc  _epwm3_info                             
0     0033b0f4  _epwm3_isr                              
1     0000cb7e  _errno                                  
0     0033b79d  _exit                                   
0     0033b31a  _fmax                                   
0     0033b31a  _fmaxf                                  
0     0033b2e1  _fmin                                   
0     0033b2e1  _fminf                                  
1     0000c008  _g_A                                    
1     0000c040  _g_AppMainInfo                          
1     0000c00a  _g_B                                    
1     0000c004  _g_backGroundTaskMaxRuningTimeUS        
1     0000c006  _g_backGroundTaskRuningTimeUS           
0     0033bfda  _g_pSysInfo                             
1     0000c9f2  _g_vcb_list                             
0     00008000  _local_DINTCH1_ISR                      
0     0033b87d  _main                                   
0     0033b915  _memcpy                                 
0     0033ba07  _memset                                 
0     0033b739  _prveMBError2Exception                  
0     0033ba0e  _prvvTIMERExpiredISR                    
1     0000c8e6  _pxMBFrameCBByteReceived                
1     0000c8ec  _pxMBFrameCBReceiveFSMCur               
1     0000c8ee  _pxMBFrameCBTransmitFSMCur              
1     0000c8e8  _pxMBFrameCBTransmitterEmpty            
1     0000c8ea  _pxMBPortCBTimerExpired                 
0     00338c86  _rsvd_ISR                               
0     0033bd16  _s_CRCHi                                
0     0033be16  _s_CRCLo                                
1     0000cad4  _s_t1                                   
0     00339a9f  _sciaRxFifoIsr                          
0     00339a68  _sciaTxFifoIsr                          
0     003399f4  _scibRxFifoIsr                          
0     003399bd  _scibTxFifoIsr                          
0     00339945  _scicRxFifoIsr                          
0     0033990e  _scicTxFifoIsr                          
1     0000cad2  _scrtFb1                                
0     0033b713  _serialReceiveOneByteISR                
0     0033b718  _serialSentOneByteISR                   
0     0033a0be  _spi_init                               
0     0033a0ba  _spi_xmit                               
0     0033b7ec  _sqrt                                   
0     0033b7ec  _sqrtf                                  
1     0000c680  _ucRTUBuf                               
1     0000caf8  _ucRegCoilsBuf                          
1     0000cafa  _ucRegDiscreteBuf                       
0     0033a995  _usMBCRC16                              
1     0000cb40  _usRegHoldingBuf                        
0     0033bfdf  _usRegHoldingStart                      
1     0000cb80  _usRegInputBuf                          
0     0033bfde  _usRegInputStart                        
0     0033b6e9  _vMBPortSerialEnable                    
0     00339da7  _w25q128_write_page_no_erase            
0     0033b813  _wakeint_isr                            
0     00339fde  _xMBRTUReceiveFSM                       
0     00339fbd  _xMBRTUTimerT35Expired                  
0     00339f8d  _xMBRTUTransmitFSM                      
0     0033b71d  _xMBUtilGetBits                         
abs   ffffffff  binit                                   
0     0033bfe0  cinit                                   
0     0033fff6  code_start                              
0     0033ba15  etext                                   
abs   ffffffff  pinit                                   


GLOBAL SYMBOLS: SORTED BY Symbol Address 

page  address   name                                    
----  -------   ----                                    
0     00008000  _RamfuncsRunStart                       
0     00008000  _local_DINTCH1_ISR                      
0     00008183  _InitFlash                              
0     000081a0  _DSP28x_usDelay                         
0     00320000  _RamfuncsLoadStart                      
0     003201a4  _RamfuncsLoadEnd                        
0     00338000  .text                                   
0     00338000  _SyncModbusRegToSysinfo                 
0     00338000  ___text__                               
0     0033822b  _SyncSysinfoToModbusReg                 
0     003385a2  _B1_ModbusRTUSlaver_Poll                
0     003385cc  _StartDMACH6                            
0     003385d4  _StartDMACH5                            
0     003385dc  _StartDMACH4                            
0     003385e4  _StartDMACH3                            
0     003385ec  _StartDMACH2                            
0     003385f4  _StartDMACH1                            
0     003385fc  _DMAInitialize                          
0     00338607  _DMACH6WrapConfig                       
0     00338611  _DMACH6TransferConfig                   
0     0033861a  _DMACH6ModeConfig                       
0     00338681  _DMACH6BurstConfig                      
0     0033868a  _DMACH6AddrConfig                       
0     00338694  _DMACH5WrapConfig                       
0     0033869e  _DMACH5TransferConfig                   
0     003386a7  _DMACH5ModeConfig                       
0     0033870e  _DMACH5BurstConfig                      
0     00338717  _DMACH5AddrConfig                       
0     00338721  _DMACH4WrapConfig                       
0     0033872b  _DMACH4TransferConfig                   
0     00338734  _DMACH4ModeConfig                       
0     0033879b  _DMACH4BurstConfig                      
0     003387a4  _DMACH4AddrConfig                       
0     003387ae  _DMACH3WrapConfig                       
0     003387b8  _DMACH3TransferConfig                   
0     003387c1  _DMACH3ModeConfig                       
0     00338826  _DMACH3BurstConfig                      
0     0033882f  _DMACH3AddrConfig                       
0     00338839  _DMACH2WrapConfig                       
0     00338843  _DMACH2TransferConfig                   
0     0033884c  _DMACH2ModeConfig                       
0     003388b1  _DMACH2BurstConfig                      
0     003388ba  _DMACH2AddrConfig                       
0     003388c4  _DMACH1WrapConfig                       
0     003388ce  _DMACH1TransferConfig                   
0     003388d7  _DMACH1ModeConfig                       
0     0033893c  _DMACH1BurstConfig                      
0     00338945  _DMACH1AddrConfig                       
0     0033894f  __nop                                   
0     00338950  _BackGroundTask_WhenInSRCPoll           
0     00338978  _Config_Default_Parameter               
0     00338a42  _APP_Main_Clear_All_Fault               
0     00338a59  _APP_Main_Save_SysInfo                  
0     00338adf  _BackGroundTask                         
0     00338b35  _APP_Main_Poll                          
0     00338b66  _Load_Parameter_From_Flash              
0     00338bb5  _APP_Main_Init                          
0     00338c86  _rsvd_ISR                               
0     00338c90  _XINT7_ISR                              
0     00338c9a  _XINT6_ISR                              
0     00338ca4  _XINT5_ISR                              
0     00338cae  _XINT4_ISR                              
0     00338cb8  _XINT3_ISR                              
0     00338cc2  _XINT2_ISR                              
0     00338ccc  _XINT1_ISR                              
0     00338cd6  _WAKEINT_ISR                            
0     00338ce0  _USER9_ISR                              
0     00338cea  _USER8_ISR                              
0     00338cf4  _USER7_ISR                              
0     00338cfe  _USER6_ISR                              
0     00338d08  _USER5_ISR                              
0     00338d12  _USER4_ISR                              
0     00338d1c  _USER3_ISR                              
0     00338d26  _USER2_ISR                              
0     00338d30  _USER1_ISR                              
0     00338d3a  _USER12_ISR                             
0     00338d44  _USER11_ISR                             
0     00338d4e  _USER10_ISR                             
0     00338d58  _TINT0_ISR                              
0     00338d62  _SPITXINTA_ISR                          
0     00338d6c  _SPIRXINTA_ISR                          
0     00338d76  _SEQ2INT_ISR                            
0     00338d80  _SEQ1INT_ISR                            
0     00338d8a  _SCITXINTC_ISR                          
0     00338d94  _SCITXINTB_ISR                          
0     00338d9e  _SCITXINTA_ISR                          
0     00338da8  _SCIRXINTC_ISR                          
0     00338db2  _SCIRXINTB_ISR                          
0     00338dbc  _SCIRXINTA_ISR                          
0     00338dc6  _RTOSINT_ISR                            
0     00338dd0  _PIE_RESERVED                           
0     00338dda  _NMI_ISR                                
0     00338de4  _MXINTB_ISR                             
0     00338dee  _MXINTA_ISR                             
0     00338df8  _MRINTB_ISR                             
0     00338e02  _MRINTA_ISR                             
0     00338e0c  _LVF_ISR                                
0     00338e16  _LUF_ISR                                
0     00338e20  _INT14_ISR                              
0     00338e2a  _INT13_ISR                              
0     00338e34  _ILLEGAL_ISR                            
0     00338e3e  _I2CINT2A_ISR                           
0     00338e48  _I2CINT1A_ISR                           
0     00338e52  _EQEP2_INT_ISR                          
0     00338e5c  _EQEP1_INT_ISR                          
0     00338e66  _EPWM6_TZINT_ISR                        
0     00338e70  _EPWM6_INT_ISR                          
0     00338e7a  _EPWM5_TZINT_ISR                        
0     00338e84  _EPWM5_INT_ISR                          
0     00338e8e  _EPWM4_TZINT_ISR                        
0     00338e98  _EPWM4_INT_ISR                          
0     00338ea2  _EPWM3_TZINT_ISR                        
0     00338eac  _EPWM3_INT_ISR                          
0     00338eb6  _EPWM2_TZINT_ISR                        
0     00338ec0  _EPWM2_INT_ISR                          
0     00338eca  _EPWM1_TZINT_ISR                        
0     00338ed4  _EPWM1_INT_ISR                          
0     00338ede  _EMUINT_ISR                             
0     00338ee8  _ECAP6_INT_ISR                          
0     00338ef2  _ECAP5_INT_ISR                          
0     00338efc  _ECAP4_INT_ISR                          
0     00338f06  _ECAP3_INT_ISR                          
0     00338f10  _ECAP2_INT_ISR                          
0     00338f1a  _ECAP1_INT_ISR                          
0     00338f24  _ECAN1INTB_ISR                          
0     00338f2e  _ECAN1INTA_ISR                          
0     00338f38  _ECAN0INTB_ISR                          
0     00338f42  _ECAN0INTA_ISR                          
0     00338f4c  _DINTCH6_ISR                            
0     00338f56  _DINTCH5_ISR                            
0     00338f60  _DINTCH4_ISR                            
0     00338f6a  _DINTCH3_ISR                            
0     00338f74  _DINTCH2_ISR                            
0     00338f7e  _DINTCH1_ISR                            
0     00338f88  _DATALOG_ISR                            
0     00338f92  _ADCINT_ISR                             
0     00338f9c  _USART_Callback                         
0     00338fe0  _Uart_Write                             
0     00339030  _Uart_UnregisterReceiveCharCallback     
0     0033903f  _Uart_SetWriteOverCallback              
0     0033904e  _Uart_RegisterReceiveReadyCharCallback  
0     0033905c  _Uart_RegisterReceiveCharCallback       
0     0033906a  _Uart_Read                              
0     00339082  _InitScicGpio                           
0     00339111  _InitScibGpio                           
0     0033912b  _InitSciaGpio                           
0     00339147  _Uart_Init                              
0     00339244  _Uart_EmptyReadBuffer                   
0     0033926c  _Uart_AvailableBytes                    
0     00339284  _EPwmx_ActionInit                       
0     003392ad  _InitEPwm3Example                       
0     003392ec  _InitEPwm2Example                       
0     0033932b  _InitEPwm1Example                       
0     0033936a  _BFL_SCR_Init                           
0     00339418  _BFL_SCRT_Pluse_Transmit                
0     003394a8  _BFL_SCRR_Have_Signal                   
0     003394e8  _BFL_VCB_Relay_Set_As_Switch_No_Ctrl    
0     00339527  _BFL_VCB_Seurity_Init                   
0     003395bf  _BFL_VCB_Relay_Set_As_Switch_Opened     
0     00339612  _BFL_VCB_Set_As_Switch_Opened           
0     0033961f  _BFL_VCB_Set_As_Switch_No_Ctrl          
0     00339624  _BFL_VCB_Relay_Set_As_Switch_Closed     
0     00339677  _BFL_VCB_Set_As_Switch_Closed           
0     00339685  _BFL_VCB_SW_To_String                   
0     003396a5  _BFL_VCB_STATE_To_String                
0     003396b3  _BFL_VCB_Relay_Get_Setting_State        
0     003396c0  _BFL_VCB_Get_Setting_State              
0     003396cd  _BFL_VCB_Get_Actual_State               
0     003396f0  _BFL_VCB_CTRL_STATE_To_String           
0     00339703  _B3_Check_Minor_Fault_Exist             
0     00339877  _B3_Check_SCR_Serious_Fault             
0     0033990e  _scicTxFifoIsr                          
0     00339945  _scicRxFifoIsr                          
0     003399bd  _scibTxFifoIsr                          
0     003399f4  _scibRxFifoIsr                          
0     00339a68  _sciaTxFifoIsr                          
0     00339a9f  _sciaRxFifoIsr                          
0     00339b08  _B3_RTUPush_Poll                        
0     00339ceb  _Flash_ReadSR1                          
0     00339d17  _Flash_Wait_Busy                        
0     00339d34  _Flash_Write_Enable                     
0     00339d61  _CHIP_W25Q128_Erase_One_Sector          
0     00339da7  _w25q128_write_page_no_erase            
0     00339df3  _CHIP_W25Q128_Write                     
0     00339e1d  _CHIP_W25Q128_Read                      
0     00339e55  __system_post_cinit                     
0     00339e56  _eMBRegCoilsCB                          
0     00339ec4  _eMBRegHoldingCB                        
0     00339f8d  _xMBRTUTransmitFSM                      
0     00339fbd  _xMBRTUTimerT35Expired                  
0     00339fde  _xMBRTUReceiveFSM                       
0     0033a018  _eMBRTUReceive                          
0     0033a041  _eMBRTUSend                             
0     0033a06f  _eMBRTUStop                             
0     0033a07d  _eMBRTUStart                            
0     0033a093  _eMBRTUInit                             
0     0033a0ba  _spi_xmit                               
0     0033a0be  _spi_init                               
0     0033a0cb  _InitSpiGpio                            
0     0033a0cb  _InitSpiaGpio                           
0     0033a0f7  _HDL_SPI_WriteRead                      
0     0033a14a  _HDL_SPI_Write                          
0     0033a17d  _HDL_SPI_Read                           
0     0033a1b5  _HDL_SPI_Init                           
0     0033a1e6  _enable_ePWM4                           
0     0033a1f3  _config_ePWM4_to_generate_ADCSOCA_      
0     0033a228  _config_ePWM4_to_generate_ADCSOCA       
0     0033a239  _config_DMA                             
0     0033a27f  _config_ADC                             
0     0033a2c2  _BFL_Measure_ReadReady                  
0     0033a2c8  _BFL_Measure_Read                       
0     0033a2eb  _BFL_Measure_Init                       
0     0033a30a  _B3_SysAutoMode_DeltaPoll               
0     0033a415  LL$$DIV                                 
0     0033a451  LL$$MOD                                 
0     0033a48b  ULL$$DIV                                
0     0033a4ba  ULL$$MOD                                
0     0033a51c  _ServiceDog                             
0     0033a526  _DisableDog                             
0     0033a52e  _InitPll                                
0     0033a57b  _InitPeripheralClocks                   
0     0033a5e1  _InitSysCtrl                            
0     0033a5ea  _CsmUnlock                              
0     0033a618  _InitTzGpio                             
0     0033a655  _InitEPwmSyncGpio                       
0     0033a670  _InitEPwm1Gpio                          
0     0033a686  _InitEPwm2Gpio                          
0     0033a69c  _InitEPwm3Gpio                          
0     0033a6b4  _InitEPwm4Gpio                          
0     0033a6cc  _InitEPwm5Gpio                          
0     0033a6e2  _InitEPwm6Gpio                          
0     0033a6f8  _InitEPwmGpio                           
0     0033a705  _InitEPwm                               
0     0033a706  _HDL_CPU_Time_StopHardTimer             
0     0033a740  _HDL_CPU_Time_StartHardTimer            
0     0033a758  _HDL_CPU_Time_SetCPUTickCallback        
0     0033a75c  _HDL_CPU_Time_ResetUsTick               
0     0033a762  _HDL_CPU_Time_ResetTick                 
0     0033a767  _HDL_CPU_Time_Init                      
0     0033a7b7  _HDL_CPU_Time_GetUsTick                 
0     0033a7be  _HDL_CPU_Time_GetTick                   
0     0033a7c8  _HDL_CPU_Time_DelayUs                   
0     0033a7da  _HDL_CPU_Time_DelayMs                   
0     0033a7fd  _B2_CmdCutOffCapacitors_Exec            
0     0033a87b  _B2_CmdCutOffCapacitors_Exec_Solution   
0     0033a8c3  _cqueue_out                             
0     0033a8f6  _cqueue_in                              
0     0033a936  _cqueue_enqueue                         
0     0033a95a  _cqueue_dequeue                         
0     0033a97d  _cqueue_create                          
0     0033a995  _usMBCRC16                              
0     0033aa5c  _B1_Measure_Poll                        
0     0033ab1e  _eMBFuncReadWriteMultipleHoldingRegister
0     0033ab73  _eMBFuncWriteHoldingRegister            
0     0033ab88  _eMBFuncWriteMultipleHoldingRegister    
0     0033abb3  _eMBFuncReadHoldingRegister             
0     0033abde  _BFL_RS485_Take_Bus                     
0     0033abec  _BFL_RS485_Write                        
0     0033ac02  _BFL_RS485_Take_Bus_RS4852              
0     0033ac07  _BFL_RS485_Take_Bus_RS4851              
0     0033ac0c  _BFL_RS485_Release_Bus_RS4852           
0     0033ac11  _BFL_RS485_Release_Bus_RS4851           
0     0033ac16  _BFL_RS485_Release_Bus                  
0     0033ac24  _BFL_RS485_Read                         
0     0033ac32  _BFL_RS485_Init                         
0     0033ac7f  FD$$ADD                                 
0     0033ad1b  _eMBFuncWriteMultipleCoils              
0     0033ad51  _eMBFuncWriteCoil                       
0     0033ad7c  _eMBFuncReadCoils                       
0     0033adb0  _B1_CapacitanceTemperatureMeasure_Poll  
0     0033ae40  _eMBFuncReadInputRegister               
0     0033aed0  _cpu_timer2_isr                         
0     0033af10  _cpu_timer1_isr                         
0     0033af24  _cpu_timer0_isr                         
0     0033af5e  FD$$DIV                                 
0     0033afe9  FS$$DIV                                 
0     0033b071  FD$$MPY                                 
0     0033b0f4  _epwm3_isr                              
0     0033b11f  _epwm2_isr                              
0     0033b14a  _epwm1_isr                              
0     0033b183  _B2_CmdBypassCapacitors_Exec            
0     0033b1f3  _B2_CmdMakeCapacitorsWork_Exec          
0     0033b26a  _average_filter_update                  
0     0033b2a1  _average_filter_init                    
0     0033b2e1  _fmin                                   
0     0033b2e1  _fminf                                  
0     0033b31a  _fmax                                   
0     0033b31a  _fmaxf                                  
0     0033b353  _eMBPoll                                
0     0033b3b1  _BFL_Buzz_Toggle                        
0     0033b3b6  _BFL_Buzz_SetTrigLevel                  
0     0033b3ba  _BFL_Buzz_On                            
0     0033b3c9  _BFL_Buzz_Off                           
0     0033b3d8  _BFL_Buzz_IsOff                         
0     0033b3ea  _BFL_Buzz_Init                          
0     0033b40a  _CANA_ISR                               
0     0033b463  _c_int00                                
0     0033b4b9  _B1_VCBStatus_Update                    
0     0033b4eb  _B1_VCBStatusGet_DeltaPoll              
0     0033b50e  _BFL_Button_IsPressed                   
0     0033b518  _BFL_Button_Init                        
0     0033b559  _CRC16_Modbus                           
0     0033b5a4  _BFL_DebugPin_Toggle                    
0     0033b5b2  _BFL_DebugPin_Set                       
0     0033b5c0  _BFL_DebugPin_Reset                     
0     0033b5ce  _BFL_DebugPin_Init                      
0     0033b5ed  _eMBFuncReadDiscreteInputs              
0     0033b635  _HDL_IWDG_Init                          
0     0033b678  _HDL_IWDG_Feed                          
0     0033b67b  _B1_SysModeGet_DeltaPoll                
0     0033b6b4  _InitCpuTimers                          
0     0033b6e9  _vMBPortSerialEnable                    
0     0033b70b  _EnterCriticalSection                   
0     0033b70f  _ExitCriticalSection                    
0     0033b713  _serialReceiveOneByteISR                
0     0033b718  _serialSentOneByteISR                   
0     0033b71d  _xMBUtilGetBits                         
0     0033b739  _prveMBError2Exception                  
0     0033b747  FD$$CMP                                 
0     0033b771  L$$DIV                                  
0     0033b780  L$$MOD                                  
0     0033b78e  UL$$DIV                                 
0     0033b795  UL$$MOD                                 
0     0033b79b  C$$EXIT                                 
0     0033b79b  _abort                                  
0     0033b79d  _exit                                   
0     0033b7c4  _InitPieCtrl                            
0     0033b7e3  _EnableInterrupts                       
0     0033b7ec  _sqrt                                   
0     0033b7ec  _sqrtf                                  
0     0033b813  _wakeint_isr                            
0     0033b838  _copy_in                                
0     0033b85c  FD$$TOI                                 
0     0033b87d  _main                                   
0     0033b89d  FD$$TOL                                 
0     0033b8bc  _async_delay                            
0     0033b8da  LL$$CMP                                 
0     0033b8ec  ULL$$CMP                                
0     0033b8f8  I$$TOFD                                 
0     0033b915  _memcpy                                 
0     0033b932  FS$$TOFD                                
0     0033b94e  L$$TOFD                                 
0     0033b96a  LL$$AND                                 
0     0033b972  LL$$OR                                  
0     0033b97a  LL$$XOR                                 
0     0033b982  _InitAdc                                
0     0033b996  _eMBFuncReportSlaveID                   
0     0033b9a8  __args_main                             
0     0033b9ba  _CheckConditionDurationMet              
0     0033b9cc  _InitPieVectTable                       
0     0033b9dd  FD$$SUB                                 
0     0033b9eb  U$$DIV                                  
0     0033b9f0  U$$MOD                                  
0     0033b9f6  FD$$NEG                                 
0     0033ba07  _memset                                 
0     0033ba0e  _prvvTIMERExpiredISR                    
0     0033ba13  __system_pre_init                       
0     0033ba15  ___etext__                              
0     0033ba15  etext                                   
0     0033bc16  _PieVectTableInit                       
0     0033bd16  _s_CRCHi                                
0     0033be16  _s_CRCLo                                
0     0033bfda  _g_pSysInfo                             
0     0033bfde  _usRegInputStart                        
0     0033bfdf  _usRegHoldingStart                      
0     0033bfe0  ___cinit__                              
0     0033bfe0  cinit                                   
0     0033fff6  code_start                              
0     00380080  _ADC_cal                                
1     00000400  __stack                                 
1     00000800  __STACK_END                             
1     00000880  _DevEmuRegs                             
1     00000a80  _FlashRegs                              
1     00000ae0  _CsmRegs                                
1     00000b00  _AdcMirror                              
1     00000b20  _XintfRegs                              
1     00000c00  _CpuTimer0Regs                          
1     00000c08  _CpuTimer1Regs                          
1     00000c10  _CpuTimer2Regs                          
1     00000ce0  _PieCtrlRegs                            
1     00000d00  _PieVectTable                           
1     00001000  _DmaRegs                                
1     00005000  _McbspaRegs                             
1     00005040  _McbspbRegs                             
1     00006000  _ECanaRegs                              
1     00006040  _ECanaLAMRegs                           
1     00006080  _ECanaMOTSRegs                          
1     000060c0  _ECanaMOTORegs                          
1     00006100  _ECanaMboxes                            
1     00006200  _ECanbRegs                              
1     00006240  _ECanbLAMRegs                           
1     00006280  _ECanbMOTSRegs                          
1     000062c0  _ECanbMOTORegs                          
1     00006300  _ECanbMboxes                            
1     00006800  _EPwm1Regs                              
1     00006840  _EPwm2Regs                              
1     00006880  _EPwm3Regs                              
1     000068c0  _EPwm4Regs                              
1     00006900  _EPwm5Regs                              
1     00006940  _EPwm6Regs                              
1     00006a00  _ECap1Regs                              
1     00006a20  _ECap2Regs                              
1     00006a40  _ECap3Regs                              
1     00006a60  _ECap4Regs                              
1     00006a80  _ECap5Regs                              
1     00006aa0  _ECap6Regs                              
1     00006b00  _EQep1Regs                              
1     00006b40  _EQep2Regs                              
1     00006f80  _GpioCtrlRegs                           
1     00006fc0  _GpioDataRegs                           
1     00006fe0  _GpioIntRegs                            
1     00007010  _SysCtrlRegs                            
1     00007040  _SpiaRegs                               
1     00007050  _SciaRegs                               
1     00007070  _XIntruptRegs                           
1     00007100  _AdcRegs                                
1     00007750  _ScibRegs                               
1     00007770  _ScicRegs                               
1     00007900  _I2caRegs                               
1     0000c004  _g_backGroundTaskMaxRuningTimeUS        
1     0000c006  _g_backGroundTaskRuningTimeUS           
1     0000c008  _g_A                                    
1     0000c00a  _g_B                                    
1     0000c040  _g_AppMainInfo                          
1     0000c368  _CpuTimer0                              
1     0000c370  _CpuTimer1                              
1     0000c378  _CpuTimer2                              
1     0000c680  _ucRTUBuf                               
1     0000c840  __gCOMList                              
1     0000c8e6  _pxMBFrameCBByteReceived                
1     0000c8e8  _pxMBFrameCBTransmitterEmpty            
1     0000c8ea  _pxMBPortCBTimerExpired                 
1     0000c8ec  _pxMBFrameCBReceiveFSMCur               
1     0000c8ee  _pxMBFrameCBTransmitFSMCur              
1     0000c8f2  _can_rx_msg                             
1     0000c9d0  _epwm1_info                             
1     0000c9d6  _epwm2_info                             
1     0000c9dc  _epwm3_info                             
1     0000c9f2  _g_vcb_list                             
1     0000cad0  _SCRT_Fault1                            
1     0000cad2  _scrtFb1                                
1     0000cad4  _s_t1                                   
1     0000cad8  _DMADest                                
1     0000cada  _DMASource                              
1     0000cae8  ___TI_enable_exit_profile_output        
1     0000caea  ___TI_cleanup_ptr                       
1     0000caec  ___TI_dtors_ptr                         
1     0000caf4  __lock                                  
1     0000caf6  __unlock                                
1     0000caf8  _ucRegCoilsBuf                          
1     0000cafa  _ucRegDiscreteBuf                       
1     0000caff  _boolRegHoldingChanged                  
1     0000cb40  _usRegHoldingBuf                        
1     0000cb7e  _errno                                  
1     0000cb80  _usRegInputBuf                          
1     0000cbc0  _DMABuf1                                
1     0033fff8  _CsmPwl                                 
1     00380090  _PartIdRegs                             
abs   000001a4  _RamfuncsLoadSize                       
abs   00000400  __STACK_SIZE                            
abs   ffffffff  ___TI_pprof_out_hndl                    
abs   ffffffff  ___TI_prof_data_size                    
abs   ffffffff  ___TI_prof_data_start                   
abs   ffffffff  ___binit__                              
abs   ffffffff  ___c_args__                             
abs   ffffffff  ___pinit__                              
abs   ffffffff  binit                                   
abs   ffffffff  pinit                                   

[468 symbols]
