******************************************************************************
             TMS320C2000 Linker PC v22.6.1                     
******************************************************************************
>> Linked Thu May 16 14:14:57 2024

OUTPUT FILE NAME:   <Example_2833xCpuTimer.out>
ENTRY POINT SYMBOL: "code_start"  address: 00000000


MEMORY CONFIGURATION

         name            origin    length      used     unused   attr    fill
----------------------  --------  ---------  --------  --------  ----  --------
PAGE 0:
  BEGIN                 00000000   00000002  00000002  00000000  RWIX
  RAMM0                 00000050   000003b0  00000000  000003b0  RWIX
  RAML0                 00008000   00001000  00000144  00000ebc  RWIX
  RAML1                 00009000   00001000  00001000  00000000  RWIX
  RAML2                 0000a000   00001000  00000d13  000002ed  RWIX
  RAML3                 0000b000   00001000  00000000  00001000  RWIX
  ZONE7A                00200000   0000fc00  00000000  0000fc00  RWIX
  CSM_RSVD              0033ff80   00000076  00000000  00000076  RWIX
  CSM_PWL               0033fff8   00000008  00000000  00000008  RWIX
  ADC_CAL               00380080   00000009  00000007  00000002  RWIX
  IQTABLES              003fe000   00000b50  00000000  00000b50  RWIX
  IQTABLES2             003feb50   0000008c  00000000  0000008c  RWIX
  FPUTABLES             003febdc   000006a0  00000000  000006a0  RWIX
  BOOTROM               003ff27c   00000d44  00000000  00000d44  RWIX
  RESET                 003fffc0   00000002  00000000  00000002  RWIX

PAGE 1:
  BOOT_RSVD             00000002   0000004e  00000000  0000004e  RWIX
  RAMM1                 00000400   00000400  00000200  00000200  RWIX
  DEV_EMU               00000880   00000180  000000d0  000000b0  RWIX
  FLASH_REGS            00000a80   00000060  00000008  00000058  RWIX
  CSM                   00000ae0   00000010  00000010  00000000  RWIX
  ADC_MIRROR            00000b00   00000010  00000010  00000000  RWIX
  XINTF                 00000b20   00000020  0000001e  00000002  RWIX
  CPU_TIMER0            00000c00   00000008  00000008  00000000  RWIX
  CPU_TIMER1            00000c08   00000008  00000008  00000000  RWIX
  CPU_TIMER2            00000c10   00000008  00000008  00000000  RWIX
  PIE_CTRL              00000ce0   00000020  0000001a  00000006  RWIX
  PIE_VECT              00000d00   00000100  00000100  00000000  RWIX
  DMA                   00001000   00000200  000000e0  00000120  RWIX
  MCBSPA                00005000   00000040  00000025  0000001b  RWIX
  MCBSPB                00005040   00000040  00000025  0000001b  RWIX
  ECANA                 00006000   00000040  00000034  0000000c  RWIX
  ECANA_LAM             00006040   00000040  00000040  00000000  RWIX
  ECANA_MOTS            00006080   00000040  00000040  00000000  RWIX
  ECANA_MOTO            000060c0   00000040  00000040  00000000  RWIX
  ECANA_MBOX            00006100   00000100  00000100  00000000  RWIX
  ECANB                 00006200   00000040  00000034  0000000c  RWIX
  ECANB_LAM             00006240   00000040  00000040  00000000  RWIX
  ECANB_MOTS            00006280   00000040  00000040  00000000  RWIX
  ECANB_MOTO            000062c0   00000040  00000040  00000000  RWIX
  ECANB_MBOX            00006300   00000100  00000100  00000000  RWIX
  EPWM1                 00006800   00000022  00000022  00000000  RWIX
  EPWM2                 00006840   00000022  00000022  00000000  RWIX
  EPWM3                 00006880   00000022  00000022  00000000  RWIX
  EPWM4                 000068c0   00000022  00000022  00000000  RWIX
  EPWM5                 00006900   00000022  00000022  00000000  RWIX
  EPWM6                 00006940   00000022  00000022  00000000  RWIX
  ECAP1                 00006a00   00000020  00000020  00000000  RWIX
  ECAP2                 00006a20   00000020  00000020  00000000  RWIX
  ECAP3                 00006a40   00000020  00000020  00000000  RWIX
  ECAP4                 00006a60   00000020  00000020  00000000  RWIX
  ECAP5                 00006a80   00000020  00000020  00000000  RWIX
  ECAP6                 00006aa0   00000020  00000020  00000000  RWIX
  EQEP1                 00006b00   00000040  00000040  00000000  RWIX
  EQEP2                 00006b40   00000040  00000040  00000000  RWIX
  GPIOCTRL              00006f80   00000040  0000002e  00000012  RWIX
  GPIODAT               00006fc0   00000020  00000020  00000000  RWIX
  GPIOINT               00006fe0   00000020  0000000a  00000016  RWIX
  SYSTEM                00007010   00000020  00000020  00000000  RWIX
  SPIA                  00007040   00000010  00000010  00000000  RWIX
  SCIA                  00007050   00000010  00000010  00000000  RWIX
  XINTRUPT              00007070   00000010  00000010  00000000  RWIX
  ADC                   00007100   00000020  0000001e  00000002  RWIX
  SCIB                  00007750   00000010  00000010  00000000  RWIX
  SCIC                  00007770   00000010  00000010  00000000  RWIX
  I2CA                  00007900   00000040  00000022  0000001e  RWIX
  RAML4                 0000c000   00001000  00000a3e  000005c2  RWIX
  RAML5                 0000d000   00001000  000003b8  00000c48  RWIX
  RAML6                 0000e000   00001000  00000000  00001000  RWIX
  RAML7                 0000f000   00001000  00000000  00001000  RWIX
  ZONE7B                0020fc00   00000400  00000000  00000400  RWIX
  CSM_PWL               0033fff8   00000008  00000008  00000000  RWIX
  PARTID                00380090   00000001  00000001  00000000  RWIX


SECTION ALLOCATION MAP

 output                                  attributes/
section   page    origin      length       input sections
--------  ----  ----------  ----------   ----------------
codestart 
*          0    00000000    00000002     
                  00000000    00000002     DSP2833x_CodeStartBranch.obj (codestart)

.TI.ramfunc 
*          0    00008140    00000004     
                  00008140    00000004     DSP2833x_usDelay.obj (.TI.ramfunc)

.cinit     0    00008000    00000140     
                  00008000    00000096     HDL_Uart.obj (.cinit:__gCOMList)
                  00008096    0000002b     <whole-program> (.cinit:_xFuncHandlers$17)
                  000080c1    0000001a     <whole-program> (.cinit)
                  000080db    0000000e     rts2800_fpu32.lib : exit.c.obj (.cinit)
                  000080e9    0000000d     HDL_CPU_Time.obj (.cinit)
                  000080f6    0000000b     <whole-program> (.cinit:_usRegInputBuf)
                  00008101    00000005     <whole-program> (.cinit:__lock)
                  00008106    00000005     <whole-program> (.cinit:__unlock)
                  0000810b    00000005     <whole-program> (.cinit:_period_last_exe_tick_table$4)
                  00008110    00000005     <whole-program> (.cinit:_ucRegCoilsBuf)
                  00008115    00000005     <whole-program> (.cinit:_ucRegDiscreteBuf)
                  0000811a    00000004     BFL_Buzz.obj (.cinit)
                  0000811e    00000004     BFL_Measure.obj (.cinit)
                  00008122    00000004     HDL_Uart.obj (.cinit:_m_Com1RxBuf)
                  00008126    00000004     HDL_Uart.obj (.cinit:_m_Com1TxBuf)
                  0000812a    00000004     HDL_Uart.obj (.cinit:_m_Com2RxBuf)
                  0000812e    00000004     HDL_Uart.obj (.cinit:_m_Com2TxBuf)
                  00008132    00000004     HDL_Uart.obj (.cinit:_m_Com3RxBuf)
                  00008136    00000004     HDL_Uart.obj (.cinit:_m_Com3TxBuf)
                  0000813a    00000004     <whole-program> (.cinit:_usRegHoldingBuf)
                  0000813e    00000002     --HOLE-- [fill = 0]

.pinit     0    00008000    00000000     UNINITIALIZED

.stack     1    00000400    00000200     UNINITIALIZED
                  00000400    00000200     --HOLE--

DevEmuRegsFile 
*          1    00000880    000000d0     UNINITIALIZED
                  00000880    000000d0     DSP2833x_GlobalVariableDefs.obj (DevEmuRegsFile)

FlashRegsFile 
*          1    00000a80    00000008     UNINITIALIZED
                  00000a80    00000008     DSP2833x_GlobalVariableDefs.obj (FlashRegsFile)

CsmRegsFile 
*          1    00000ae0    00000010     UNINITIALIZED
                  00000ae0    00000010     DSP2833x_GlobalVariableDefs.obj (CsmRegsFile)

AdcMirrorFile 
*          1    00000b00    00000010     UNINITIALIZED
                  00000b00    00000010     DSP2833x_GlobalVariableDefs.obj (AdcMirrorFile)

XintfRegsFile 
*          1    00000b20    0000001e     UNINITIALIZED
                  00000b20    0000001e     DSP2833x_GlobalVariableDefs.obj (XintfRegsFile)

CpuTimer0RegsFile 
*          1    00000c00    00000008     UNINITIALIZED
                  00000c00    00000008     DSP2833x_GlobalVariableDefs.obj (CpuTimer0RegsFile)

CpuTimer1RegsFile 
*          1    00000c08    00000008     UNINITIALIZED
                  00000c08    00000008     DSP2833x_GlobalVariableDefs.obj (CpuTimer1RegsFile)

CpuTimer2RegsFile 
*          1    00000c10    00000008     UNINITIALIZED
                  00000c10    00000008     DSP2833x_GlobalVariableDefs.obj (CpuTimer2RegsFile)

PieCtrlRegsFile 
*          1    00000ce0    0000001a     UNINITIALIZED
                  00000ce0    0000001a     DSP2833x_GlobalVariableDefs.obj (PieCtrlRegsFile)

ECanaMOTSRegsFile 
*          1    00006080    00000040     UNINITIALIZED
                  00006080    00000040     DSP2833x_GlobalVariableDefs.obj (ECanaMOTSRegsFile)

ECanaMOTORegsFile 
*          1    000060c0    00000040     UNINITIALIZED
                  000060c0    00000040     DSP2833x_GlobalVariableDefs.obj (ECanaMOTORegsFile)

ECanbMOTSRegsFile 
*          1    00006280    00000040     UNINITIALIZED
                  00006280    00000040     DSP2833x_GlobalVariableDefs.obj (ECanbMOTSRegsFile)

ECanbMOTORegsFile 
*          1    000062c0    00000040     UNINITIALIZED
                  000062c0    00000040     DSP2833x_GlobalVariableDefs.obj (ECanbMOTORegsFile)

.econst    1    0000d000    000003b8     
                  0000d000    00000100     mbcrc.obj (.econst:.string:_aucCRCHi$22)
                  0000d100    00000100     mbcrc.obj (.econst:.string:_aucCRCLo$22)
                  0000d200    00000100     DSP2833x_PieVect.obj (.econst:_PieVectTableInit)
                  0000d300    0000005b     BFL_VCB.obj (.econst:.string)
                  0000d35b    00000001     --HOLE-- [fill = 0]
                  0000d35c    00000026     rts2800_fpu32.lib : _printfi.c.obj (.econst:.string)
                  0000d382    0000001c                       : _printfi.c.obj (.econst)
                  0000d39e    00000010     <whole-program> (.econst)
                  0000d3ae    00000008     APP_Main.obj (.econst:_$P$T0$2$2)
                  0000d3b6    00000002     mbcb.obj (.econst)

DMARAML4   1    0000c000    000003c0     UNINITIALIZED
                  0000c000    000003c0     BFL_Measure.obj (DMARAML4)

.reset     0    003fffc0    00000002     DSECT
                  003fffc0    00000002     rts2800_fpu32.lib : boot28.asm.obj (.reset)

csm_rsvd   0    0033ff80    00000000     DSECT

csmpasswds 
*          0    0033fff8    00000000     DSECT

.adc_cal   0    00380080    00000007     NOLOAD SECTION
                  00380080    00000007     DSP2833x_ADC_cal.obj (.adc_cal)

PieVectTableFile 
*          1    00000d00    00000100     UNINITIALIZED
                  00000d00    00000100     DSP2833x_GlobalVariableDefs.obj (PieVectTableFile)

DmaRegsFile 
*          1    00001000    000000e0     UNINITIALIZED
                  00001000    000000e0     DSP2833x_GlobalVariableDefs.obj (DmaRegsFile)

McbspaRegsFile 
*          1    00005000    00000025     UNINITIALIZED
                  00005000    00000025     DSP2833x_GlobalVariableDefs.obj (McbspaRegsFile)

McbspbRegsFile 
*          1    00005040    00000025     UNINITIALIZED
                  00005040    00000025     DSP2833x_GlobalVariableDefs.obj (McbspbRegsFile)

ECanaRegsFile 
*          1    00006000    00000034     UNINITIALIZED
                  00006000    00000034     DSP2833x_GlobalVariableDefs.obj (ECanaRegsFile)

ECanaLAMRegsFile 
*          1    00006040    00000040     UNINITIALIZED
                  00006040    00000040     DSP2833x_GlobalVariableDefs.obj (ECanaLAMRegsFile)

ECanaMboxesFile 
*          1    00006100    00000100     UNINITIALIZED
                  00006100    00000100     DSP2833x_GlobalVariableDefs.obj (ECanaMboxesFile)

ECanbRegsFile 
*          1    00006200    00000034     UNINITIALIZED
                  00006200    00000034     DSP2833x_GlobalVariableDefs.obj (ECanbRegsFile)

ECanbLAMRegsFile 
*          1    00006240    00000040     UNINITIALIZED
                  00006240    00000040     DSP2833x_GlobalVariableDefs.obj (ECanbLAMRegsFile)

ECanbMboxesFile 
*          1    00006300    00000100     UNINITIALIZED
                  00006300    00000100     DSP2833x_GlobalVariableDefs.obj (ECanbMboxesFile)

EPwm1RegsFile 
*          1    00006800    00000022     UNINITIALIZED
                  00006800    00000022     DSP2833x_GlobalVariableDefs.obj (EPwm1RegsFile)

EPwm2RegsFile 
*          1    00006840    00000022     UNINITIALIZED
                  00006840    00000022     DSP2833x_GlobalVariableDefs.obj (EPwm2RegsFile)

EPwm3RegsFile 
*          1    00006880    00000022     UNINITIALIZED
                  00006880    00000022     DSP2833x_GlobalVariableDefs.obj (EPwm3RegsFile)

EPwm4RegsFile 
*          1    000068c0    00000022     UNINITIALIZED
                  000068c0    00000022     DSP2833x_GlobalVariableDefs.obj (EPwm4RegsFile)

EPwm5RegsFile 
*          1    00006900    00000022     UNINITIALIZED
                  00006900    00000022     DSP2833x_GlobalVariableDefs.obj (EPwm5RegsFile)

EPwm6RegsFile 
*          1    00006940    00000022     UNINITIALIZED
                  00006940    00000022     DSP2833x_GlobalVariableDefs.obj (EPwm6RegsFile)

ECap1RegsFile 
*          1    00006a00    00000020     UNINITIALIZED
                  00006a00    00000020     DSP2833x_GlobalVariableDefs.obj (ECap1RegsFile)

ECap2RegsFile 
*          1    00006a20    00000020     UNINITIALIZED
                  00006a20    00000020     DSP2833x_GlobalVariableDefs.obj (ECap2RegsFile)

ECap3RegsFile 
*          1    00006a40    00000020     UNINITIALIZED
                  00006a40    00000020     DSP2833x_GlobalVariableDefs.obj (ECap3RegsFile)

ECap4RegsFile 
*          1    00006a60    00000020     UNINITIALIZED
                  00006a60    00000020     DSP2833x_GlobalVariableDefs.obj (ECap4RegsFile)

ECap5RegsFile 
*          1    00006a80    00000020     UNINITIALIZED
                  00006a80    00000020     DSP2833x_GlobalVariableDefs.obj (ECap5RegsFile)

ECap6RegsFile 
*          1    00006aa0    00000020     UNINITIALIZED
                  00006aa0    00000020     DSP2833x_GlobalVariableDefs.obj (ECap6RegsFile)

EQep1RegsFile 
*          1    00006b00    00000040     UNINITIALIZED
                  00006b00    00000040     DSP2833x_GlobalVariableDefs.obj (EQep1RegsFile)

EQep2RegsFile 
*          1    00006b40    00000040     UNINITIALIZED
                  00006b40    00000040     DSP2833x_GlobalVariableDefs.obj (EQep2RegsFile)

GpioCtrlRegsFile 
*          1    00006f80    0000002e     UNINITIALIZED
                  00006f80    0000002e     DSP2833x_GlobalVariableDefs.obj (GpioCtrlRegsFile)

GpioDataRegsFile 
*          1    00006fc0    00000020     UNINITIALIZED
                  00006fc0    00000020     DSP2833x_GlobalVariableDefs.obj (GpioDataRegsFile)

GpioIntRegsFile 
*          1    00006fe0    0000000a     UNINITIALIZED
                  00006fe0    0000000a     DSP2833x_GlobalVariableDefs.obj (GpioIntRegsFile)

SysCtrlRegsFile 
*          1    00007010    00000020     UNINITIALIZED
                  00007010    00000020     DSP2833x_GlobalVariableDefs.obj (SysCtrlRegsFile)

SpiaRegsFile 
*          1    00007040    00000010     UNINITIALIZED
                  00007040    00000010     DSP2833x_GlobalVariableDefs.obj (SpiaRegsFile)

SciaRegsFile 
*          1    00007050    00000010     UNINITIALIZED
                  00007050    00000010     DSP2833x_GlobalVariableDefs.obj (SciaRegsFile)

XIntruptRegsFile 
*          1    00007070    00000010     UNINITIALIZED
                  00007070    00000010     DSP2833x_GlobalVariableDefs.obj (XIntruptRegsFile)

AdcRegsFile 
*          1    00007100    0000001e     UNINITIALIZED
                  00007100    0000001e     DSP2833x_GlobalVariableDefs.obj (AdcRegsFile)

ScibRegsFile 
*          1    00007750    00000010     UNINITIALIZED
                  00007750    00000010     DSP2833x_GlobalVariableDefs.obj (ScibRegsFile)

ScicRegsFile 
*          1    00007770    00000010     UNINITIALIZED
                  00007770    00000010     DSP2833x_GlobalVariableDefs.obj (ScicRegsFile)

I2caRegsFile 
*          1    00007900    00000022     UNINITIALIZED
                  00007900    00000022     DSP2833x_GlobalVariableDefs.obj (I2caRegsFile)

CsmPwlFile 
*          1    0033fff8    00000008     UNINITIALIZED
                  0033fff8    00000008     DSP2833x_GlobalVariableDefs.obj (CsmPwlFile)

PartIdRegsFile 
*          1    00380090    00000001     UNINITIALIZED
                  00380090    00000001     DSP2833x_GlobalVariableDefs.obj (PartIdRegsFile)

.text.1    0    00009000    00001000     
                  00009000    00000377     DSP2833x_DMA.obj (.text)
                  00009377    00000316     DSP2833x_DefaultIsr.obj (.text:retain)
                  0000968d    00000294     HDL_Uart.obj (.text)
                  00009921    00000215     HDL_Uart.obj (.text:retain)
                  00009b36    0000012e     mbrtu.obj (.text)
                  00009c64    00000117     BFL_Measure.obj (.text)
                  00009d7b    00000107     rts2800_fpu32.lib : ll_div28.asm.obj (.text)
                  00009e82    000000fc     DSP2833x_SysCtrl.obj (.text)
                  00009f7e    00000081     BFL_SCR.obj (.text:retain)
                  00009fff    00000001     rts2800_fpu32.lib : _lock.c.obj (.text)

.text.2    0    0000a000    00000d13     
                  0000a000    000000ef     HDL_CPU_Time.obj (.text)
                  0000a0ef    000000ba     mbfuncholding.obj (.text)
                  0000a1a9    00000001     rts2800_fpu32.lib : startup.c.obj (.text)
                  0000a1aa    000000ae     BFL_Measure.obj (.text:retain)
                  0000a258    0000009f     BFL_RS485.obj (.text)
                  0000a2f7    0000009c     rts2800_fpu32.lib : fd_add28.asm.obj (.text)
                  0000a393    00000001     --HOLE-- [fill = 0]
                  0000a394    00000097     mbcb.obj (.text)
                  0000a42b    00000094     mbfunccoils.obj (.text)
                  0000a4bf    00000092     APP_Main.obj (.text)
                  0000a551    0000008e     HDL_CPU_Time.obj (.text:retain)
                  0000a5df    0000008b     rts2800_fpu32.lib : fd_div28.asm.obj (.text)
                  0000a66a    00000088                       : fs_div28.asm.obj (.text)
                  0000a6f2    00000083                       : fd_mpy28.asm.obj (.text)
                  0000a775    0000006c     cqueue.obj (.text)
                  0000a7e1    0000005a     mb.obj (.text)
                  0000a83b    00000059     HDL_CAN.obj (.text:retain)
                  0000a894    00000057     average_filter.obj (.text)
                  0000a8eb    00000056     rts2800_fpu32.lib : boot28.asm.obj (.text)
                  0000a941    00000052     mbfuncdisc.obj (.text)
                  0000a993    0000003c     mbfuncinput.obj (.text)
                  0000a9cf    00000034     portserial.obj (.text)
                  0000aa03    00000033     DSP2833x_CpuTimers.obj (.text)
                  0000aa36    0000002a     mbutils.obj (.text)
                  0000aa60    0000002a     rts2800_fpu32.lib : fd_cmp28.asm.obj (.text)
                  0000aa8a    0000002a                       : l_div28.asm.obj (.text)
                  0000aab4    00000029     mbcrc.obj (.text)
                  0000aadd    00000029     rts2800_fpu32.lib : exit.c.obj (.text)
                  0000ab06    00000028     DSP2833x_PieCtrl.obj (.text)
                  0000ab2e    00000027     rts2800_fpu32.lib : e_sqrtf.c.obj (.text)
                  0000ab55    00000024                       : cpy_tbl.c.obj (.text)
                  0000ab79    00000021                       : fd_toi28.asm.obj (.text)
                  0000ab9a    0000001f                       : fd_tol28.asm.obj (.text)
                  0000abb9    0000001e                       : ll_cmp28.asm.obj (.text)
                  0000abd7    0000001d                       : i_tofd28.asm.obj (.text)
                  0000abf4    0000001c                       : fs_tofdfpu32.asm.obj (.text)
                  0000ac10    0000001c                       : l_tofd28.asm.obj (.text)
                  0000ac2c    0000001c                       : memcpy.c.obj (.text)
                  0000ac48    00000019                       : prolog28.asm.obj (.text)
                  0000ac61    00000018                       : ll_aox28.asm.obj (.text)
                  0000ac79    00000014     DSP2833x_Adc.obj (.text)
                  0000ac8d    00000014     main.obj (.text)
                  0000aca1    00000012     mbfuncother.obj (.text)
                  0000acb3    00000012     rts2800_fpu32.lib : args_main.c.obj (.text)
                  0000acc5    00000011     DSP2833x_PieVect.obj (.text)
                  0000acd6    0000000e     rts2800_fpu32.lib : fd_sub28.asm.obj (.text)
                  0000ace4    0000000c                       : epilog28.asm.obj (.text)
                  0000acf0    0000000b                       : u_div28.asm.obj (.text)
                  0000acfb    00000009                       : fd_neg28.asm.obj (.text)
                  0000ad04    00000008     DSP2833x_CodeStartBranch.obj (.text)
                  0000ad0c    00000005     porttimer.obj (.text)
                  0000ad11    00000002     rts2800_fpu32.lib : pre_init.c.obj (.text)

.ebss.1    1    0000c3c0    0000063e     UNINITIALIZED
                  0000c3c0    00000101     APP_Main.obj (.ebss:_buffer$2)
                  0000c4c1    00000020     mbfuncother.obj (.ebss:_ucMBSlaveID$15)
                  0000c4e1    00000001     BFL_Buzz.obj (.ebss)
                  0000c4e2    0000001c     mb.obj (.ebss)
                  0000c4fe    00000002     rts2800_fpu32.lib : _lock.c.obj (.ebss:__lock)
                  0000c500    00000100     mbrtu.obj (.ebss:_ucRTUBuf)
                  0000c600    000000a0     BFL_Measure.obj (.ebss:_AdcVoltRMSFilterBuf)
                  0000c6a0    00000020     mbcb.obj (.ebss:_usRegHoldingBuf)
                  0000c6c0    00000096     HDL_Uart.obj (.ebss:__gCOMList)
                  0000c756    00000018     DSP2833x_CpuTimers.obj (.ebss)
                  0000c76e    00000012     BFL_SCR.obj (.ebss)
                  0000c780    00000080     APP_Main.obj (.ebss)
                  0000c800    00000080     BFL_Measure.obj (.ebss:_AdcVoltRMSFilter)
                  0000c880    00000050     HDL_Uart.obj (.ebss:_m_Com1RxBuf)
                  0000c8d0    00000016     period_query.obj (.ebss:_period_last_exe_tick_table$4)
                  0000c8e6    00000010     BFL_Measure.obj (.ebss:_AdcAvg)
                  0000c8f6    0000000a     HDL_CAN.obj (.ebss)
                  0000c900    00000050     HDL_Uart.obj (.ebss:_m_Com2RxBuf)
                  0000c950    00000010     BFL_Measure.obj (.ebss:_AdcRMS)
                  0000c960    00000010     BFL_Measure.obj (.ebss:_AdcVoltAvg)
                  0000c970    00000010     BFL_Measure.obj (.ebss:_AdcVoltRMS)
                  0000c980    00000050     HDL_Uart.obj (.ebss:_m_Com3RxBuf)
                  0000c9d0    00000008     mbcb.obj (.ebss:_usRegInputBuf)
                  0000c9d8    00000006     BFL_Measure.obj (.ebss)
                  0000c9de    00000006     HDL_CPU_Time.obj (.ebss)
                  0000c9e4    00000006     mbrtu.obj (.ebss)
                  0000c9ea    00000006     rts2800_fpu32.lib : exit.c.obj (.ebss)
                  0000c9f0    00000002                       : _lock.c.obj (.ebss:__unlock)
                  0000c9f2    00000002     mbcb.obj (.ebss:_ucRegCoilsBuf)
                  0000c9f4    00000002     mbcb.obj (.ebss:_ucRegDiscreteBuf)
                  0000c9f6    00000002     portevent.obj (.ebss)
                  0000c9f8    00000001     HDL_Uart.obj (.ebss:_m_Com1TxBuf)
                  0000c9f9    00000001     HDL_Uart.obj (.ebss:_m_Com2TxBuf)
                  0000c9fa    00000001     HDL_Uart.obj (.ebss:_m_Com3TxBuf)
                  0000c9fb    00000001     mbfuncother.obj (.ebss)
                  0000c9fc    00000001     porttimer.obj (.ebss)
                  0000c9fd    00000001     rts2800_fpu32.lib : errno.c.obj (.ebss)

.ebss.2    1    0000ca00    00000040     UNINITIALIZED
                  0000ca00    00000040     mb.obj (.ebss:_xFuncHandlers$17)

MODULE SUMMARY

       Module                                   code   initialized data   uninitialized data
       ------                                   ----   ----------------   ------------------
    .\
       DSP2833x_GlobalVariableDefs.obj          0      0                  2679              
       DSP2833x_DMA.obj                         887    0                  0                 
       DSP2833x_DefaultIsr.obj                  790    0                  0                 
       DSP2833x_PieVect.obj                     17     256                0                 
       DSP2833x_SysCtrl.obj                     252    0                  0                 
       DSP2833x_CpuTimers.obj                   51     0                  24                
       DSP2833x_PieCtrl.obj                     40     0                  0                 
       DSP2833x_Adc.obj                         20     0                  0                 
       DSP2833x_CodeStartBranch.obj             10     0                  0                 
       DSP2833x_ADC_cal.obj                     7      0                  0                 
       DSP2833x_usDelay.obj                     4      0                  0                 
    +--+----------------------------------------+------+------------------+--------------------+
       Total:                                   2078   256                2703              
                                                                                            
    .\APP\
       APP_Main.obj                             146    8                  385               
    +--+----------------------------------------+------+------------------+--------------------+
       Total:                                   146    8                  385               
                                                                                            
    .\Application\
       main.obj                                 20     0                  0                 
    +--+----------------------------------------+------+------------------+--------------------+
       Total:                                   20     0                  0                 
                                                                                            
    .\BFL\
       BFL_Measure.obj                          453    4                  1318              
       BFL_RS485.obj                            159    0                  0                 
       BFL_SCR.obj                              129    0                  18                
       BFL_VCB.obj                              0      91                 0                 
       period_query.obj                         0      0                  22                
       BFL_Buzz.obj                             0      4                  1                 
    +--+----------------------------------------+------+------------------+--------------------+
       Total:                                   741    99                 1359              
                                                                                            
    .\HDL\
       HDL_Uart.obj                             1193   174                393               
       HDL_CPU_Time.obj                         381    13                 6                 
       HDL_CAN.obj                              89     0                  10                
    +--+----------------------------------------+------+------------------+--------------------+
       Total:                                   1663   187                409               
                                                                                            
    .\LIB\
       cqueue.obj                               108    0                  0                 
       average_filter.obj                       87     0                  0                 
    +--+----------------------------------------+------+------------------+--------------------+
       Total:                                   195    0                  0                 
                                                                                            
    .\freemodbus\
       mb.obj                                   90     0                  92                
    +--+----------------------------------------+------+------------------+--------------------+
       Total:                                   90     0                  92                
                                                                                            
    .\freemodbus\functions\
       mbfuncholding.obj                        186    0                  0                 
       mbfunccoils.obj                          148    0                  0                 
       mbfuncdisc.obj                           82     0                  0                 
       mbfuncinput.obj                          60     0                  0                 
       mbfuncother.obj                          18     0                  33                
       mbutils.obj                              42     0                  0                 
    +--+----------------------------------------+------+------------------+--------------------+
       Total:                                   536    0                  33                
                                                                                            
    .\freemodbus\port\
       mbcb.obj                                 151    2                  44                
       portserial.obj                           52     0                  0                 
       porttimer.obj                            5      0                  1                 
       portevent.obj                            0      0                  2                 
    +--+----------------------------------------+------+------------------+--------------------+
       Total:                                   208    2                  47                
                                                                                            
    .\freemodbus\rtu\
       mbrtu.obj                                302    0                  262               
       mbcrc.obj                                41     512                0                 
    +--+----------------------------------------+------+------------------+--------------------+
       Total:                                   343    512                262               
                                                                                            
    C:\Users\liuyu\AppData\Local\Temp\
       {4D016D83-1997-4B79-B2E9-BE36AD5F35EE}   0      125                0                 
    +--+----------------------------------------+------+------------------+--------------------+
       Total:                                   0      125                0                 
                                                                                            
    C:/ti/ccstheia131/ccs/tools/compiler/ti-cgt-c2000_22.6.1A23259/lib/rts2800_fpu32.lib
       ll_div28.asm.obj                         263    0                  0                 
       fd_add28.asm.obj                         156    0                  0                 
       fd_div28.asm.obj                         139    0                  0                 
       fs_div28.asm.obj                         136    0                  0                 
       fd_mpy28.asm.obj                         131    0                  0                 
       boot28.asm.obj                           86     0                  0                 
       _printfi.c.obj                           0      66                 0                 
       exit.c.obj                               41     14                 6                 
       fd_cmp28.asm.obj                         42     0                  0                 
       l_div28.asm.obj                          42     0                  0                 
       e_sqrtf.c.obj                            39     0                  0                 
       cpy_tbl.c.obj                            36     0                  0                 
       fd_toi28.asm.obj                         33     0                  0                 
       fd_tol28.asm.obj                         31     0                  0                 
       ll_cmp28.asm.obj                         30     0                  0                 
       i_tofd28.asm.obj                         29     0                  0                 
       fs_tofdfpu32.asm.obj                     28     0                  0                 
       l_tofd28.asm.obj                         28     0                  0                 
       memcpy.c.obj                             28     0                  0                 
       prolog28.asm.obj                         25     0                  0                 
       ll_aox28.asm.obj                         24     0                  0                 
       args_main.c.obj                          18     0                  0                 
       fd_sub28.asm.obj                         14     0                  0                 
       epilog28.asm.obj                         12     0                  0                 
       u_div28.asm.obj                          11     0                  0                 
       fd_neg28.asm.obj                         9      0                  0                 
       _lock.c.obj                              1      0                  4                 
       pre_init.c.obj                           2      0                  0                 
       errno.c.obj                              0      0                  1                 
       startup.c.obj                            1      0                  0                 
    +--+----------------------------------------+------+------------------+--------------------+
       Total:                                   1435   80                 11                
                                                                                            
       Stack:                                   0      0                  512               
    +--+----------------------------------------+------+------------------+--------------------+
       Grand Total:                             7455   1269               5813              


GLOBAL DATA SYMBOLS: SORTED BY DATA PAGE

address     data page           name
--------    ----------------    ----
00000400      10 (00000400)     __stack

00000880      22 (00000880)     _DevEmuRegs

00000a80      2a (00000a80)     _FlashRegs

00000ae0      2b (00000ac0)     _CsmRegs

00000b00      2c (00000b00)     _AdcMirror
00000b20      2c (00000b00)     _XintfRegs

00000c00      30 (00000c00)     _CpuTimer0Regs
00000c08      30 (00000c00)     _CpuTimer1Regs
00000c10      30 (00000c00)     _CpuTimer2Regs

00000ce0      33 (00000cc0)     _PieCtrlRegs

00000d00      34 (00000d00)     _PieVectTable

00001000      40 (00001000)     _DmaRegs

00005000     140 (00005000)     _McbspaRegs

00005040     141 (00005040)     _McbspbRegs

00006000     180 (00006000)     _ECanaRegs

00006040     181 (00006040)     _ECanaLAMRegs

00006080     182 (00006080)     _ECanaMOTSRegs

000060c0     183 (000060c0)     _ECanaMOTORegs

00006100     184 (00006100)     _ECanaMboxes

00006200     188 (00006200)     _ECanbRegs

00006240     189 (00006240)     _ECanbLAMRegs

00006280     18a (00006280)     _ECanbMOTSRegs

000062c0     18b (000062c0)     _ECanbMOTORegs

00006300     18c (00006300)     _ECanbMboxes

00006800     1a0 (00006800)     _EPwm1Regs

00006840     1a1 (00006840)     _EPwm2Regs

00006880     1a2 (00006880)     _EPwm3Regs

000068c0     1a3 (000068c0)     _EPwm4Regs

00006900     1a4 (00006900)     _EPwm5Regs

00006940     1a5 (00006940)     _EPwm6Regs

00006a00     1a8 (00006a00)     _ECap1Regs
00006a20     1a8 (00006a00)     _ECap2Regs

00006a40     1a9 (00006a40)     _ECap3Regs
00006a60     1a9 (00006a40)     _ECap4Regs

00006a80     1aa (00006a80)     _ECap5Regs
00006aa0     1aa (00006a80)     _ECap6Regs

00006b00     1ac (00006b00)     _EQep1Regs

00006b40     1ad (00006b40)     _EQep2Regs

00006f80     1be (00006f80)     _GpioCtrlRegs

00006fc0     1bf (00006fc0)     _GpioDataRegs
00006fe0     1bf (00006fc0)     _GpioIntRegs

00007010     1c0 (00007000)     _SysCtrlRegs

00007040     1c1 (00007040)     _SpiaRegs
00007050     1c1 (00007040)     _SciaRegs
00007070     1c1 (00007040)     _XIntruptRegs

00007100     1c4 (00007100)     _AdcRegs

00007750     1dd (00007740)     _ScibRegs
00007770     1dd (00007740)     _ScicRegs

00007900     1e4 (00007900)     _I2caRegs

0000c000     300 (0000c000)     _DMABuf1

0000c4f2     313 (0000c4c0)     _pxMBFrameCBByteReceived
0000c4f4     313 (0000c4c0)     _pxMBFrameCBTransmitterEmpty
0000c4f6     313 (0000c4c0)     _pxMBPortCBTimerExpired
0000c4f8     313 (0000c4c0)     _pxMBFrameCBReceiveFSMCur
0000c4fa     313 (0000c4c0)     _pxMBFrameCBTransmitFSMCur
0000c4fe     313 (0000c4c0)     __lock

0000c500     314 (0000c500)     _ucRTUBuf

0000c6a0     31a (0000c680)     _usRegHoldingBuf

0000c6c0     31b (0000c6c0)     __gCOMList

0000c756     31d (0000c740)     _CpuTimer0
0000c75e     31d (0000c740)     _CpuTimer1
0000c766     31d (0000c740)     _CpuTimer2
0000c76e     31d (0000c740)     _epwm1_info
0000c774     31d (0000c740)     _epwm2_info
0000c77a     31d (0000c740)     _epwm3_info

0000c780     31e (0000c780)     _g_app_main_stack
0000c781     31e (0000c780)     _cnt
0000c782     31e (0000c780)     _sdata
0000c783     31e (0000c780)     _rdata
0000c784     31e (0000c780)     _t
0000c786     31e (0000c780)     _signal

0000c7c0     31f (0000c7c0)     _measure

0000c8f6     323 (0000c8c0)     _can_rx_msg

0000c9d0     327 (0000c9c0)     _usRegInputBuf
0000c9da     327 (0000c9c0)     _DMADest
0000c9dc     327 (0000c9c0)     _DMASource
0000c9ea     327 (0000c9c0)     ___TI_enable_exit_profile_output
0000c9ec     327 (0000c9c0)     ___TI_cleanup_ptr
0000c9ee     327 (0000c9c0)     ___TI_dtors_ptr
0000c9f0     327 (0000c9c0)     __unlock
0000c9f2     327 (0000c9c0)     _ucRegCoilsBuf
0000c9f4     327 (0000c9c0)     _ucRegDiscreteBuf
0000c9fd     327 (0000c9c0)     _errno

0000d200     348 (0000d200)     _PieVectTableInit

0000d3b6     34e (0000d380)     _usRegInputStart
0000d3b7     34e (0000d380)     _usRegHoldingStart

0033fff8    cfff (0033ffc0)     _CsmPwl

00380090    e002 (00380080)     _PartIdRegs


GLOBAL SYMBOLS: SORTED ALPHABETICALLY BY Name 

page  address   name                                    
----  -------   ----                                    
abs   ffffffff  .text                                   
0     0000aadd  C$$EXIT                                 
0     0000a2f7  FD$$ADD                                 
0     0000aa60  FD$$CMP                                 
0     0000a5df  FD$$DIV                                 
0     0000a6f2  FD$$MPY                                 
0     0000acfb  FD$$NEG                                 
0     0000acd6  FD$$SUB                                 
0     0000ab79  FD$$TOI                                 
0     0000ab9a  FD$$TOL                                 
0     0000a66a  FS$$DIV                                 
0     0000abf4  FS$$TOFD                                
0     0000abd7  I$$TOFD                                 
0     0000aa8a  L$$DIV                                  
0     0000aa99  L$$MOD                                  
0     0000ac10  L$$TOFD                                 
0     0000ac61  LL$$AND                                 
0     0000abb9  LL$$CMP                                 
0     00009d7b  LL$$DIV                                 
0     00009db7  LL$$MOD                                 
0     0000ac69  LL$$OR                                  
0     0000ac71  LL$$XOR                                 
0     0000acf0  U$$DIV                                  
0     0000acf5  U$$MOD                                  
0     0000aaa7  UL$$DIV                                 
0     0000aaae  UL$$MOD                                 
0     0000abcb  ULL$$CMP                                
0     00009df1  ULL$$DIV                                
0     00009e20  ULL$$MOD                                
0     00009683  _ADCINT_ISR                             
0     00380080  _ADC_cal                                
0     0000a4f9  _APP_Main_Init                          
0     0000a4bf  _APP_Main_Poll                          
1     00000b00  _AdcMirror                              
1     00007100  _AdcRegs                                
0     00009d5e  _BFL_Measure_Init                       
0     00009d3d  _BFL_Measure_Read                       
0     00009d37  _BFL_Measure_ReadReady                  
0     0000a2ac  _BFL_RS485_Init                         
0     0000a29e  _BFL_RS485_Read                         
0     0000a290  _BFL_RS485_Release_Bus                  
0     0000a28b  _BFL_RS485_Release_Bus_RS4851           
0     0000a286  _BFL_RS485_Release_Bus_RS4852           
0     0000a258  _BFL_RS485_Take_Bus                     
0     0000a281  _BFL_RS485_Take_Bus_RS4851              
0     0000a27c  _BFL_RS485_Take_Bus_RS4852              
0     0000a266  _BFL_RS485_Write                        
0     0000a83b  _CANA_ISR                               
1     0000c756  _CpuTimer0                              
1     00000c00  _CpuTimer0Regs                          
1     0000c75e  _CpuTimer1                              
1     00000c08  _CpuTimer1Regs                          
1     0000c766  _CpuTimer2                              
1     00000c10  _CpuTimer2Regs                          
1     0033fff8  _CsmPwl                                 
1     00000ae0  _CsmRegs                                
0     00009f50  _CsmUnlock                              
0     00009679  _DATALOG_ISR                            
0     0000966f  _DINTCH1_ISR                            
0     00009665  _DINTCH2_ISR                            
0     0000965b  _DINTCH3_ISR                            
0     00009651  _DINTCH4_ISR                            
0     00009647  _DINTCH5_ISR                            
0     0000963d  _DINTCH6_ISR                            
1     0000c000  _DMABuf1                                
0     0000936d  _DMACH1AddrConfig                       
0     00009364  _DMACH1BurstConfig                      
0     00009301  _DMACH1ModeConfig                       
0     000092f8  _DMACH1TransferConfig                   
0     000092ee  _DMACH1WrapConfig                       
0     000092e4  _DMACH2AddrConfig                       
0     000092db  _DMACH2BurstConfig                      
0     00009278  _DMACH2ModeConfig                       
0     0000926f  _DMACH2TransferConfig                   
0     00009265  _DMACH2WrapConfig                       
0     0000925b  _DMACH3AddrConfig                       
0     00009252  _DMACH3BurstConfig                      
0     000091ef  _DMACH3ModeConfig                       
0     000091e6  _DMACH3TransferConfig                   
0     000091dc  _DMACH3WrapConfig                       
0     000091d2  _DMACH4AddrConfig                       
0     000091c9  _DMACH4BurstConfig                      
0     00009164  _DMACH4ModeConfig                       
0     0000915b  _DMACH4TransferConfig                   
0     00009151  _DMACH4WrapConfig                       
0     00009147  _DMACH5AddrConfig                       
0     0000913e  _DMACH5BurstConfig                      
0     000090d9  _DMACH5ModeConfig                       
0     000090d0  _DMACH5TransferConfig                   
0     000090c6  _DMACH5WrapConfig                       
0     000090bc  _DMACH6AddrConfig                       
0     000090b3  _DMACH6BurstConfig                      
0     0000904e  _DMACH6ModeConfig                       
0     00009045  _DMACH6TransferConfig                   
0     0000903b  _DMACH6WrapConfig                       
1     0000c9da  _DMADest                                
0     00009030  _DMAInitialize                          
1     0000c9dc  _DMASource                              
0     00008140  _DSP28x_usDelay                         
1     00000880  _DevEmuRegs                             
0     00009e8c  _DisableDog                             
1     00001000  _DmaRegs                                
0     00009633  _ECAN0INTA_ISR                          
0     00009629  _ECAN0INTB_ISR                          
0     0000961f  _ECAN1INTA_ISR                          
0     00009615  _ECAN1INTB_ISR                          
0     0000960b  _ECAP1_INT_ISR                          
0     00009601  _ECAP2_INT_ISR                          
0     000095f7  _ECAP3_INT_ISR                          
0     000095ed  _ECAP4_INT_ISR                          
0     000095e3  _ECAP5_INT_ISR                          
0     000095d9  _ECAP6_INT_ISR                          
1     00006040  _ECanaLAMRegs                           
1     000060c0  _ECanaMOTORegs                          
1     00006080  _ECanaMOTSRegs                          
1     00006100  _ECanaMboxes                            
1     00006000  _ECanaRegs                              
1     00006240  _ECanbLAMRegs                           
1     000062c0  _ECanbMOTORegs                          
1     00006280  _ECanbMOTSRegs                          
1     00006300  _ECanbMboxes                            
1     00006200  _ECanbRegs                              
1     00006a00  _ECap1Regs                              
1     00006a20  _ECap2Regs                              
1     00006a40  _ECap3Regs                              
1     00006a60  _ECap4Regs                              
1     00006a80  _ECap5Regs                              
1     00006aa0  _ECap6Regs                              
0     000095cf  _EMUINT_ISR                             
0     000095c5  _EPWM1_INT_ISR                          
0     000095bb  _EPWM1_TZINT_ISR                        
0     000095b1  _EPWM2_INT_ISR                          
0     000095a7  _EPWM2_TZINT_ISR                        
0     0000959d  _EPWM3_INT_ISR                          
0     00009593  _EPWM3_TZINT_ISR                        
0     00009589  _EPWM4_INT_ISR                          
0     0000957f  _EPWM4_TZINT_ISR                        
0     00009575  _EPWM5_INT_ISR                          
0     0000956b  _EPWM5_TZINT_ISR                        
0     00009561  _EPWM6_INT_ISR                          
0     00009557  _EPWM6_TZINT_ISR                        
1     00006800  _EPwm1Regs                              
1     00006840  _EPwm2Regs                              
1     00006880  _EPwm3Regs                              
1     000068c0  _EPwm4Regs                              
1     00006900  _EPwm5Regs                              
1     00006940  _EPwm6Regs                              
0     0000954d  _EQEP1_INT_ISR                          
0     00009543  _EQEP2_INT_ISR                          
1     00006b00  _EQep1Regs                              
1     00006b40  _EQep2Regs                              
0     0000ab25  _EnableInterrupts                       
0     0000a9f1  _EnterCriticalSection                   
0     0000a9f5  _ExitCriticalSection                    
1     00000a80  _FlashRegs                              
1     00006f80  _GpioCtrlRegs                           
1     00006fc0  _GpioDataRegs                           
1     00006fe0  _GpioIntRegs                            
0     0000a0dc  _HDL_CPU_Time_DelayMs                   
0     0000a0ca  _HDL_CPU_Time_DelayUs                   
0     0000a0c1  _HDL_CPU_Time_GetTick                   
0     0000a0ba  _HDL_CPU_Time_GetUsTick                 
0     0000a06a  _HDL_CPU_Time_Init                      
0     0000a065  _HDL_CPU_Time_ResetTick                 
0     0000a05f  _HDL_CPU_Time_ResetUsTick               
0     0000a05b  _HDL_CPU_Time_SetCPUTickCallback        
0     0000a040  _HDL_CPU_Time_StartHardTimer            
0     0000a000  _HDL_CPU_Time_StopHardTimer             
0     00009539  _I2CINT1A_ISR                           
0     0000952f  _I2CINT2A_ISR                           
1     00007900  _I2caRegs                               
0     00009525  _ILLEGAL_ISR                            
0     0000951b  _INT13_ISR                              
0     00009511  _INT14_ISR                              
0     0000ac79  _InitAdc                                
0     0000aa03  _InitCpuTimers                          
0     00009ee1  _InitPeripheralClocks                   
0     0000ab06  _InitPieCtrl                            
0     0000acc5  _InitPieVectTable                       
0     00009e94  _InitPll                                
0     000097d8  _InitSciaGpio                           
0     000097be  _InitScibGpio                           
0     00009731  _InitScicGpio                           
0     00009f47  _InitSysCtrl                            
0     00009507  _LUF_ISR                                
0     000094fd  _LVF_ISR                                
0     000094f3  _MRINTA_ISR                             
0     000094e9  _MRINTB_ISR                             
0     000094df  _MXINTA_ISR                             
0     000094d5  _MXINTB_ISR                             
1     00005000  _McbspaRegs                             
1     00005040  _McbspbRegs                             
0     000094cb  _NMI_ISR                                
0     000094c1  _PIE_RESERVED                           
1     00380090  _PartIdRegs                             
1     00000ce0  _PieCtrlRegs                            
1     00000d00  _PieVectTable                           
1     0000d200  _PieVectTableInit                       
0     000094b7  _RTOSINT_ISR                            
0     000094ad  _SCIRXINTA_ISR                          
0     000094a3  _SCIRXINTB_ISR                          
0     00009499  _SCIRXINTC_ISR                          
0     0000948f  _SCITXINTA_ISR                          
0     00009485  _SCITXINTB_ISR                          
0     0000947b  _SCITXINTC_ISR                          
0     00009471  _SEQ1INT_ISR                            
0     00009467  _SEQ2INT_ISR                            
0     0000945d  _SPIRXINTA_ISR                          
0     00009453  _SPITXINTA_ISR                          
1     00007050  _SciaRegs                               
1     00007750  _ScibRegs                               
1     00007770  _ScicRegs                               
0     00009e82  _ServiceDog                             
1     00007040  _SpiaRegs                               
0     00009028  _StartDMACH1                            
0     00009020  _StartDMACH2                            
0     00009018  _StartDMACH3                            
0     00009010  _StartDMACH4                            
0     00009008  _StartDMACH5                            
0     00009000  _StartDMACH6                            
1     00007010  _SysCtrlRegs                            
0     00009449  _TINT0_ISR                              
0     0000943f  _USER10_ISR                             
0     00009435  _USER11_ISR                             
0     0000942b  _USER12_ISR                             
0     00009421  _USER1_ISR                              
0     00009417  _USER2_ISR                              
0     0000940d  _USER3_ISR                              
0     00009403  _USER4_ISR                              
0     000093f9  _USER5_ISR                              
0     000093ef  _USER6_ISR                              
0     000093e5  _USER7_ISR                              
0     000093db  _USER8_ISR                              
0     000093d1  _USER9_ISR                              
0     00009909  _Uart_AvailableBytes                    
0     000098e4  _Uart_EmptyReadBuffer                   
0     000097f4  _Uart_Init                              
0     00009719  _Uart_Read                              
0     0000970b  _Uart_RegisterReceiveCharCallback       
0     000096fd  _Uart_RegisterReceiveReadyCharCallback  
0     000096ee  _Uart_SetWriteOverCallback              
0     000096df  _Uart_UnregisterReceiveCharCallback     
0     0000968d  _Uart_Write                             
0     000093c7  _WAKEINT_ISR                            
0     000093bd  _XINT1_ISR                              
0     000093b3  _XINT2_ISR                              
0     000093a9  _XINT3_ISR                              
0     0000939f  _XINT4_ISR                              
0     00009395  _XINT5_ISR                              
0     0000938b  _XINT6_ISR                              
0     00009381  _XINT7_ISR                              
1     00007070  _XIntruptRegs                           
1     00000b20  _XintfRegs                              
1     00000600  __STACK_END                             
abs   00000200  __STACK_SIZE                            
1     0000c9ec  ___TI_cleanup_ptr                       
1     0000c9ee  ___TI_dtors_ptr                         
1     0000c9ea  ___TI_enable_exit_profile_output        
abs   ffffffff  ___TI_pprof_out_hndl                    
abs   ffffffff  ___TI_prof_data_size                    
abs   ffffffff  ___TI_prof_data_start                   
abs   ffffffff  ___binit__                              
abs   ffffffff  ___c_args__                             
0     00008000  ___cinit__                              
abs   ffffffff  ___etext__                              
abs   ffffffff  ___pinit__                              
abs   ffffffff  ___text__                               
0     0000acb3  __args_main                             
1     0000c6c0  __gCOMList                              
1     0000c4fe  __lock                                  
0     00009fff  __nop                                   
1     00000400  __stack                                 
0     0000a1a9  __system_post_cinit                     
0     0000ad11  __system_pre_init                       
1     0000c9f0  __unlock                                
0     0000aadd  _abort                                  
0     0000a8c9  _average_filter_init                    
0     0000a894  _average_filter_update                  
0     0000a8eb  _c_int00                                
1     0000c8f6  _can_rx_msg                             
1     0000c781  _cnt                                    
0     00009cf4  _config_ADC                             
0     00009cb7  _config_DMA                             
0     00009ca6  _config_ePWM4_to_generate_ADCSOCA       
0     00009c71  _config_ePWM4_to_generate_ADCSOCA_      
0     0000ab55  _copy_in                                
0     0000a5a5  _cpu_timer0_isr                         
0     0000a591  _cpu_timer1_isr                         
0     0000a551  _cpu_timer2_isr                         
0     0000a7c9  _cqueue_create                          
0     0000a7a4  _cqueue_enqueue                         
0     0000a775  _cqueue_out                             
0     0000a48b  _eMBFuncReadCoils                       
0     0000a941  _eMBFuncReadDiscreteInputs              
0     0000a182  _eMBFuncReadHoldingRegister             
0     0000a993  _eMBFuncReadInputRegister               
0     0000a0ef  _eMBFuncReadWriteMultipleHoldingRegister
0     0000aca1  _eMBFuncReportSlaveID                   
0     0000a461  _eMBFuncWriteCoil                       
0     0000a144  _eMBFuncWriteHoldingRegister            
0     0000a42b  _eMBFuncWriteMultipleCoils              
0     0000a159  _eMBFuncWriteMultipleHoldingRegister    
0     0000a7e1  _eMBPoll                                
0     00009c3d  _eMBRTUInit                             
0     00009bc5  _eMBRTUReceive                          
0     00009beb  _eMBRTUSend                             
0     00009c27  _eMBRTUStart                            
0     00009c19  _eMBRTUStop                             
0     0000a394  _eMBRegCoilsCB                          
0     0000a3fa  _eMBRegHoldingCB                        
0     00009c64  _enable_ePWM4                           
0     0000ace4  _epilog_c28x_1                          
0     0000ace8  _epilog_c28x_2                          
1     0000c76e  _epwm1_info                             
0     00009fd4  _epwm1_isr                              
1     0000c774  _epwm2_info                             
0     00009fa9  _epwm2_isr                              
1     0000c77a  _epwm3_info                             
0     00009f7e  _epwm3_isr                              
1     0000c9fd  _errno                                  
0     0000aadf  _exit                                   
1     0000c780  _g_app_main_stack                       
0     0000a1aa  _local_DINTCH1_ISR                      
0     0000ac8d  _main                                   
1     0000c7c0  _measure                                
0     0000ac2c  _memcpy                                 
0     0000ac48  _prolog_c28x_1                          
0     0000ac4c  _prolog_c28x_2                          
0     0000ac54  _prolog_c28x_3                          
0     0000aa52  _prveMBError2Exception                  
0     0000ad0c  _prvvTIMERExpiredISR                    
1     0000c4f2  _pxMBFrameCBByteReceived                
1     0000c4f8  _pxMBFrameCBReceiveFSMCur               
1     0000c4fa  _pxMBFrameCBTransmitFSMCur              
1     0000c4f4  _pxMBFrameCBTransmitterEmpty            
1     0000c4f6  _pxMBPortCBTimerExpired                 
1     0000c783  _rdata                                  
0     00009377  _rsvd_ISR                               
0     00009ad2  _sciaRxFifoIsr                          
0     00009a8d  _sciaTxFifoIsr                          
0     00009a20  _scibRxFifoIsr                          
0     000099d8  _scibTxFifoIsr                          
0     00009969  _scicRxFifoIsr                          
0     00009921  _scicTxFifoIsr                          
1     0000c782  _sdata                                  
0     0000a9f9  _serialReceiveOneByteISR                
0     0000a9fe  _serialSentOneByteISR                   
1     0000c786  _signal                                 
0     0000ab2e  _sqrt                                   
0     0000ab2e  _sqrtf                                  
1     0000c784  _t                                      
1     0000c500  _ucRTUBuf                               
1     0000c9f2  _ucRegCoilsBuf                          
1     0000c9f4  _ucRegDiscreteBuf                       
0     0000aab4  _usMBCRC16                              
1     0000c6a0  _usRegHoldingBuf                        
1     0000d3b7  _usRegHoldingStart                      
1     0000c9d0  _usRegInputBuf                          
1     0000d3b6  _usRegInputStart                        
0     0000a9cf  _vMBPortSerialEnable                    
0     00009b8a  _xMBRTUReceiveFSM                       
0     00009b69  _xMBRTUTimerT35Expired                  
0     00009b36  _xMBRTUTransmitFSM                      
0     0000aa36  _xMBUtilGetBits                         
abs   ffffffff  binit                                   
0     00008000  cinit                                   
0     00000000  code_start                              
abs   ffffffff  etext                                   
abs   ffffffff  pinit                                   


GLOBAL SYMBOLS: SORTED BY Symbol Address 

page  address   name                                    
----  -------   ----                                    
0     00000000  code_start                              
0     00008000  ___cinit__                              
0     00008000  cinit                                   
0     00008140  _DSP28x_usDelay                         
0     00009000  _StartDMACH6                            
0     00009008  _StartDMACH5                            
0     00009010  _StartDMACH4                            
0     00009018  _StartDMACH3                            
0     00009020  _StartDMACH2                            
0     00009028  _StartDMACH1                            
0     00009030  _DMAInitialize                          
0     0000903b  _DMACH6WrapConfig                       
0     00009045  _DMACH6TransferConfig                   
0     0000904e  _DMACH6ModeConfig                       
0     000090b3  _DMACH6BurstConfig                      
0     000090bc  _DMACH6AddrConfig                       
0     000090c6  _DMACH5WrapConfig                       
0     000090d0  _DMACH5TransferConfig                   
0     000090d9  _DMACH5ModeConfig                       
0     0000913e  _DMACH5BurstConfig                      
0     00009147  _DMACH5AddrConfig                       
0     00009151  _DMACH4WrapConfig                       
0     0000915b  _DMACH4TransferConfig                   
0     00009164  _DMACH4ModeConfig                       
0     000091c9  _DMACH4BurstConfig                      
0     000091d2  _DMACH4AddrConfig                       
0     000091dc  _DMACH3WrapConfig                       
0     000091e6  _DMACH3TransferConfig                   
0     000091ef  _DMACH3ModeConfig                       
0     00009252  _DMACH3BurstConfig                      
0     0000925b  _DMACH3AddrConfig                       
0     00009265  _DMACH2WrapConfig                       
0     0000926f  _DMACH2TransferConfig                   
0     00009278  _DMACH2ModeConfig                       
0     000092db  _DMACH2BurstConfig                      
0     000092e4  _DMACH2AddrConfig                       
0     000092ee  _DMACH1WrapConfig                       
0     000092f8  _DMACH1TransferConfig                   
0     00009301  _DMACH1ModeConfig                       
0     00009364  _DMACH1BurstConfig                      
0     0000936d  _DMACH1AddrConfig                       
0     00009377  _rsvd_ISR                               
0     00009381  _XINT7_ISR                              
0     0000938b  _XINT6_ISR                              
0     00009395  _XINT5_ISR                              
0     0000939f  _XINT4_ISR                              
0     000093a9  _XINT3_ISR                              
0     000093b3  _XINT2_ISR                              
0     000093bd  _XINT1_ISR                              
0     000093c7  _WAKEINT_ISR                            
0     000093d1  _USER9_ISR                              
0     000093db  _USER8_ISR                              
0     000093e5  _USER7_ISR                              
0     000093ef  _USER6_ISR                              
0     000093f9  _USER5_ISR                              
0     00009403  _USER4_ISR                              
0     0000940d  _USER3_ISR                              
0     00009417  _USER2_ISR                              
0     00009421  _USER1_ISR                              
0     0000942b  _USER12_ISR                             
0     00009435  _USER11_ISR                             
0     0000943f  _USER10_ISR                             
0     00009449  _TINT0_ISR                              
0     00009453  _SPITXINTA_ISR                          
0     0000945d  _SPIRXINTA_ISR                          
0     00009467  _SEQ2INT_ISR                            
0     00009471  _SEQ1INT_ISR                            
0     0000947b  _SCITXINTC_ISR                          
0     00009485  _SCITXINTB_ISR                          
0     0000948f  _SCITXINTA_ISR                          
0     00009499  _SCIRXINTC_ISR                          
0     000094a3  _SCIRXINTB_ISR                          
0     000094ad  _SCIRXINTA_ISR                          
0     000094b7  _RTOSINT_ISR                            
0     000094c1  _PIE_RESERVED                           
0     000094cb  _NMI_ISR                                
0     000094d5  _MXINTB_ISR                             
0     000094df  _MXINTA_ISR                             
0     000094e9  _MRINTB_ISR                             
0     000094f3  _MRINTA_ISR                             
0     000094fd  _LVF_ISR                                
0     00009507  _LUF_ISR                                
0     00009511  _INT14_ISR                              
0     0000951b  _INT13_ISR                              
0     00009525  _ILLEGAL_ISR                            
0     0000952f  _I2CINT2A_ISR                           
0     00009539  _I2CINT1A_ISR                           
0     00009543  _EQEP2_INT_ISR                          
0     0000954d  _EQEP1_INT_ISR                          
0     00009557  _EPWM6_TZINT_ISR                        
0     00009561  _EPWM6_INT_ISR                          
0     0000956b  _EPWM5_TZINT_ISR                        
0     00009575  _EPWM5_INT_ISR                          
0     0000957f  _EPWM4_TZINT_ISR                        
0     00009589  _EPWM4_INT_ISR                          
0     00009593  _EPWM3_TZINT_ISR                        
0     0000959d  _EPWM3_INT_ISR                          
0     000095a7  _EPWM2_TZINT_ISR                        
0     000095b1  _EPWM2_INT_ISR                          
0     000095bb  _EPWM1_TZINT_ISR                        
0     000095c5  _EPWM1_INT_ISR                          
0     000095cf  _EMUINT_ISR                             
0     000095d9  _ECAP6_INT_ISR                          
0     000095e3  _ECAP5_INT_ISR                          
0     000095ed  _ECAP4_INT_ISR                          
0     000095f7  _ECAP3_INT_ISR                          
0     00009601  _ECAP2_INT_ISR                          
0     0000960b  _ECAP1_INT_ISR                          
0     00009615  _ECAN1INTB_ISR                          
0     0000961f  _ECAN1INTA_ISR                          
0     00009629  _ECAN0INTB_ISR                          
0     00009633  _ECAN0INTA_ISR                          
0     0000963d  _DINTCH6_ISR                            
0     00009647  _DINTCH5_ISR                            
0     00009651  _DINTCH4_ISR                            
0     0000965b  _DINTCH3_ISR                            
0     00009665  _DINTCH2_ISR                            
0     0000966f  _DINTCH1_ISR                            
0     00009679  _DATALOG_ISR                            
0     00009683  _ADCINT_ISR                             
0     0000968d  _Uart_Write                             
0     000096df  _Uart_UnregisterReceiveCharCallback     
0     000096ee  _Uart_SetWriteOverCallback              
0     000096fd  _Uart_RegisterReceiveReadyCharCallback  
0     0000970b  _Uart_RegisterReceiveCharCallback       
0     00009719  _Uart_Read                              
0     00009731  _InitScicGpio                           
0     000097be  _InitScibGpio                           
0     000097d8  _InitSciaGpio                           
0     000097f4  _Uart_Init                              
0     000098e4  _Uart_EmptyReadBuffer                   
0     00009909  _Uart_AvailableBytes                    
0     00009921  _scicTxFifoIsr                          
0     00009969  _scicRxFifoIsr                          
0     000099d8  _scibTxFifoIsr                          
0     00009a20  _scibRxFifoIsr                          
0     00009a8d  _sciaTxFifoIsr                          
0     00009ad2  _sciaRxFifoIsr                          
0     00009b36  _xMBRTUTransmitFSM                      
0     00009b69  _xMBRTUTimerT35Expired                  
0     00009b8a  _xMBRTUReceiveFSM                       
0     00009bc5  _eMBRTUReceive                          
0     00009beb  _eMBRTUSend                             
0     00009c19  _eMBRTUStop                             
0     00009c27  _eMBRTUStart                            
0     00009c3d  _eMBRTUInit                             
0     00009c64  _enable_ePWM4                           
0     00009c71  _config_ePWM4_to_generate_ADCSOCA_      
0     00009ca6  _config_ePWM4_to_generate_ADCSOCA       
0     00009cb7  _config_DMA                             
0     00009cf4  _config_ADC                             
0     00009d37  _BFL_Measure_ReadReady                  
0     00009d3d  _BFL_Measure_Read                       
0     00009d5e  _BFL_Measure_Init                       
0     00009d7b  LL$$DIV                                 
0     00009db7  LL$$MOD                                 
0     00009df1  ULL$$DIV                                
0     00009e20  ULL$$MOD                                
0     00009e82  _ServiceDog                             
0     00009e8c  _DisableDog                             
0     00009e94  _InitPll                                
0     00009ee1  _InitPeripheralClocks                   
0     00009f47  _InitSysCtrl                            
0     00009f50  _CsmUnlock                              
0     00009f7e  _epwm3_isr                              
0     00009fa9  _epwm2_isr                              
0     00009fd4  _epwm1_isr                              
0     00009fff  __nop                                   
0     0000a000  _HDL_CPU_Time_StopHardTimer             
0     0000a040  _HDL_CPU_Time_StartHardTimer            
0     0000a05b  _HDL_CPU_Time_SetCPUTickCallback        
0     0000a05f  _HDL_CPU_Time_ResetUsTick               
0     0000a065  _HDL_CPU_Time_ResetTick                 
0     0000a06a  _HDL_CPU_Time_Init                      
0     0000a0ba  _HDL_CPU_Time_GetUsTick                 
0     0000a0c1  _HDL_CPU_Time_GetTick                   
0     0000a0ca  _HDL_CPU_Time_DelayUs                   
0     0000a0dc  _HDL_CPU_Time_DelayMs                   
0     0000a0ef  _eMBFuncReadWriteMultipleHoldingRegister
0     0000a144  _eMBFuncWriteHoldingRegister            
0     0000a159  _eMBFuncWriteMultipleHoldingRegister    
0     0000a182  _eMBFuncReadHoldingRegister             
0     0000a1a9  __system_post_cinit                     
0     0000a1aa  _local_DINTCH1_ISR                      
0     0000a258  _BFL_RS485_Take_Bus                     
0     0000a266  _BFL_RS485_Write                        
0     0000a27c  _BFL_RS485_Take_Bus_RS4852              
0     0000a281  _BFL_RS485_Take_Bus_RS4851              
0     0000a286  _BFL_RS485_Release_Bus_RS4852           
0     0000a28b  _BFL_RS485_Release_Bus_RS4851           
0     0000a290  _BFL_RS485_Release_Bus                  
0     0000a29e  _BFL_RS485_Read                         
0     0000a2ac  _BFL_RS485_Init                         
0     0000a2f7  FD$$ADD                                 
0     0000a394  _eMBRegCoilsCB                          
0     0000a3fa  _eMBRegHoldingCB                        
0     0000a42b  _eMBFuncWriteMultipleCoils              
0     0000a461  _eMBFuncWriteCoil                       
0     0000a48b  _eMBFuncReadCoils                       
0     0000a4bf  _APP_Main_Poll                          
0     0000a4f9  _APP_Main_Init                          
0     0000a551  _cpu_timer2_isr                         
0     0000a591  _cpu_timer1_isr                         
0     0000a5a5  _cpu_timer0_isr                         
0     0000a5df  FD$$DIV                                 
0     0000a66a  FS$$DIV                                 
0     0000a6f2  FD$$MPY                                 
0     0000a775  _cqueue_out                             
0     0000a7a4  _cqueue_enqueue                         
0     0000a7c9  _cqueue_create                          
0     0000a7e1  _eMBPoll                                
0     0000a83b  _CANA_ISR                               
0     0000a894  _average_filter_update                  
0     0000a8c9  _average_filter_init                    
0     0000a8eb  _c_int00                                
0     0000a941  _eMBFuncReadDiscreteInputs              
0     0000a993  _eMBFuncReadInputRegister               
0     0000a9cf  _vMBPortSerialEnable                    
0     0000a9f1  _EnterCriticalSection                   
0     0000a9f5  _ExitCriticalSection                    
0     0000a9f9  _serialReceiveOneByteISR                
0     0000a9fe  _serialSentOneByteISR                   
0     0000aa03  _InitCpuTimers                          
0     0000aa36  _xMBUtilGetBits                         
0     0000aa52  _prveMBError2Exception                  
0     0000aa60  FD$$CMP                                 
0     0000aa8a  L$$DIV                                  
0     0000aa99  L$$MOD                                  
0     0000aaa7  UL$$DIV                                 
0     0000aaae  UL$$MOD                                 
0     0000aab4  _usMBCRC16                              
0     0000aadd  C$$EXIT                                 
0     0000aadd  _abort                                  
0     0000aadf  _exit                                   
0     0000ab06  _InitPieCtrl                            
0     0000ab25  _EnableInterrupts                       
0     0000ab2e  _sqrt                                   
0     0000ab2e  _sqrtf                                  
0     0000ab55  _copy_in                                
0     0000ab79  FD$$TOI                                 
0     0000ab9a  FD$$TOL                                 
0     0000abb9  LL$$CMP                                 
0     0000abcb  ULL$$CMP                                
0     0000abd7  I$$TOFD                                 
0     0000abf4  FS$$TOFD                                
0     0000ac10  L$$TOFD                                 
0     0000ac2c  _memcpy                                 
0     0000ac48  _prolog_c28x_1                          
0     0000ac4c  _prolog_c28x_2                          
0     0000ac54  _prolog_c28x_3                          
0     0000ac61  LL$$AND                                 
0     0000ac69  LL$$OR                                  
0     0000ac71  LL$$XOR                                 
0     0000ac79  _InitAdc                                
0     0000ac8d  _main                                   
0     0000aca1  _eMBFuncReportSlaveID                   
0     0000acb3  __args_main                             
0     0000acc5  _InitPieVectTable                       
0     0000acd6  FD$$SUB                                 
0     0000ace4  _epilog_c28x_1                          
0     0000ace8  _epilog_c28x_2                          
0     0000acf0  U$$DIV                                  
0     0000acf5  U$$MOD                                  
0     0000acfb  FD$$NEG                                 
0     0000ad0c  _prvvTIMERExpiredISR                    
0     0000ad11  __system_pre_init                       
0     00380080  _ADC_cal                                
1     00000400  __stack                                 
1     00000600  __STACK_END                             
1     00000880  _DevEmuRegs                             
1     00000a80  _FlashRegs                              
1     00000ae0  _CsmRegs                                
1     00000b00  _AdcMirror                              
1     00000b20  _XintfRegs                              
1     00000c00  _CpuTimer0Regs                          
1     00000c08  _CpuTimer1Regs                          
1     00000c10  _CpuTimer2Regs                          
1     00000ce0  _PieCtrlRegs                            
1     00000d00  _PieVectTable                           
1     00001000  _DmaRegs                                
1     00005000  _McbspaRegs                             
1     00005040  _McbspbRegs                             
1     00006000  _ECanaRegs                              
1     00006040  _ECanaLAMRegs                           
1     00006080  _ECanaMOTSRegs                          
1     000060c0  _ECanaMOTORegs                          
1     00006100  _ECanaMboxes                            
1     00006200  _ECanbRegs                              
1     00006240  _ECanbLAMRegs                           
1     00006280  _ECanbMOTSRegs                          
1     000062c0  _ECanbMOTORegs                          
1     00006300  _ECanbMboxes                            
1     00006800  _EPwm1Regs                              
1     00006840  _EPwm2Regs                              
1     00006880  _EPwm3Regs                              
1     000068c0  _EPwm4Regs                              
1     00006900  _EPwm5Regs                              
1     00006940  _EPwm6Regs                              
1     00006a00  _ECap1Regs                              
1     00006a20  _ECap2Regs                              
1     00006a40  _ECap3Regs                              
1     00006a60  _ECap4Regs                              
1     00006a80  _ECap5Regs                              
1     00006aa0  _ECap6Regs                              
1     00006b00  _EQep1Regs                              
1     00006b40  _EQep2Regs                              
1     00006f80  _GpioCtrlRegs                           
1     00006fc0  _GpioDataRegs                           
1     00006fe0  _GpioIntRegs                            
1     00007010  _SysCtrlRegs                            
1     00007040  _SpiaRegs                               
1     00007050  _SciaRegs                               
1     00007070  _XIntruptRegs                           
1     00007100  _AdcRegs                                
1     00007750  _ScibRegs                               
1     00007770  _ScicRegs                               
1     00007900  _I2caRegs                               
1     0000c000  _DMABuf1                                
1     0000c4f2  _pxMBFrameCBByteReceived                
1     0000c4f4  _pxMBFrameCBTransmitterEmpty            
1     0000c4f6  _pxMBPortCBTimerExpired                 
1     0000c4f8  _pxMBFrameCBReceiveFSMCur               
1     0000c4fa  _pxMBFrameCBTransmitFSMCur              
1     0000c4fe  __lock                                  
1     0000c500  _ucRTUBuf                               
1     0000c6a0  _usRegHoldingBuf                        
1     0000c6c0  __gCOMList                              
1     0000c756  _CpuTimer0                              
1     0000c75e  _CpuTimer1                              
1     0000c766  _CpuTimer2                              
1     0000c76e  _epwm1_info                             
1     0000c774  _epwm2_info                             
1     0000c77a  _epwm3_info                             
1     0000c780  _g_app_main_stack                       
1     0000c781  _cnt                                    
1     0000c782  _sdata                                  
1     0000c783  _rdata                                  
1     0000c784  _t                                      
1     0000c786  _signal                                 
1     0000c7c0  _measure                                
1     0000c8f6  _can_rx_msg                             
1     0000c9d0  _usRegInputBuf                          
1     0000c9da  _DMADest                                
1     0000c9dc  _DMASource                              
1     0000c9ea  ___TI_enable_exit_profile_output        
1     0000c9ec  ___TI_cleanup_ptr                       
1     0000c9ee  ___TI_dtors_ptr                         
1     0000c9f0  __unlock                                
1     0000c9f2  _ucRegCoilsBuf                          
1     0000c9f4  _ucRegDiscreteBuf                       
1     0000c9fd  _errno                                  
1     0000d200  _PieVectTableInit                       
1     0000d3b6  _usRegInputStart                        
1     0000d3b7  _usRegHoldingStart                      
1     0033fff8  _CsmPwl                                 
1     00380090  _PartIdRegs                             
abs   00000200  __STACK_SIZE                            
abs   ffffffff  .text                                   
abs   ffffffff  ___TI_pprof_out_hndl                    
abs   ffffffff  ___TI_prof_data_size                    
abs   ffffffff  ___TI_prof_data_start                   
abs   ffffffff  ___binit__                              
abs   ffffffff  ___c_args__                             
abs   ffffffff  ___etext__                              
abs   ffffffff  ___pinit__                              
abs   ffffffff  ___text__                               
abs   ffffffff  binit                                   
abs   ffffffff  etext                                   
abs   ffffffff  pinit                                   

[369 symbols]
