******************************************************************************
             TMS320C2000 Linker PC v22.6.1                     
******************************************************************************
>> Linked Tue May 21 18:38:53 2024

OUTPUT FILE NAME:   <Example_2833xCpuTimer.out>
ENTRY POINT SYMBOL: "code_start"  address: 00000000


MEMORY CONFIGURATION

         name            origin    length      used     unused   attr    fill
----------------------  --------  ---------  --------  --------  ----  --------
PAGE 0:
  BEGIN                 00000000   00000002  00000002  00000000  RWIX
  RAMM0                 00000050   000003b0  00000000  000003b0  RWIX
  RAML0                 00008000   00001000  00000fff  00000001  RWIX
  RAML1                 00009000   00001000  00001000  00000000  RWIX
  RAML2                 0000a000   00001000  00001000  00000000  RWIX
  RAML3                 0000b000   00001000  00000879  00000787  RWIX
  ZONE7A                00200000   0000fc00  00000000  0000fc00  RWIX
  CSM_RSVD              0033ff80   00000076  00000000  00000076  RWIX
  CSM_PWL               0033fff8   00000008  00000000  00000008  RWIX
  ADC_CAL               00380080   00000009  00000007  00000002  RWIX
  IQTABLES              003fe000   00000b50  00000000  00000b50  RWIX
  IQTABLES2             003feb50   0000008c  00000000  0000008c  RWIX
  FPUTABLES             003febdc   000006a0  00000000  000006a0  RWIX
  BOOTROM               003ff27c   00000d44  00000000  00000d44  RWIX
  RESET                 003fffc0   00000002  00000000  00000002  RWIX

PAGE 1:
  BOOT_RSVD             00000002   0000004e  00000000  0000004e  RWIX
  RAMM1                 00000400   00000400  00000400  00000000  RWIX
  DEV_EMU               00000880   00000180  000000d0  000000b0  RWIX
  FLASH_REGS            00000a80   00000060  00000008  00000058  RWIX
  CSM                   00000ae0   00000010  00000010  00000000  RWIX
  ADC_MIRROR            00000b00   00000010  00000010  00000000  RWIX
  XINTF                 00000b20   00000020  0000001e  00000002  RWIX
  CPU_TIMER0            00000c00   00000008  00000008  00000000  RWIX
  CPU_TIMER1            00000c08   00000008  00000008  00000000  RWIX
  CPU_TIMER2            00000c10   00000008  00000008  00000000  RWIX
  PIE_CTRL              00000ce0   00000020  0000001a  00000006  RWIX
  PIE_VECT              00000d00   00000100  00000100  00000000  RWIX
  DMA                   00001000   00000200  000000e0  00000120  RWIX
  MCBSPA                00005000   00000040  00000025  0000001b  RWIX
  MCBSPB                00005040   00000040  00000025  0000001b  RWIX
  ECANA                 00006000   00000040  00000034  0000000c  RWIX
  ECANA_LAM             00006040   00000040  00000040  00000000  RWIX
  ECANA_MOTS            00006080   00000040  00000040  00000000  RWIX
  ECANA_MOTO            000060c0   00000040  00000040  00000000  RWIX
  ECANA_MBOX            00006100   00000100  00000100  00000000  RWIX
  ECANB                 00006200   00000040  00000034  0000000c  RWIX
  ECANB_LAM             00006240   00000040  00000040  00000000  RWIX
  ECANB_MOTS            00006280   00000040  00000040  00000000  RWIX
  ECANB_MOTO            000062c0   00000040  00000040  00000000  RWIX
  ECANB_MBOX            00006300   00000100  00000100  00000000  RWIX
  EPWM1                 00006800   00000022  00000022  00000000  RWIX
  EPWM2                 00006840   00000022  00000022  00000000  RWIX
  EPWM3                 00006880   00000022  00000022  00000000  RWIX
  EPWM4                 000068c0   00000022  00000022  00000000  RWIX
  EPWM5                 00006900   00000022  00000022  00000000  RWIX
  EPWM6                 00006940   00000022  00000022  00000000  RWIX
  ECAP1                 00006a00   00000020  00000020  00000000  RWIX
  ECAP2                 00006a20   00000020  00000020  00000000  RWIX
  ECAP3                 00006a40   00000020  00000020  00000000  RWIX
  ECAP4                 00006a60   00000020  00000020  00000000  RWIX
  ECAP5                 00006a80   00000020  00000020  00000000  RWIX
  ECAP6                 00006aa0   00000020  00000020  00000000  RWIX
  EQEP1                 00006b00   00000040  00000040  00000000  RWIX
  EQEP2                 00006b40   00000040  00000040  00000000  RWIX
  GPIOCTRL              00006f80   00000040  0000002e  00000012  RWIX
  GPIODAT               00006fc0   00000020  00000020  00000000  RWIX
  GPIOINT               00006fe0   00000020  0000000a  00000016  RWIX
  SYSTEM                00007010   00000020  00000020  00000000  RWIX
  SPIA                  00007040   00000010  00000010  00000000  RWIX
  SCIA                  00007050   00000010  00000010  00000000  RWIX
  XINTRUPT              00007070   00000010  00000010  00000000  RWIX
  ADC                   00007100   00000020  0000001e  00000002  RWIX
  SCIB                  00007750   00000010  00000010  00000000  RWIX
  SCIC                  00007770   00000010  00000010  00000000  RWIX
  I2CA                  00007900   00000040  00000022  0000001e  RWIX
  RAML4                 0000c000   00001000  00000e9b  00000165  RWIX
  RAML5                 0000d000   00001000  000005c8  00000a38  RWIX
  RAML6                 0000e000   00001000  00000000  00001000  RWIX
  RAML7                 0000f000   00001000  00000000  00001000  RWIX
  ZONE7B                0020fc00   00000400  00000000  00000400  RWIX
  CSM_PWL               0033fff8   00000008  00000008  00000000  RWIX
  PARTID                00380090   00000001  00000001  00000000  RWIX


SECTION ALLOCATION MAP

 output                                  attributes/
section   page    origin      length       input sections
--------  ----  ----------  ----------   ----------------
codestart 
*          0    00000000    00000002     
                  00000000    00000002     DSP2833x_CodeStartBranch.obj (codestart)

.TI.ramfunc 
*          0    00008161    00000004     
                  00008161    00000004     DSP2833x_usDelay.obj (.TI.ramfunc)

.cinit     0    00008000    00000161     
                  00008000    00000096     HDL_Uart.obj (.cinit:__gCOMList)
                  00008096    0000002b     <whole-program> (.cinit:_xFuncHandlers$29)
                  000080c1    00000021     APP_Main.obj (.cinit)
                  000080e2    0000001f     <whole-program> (.cinit)
                  00008101    0000000e     rts2800_fpu32.lib : exit.c.obj (.cinit)
                  0000810f    0000000d     HDL_CPU_Time.obj (.cinit)
                  0000811c    00000005     <whole-program> (.cinit:__lock)
                  00008121    00000005     <whole-program> (.cinit:__unlock)
                  00008126    00000005     period_query.obj (.cinit:_period_last_exe_tick_table)
                  0000812b    00000004     BFL_Buzz.obj (.cinit)
                  0000812f    00000004     BFL_Measure.obj (.cinit)
                  00008133    00000004     <whole-program> (.cinit:_g_pageBuf$16)
                  00008137    00000004     HDL_Uart.obj (.cinit:_m_Com1RxBuf)
                  0000813b    00000004     HDL_Uart.obj (.cinit:_m_Com1TxBuf)
                  0000813f    00000004     HDL_Uart.obj (.cinit:_m_Com2RxBuf)
                  00008143    00000004     HDL_Uart.obj (.cinit:_m_Com2TxBuf)
                  00008147    00000004     HDL_Uart.obj (.cinit:_m_Com3RxBuf)
                  0000814b    00000004     HDL_Uart.obj (.cinit:_m_Com3TxBuf)
                  0000814f    00000004     <whole-program> (.cinit:_ucRegCoilsBuf)
                  00008153    00000004     <whole-program> (.cinit:_ucRegDiscreteBuf)
                  00008157    00000004     <whole-program> (.cinit:_usRegHoldingBuf)
                  0000815b    00000004     <whole-program> (.cinit:_usRegInputBuf)
                  0000815f    00000002     --HOLE-- [fill = 0]

.pinit     0    00008000    00000000     UNINITIALIZED

.stack     1    00000400    00000400     UNINITIALIZED
                  00000400    00000400     --HOLE--

DevEmuRegsFile 
*          1    00000880    000000d0     UNINITIALIZED
                  00000880    000000d0     DSP2833x_GlobalVariableDefs.obj (DevEmuRegsFile)

FlashRegsFile 
*          1    00000a80    00000008     UNINITIALIZED
                  00000a80    00000008     DSP2833x_GlobalVariableDefs.obj (FlashRegsFile)

CsmRegsFile 
*          1    00000ae0    00000010     UNINITIALIZED
                  00000ae0    00000010     DSP2833x_GlobalVariableDefs.obj (CsmRegsFile)

AdcMirrorFile 
*          1    00000b00    00000010     UNINITIALIZED
                  00000b00    00000010     DSP2833x_GlobalVariableDefs.obj (AdcMirrorFile)

XintfRegsFile 
*          1    00000b20    0000001e     UNINITIALIZED
                  00000b20    0000001e     DSP2833x_GlobalVariableDefs.obj (XintfRegsFile)

CpuTimer0RegsFile 
*          1    00000c00    00000008     UNINITIALIZED
                  00000c00    00000008     DSP2833x_GlobalVariableDefs.obj (CpuTimer0RegsFile)

CpuTimer1RegsFile 
*          1    00000c08    00000008     UNINITIALIZED
                  00000c08    00000008     DSP2833x_GlobalVariableDefs.obj (CpuTimer1RegsFile)

CpuTimer2RegsFile 
*          1    00000c10    00000008     UNINITIALIZED
                  00000c10    00000008     DSP2833x_GlobalVariableDefs.obj (CpuTimer2RegsFile)

PieCtrlRegsFile 
*          1    00000ce0    0000001a     UNINITIALIZED
                  00000ce0    0000001a     DSP2833x_GlobalVariableDefs.obj (PieCtrlRegsFile)

ECanaMOTSRegsFile 
*          1    00006080    00000040     UNINITIALIZED
                  00006080    00000040     DSP2833x_GlobalVariableDefs.obj (ECanaMOTSRegsFile)

ECanaMOTORegsFile 
*          1    000060c0    00000040     UNINITIALIZED
                  000060c0    00000040     DSP2833x_GlobalVariableDefs.obj (ECanaMOTORegsFile)

ECanbMOTSRegsFile 
*          1    00006280    00000040     UNINITIALIZED
                  00006280    00000040     DSP2833x_GlobalVariableDefs.obj (ECanbMOTSRegsFile)

ECanbMOTORegsFile 
*          1    000062c0    00000040     UNINITIALIZED
                  000062c0    00000040     DSP2833x_GlobalVariableDefs.obj (ECanbMOTORegsFile)

.econst    1    0000d000    000005c8     
                  0000d000    00000100     mbcrc.obj (.econst:.string:_aucCRCHi$34)
                  0000d100    00000100     mbcrc.obj (.econst:.string:_aucCRCLo$34)
                  0000d200    00000100     DSP2833x_PieVect.obj (.econst:_PieVectTableInit)
                  0000d300    00000100     crc.obj (.econst:_s_CRCHi)
                  0000d400    00000100     crc.obj (.econst:_s_CRCLo)
                  0000d500    0000005b     BFL_VCB.obj (.econst:.string)
                  0000d55b    00000001     CHIP_W25Q128.obj (.econst:_$P$T2$3$16)
                  0000d55c    00000026     rts2800_fpu32.lib : _printfi.c.obj (.econst:.string)
                  0000d582    0000001c                       : _printfi.c.obj (.econst)
                  0000d59e    00000010     <whole-program> (.econst)
                  0000d5ae    00000008     B1_CapacitanceTemperatureMeasure.obj (.econst:_request_cmd$2)
                  0000d5b6    00000006     CHIP_W25Q128.obj (.econst:_$P$T5$6$16)
                  0000d5bc    00000004     CHIP_W25Q128.obj (.econst:_$P$T4$5$16)
                  0000d5c0    00000004     CHIP_W25Q128.obj (.econst:_$P$T6$7$16)
                  0000d5c4    00000002     CHIP_W25Q128.obj (.econst:_$P$T0$1$16)
                  0000d5c6    00000002     mbcb.obj (.econst)

DMARAML4   1    0000c000    000003c0     UNINITIALIZED
                  0000c000    000003c0     BFL_Measure.obj (DMARAML4)

.reset     0    003fffc0    00000002     DSECT
                  003fffc0    00000002     rts2800_fpu32.lib : boot28.asm.obj (.reset)

csm_rsvd   0    0033ff80    00000000     DSECT

csmpasswds 
*          0    0033fff8    00000000     DSECT

.adc_cal   0    00380080    00000007     NOLOAD SECTION
                  00380080    00000007     DSP2833x_ADC_cal.obj (.adc_cal)

PieVectTableFile 
*          1    00000d00    00000100     UNINITIALIZED
                  00000d00    00000100     DSP2833x_GlobalVariableDefs.obj (PieVectTableFile)

DmaRegsFile 
*          1    00001000    000000e0     UNINITIALIZED
                  00001000    000000e0     DSP2833x_GlobalVariableDefs.obj (DmaRegsFile)

McbspaRegsFile 
*          1    00005000    00000025     UNINITIALIZED
                  00005000    00000025     DSP2833x_GlobalVariableDefs.obj (McbspaRegsFile)

McbspbRegsFile 
*          1    00005040    00000025     UNINITIALIZED
                  00005040    00000025     DSP2833x_GlobalVariableDefs.obj (McbspbRegsFile)

ECanaRegsFile 
*          1    00006000    00000034     UNINITIALIZED
                  00006000    00000034     DSP2833x_GlobalVariableDefs.obj (ECanaRegsFile)

ECanaLAMRegsFile 
*          1    00006040    00000040     UNINITIALIZED
                  00006040    00000040     DSP2833x_GlobalVariableDefs.obj (ECanaLAMRegsFile)

ECanaMboxesFile 
*          1    00006100    00000100     UNINITIALIZED
                  00006100    00000100     DSP2833x_GlobalVariableDefs.obj (ECanaMboxesFile)

ECanbRegsFile 
*          1    00006200    00000034     UNINITIALIZED
                  00006200    00000034     DSP2833x_GlobalVariableDefs.obj (ECanbRegsFile)

ECanbLAMRegsFile 
*          1    00006240    00000040     UNINITIALIZED
                  00006240    00000040     DSP2833x_GlobalVariableDefs.obj (ECanbLAMRegsFile)

ECanbMboxesFile 
*          1    00006300    00000100     UNINITIALIZED
                  00006300    00000100     DSP2833x_GlobalVariableDefs.obj (ECanbMboxesFile)

EPwm1RegsFile 
*          1    00006800    00000022     UNINITIALIZED
                  00006800    00000022     DSP2833x_GlobalVariableDefs.obj (EPwm1RegsFile)

EPwm2RegsFile 
*          1    00006840    00000022     UNINITIALIZED
                  00006840    00000022     DSP2833x_GlobalVariableDefs.obj (EPwm2RegsFile)

EPwm3RegsFile 
*          1    00006880    00000022     UNINITIALIZED
                  00006880    00000022     DSP2833x_GlobalVariableDefs.obj (EPwm3RegsFile)

EPwm4RegsFile 
*          1    000068c0    00000022     UNINITIALIZED
                  000068c0    00000022     DSP2833x_GlobalVariableDefs.obj (EPwm4RegsFile)

EPwm5RegsFile 
*          1    00006900    00000022     UNINITIALIZED
                  00006900    00000022     DSP2833x_GlobalVariableDefs.obj (EPwm5RegsFile)

EPwm6RegsFile 
*          1    00006940    00000022     UNINITIALIZED
                  00006940    00000022     DSP2833x_GlobalVariableDefs.obj (EPwm6RegsFile)

ECap1RegsFile 
*          1    00006a00    00000020     UNINITIALIZED
                  00006a00    00000020     DSP2833x_GlobalVariableDefs.obj (ECap1RegsFile)

ECap2RegsFile 
*          1    00006a20    00000020     UNINITIALIZED
                  00006a20    00000020     DSP2833x_GlobalVariableDefs.obj (ECap2RegsFile)

ECap3RegsFile 
*          1    00006a40    00000020     UNINITIALIZED
                  00006a40    00000020     DSP2833x_GlobalVariableDefs.obj (ECap3RegsFile)

ECap4RegsFile 
*          1    00006a60    00000020     UNINITIALIZED
                  00006a60    00000020     DSP2833x_GlobalVariableDefs.obj (ECap4RegsFile)

ECap5RegsFile 
*          1    00006a80    00000020     UNINITIALIZED
                  00006a80    00000020     DSP2833x_GlobalVariableDefs.obj (ECap5RegsFile)

ECap6RegsFile 
*          1    00006aa0    00000020     UNINITIALIZED
                  00006aa0    00000020     DSP2833x_GlobalVariableDefs.obj (ECap6RegsFile)

EQep1RegsFile 
*          1    00006b00    00000040     UNINITIALIZED
                  00006b00    00000040     DSP2833x_GlobalVariableDefs.obj (EQep1RegsFile)

EQep2RegsFile 
*          1    00006b40    00000040     UNINITIALIZED
                  00006b40    00000040     DSP2833x_GlobalVariableDefs.obj (EQep2RegsFile)

GpioCtrlRegsFile 
*          1    00006f80    0000002e     UNINITIALIZED
                  00006f80    0000002e     DSP2833x_GlobalVariableDefs.obj (GpioCtrlRegsFile)

GpioDataRegsFile 
*          1    00006fc0    00000020     UNINITIALIZED
                  00006fc0    00000020     DSP2833x_GlobalVariableDefs.obj (GpioDataRegsFile)

GpioIntRegsFile 
*          1    00006fe0    0000000a     UNINITIALIZED
                  00006fe0    0000000a     DSP2833x_GlobalVariableDefs.obj (GpioIntRegsFile)

SysCtrlRegsFile 
*          1    00007010    00000020     UNINITIALIZED
                  00007010    00000020     DSP2833x_GlobalVariableDefs.obj (SysCtrlRegsFile)

SpiaRegsFile 
*          1    00007040    00000010     UNINITIALIZED
                  00007040    00000010     DSP2833x_GlobalVariableDefs.obj (SpiaRegsFile)

SciaRegsFile 
*          1    00007050    00000010     UNINITIALIZED
                  00007050    00000010     DSP2833x_GlobalVariableDefs.obj (SciaRegsFile)

XIntruptRegsFile 
*          1    00007070    00000010     UNINITIALIZED
                  00007070    00000010     DSP2833x_GlobalVariableDefs.obj (XIntruptRegsFile)

AdcRegsFile 
*          1    00007100    0000001e     UNINITIALIZED
                  00007100    0000001e     DSP2833x_GlobalVariableDefs.obj (AdcRegsFile)

ScibRegsFile 
*          1    00007750    00000010     UNINITIALIZED
                  00007750    00000010     DSP2833x_GlobalVariableDefs.obj (ScibRegsFile)

ScicRegsFile 
*          1    00007770    00000010     UNINITIALIZED
                  00007770    00000010     DSP2833x_GlobalVariableDefs.obj (ScicRegsFile)

I2caRegsFile 
*          1    00007900    00000022     UNINITIALIZED
                  00007900    00000022     DSP2833x_GlobalVariableDefs.obj (I2caRegsFile)

CsmPwlFile 
*          1    0033fff8    00000008     UNINITIALIZED
                  0033fff8    00000008     DSP2833x_GlobalVariableDefs.obj (CsmPwlFile)

PartIdRegsFile 
*          1    00380090    00000001     UNINITIALIZED
                  00380090    00000001     DSP2833x_GlobalVariableDefs.obj (PartIdRegsFile)

.text.1    0    00008166    00000e9a     
                  00008166    000005a6     B1_ModbusRTUSlaver.obj (.text)
                  0000870c    00000377     DSP2833x_DMA.obj (.text)
                  00008a83    00000316     DSP2833x_DefaultIsr.obj (.text:retain)
                  00008d99    0000021a     BFL_VCB.obj (.text)
                  00008fb3    0000004b     BFL_Button.obj (.text)
                  00008ffe    00000002     rts2800_fpu32.lib : pre_init.c.obj (.text)

.text.2    0    00009000    00001000     
                  00009000    000002d8     HDL_Uart.obj (.text)
                  000092d8    000002d4     APP_Main.obj (.text)
                  000095ac    00000281     BFL_SCR.obj (.text)
                  0000982d    00000215     B3_FaultDetect.obj (.text)
                  00009a42    00000201     HDL_Uart.obj (.text:retain)
                  00009c43    000001b4     CHIP_W25Q128.obj (.text)
                  00009df7    0000012e     mbrtu.obj (.text)
                  00009f25    000000d0     B2_CmdCutOffCapacitors.obj (.text)
                  00009ff5    0000000b     rts2800_fpu32.lib : u_div28.asm.obj (.text)

.text.3    0    0000a000    00001000     
                  0000a000    00000124     HDL_SPI.obj (.text)
                  0000a124    00000117     BFL_Measure.obj (.text)
                  0000a23b    00000107     rts2800_fpu32.lib : ll_div28.asm.obj (.text)
                  0000a342    000000ff     B3_SysAutoMode.obj (.text)
                  0000a441    000000fc     DSP2833x_SysCtrl.obj (.text)
                  0000a53d    000000f5     B1_Measure.obj (.text)
                  0000a632    000000ee     DSP2833x_EPwm.obj (.text)
                  0000a720    000000e9     HDL_CPU_Time.obj (.text)
                  0000a809    000000c6     cqueue.obj (.text)
                  0000a8cf    00000001     rts2800_fpu32.lib : _lock.c.obj (.text)
                  0000a8d0    000000c3     BFL_Measure.obj (.text:retain)
                  0000a993    000000bf     B1_CapacitanceTemperatureMeasure.obj (.text)
                  0000aa52    000000ba     mbfuncholding.obj (.text)
                  0000ab0c    0000009f     BFL_RS485.obj (.text)
                  0000abab    0000009c     rts2800_fpu32.lib : fd_add28.asm.obj (.text)
                  0000ac47    00000001                       : startup.c.obj (.text)
                  0000ac48    00000097     mbcb.obj (.text)
                  0000acdf    00000094     mbfunccoils.obj (.text)
                  0000ad73    0000008e     HDL_CPU_Time.obj (.text:retain)
                  0000ae01    0000008b     rts2800_fpu32.lib : fd_div28.asm.obj (.text)
                  0000ae8c    00000088                       : fs_div28.asm.obj (.text)
                  0000af14    00000083     B2_CmdBypassCapacitors.obj (.text)
                  0000af97    00000064     B1_VCBStatusGet.obj (.text)
                  0000affb    00000005     porttimer.obj (.text)

.text.4    0    0000b000    00000879     
                  0000b000    00000083     rts2800_fpu32.lib : fd_mpy28.asm.obj (.text)
                  0000b083    00000081     BFL_SCR.obj (.text:retain)
                  0000b104    00000072     rts2800_fpu32.lib : ti_fmax.c.obj (.text)
                  0000b176    0000006f     B2_CmdMakeCapacitorsWork.obj (.text)
                  0000b1e5    0000005a     mb.obj (.text)
                  0000b23f    00000059     BFL_Buzz.obj (.text)
                  0000b298    00000059     HDL_CAN.obj (.text:retain)
                  0000b2f1    00000057     average_filter.obj (.text)
                  0000b348    00000056     rts2800_fpu32.lib : boot28.asm.obj (.text)
                  0000b39e    00000052     mbfuncdisc.obj (.text)
                  0000b3f0    00000049     BFL_DebugPin.obj (.text)
                  0000b439    00000048     period_query.obj (.text)
                  0000b481    0000003c     mbfuncinput.obj (.text)
                  0000b4bd    00000038     B1_SysModeGet.obj (.text)
                  0000b4f5    00000035     DSP2833x_CpuTimers.obj (.text)
                  0000b52a    00000034     portserial.obj (.text)
                  0000b55e    0000002a     mbutils.obj (.text)
                  0000b588    0000002a     rts2800_fpu32.lib : fd_cmp28.asm.obj (.text)
                  0000b5b2    0000002a                       : l_div28.asm.obj (.text)
                  0000b5dc    00000029     mbcrc.obj (.text)
                  0000b605    00000029     rts2800_fpu32.lib : exit.c.obj (.text)
                  0000b62e    00000028     DSP2833x_PieCtrl.obj (.text)
                  0000b656    00000027     rts2800_fpu32.lib : e_sqrtf.c.obj (.text)
                  0000b67d    00000024                       : cpy_tbl.c.obj (.text)
                  0000b6a1    00000021                       : fd_toi28.asm.obj (.text)
                  0000b6c2    0000001f                       : fd_tol28.asm.obj (.text)
                  0000b6e1    0000001e                       : ll_cmp28.asm.obj (.text)
                  0000b6ff    0000001d                       : i_tofd28.asm.obj (.text)
                  0000b71c    0000001c     async_delay.obj (.text)
                  0000b738    0000001c     rts2800_fpu32.lib : fs_tofdfpu32.asm.obj (.text)
                  0000b754    0000001c                       : l_tofd28.asm.obj (.text)
                  0000b770    0000001c                       : memcpy.c.obj (.text)
                  0000b78c    00000019                       : prolog28.asm.obj (.text)
                  0000b7a5    00000018                       : ll_aox28.asm.obj (.text)
                  0000b7bd    00000014     DSP2833x_Adc.obj (.text)
                  0000b7d1    00000014     main.obj (.text)
                  0000b7e5    00000013     crc.obj (.text)
                  0000b7f8    00000012     mbfuncother.obj (.text)
                  0000b80a    00000012     rts2800_fpu32.lib : args_main.c.obj (.text)
                  0000b81c    00000011     DSP2833x_PieVect.obj (.text)
                  0000b82d    00000011     state_duration_timer.obj (.text)
                  0000b83e    0000000e     rts2800_fpu32.lib : fd_sub28.asm.obj (.text)
                  0000b84c    0000000c                       : epilog28.asm.obj (.text)
                  0000b858    00000009     B3_SysManualMode.obj (.text)
                  0000b861    00000009     rts2800_fpu32.lib : fd_neg28.asm.obj (.text)
                  0000b86a    00000008     DSP2833x_CodeStartBranch.obj (.text)
                  0000b872    00000007     rts2800_fpu32.lib : memset.c.obj (.text)

.ebss      1    0000c3c0    00000adb     UNINITIALIZED
                  0000c3c0    00000340     APP_Main.obj (.ebss)
                  0000c700    00000100     CHIP_W25Q128.obj (.ebss:_g_pageBuf$16)
                  0000c800    00000100     HDL_Uart.obj (.ebss:_m_Com2TxBuf)
                  0000c900    00000100     mbrtu.obj (.ebss:_ucRTUBuf)
                  0000ca00    000000a0     BFL_Measure.obj (.ebss:_AdcVoltRMSFilterBuf)
                  0000caa0    00000020     HDL_Uart.obj (.ebss:_m_Com1TxBuf)
                  0000cac0    00000096     HDL_Uart.obj (.ebss:__gCOMList)
                  0000cb56    00000020     HDL_Uart.obj (.ebss:_m_Com3TxBuf)
                  0000cb76    0000000a     HDL_CAN.obj (.ebss)
                  0000cb80    00000080     BFL_Measure.obj (.ebss:_AdcVoltRMSFilter)
                  0000cc00    00000050     HDL_Uart.obj (.ebss:_m_Com1RxBuf)
                  0000cc50    00000020     mbfuncother.obj (.ebss:_ucMBSlaveID$27)
                  0000cc70    00000010     BFL_Measure.obj (.ebss:_AdcAvg)
                  0000cc80    00000050     HDL_Uart.obj (.ebss:_m_Com2RxBuf)
                  0000ccd0    0000001c     mb.obj (.ebss)
                  0000ccec    00000012     BFL_SCR.obj (.ebss)
                  0000ccfe    00000002     B1_CapacitanceTemperatureMeasure.obj (.ebss)
                  0000cd00    00000050     HDL_Uart.obj (.ebss:_m_Com3RxBuf)
                  0000cd50    00000018     DSP2833x_CpuTimers.obj (.ebss)
                  0000cd68    00000016     period_query.obj (.ebss:_period_last_exe_tick_table)
                  0000cd7e    00000002     rts2800_fpu32.lib : _lock.c.obj (.ebss:__lock)
                  0000cd80    00000040     mb.obj (.ebss:_xFuncHandlers$29)
                  0000cdc0    0000003c     mbcb.obj (.ebss:_usRegHoldingBuf)
                  0000cdfc    00000004     B1_ModbusRTUSlaver.obj (.ebss)
                  0000ce00    0000003c     mbcb.obj (.ebss:_usRegInputBuf)
                  0000ce3c    00000002     rts2800_fpu32.lib : _lock.c.obj (.ebss:__unlock)
                  0000ce3e    00000002     mbcb.obj (.ebss:_ucRegCoilsBuf)
                  0000ce40    00000010     BFL_Measure.obj (.ebss:_AdcRMS)
                  0000ce50    00000010     BFL_Measure.obj (.ebss:_AdcVoltAvg)
                  0000ce60    00000010     BFL_Measure.obj (.ebss:_AdcVoltRMS)
                  0000ce70    0000000a     BFL_VCB.obj (.ebss:_g_vcb_list)
                  0000ce7a    00000006     BFL_Measure.obj (.ebss)
                  0000ce80    00000006     HDL_CPU_Time.obj (.ebss)
                  0000ce86    00000006     mbrtu.obj (.ebss)
                  0000ce8c    00000006     rts2800_fpu32.lib : exit.c.obj (.ebss)
                  0000ce92    00000002     mbcb.obj (.ebss:_ucRegDiscreteBuf)
                  0000ce94    00000002     portevent.obj (.ebss)
                  0000ce96    00000001     BFL_Buzz.obj (.ebss)
                  0000ce97    00000001     mbcb.obj (.ebss)
                  0000ce98    00000001     mbfuncother.obj (.ebss)
                  0000ce99    00000001     porttimer.obj (.ebss)
                  0000ce9a    00000001     rts2800_fpu32.lib : errno.c.obj (.ebss)

MODULE SUMMARY

       Module                                   code    initialized data   uninitialized data
       ------                                   ----    ----------------   ------------------
    .\
       DSP2833x_GlobalVariableDefs.obj          0       0                  2679              
       DSP2833x_DMA.obj                         887     0                  0                 
       DSP2833x_DefaultIsr.obj                  790     0                  0                 
       DSP2833x_PieVect.obj                     17      256                0                 
       DSP2833x_SysCtrl.obj                     252     0                  0                 
       DSP2833x_EPwm.obj                        238     0                  0                 
       DSP2833x_CpuTimers.obj                   53      0                  24                
       DSP2833x_PieCtrl.obj                     40      0                  0                 
       DSP2833x_Adc.obj                         20      0                  0                 
       DSP2833x_CodeStartBranch.obj             10      0                  0                 
       DSP2833x_ADC_cal.obj                     7       0                  0                 
       DSP2833x_usDelay.obj                     4       0                  0                 
    +--+----------------------------------------+-------+------------------+--------------------+
       Total:                                   2318    256                2703              
                                                                                             
    .\APP\
       APP_Main.obj                             724     33                 832               
       B1_ModbusRTUSlaver.obj                   1446    0                  4                 
       B3_FaultDetect.obj                       533     0                  0                 
       B3_SysAutoMode.obj                       255     0                  0                 
       B1_Measure.obj                           245     0                  0                 
       B2_CmdCutOffCapacitors.obj               208     0                  0                 
       B1_CapacitanceTemperatureMeasure.obj     191     8                  2                 
       B2_CmdBypassCapacitors.obj               131     0                  0                 
       B2_CmdMakeCapacitorsWork.obj             111     0                  0                 
       B1_VCBStatusGet.obj                      100     0                  0                 
       B1_SysModeGet.obj                        56      0                  0                 
       B3_SysManualMode.obj                     9       0                  0                 
    +--+----------------------------------------+-------+------------------+--------------------+
       Total:                                   4009    41                 838               
                                                                                             
    .\Application\
       main.obj                                 20      0                  0                 
    +--+----------------------------------------+-------+------------------+--------------------+
       Total:                                   20      0                  0                 
                                                                                             
    .\BFL\
       BFL_Measure.obj                          474     4                  1318              
       BFL_SCR.obj                              770     0                  18                
       BFL_VCB.obj                              538     91                 10                
       BFL_RS485.obj                            159     0                  0                 
       period_query.obj                         72      5                  22                
       BFL_Buzz.obj                             89      4                  1                 
       BFL_Button.obj                           75      0                  0                 
       BFL_DebugPin.obj                         73      0                  0                 
       async_delay.obj                          28      0                  0                 
       state_duration_timer.obj                 17      0                  0                 
    +--+----------------------------------------+-------+------------------+--------------------+
       Total:                                   2295    104                1369              
                                                                                             
    .\CHIP\
       CHIP_W25Q128.obj                         436     17                 256               
    +--+----------------------------------------+-------+------------------+--------------------+
       Total:                                   436     17                 256               
                                                                                             
    .\HDL\
       HDL_Uart.obj                             1241    174                710               
       HDL_CPU_Time.obj                         375     13                 6                 
       HDL_SPI.obj                              292     0                  0                 
       HDL_CAN.obj                              89      0                  10                
    +--+----------------------------------------+-------+------------------+--------------------+
       Total:                                   1997    187                726               
                                                                                             
    .\LIB\
       crc.obj                                  19      512                0                 
       cqueue.obj                               198     0                  0                 
       average_filter.obj                       87      0                  0                 
    +--+----------------------------------------+-------+------------------+--------------------+
       Total:                                   304     512                0                 
                                                                                             
    .\freemodbus\
       mb.obj                                   90      0                  92                
    +--+----------------------------------------+-------+------------------+--------------------+
       Total:                                   90      0                  92                
                                                                                             
    .\freemodbus\functions\
       mbfuncholding.obj                        186     0                  0                 
       mbfunccoils.obj                          148     0                  0                 
       mbfuncdisc.obj                           82      0                  0                 
       mbfuncinput.obj                          60      0                  0                 
       mbfuncother.obj                          18      0                  33                
       mbutils.obj                              42      0                  0                 
    +--+----------------------------------------+-------+------------------+--------------------+
       Total:                                   536     0                  33                
                                                                                             
    .\freemodbus\port\
       mbcb.obj                                 151     2                  125               
       portserial.obj                           52      0                  0                 
       porttimer.obj                            5       0                  1                 
       portevent.obj                            0       0                  2                 
    +--+----------------------------------------+-------+------------------+--------------------+
       Total:                                   208     2                  128               
                                                                                             
    .\freemodbus\rtu\
       mbrtu.obj                                302     0                  262               
       mbcrc.obj                                41      512                0                 
    +--+----------------------------------------+-------+------------------+--------------------+
       Total:                                   343     512                262               
                                                                                             
    C:\Users\liuyu\AppData\Local\Temp\
       {5D3D5CAF-D8C7-4F4C-BC24-ED95C5211119}   0       120                0                 
    +--+----------------------------------------+-------+------------------+--------------------+
       Total:                                   0       120                0                 
                                                                                             
    C:/ti/ccs1260/ccs/tools/compiler/ti-cgt-c2000_22.6.1.LTS/lib/rts2800_fpu32.lib
       ll_div28.asm.obj                         263     0                  0                 
       fd_add28.asm.obj                         156     0                  0                 
       fd_div28.asm.obj                         139     0                  0                 
       fs_div28.asm.obj                         136     0                  0                 
       fd_mpy28.asm.obj                         131     0                  0                 
       ti_fmax.c.obj                            114     0                  0                 
       boot28.asm.obj                           86      0                  0                 
       _printfi.c.obj                           0       66                 0                 
       exit.c.obj                               41      14                 6                 
       fd_cmp28.asm.obj                         42      0                  0                 
       l_div28.asm.obj                          42      0                  0                 
       e_sqrtf.c.obj                            39      0                  0                 
       cpy_tbl.c.obj                            36      0                  0                 
       fd_toi28.asm.obj                         33      0                  0                 
       fd_tol28.asm.obj                         31      0                  0                 
       ll_cmp28.asm.obj                         30      0                  0                 
       i_tofd28.asm.obj                         29      0                  0                 
       fs_tofdfpu32.asm.obj                     28      0                  0                 
       l_tofd28.asm.obj                         28      0                  0                 
       memcpy.c.obj                             28      0                  0                 
       prolog28.asm.obj                         25      0                  0                 
       ll_aox28.asm.obj                         24      0                  0                 
       args_main.c.obj                          18      0                  0                 
       fd_sub28.asm.obj                         14      0                  0                 
       epilog28.asm.obj                         12      0                  0                 
       u_div28.asm.obj                          11      0                  0                 
       fd_neg28.asm.obj                         9       0                  0                 
       memset.c.obj                             7       0                  0                 
       _lock.c.obj                              1       0                  4                 
       pre_init.c.obj                           2       0                  0                 
       errno.c.obj                              0       0                  1                 
       startup.c.obj                            1       0                  0                 
    +--+----------------------------------------+-------+------------------+--------------------+
       Total:                                   1556    80                 11                
                                                                                             
       Stack:                                   0       0                  1024              
    +--+----------------------------------------+-------+------------------+--------------------+
       Grand Total:                             14112   1831               7442              


GLOBAL DATA SYMBOLS: SORTED BY DATA PAGE

address     data page           name
--------    ----------------    ----
00000400      10 (00000400)     __stack

00000880      22 (00000880)     _DevEmuRegs

00000a80      2a (00000a80)     _FlashRegs

00000ae0      2b (00000ac0)     _CsmRegs

00000b00      2c (00000b00)     _AdcMirror
00000b20      2c (00000b00)     _XintfRegs

00000c00      30 (00000c00)     _CpuTimer0Regs
00000c08      30 (00000c00)     _CpuTimer1Regs
00000c10      30 (00000c00)     _CpuTimer2Regs

00000ce0      33 (00000cc0)     _PieCtrlRegs

00000d00      34 (00000d00)     _PieVectTable

00001000      40 (00001000)     _DmaRegs

00005000     140 (00005000)     _McbspaRegs

00005040     141 (00005040)     _McbspbRegs

00006000     180 (00006000)     _ECanaRegs

00006040     181 (00006040)     _ECanaLAMRegs

00006080     182 (00006080)     _ECanaMOTSRegs

000060c0     183 (000060c0)     _ECanaMOTORegs

00006100     184 (00006100)     _ECanaMboxes

00006200     188 (00006200)     _ECanbRegs

00006240     189 (00006240)     _ECanbLAMRegs

00006280     18a (00006280)     _ECanbMOTSRegs

000062c0     18b (000062c0)     _ECanbMOTORegs

00006300     18c (00006300)     _ECanbMboxes

00006800     1a0 (00006800)     _EPwm1Regs

00006840     1a1 (00006840)     _EPwm2Regs

00006880     1a2 (00006880)     _EPwm3Regs

000068c0     1a3 (000068c0)     _EPwm4Regs

00006900     1a4 (00006900)     _EPwm5Regs

00006940     1a5 (00006940)     _EPwm6Regs

00006a00     1a8 (00006a00)     _ECap1Regs
00006a20     1a8 (00006a00)     _ECap2Regs

00006a40     1a9 (00006a40)     _ECap3Regs
00006a60     1a9 (00006a40)     _ECap4Regs

00006a80     1aa (00006a80)     _ECap5Regs
00006aa0     1aa (00006a80)     _ECap6Regs

00006b00     1ac (00006b00)     _EQep1Regs

00006b40     1ad (00006b40)     _EQep2Regs

00006f80     1be (00006f80)     _GpioCtrlRegs

00006fc0     1bf (00006fc0)     _GpioDataRegs
00006fe0     1bf (00006fc0)     _GpioIntRegs

00007010     1c0 (00007000)     _SysCtrlRegs

00007040     1c1 (00007040)     _SpiaRegs
00007050     1c1 (00007040)     _SciaRegs
00007070     1c1 (00007040)     _XIntruptRegs

00007100     1c4 (00007100)     _AdcRegs

00007750     1dd (00007740)     _ScibRegs
00007770     1dd (00007740)     _ScicRegs

00007900     1e4 (00007900)     _I2caRegs

0000c000     300 (0000c000)     _DMABuf1

0000c3c2     30f (0000c3c0)     _g_pSysInfo
0000c3c4     30f (0000c3c0)     _g_backGroundTaskMaxRuningTimeUS
0000c3c6     30f (0000c3c0)     _g_A
0000c3c8     30f (0000c3c0)     _g_B

0000c400     310 (0000c400)     _g_AppMainInfo

0000c900     324 (0000c900)     _ucRTUBuf

0000cac0     32b (0000cac0)     __gCOMList

0000cb76     32d (0000cb40)     _can_rx_msg

0000cce0     333 (0000ccc0)     _pxMBFrameCBByteReceived
0000cce2     333 (0000ccc0)     _pxMBFrameCBTransmitterEmpty
0000cce4     333 (0000ccc0)     _pxMBPortCBTimerExpired
0000cce6     333 (0000ccc0)     _pxMBFrameCBReceiveFSMCur
0000cce8     333 (0000ccc0)     _pxMBFrameCBTransmitFSMCur
0000ccec     333 (0000ccc0)     _epwm1_info
0000ccf2     333 (0000ccc0)     _epwm2_info
0000ccf8     333 (0000ccc0)     _epwm3_info

0000cd50     335 (0000cd40)     _CpuTimer0
0000cd58     335 (0000cd40)     _CpuTimer1
0000cd60     335 (0000cd40)     _CpuTimer2
0000cd7e     335 (0000cd40)     __lock

0000cdc0     337 (0000cdc0)     _usRegHoldingBuf

0000ce00     338 (0000ce00)     _usRegInputBuf
0000ce3c     338 (0000ce00)     __unlock
0000ce3e     338 (0000ce00)     _ucRegCoilsBuf

0000ce70     339 (0000ce40)     _g_vcb_list
0000ce7c     339 (0000ce40)     _DMADest
0000ce7e     339 (0000ce40)     _DMASource

0000ce8c     33a (0000ce80)     ___TI_enable_exit_profile_output
0000ce8e     33a (0000ce80)     ___TI_cleanup_ptr
0000ce90     33a (0000ce80)     ___TI_dtors_ptr
0000ce92     33a (0000ce80)     _ucRegDiscreteBuf
0000ce97     33a (0000ce80)     _boolRegHoldingChanged
0000ce9a     33a (0000ce80)     _errno

0000d200     348 (0000d200)     _PieVectTableInit

0000d300     34c (0000d300)     _s_CRCHi

0000d400     350 (0000d400)     _s_CRCLo

0000d5c6     357 (0000d5c0)     _usRegInputStart
0000d5c7     357 (0000d5c0)     _usRegHoldingStart

0033fff8    cfff (0033ffc0)     _CsmPwl

00380090    e002 (00380080)     _PartIdRegs


GLOBAL SYMBOLS: SORTED ALPHABETICALLY BY Name 

page  address   name                                    
----  -------   ----                                    
abs   ffffffff  .text                                   
0     0000b605  C$$EXIT                                 
0     0000abab  FD$$ADD                                 
0     0000b588  FD$$CMP                                 
0     0000ae01  FD$$DIV                                 
0     0000b000  FD$$MPY                                 
0     0000b861  FD$$NEG                                 
0     0000b83e  FD$$SUB                                 
0     0000b6a1  FD$$TOI                                 
0     0000b6c2  FD$$TOL                                 
0     0000ae8c  FS$$DIV                                 
0     0000b738  FS$$TOFD                                
0     0000b6ff  I$$TOFD                                 
0     0000b5b2  L$$DIV                                  
0     0000b5c1  L$$MOD                                  
0     0000b754  L$$TOFD                                 
0     0000b7a5  LL$$AND                                 
0     0000b6e1  LL$$CMP                                 
0     0000a23b  LL$$DIV                                 
0     0000a277  LL$$MOD                                 
0     0000b7ad  LL$$OR                                  
0     0000b7b5  LL$$XOR                                 
0     00009ff5  U$$DIV                                  
0     00009ffa  U$$MOD                                  
0     0000b5cf  UL$$DIV                                 
0     0000b5d6  UL$$MOD                                 
0     0000b6f3  ULL$$CMP                                
0     0000a2b1  ULL$$DIV                                
0     0000a2e0  ULL$$MOD                                
0     00008d8f  _ADCINT_ISR                             
0     00380080  _ADC_cal                                
0     00009507  _APP_Main_Init                          
0     000095a7  _APP_Main_Poll                          
0     000093e9  _APP_Main_Save_SysInfo                  
1     00000b00  _AdcMirror                              
1     00007100  _AdcRegs                                
0     0000aa3a  _B1_CapacitanceTemperatureMeasure_Init  
0     0000a993  _B1_CapacitanceTemperatureMeasure_Poll  
0     0000a5fb  _B1_Measure_Init                        
0     0000a53d  _B1_Measure_Poll                        
0     000086d3  _B1_ModbusRTUSlaver_Init                
0     000086b5  _B1_ModbusRTUSlaver_Poll                
0     0000b4c0  _B1_SysModeGet_DeltaPoll                
0     0000b4bd  _B1_SysModeGet_Init                     
0     0000afda  _B1_VCBStatusGet_DeltaPoll              
0     0000afd1  _B1_VCBStatusGet_Init                   
0     0000af97  _B1_VCBStatus_Update                    
0     0000af22  _B2_CmdBypassCapacitors_Exec            
0     00009f33  _B2_CmdCutOffCapacitors_Exec            
0     00009fb6  _B2_CmdCutOffCapacitors_Exec_Solution   
0     0000b179  _B2_CmdMakeCapacitorsWork_Exec          
0     0000982d  _B3_Check_Minor_Fault_Exist             
0     000099a8  _B3_Check_SCR_Serious_Fault             
0     0000a342  _B3_SysAutoMode_DeltaPoll               
0     0000b858  _B3_SysManualMode_DeltaPoll             
0     00008fbd  _BFL_Button_Init                        
0     00008fb3  _BFL_Button_IsPressed                   
0     0000b278  _BFL_Buzz_Init                          
0     0000b266  _BFL_Buzz_IsOff                         
0     0000b257  _BFL_Buzz_Off                           
0     0000b248  _BFL_Buzz_On                            
0     0000b244  _BFL_Buzz_SetTrigLevel                  
0     0000b23f  _BFL_Buzz_Toggle                        
0     0000b41a  _BFL_DebugPin_Init                      
0     0000b40c  _BFL_DebugPin_Reset                     
0     0000b3fe  _BFL_DebugPin_Set                       
0     0000b3f0  _BFL_DebugPin_Toggle                    
0     0000a21e  _BFL_Measure_Init                       
0     0000a1fd  _BFL_Measure_Read                       
0     0000a1f7  _BFL_Measure_ReadReady                  
0     0000ab60  _BFL_RS485_Init                         
0     0000ab52  _BFL_RS485_Read                         
0     0000ab44  _BFL_RS485_Release_Bus                  
0     0000ab3f  _BFL_RS485_Release_Bus_RS4851           
0     0000ab3a  _BFL_RS485_Release_Bus_RS4852           
0     0000ab0c  _BFL_RS485_Take_Bus                     
0     0000ab35  _BFL_RS485_Take_Bus_RS4851              
0     0000ab30  _BFL_RS485_Take_Bus_RS4852              
0     0000ab1a  _BFL_RS485_Write                        
0     000097ec  _BFL_SCRR_Have_Signal                   
0     00009764  _BFL_SCRT_Pluse_Transmit                
0     000096bb  _BFL_SCR_Init                           
0     00008fa0  _BFL_VCB_CTRL_STATE_To_String           
0     00008f7e  _BFL_VCB_Get_Actual_State               
0     00008f71  _BFL_VCB_Get_Setting_State              
0     00008f64  _BFL_VCB_Relay_Get_Setting_State        
0     00008ed5  _BFL_VCB_Relay_Set_As_Switch_Closed     
0     00008d99  _BFL_VCB_Relay_Set_As_Switch_No_Ctrl    
0     00008e70  _BFL_VCB_Relay_Set_As_Switch_Opened     
0     00008f56  _BFL_VCB_STATE_To_String                
0     00008f36  _BFL_VCB_SW_To_String                   
0     00008f28  _BFL_VCB_Set_As_Switch_Closed           
0     00008ed0  _BFL_VCB_Set_As_Switch_No_Ctrl          
0     00008ec3  _BFL_VCB_Set_As_Switch_Opened           
0     00008dd8  _BFL_VCB_Seurity_Init                   
0     00009534  _BackGroundTask                         
0     0000b298  _CANA_ISR                               
0     00009cb9  _CHIP_W25Q128_Erase_One_Sector          
0     00009dec  _CHIP_W25Q128_Init                      
0     00009da8  _CHIP_W25Q128_Read                      
0     00009d49  _CHIP_W25Q128_Write                     
0     0000b7e5  _CRC16_Modbus                           
0     0000b82d  _CheckConditionDurationMet              
0     000094e4  _Clear_All_Fault                        
0     000092d8  _Config_Default_Parameter               
0     000094cd  _Config_PowerOn_Parameter               
1     0000cd50  _CpuTimer0                              
1     00000c00  _CpuTimer0Regs                          
1     0000cd58  _CpuTimer1                              
1     00000c08  _CpuTimer1Regs                          
1     0000cd60  _CpuTimer2                              
1     00000c10  _CpuTimer2Regs                          
1     0033fff8  _CsmPwl                                 
1     00000ae0  _CsmRegs                                
0     0000a50f  _CsmUnlock                              
0     00008d85  _DATALOG_ISR                            
0     00008d7b  _DINTCH1_ISR                            
0     00008d71  _DINTCH2_ISR                            
0     00008d67  _DINTCH3_ISR                            
0     00008d5d  _DINTCH4_ISR                            
0     00008d53  _DINTCH5_ISR                            
0     00008d49  _DINTCH6_ISR                            
1     0000c000  _DMABuf1                                
0     00008a79  _DMACH1AddrConfig                       
0     00008a70  _DMACH1BurstConfig                      
0     00008a0d  _DMACH1ModeConfig                       
0     00008a04  _DMACH1TransferConfig                   
0     000089fa  _DMACH1WrapConfig                       
0     000089f0  _DMACH2AddrConfig                       
0     000089e7  _DMACH2BurstConfig                      
0     00008984  _DMACH2ModeConfig                       
0     0000897b  _DMACH2TransferConfig                   
0     00008971  _DMACH2WrapConfig                       
0     00008967  _DMACH3AddrConfig                       
0     0000895e  _DMACH3BurstConfig                      
0     000088fb  _DMACH3ModeConfig                       
0     000088f2  _DMACH3TransferConfig                   
0     000088e8  _DMACH3WrapConfig                       
0     000088de  _DMACH4AddrConfig                       
0     000088d5  _DMACH4BurstConfig                      
0     00008870  _DMACH4ModeConfig                       
0     00008867  _DMACH4TransferConfig                   
0     0000885d  _DMACH4WrapConfig                       
0     00008853  _DMACH5AddrConfig                       
0     0000884a  _DMACH5BurstConfig                      
0     000087e5  _DMACH5ModeConfig                       
0     000087dc  _DMACH5TransferConfig                   
0     000087d2  _DMACH5WrapConfig                       
0     000087c8  _DMACH6AddrConfig                       
0     000087bf  _DMACH6BurstConfig                      
0     0000875a  _DMACH6ModeConfig                       
0     00008751  _DMACH6TransferConfig                   
0     00008747  _DMACH6WrapConfig                       
1     0000ce7c  _DMADest                                
0     0000873c  _DMAInitialize                          
1     0000ce7e  _DMASource                              
0     00008161  _DSP28x_usDelay                         
1     00000880  _DevEmuRegs                             
0     0000a44b  _DisableDog                             
1     00001000  _DmaRegs                                
0     00008d3f  _ECAN0INTA_ISR                          
0     00008d35  _ECAN0INTB_ISR                          
0     00008d2b  _ECAN1INTA_ISR                          
0     00008d21  _ECAN1INTB_ISR                          
0     00008d17  _ECAP1_INT_ISR                          
0     00008d0d  _ECAP2_INT_ISR                          
0     00008d03  _ECAP3_INT_ISR                          
0     00008cf9  _ECAP4_INT_ISR                          
0     00008cef  _ECAP5_INT_ISR                          
0     00008ce5  _ECAP6_INT_ISR                          
1     00006040  _ECanaLAMRegs                           
1     000060c0  _ECanaMOTORegs                          
1     00006080  _ECanaMOTSRegs                          
1     00006100  _ECanaMboxes                            
1     00006000  _ECanaRegs                              
1     00006240  _ECanbLAMRegs                           
1     000062c0  _ECanbMOTORegs                          
1     00006280  _ECanbMOTSRegs                          
1     00006300  _ECanbMboxes                            
1     00006200  _ECanbRegs                              
1     00006a00  _ECap1Regs                              
1     00006a20  _ECap2Regs                              
1     00006a40  _ECap3Regs                              
1     00006a60  _ECap4Regs                              
1     00006a80  _ECap5Regs                              
1     00006aa0  _ECap6Regs                              
0     00008cdb  _EMUINT_ISR                             
0     00008cd1  _EPWM1_INT_ISR                          
0     00008cc7  _EPWM1_TZINT_ISR                        
0     00008cbd  _EPWM2_INT_ISR                          
0     00008cb3  _EPWM2_TZINT_ISR                        
0     00008ca9  _EPWM3_INT_ISR                          
0     00008c9f  _EPWM3_TZINT_ISR                        
0     00008c95  _EPWM4_INT_ISR                          
0     00008c8b  _EPWM4_TZINT_ISR                        
0     00008c81  _EPWM5_INT_ISR                          
0     00008c77  _EPWM5_TZINT_ISR                        
0     00008c6d  _EPWM6_INT_ISR                          
0     00008c63  _EPWM6_TZINT_ISR                        
1     00006800  _EPwm1Regs                              
1     00006840  _EPwm2Regs                              
1     00006880  _EPwm3Regs                              
1     000068c0  _EPwm4Regs                              
1     00006900  _EPwm5Regs                              
1     00006940  _EPwm6Regs                              
0     00008c59  _EQEP1_INT_ISR                          
0     00008c4f  _EQEP2_INT_ISR                          
1     00006b00  _EQep1Regs                              
1     00006b40  _EQep2Regs                              
0     0000b64d  _EnableInterrupts                       
0     0000b54c  _EnterCriticalSection                   
0     0000b550  _ExitCriticalSection                    
1     00000a80  _FlashRegs                              
0     00009c43  _Flash_ReadSR1                          
0     00009c6f  _Flash_Wait_Busy                        
0     00009c8c  _Flash_Write_Enable                     
0     00009572  _ForeGroundTask                         
1     00006f80  _GpioCtrlRegs                           
1     00006fc0  _GpioDataRegs                           
1     00006fe0  _GpioIntRegs                            
0     0000a7f4  _HDL_CPU_Time_DelayMs                   
0     0000a7e2  _HDL_CPU_Time_DelayUs                   
0     0000a7d8  _HDL_CPU_Time_GetTick                   
0     0000a7d1  _HDL_CPU_Time_GetUsTick                 
0     0000a781  _HDL_CPU_Time_Init                      
0     0000a77c  _HDL_CPU_Time_ResetTick                 
0     0000a776  _HDL_CPU_Time_ResetUsTick               
0     0000a772  _HDL_CPU_Time_SetCPUTickCallback        
0     0000a75a  _HDL_CPU_Time_StartHardTimer            
0     0000a720  _HDL_CPU_Time_StopHardTimer             
0     0000a0f4  _HDL_SPI_Init                           
0     0000a0bf  _HDL_SPI_Read                           
0     0000a08e  _HDL_SPI_Write                          
0     0000a03d  _HDL_SPI_WriteRead                      
0     00008c45  _I2CINT1A_ISR                           
0     00008c3b  _I2CINT2A_ISR                           
1     00007900  _I2caRegs                               
0     00008c31  _ILLEGAL_ISR                            
0     00008c27  _INT13_ISR                              
0     00008c1d  _INT14_ISR                              
0     0000b7bd  _InitAdc                                
0     0000b4f5  _InitCpuTimers                          
0     0000a71f  _InitEPwm                               
0     00009658  _InitEPwm1Example                       
0     0000a68a  _InitEPwm1Gpio                          
0     00009602  _InitEPwm2Example                       
0     0000a6a0  _InitEPwm2Gpio                          
0     000095ac  _InitEPwm3Example                       
0     0000a6b6  _InitEPwm3Gpio                          
0     0000a6ce  _InitEPwm4Gpio                          
0     0000a6e6  _InitEPwm5Gpio                          
0     0000a6fc  _InitEPwm6Gpio                          
0     0000a712  _InitEPwmGpio                           
0     0000a66f  _InitEPwmSyncGpio                       
0     0000a4a0  _InitPeripheralClocks                   
0     0000b62e  _InitPieCtrl                            
0     0000b81c  _InitPieVectTable                       
0     0000a453  _InitPll                                
0     0000918b  _InitSciaGpio                           
0     00009171  _InitScibGpio                           
0     000090e2  _InitScicGpio                           
0     0000a011  _InitSpiGpio                            
0     0000a011  _InitSpiaGpio                           
0     0000a506  _InitSysCtrl                            
0     0000a632  _InitTzGpio                             
0     00008c13  _LUF_ISR                                
0     00008c09  _LVF_ISR                                
0     0000944e  _Load_Parameter_From_Flash              
0     00008bff  _MRINTA_ISR                             
0     00008bf5  _MRINTB_ISR                             
0     00008beb  _MXINTA_ISR                             
0     00008be1  _MXINTB_ISR                             
1     00005000  _McbspaRegs                             
1     00005040  _McbspbRegs                             
0     00008bd7  _NMI_ISR                                
0     00008bcd  _PIE_RESERVED                           
1     00380090  _PartIdRegs                             
1     00000ce0  _PieCtrlRegs                            
1     00000d00  _PieVectTable                           
1     0000d200  _PieVectTableInit                       
0     00008bc3  _RTOSINT_ISR                            
0     00008bb9  _SCIRXINTA_ISR                          
0     00008baf  _SCIRXINTB_ISR                          
0     00008ba5  _SCIRXINTC_ISR                          
0     00008b9b  _SCITXINTA_ISR                          
0     00008b91  _SCITXINTB_ISR                          
0     00008b87  _SCITXINTC_ISR                          
0     00008b7d  _SEQ1INT_ISR                            
0     00008b73  _SEQ2INT_ISR                            
0     00008b69  _SPIRXINTA_ISR                          
0     00008b5f  _SPITXINTA_ISR                          
1     00007050  _SciaRegs                               
1     00007750  _ScibRegs                               
1     00007770  _ScicRegs                               
0     0000a441  _ServiceDog                             
1     00007040  _SpiaRegs                               
0     00008734  _StartDMACH1                            
0     0000872c  _StartDMACH2                            
0     00008724  _StartDMACH3                            
0     0000871c  _StartDMACH4                            
0     00008714  _StartDMACH5                            
0     0000870c  _StartDMACH6                            
0     00008166  _SyncModbusRegToSysinfo                 
0     00008353  _SyncSysinfoToModbusReg                 
1     00007010  _SysCtrlRegs                            
0     00008b55  _TINT0_ISR                              
0     00009000  _USART_Callback                         
0     00008b4b  _USER10_ISR                             
0     00008b41  _USER11_ISR                             
0     00008b37  _USER12_ISR                             
0     00008b2d  _USER1_ISR                              
0     00008b23  _USER2_ISR                              
0     00008b19  _USER3_ISR                              
0     00008b0f  _USER4_ISR                              
0     00008b05  _USER5_ISR                              
0     00008afb  _USER6_ISR                              
0     00008af1  _USER7_ISR                              
0     00008ae7  _USER8_ISR                              
0     00008add  _USER9_ISR                              
0     000092c0  _Uart_AvailableBytes                    
0     0000929b  _Uart_EmptyReadBuffer                   
0     000091a7  _Uart_Init                              
0     000090ca  _Uart_Read                              
0     000090bc  _Uart_RegisterReceiveCharCallback       
0     000090ae  _Uart_RegisterReceiveReadyCharCallback  
0     0000909f  _Uart_SetWriteOverCallback              
0     00009090  _Uart_UnregisterReceiveCharCallback     
0     00009042  _Uart_Write                             
0     00008ad3  _WAKEINT_ISR                            
0     00008ac9  _XINT1_ISR                              
0     00008abf  _XINT2_ISR                              
0     00008ab5  _XINT3_ISR                              
0     00008aab  _XINT4_ISR                              
0     00008aa1  _XINT5_ISR                              
0     00008a97  _XINT6_ISR                              
0     00008a8d  _XINT7_ISR                              
1     00007070  _XIntruptRegs                           
1     00000b20  _XintfRegs                              
1     00000800  __STACK_END                             
abs   00000400  __STACK_SIZE                            
1     0000ce8e  ___TI_cleanup_ptr                       
1     0000ce90  ___TI_dtors_ptr                         
1     0000ce8c  ___TI_enable_exit_profile_output        
abs   ffffffff  ___TI_pprof_out_hndl                    
abs   ffffffff  ___TI_prof_data_size                    
abs   ffffffff  ___TI_prof_data_start                   
abs   ffffffff  ___binit__                              
abs   ffffffff  ___c_args__                             
0     00008000  ___cinit__                              
abs   ffffffff  ___etext__                              
abs   ffffffff  ___pinit__                              
abs   ffffffff  ___text__                               
0     0000b80a  __args_main                             
1     0000cac0  __gCOMList                              
1     0000cd7e  __lock                                  
0     0000a8cf  __nop                                   
1     00000400  __stack                                 
0     0000ac47  __system_post_cinit                     
0     00008ffe  __system_pre_init                       
1     0000ce3c  __unlock                                
0     0000b605  _abort                                  
0     0000b71c  _async_delay                            
0     0000b326  _average_filter_init                    
0     0000b2f1  _average_filter_update                  
1     0000ce97  _boolRegHoldingChanged                  
0     0000b348  _c_int00                                
1     0000cb76  _can_rx_msg                             
0     0000a1b4  _config_ADC                             
0     0000a177  _config_DMA                             
0     0000a166  _config_ePWM4_to_generate_ADCSOCA       
0     0000a131  _config_ePWM4_to_generate_ADCSOCA_      
0     0000b67d  _copy_in                                
0     0000adc7  _cpu_timer0_isr                         
0     0000adb3  _cpu_timer1_isr                         
0     0000ad73  _cpu_timer2_isr                         
0     0000a8b7  _cqueue_create                          
0     0000a894  _cqueue_dequeue                         
0     0000a86f  _cqueue_enqueue                         
0     0000a838  _cqueue_in                              
0     0000a809  _cqueue_out                             
0     0000ad3f  _eMBFuncReadCoils                       
0     0000b39e  _eMBFuncReadDiscreteInputs              
0     0000aae5  _eMBFuncReadHoldingRegister             
0     0000b481  _eMBFuncReadInputRegister               
0     0000aa52  _eMBFuncReadWriteMultipleHoldingRegister
0     0000b7f8  _eMBFuncReportSlaveID                   
0     0000ad15  _eMBFuncWriteCoil                       
0     0000aaa7  _eMBFuncWriteHoldingRegister            
0     0000acdf  _eMBFuncWriteMultipleCoils              
0     0000aabc  _eMBFuncWriteMultipleHoldingRegister    
0     0000b1e5  _eMBPoll                                
0     00009efe  _eMBRTUInit                             
0     00009e86  _eMBRTUReceive                          
0     00009eac  _eMBRTUSend                             
0     00009ee8  _eMBRTUStart                            
0     00009eda  _eMBRTUStop                             
0     0000ac48  _eMBRegCoilsCB                          
0     0000acae  _eMBRegHoldingCB                        
0     0000a124  _enable_ePWM4                           
0     0000b84c  _epilog_c28x_1                          
0     0000b850  _epilog_c28x_2                          
1     0000ccec  _epwm1_info                             
0     0000b0d9  _epwm1_isr                              
1     0000ccf2  _epwm2_info                             
0     0000b0ae  _epwm2_isr                              
1     0000ccf8  _epwm3_info                             
0     0000b083  _epwm3_isr                              
1     0000ce9a  _errno                                  
0     0000b607  _exit                                   
0     0000b13d  _fmax                                   
0     0000b13d  _fmaxf                                  
0     0000b104  _fmin                                   
0     0000b104  _fminf                                  
1     0000c3c6  _g_A                                    
1     0000c400  _g_AppMainInfo                          
1     0000c3c8  _g_B                                    
1     0000c3c4  _g_backGroundTaskMaxRuningTimeUS        
1     0000c3c2  _g_pSysInfo                             
1     0000ce70  _g_vcb_list                             
0     0000a8d0  _local_DINTCH1_ISR                      
0     0000b7d1  _main                                   
0     0000b770  _memcpy                                 
0     0000b872  _memset                                 
0     0000b439  _period_query                           
0     0000b45b  _period_query_user                      
0     0000b46e  _period_query_user_us                   
0     0000b78c  _prolog_c28x_1                          
0     0000b790  _prolog_c28x_2                          
0     0000b798  _prolog_c28x_3                          
0     0000b57a  _prveMBError2Exception                  
0     0000affb  _prvvTIMERExpiredISR                    
1     0000cce0  _pxMBFrameCBByteReceived                
1     0000cce6  _pxMBFrameCBReceiveFSMCur               
1     0000cce8  _pxMBFrameCBTransmitFSMCur              
1     0000cce2  _pxMBFrameCBTransmitterEmpty            
1     0000cce4  _pxMBPortCBTimerExpired                 
0     00008a83  _rsvd_ISR                               
1     0000d300  _s_CRCHi                                
1     0000d400  _s_CRCLo                                
0     00009bd9  _sciaRxFifoIsr                          
0     00009ba2  _sciaTxFifoIsr                          
0     00009b2a  _scibRxFifoIsr                          
0     00009af3  _scibTxFifoIsr                          
0     00009a79  _scicRxFifoIsr                          
0     00009a42  _scicTxFifoIsr                          
0     0000b554  _serialReceiveOneByteISR                
0     0000b559  _serialSentOneByteISR                   
0     0000a004  _spi_init                               
0     0000a000  _spi_xmit                               
0     0000b656  _sqrt                                   
0     0000b656  _sqrtf                                  
1     0000c900  _ucRTUBuf                               
1     0000ce3e  _ucRegCoilsBuf                          
1     0000ce92  _ucRegDiscreteBuf                       
0     0000b5dc  _usMBCRC16                              
1     0000cdc0  _usRegHoldingBuf                        
1     0000d5c7  _usRegHoldingStart                      
1     0000ce00  _usRegInputBuf                          
1     0000d5c6  _usRegInputStart                        
0     0000b52a  _vMBPortSerialEnable                    
0     00009cff  _w25q128_write_page_no_erase            
0     00009e4b  _xMBRTUReceiveFSM                       
0     00009e2a  _xMBRTUTimerT35Expired                  
0     00009df7  _xMBRTUTransmitFSM                      
0     0000b55e  _xMBUtilGetBits                         
abs   ffffffff  binit                                   
0     00008000  cinit                                   
0     00000000  code_start                              
abs   ffffffff  etext                                   
abs   ffffffff  pinit                                   


GLOBAL SYMBOLS: SORTED BY Symbol Address 

page  address   name                                    
----  -------   ----                                    
0     00000000  code_start                              
0     00008000  ___cinit__                              
0     00008000  cinit                                   
0     00008161  _DSP28x_usDelay                         
0     00008166  _SyncModbusRegToSysinfo                 
0     00008353  _SyncSysinfoToModbusReg                 
0     000086b5  _B1_ModbusRTUSlaver_Poll                
0     000086d3  _B1_ModbusRTUSlaver_Init                
0     0000870c  _StartDMACH6                            
0     00008714  _StartDMACH5                            
0     0000871c  _StartDMACH4                            
0     00008724  _StartDMACH3                            
0     0000872c  _StartDMACH2                            
0     00008734  _StartDMACH1                            
0     0000873c  _DMAInitialize                          
0     00008747  _DMACH6WrapConfig                       
0     00008751  _DMACH6TransferConfig                   
0     0000875a  _DMACH6ModeConfig                       
0     000087bf  _DMACH6BurstConfig                      
0     000087c8  _DMACH6AddrConfig                       
0     000087d2  _DMACH5WrapConfig                       
0     000087dc  _DMACH5TransferConfig                   
0     000087e5  _DMACH5ModeConfig                       
0     0000884a  _DMACH5BurstConfig                      
0     00008853  _DMACH5AddrConfig                       
0     0000885d  _DMACH4WrapConfig                       
0     00008867  _DMACH4TransferConfig                   
0     00008870  _DMACH4ModeConfig                       
0     000088d5  _DMACH4BurstConfig                      
0     000088de  _DMACH4AddrConfig                       
0     000088e8  _DMACH3WrapConfig                       
0     000088f2  _DMACH3TransferConfig                   
0     000088fb  _DMACH3ModeConfig                       
0     0000895e  _DMACH3BurstConfig                      
0     00008967  _DMACH3AddrConfig                       
0     00008971  _DMACH2WrapConfig                       
0     0000897b  _DMACH2TransferConfig                   
0     00008984  _DMACH2ModeConfig                       
0     000089e7  _DMACH2BurstConfig                      
0     000089f0  _DMACH2AddrConfig                       
0     000089fa  _DMACH1WrapConfig                       
0     00008a04  _DMACH1TransferConfig                   
0     00008a0d  _DMACH1ModeConfig                       
0     00008a70  _DMACH1BurstConfig                      
0     00008a79  _DMACH1AddrConfig                       
0     00008a83  _rsvd_ISR                               
0     00008a8d  _XINT7_ISR                              
0     00008a97  _XINT6_ISR                              
0     00008aa1  _XINT5_ISR                              
0     00008aab  _XINT4_ISR                              
0     00008ab5  _XINT3_ISR                              
0     00008abf  _XINT2_ISR                              
0     00008ac9  _XINT1_ISR                              
0     00008ad3  _WAKEINT_ISR                            
0     00008add  _USER9_ISR                              
0     00008ae7  _USER8_ISR                              
0     00008af1  _USER7_ISR                              
0     00008afb  _USER6_ISR                              
0     00008b05  _USER5_ISR                              
0     00008b0f  _USER4_ISR                              
0     00008b19  _USER3_ISR                              
0     00008b23  _USER2_ISR                              
0     00008b2d  _USER1_ISR                              
0     00008b37  _USER12_ISR                             
0     00008b41  _USER11_ISR                             
0     00008b4b  _USER10_ISR                             
0     00008b55  _TINT0_ISR                              
0     00008b5f  _SPITXINTA_ISR                          
0     00008b69  _SPIRXINTA_ISR                          
0     00008b73  _SEQ2INT_ISR                            
0     00008b7d  _SEQ1INT_ISR                            
0     00008b87  _SCITXINTC_ISR                          
0     00008b91  _SCITXINTB_ISR                          
0     00008b9b  _SCITXINTA_ISR                          
0     00008ba5  _SCIRXINTC_ISR                          
0     00008baf  _SCIRXINTB_ISR                          
0     00008bb9  _SCIRXINTA_ISR                          
0     00008bc3  _RTOSINT_ISR                            
0     00008bcd  _PIE_RESERVED                           
0     00008bd7  _NMI_ISR                                
0     00008be1  _MXINTB_ISR                             
0     00008beb  _MXINTA_ISR                             
0     00008bf5  _MRINTB_ISR                             
0     00008bff  _MRINTA_ISR                             
0     00008c09  _LVF_ISR                                
0     00008c13  _LUF_ISR                                
0     00008c1d  _INT14_ISR                              
0     00008c27  _INT13_ISR                              
0     00008c31  _ILLEGAL_ISR                            
0     00008c3b  _I2CINT2A_ISR                           
0     00008c45  _I2CINT1A_ISR                           
0     00008c4f  _EQEP2_INT_ISR                          
0     00008c59  _EQEP1_INT_ISR                          
0     00008c63  _EPWM6_TZINT_ISR                        
0     00008c6d  _EPWM6_INT_ISR                          
0     00008c77  _EPWM5_TZINT_ISR                        
0     00008c81  _EPWM5_INT_ISR                          
0     00008c8b  _EPWM4_TZINT_ISR                        
0     00008c95  _EPWM4_INT_ISR                          
0     00008c9f  _EPWM3_TZINT_ISR                        
0     00008ca9  _EPWM3_INT_ISR                          
0     00008cb3  _EPWM2_TZINT_ISR                        
0     00008cbd  _EPWM2_INT_ISR                          
0     00008cc7  _EPWM1_TZINT_ISR                        
0     00008cd1  _EPWM1_INT_ISR                          
0     00008cdb  _EMUINT_ISR                             
0     00008ce5  _ECAP6_INT_ISR                          
0     00008cef  _ECAP5_INT_ISR                          
0     00008cf9  _ECAP4_INT_ISR                          
0     00008d03  _ECAP3_INT_ISR                          
0     00008d0d  _ECAP2_INT_ISR                          
0     00008d17  _ECAP1_INT_ISR                          
0     00008d21  _ECAN1INTB_ISR                          
0     00008d2b  _ECAN1INTA_ISR                          
0     00008d35  _ECAN0INTB_ISR                          
0     00008d3f  _ECAN0INTA_ISR                          
0     00008d49  _DINTCH6_ISR                            
0     00008d53  _DINTCH5_ISR                            
0     00008d5d  _DINTCH4_ISR                            
0     00008d67  _DINTCH3_ISR                            
0     00008d71  _DINTCH2_ISR                            
0     00008d7b  _DINTCH1_ISR                            
0     00008d85  _DATALOG_ISR                            
0     00008d8f  _ADCINT_ISR                             
0     00008d99  _BFL_VCB_Relay_Set_As_Switch_No_Ctrl    
0     00008dd8  _BFL_VCB_Seurity_Init                   
0     00008e70  _BFL_VCB_Relay_Set_As_Switch_Opened     
0     00008ec3  _BFL_VCB_Set_As_Switch_Opened           
0     00008ed0  _BFL_VCB_Set_As_Switch_No_Ctrl          
0     00008ed5  _BFL_VCB_Relay_Set_As_Switch_Closed     
0     00008f28  _BFL_VCB_Set_As_Switch_Closed           
0     00008f36  _BFL_VCB_SW_To_String                   
0     00008f56  _BFL_VCB_STATE_To_String                
0     00008f64  _BFL_VCB_Relay_Get_Setting_State        
0     00008f71  _BFL_VCB_Get_Setting_State              
0     00008f7e  _BFL_VCB_Get_Actual_State               
0     00008fa0  _BFL_VCB_CTRL_STATE_To_String           
0     00008fb3  _BFL_Button_IsPressed                   
0     00008fbd  _BFL_Button_Init                        
0     00008ffe  __system_pre_init                       
0     00009000  _USART_Callback                         
0     00009042  _Uart_Write                             
0     00009090  _Uart_UnregisterReceiveCharCallback     
0     0000909f  _Uart_SetWriteOverCallback              
0     000090ae  _Uart_RegisterReceiveReadyCharCallback  
0     000090bc  _Uart_RegisterReceiveCharCallback       
0     000090ca  _Uart_Read                              
0     000090e2  _InitScicGpio                           
0     00009171  _InitScibGpio                           
0     0000918b  _InitSciaGpio                           
0     000091a7  _Uart_Init                              
0     0000929b  _Uart_EmptyReadBuffer                   
0     000092c0  _Uart_AvailableBytes                    
0     000092d8  _Config_Default_Parameter               
0     000093e9  _APP_Main_Save_SysInfo                  
0     0000944e  _Load_Parameter_From_Flash              
0     000094cd  _Config_PowerOn_Parameter               
0     000094e4  _Clear_All_Fault                        
0     00009507  _APP_Main_Init                          
0     00009534  _BackGroundTask                         
0     00009572  _ForeGroundTask                         
0     000095a7  _APP_Main_Poll                          
0     000095ac  _InitEPwm3Example                       
0     00009602  _InitEPwm2Example                       
0     00009658  _InitEPwm1Example                       
0     000096bb  _BFL_SCR_Init                           
0     00009764  _BFL_SCRT_Pluse_Transmit                
0     000097ec  _BFL_SCRR_Have_Signal                   
0     0000982d  _B3_Check_Minor_Fault_Exist             
0     000099a8  _B3_Check_SCR_Serious_Fault             
0     00009a42  _scicTxFifoIsr                          
0     00009a79  _scicRxFifoIsr                          
0     00009af3  _scibTxFifoIsr                          
0     00009b2a  _scibRxFifoIsr                          
0     00009ba2  _sciaTxFifoIsr                          
0     00009bd9  _sciaRxFifoIsr                          
0     00009c43  _Flash_ReadSR1                          
0     00009c6f  _Flash_Wait_Busy                        
0     00009c8c  _Flash_Write_Enable                     
0     00009cb9  _CHIP_W25Q128_Erase_One_Sector          
0     00009cff  _w25q128_write_page_no_erase            
0     00009d49  _CHIP_W25Q128_Write                     
0     00009da8  _CHIP_W25Q128_Read                      
0     00009dec  _CHIP_W25Q128_Init                      
0     00009df7  _xMBRTUTransmitFSM                      
0     00009e2a  _xMBRTUTimerT35Expired                  
0     00009e4b  _xMBRTUReceiveFSM                       
0     00009e86  _eMBRTUReceive                          
0     00009eac  _eMBRTUSend                             
0     00009eda  _eMBRTUStop                             
0     00009ee8  _eMBRTUStart                            
0     00009efe  _eMBRTUInit                             
0     00009f33  _B2_CmdCutOffCapacitors_Exec            
0     00009fb6  _B2_CmdCutOffCapacitors_Exec_Solution   
0     00009ff5  U$$DIV                                  
0     00009ffa  U$$MOD                                  
0     0000a000  _spi_xmit                               
0     0000a004  _spi_init                               
0     0000a011  _InitSpiGpio                            
0     0000a011  _InitSpiaGpio                           
0     0000a03d  _HDL_SPI_WriteRead                      
0     0000a08e  _HDL_SPI_Write                          
0     0000a0bf  _HDL_SPI_Read                           
0     0000a0f4  _HDL_SPI_Init                           
0     0000a124  _enable_ePWM4                           
0     0000a131  _config_ePWM4_to_generate_ADCSOCA_      
0     0000a166  _config_ePWM4_to_generate_ADCSOCA       
0     0000a177  _config_DMA                             
0     0000a1b4  _config_ADC                             
0     0000a1f7  _BFL_Measure_ReadReady                  
0     0000a1fd  _BFL_Measure_Read                       
0     0000a21e  _BFL_Measure_Init                       
0     0000a23b  LL$$DIV                                 
0     0000a277  LL$$MOD                                 
0     0000a2b1  ULL$$DIV                                
0     0000a2e0  ULL$$MOD                                
0     0000a342  _B3_SysAutoMode_DeltaPoll               
0     0000a441  _ServiceDog                             
0     0000a44b  _DisableDog                             
0     0000a453  _InitPll                                
0     0000a4a0  _InitPeripheralClocks                   
0     0000a506  _InitSysCtrl                            
0     0000a50f  _CsmUnlock                              
0     0000a53d  _B1_Measure_Poll                        
0     0000a5fb  _B1_Measure_Init                        
0     0000a632  _InitTzGpio                             
0     0000a66f  _InitEPwmSyncGpio                       
0     0000a68a  _InitEPwm1Gpio                          
0     0000a6a0  _InitEPwm2Gpio                          
0     0000a6b6  _InitEPwm3Gpio                          
0     0000a6ce  _InitEPwm4Gpio                          
0     0000a6e6  _InitEPwm5Gpio                          
0     0000a6fc  _InitEPwm6Gpio                          
0     0000a712  _InitEPwmGpio                           
0     0000a71f  _InitEPwm                               
0     0000a720  _HDL_CPU_Time_StopHardTimer             
0     0000a75a  _HDL_CPU_Time_StartHardTimer            
0     0000a772  _HDL_CPU_Time_SetCPUTickCallback        
0     0000a776  _HDL_CPU_Time_ResetUsTick               
0     0000a77c  _HDL_CPU_Time_ResetTick                 
0     0000a781  _HDL_CPU_Time_Init                      
0     0000a7d1  _HDL_CPU_Time_GetUsTick                 
0     0000a7d8  _HDL_CPU_Time_GetTick                   
0     0000a7e2  _HDL_CPU_Time_DelayUs                   
0     0000a7f4  _HDL_CPU_Time_DelayMs                   
0     0000a809  _cqueue_out                             
0     0000a838  _cqueue_in                              
0     0000a86f  _cqueue_enqueue                         
0     0000a894  _cqueue_dequeue                         
0     0000a8b7  _cqueue_create                          
0     0000a8cf  __nop                                   
0     0000a8d0  _local_DINTCH1_ISR                      
0     0000a993  _B1_CapacitanceTemperatureMeasure_Poll  
0     0000aa3a  _B1_CapacitanceTemperatureMeasure_Init  
0     0000aa52  _eMBFuncReadWriteMultipleHoldingRegister
0     0000aaa7  _eMBFuncWriteHoldingRegister            
0     0000aabc  _eMBFuncWriteMultipleHoldingRegister    
0     0000aae5  _eMBFuncReadHoldingRegister             
0     0000ab0c  _BFL_RS485_Take_Bus                     
0     0000ab1a  _BFL_RS485_Write                        
0     0000ab30  _BFL_RS485_Take_Bus_RS4852              
0     0000ab35  _BFL_RS485_Take_Bus_RS4851              
0     0000ab3a  _BFL_RS485_Release_Bus_RS4852           
0     0000ab3f  _BFL_RS485_Release_Bus_RS4851           
0     0000ab44  _BFL_RS485_Release_Bus                  
0     0000ab52  _BFL_RS485_Read                         
0     0000ab60  _BFL_RS485_Init                         
0     0000abab  FD$$ADD                                 
0     0000ac47  __system_post_cinit                     
0     0000ac48  _eMBRegCoilsCB                          
0     0000acae  _eMBRegHoldingCB                        
0     0000acdf  _eMBFuncWriteMultipleCoils              
0     0000ad15  _eMBFuncWriteCoil                       
0     0000ad3f  _eMBFuncReadCoils                       
0     0000ad73  _cpu_timer2_isr                         
0     0000adb3  _cpu_timer1_isr                         
0     0000adc7  _cpu_timer0_isr                         
0     0000ae01  FD$$DIV                                 
0     0000ae8c  FS$$DIV                                 
0     0000af22  _B2_CmdBypassCapacitors_Exec            
0     0000af97  _B1_VCBStatus_Update                    
0     0000afd1  _B1_VCBStatusGet_Init                   
0     0000afda  _B1_VCBStatusGet_DeltaPoll              
0     0000affb  _prvvTIMERExpiredISR                    
0     0000b000  FD$$MPY                                 
0     0000b083  _epwm3_isr                              
0     0000b0ae  _epwm2_isr                              
0     0000b0d9  _epwm1_isr                              
0     0000b104  _fmin                                   
0     0000b104  _fminf                                  
0     0000b13d  _fmax                                   
0     0000b13d  _fmaxf                                  
0     0000b179  _B2_CmdMakeCapacitorsWork_Exec          
0     0000b1e5  _eMBPoll                                
0     0000b23f  _BFL_Buzz_Toggle                        
0     0000b244  _BFL_Buzz_SetTrigLevel                  
0     0000b248  _BFL_Buzz_On                            
0     0000b257  _BFL_Buzz_Off                           
0     0000b266  _BFL_Buzz_IsOff                         
0     0000b278  _BFL_Buzz_Init                          
0     0000b298  _CANA_ISR                               
0     0000b2f1  _average_filter_update                  
0     0000b326  _average_filter_init                    
0     0000b348  _c_int00                                
0     0000b39e  _eMBFuncReadDiscreteInputs              
0     0000b3f0  _BFL_DebugPin_Toggle                    
0     0000b3fe  _BFL_DebugPin_Set                       
0     0000b40c  _BFL_DebugPin_Reset                     
0     0000b41a  _BFL_DebugPin_Init                      
0     0000b439  _period_query                           
0     0000b45b  _period_query_user                      
0     0000b46e  _period_query_user_us                   
0     0000b481  _eMBFuncReadInputRegister               
0     0000b4bd  _B1_SysModeGet_Init                     
0     0000b4c0  _B1_SysModeGet_DeltaPoll                
0     0000b4f5  _InitCpuTimers                          
0     0000b52a  _vMBPortSerialEnable                    
0     0000b54c  _EnterCriticalSection                   
0     0000b550  _ExitCriticalSection                    
0     0000b554  _serialReceiveOneByteISR                
0     0000b559  _serialSentOneByteISR                   
0     0000b55e  _xMBUtilGetBits                         
0     0000b57a  _prveMBError2Exception                  
0     0000b588  FD$$CMP                                 
0     0000b5b2  L$$DIV                                  
0     0000b5c1  L$$MOD                                  
0     0000b5cf  UL$$DIV                                 
0     0000b5d6  UL$$MOD                                 
0     0000b5dc  _usMBCRC16                              
0     0000b605  C$$EXIT                                 
0     0000b605  _abort                                  
0     0000b607  _exit                                   
0     0000b62e  _InitPieCtrl                            
0     0000b64d  _EnableInterrupts                       
0     0000b656  _sqrt                                   
0     0000b656  _sqrtf                                  
0     0000b67d  _copy_in                                
0     0000b6a1  FD$$TOI                                 
0     0000b6c2  FD$$TOL                                 
0     0000b6e1  LL$$CMP                                 
0     0000b6f3  ULL$$CMP                                
0     0000b6ff  I$$TOFD                                 
0     0000b71c  _async_delay                            
0     0000b738  FS$$TOFD                                
0     0000b754  L$$TOFD                                 
0     0000b770  _memcpy                                 
0     0000b78c  _prolog_c28x_1                          
0     0000b790  _prolog_c28x_2                          
0     0000b798  _prolog_c28x_3                          
0     0000b7a5  LL$$AND                                 
0     0000b7ad  LL$$OR                                  
0     0000b7b5  LL$$XOR                                 
0     0000b7bd  _InitAdc                                
0     0000b7d1  _main                                   
0     0000b7e5  _CRC16_Modbus                           
0     0000b7f8  _eMBFuncReportSlaveID                   
0     0000b80a  __args_main                             
0     0000b81c  _InitPieVectTable                       
0     0000b82d  _CheckConditionDurationMet              
0     0000b83e  FD$$SUB                                 
0     0000b84c  _epilog_c28x_1                          
0     0000b850  _epilog_c28x_2                          
0     0000b858  _B3_SysManualMode_DeltaPoll             
0     0000b861  FD$$NEG                                 
0     0000b872  _memset                                 
0     00380080  _ADC_cal                                
1     00000400  __stack                                 
1     00000800  __STACK_END                             
1     00000880  _DevEmuRegs                             
1     00000a80  _FlashRegs                              
1     00000ae0  _CsmRegs                                
1     00000b00  _AdcMirror                              
1     00000b20  _XintfRegs                              
1     00000c00  _CpuTimer0Regs                          
1     00000c08  _CpuTimer1Regs                          
1     00000c10  _CpuTimer2Regs                          
1     00000ce0  _PieCtrlRegs                            
1     00000d00  _PieVectTable                           
1     00001000  _DmaRegs                                
1     00005000  _McbspaRegs                             
1     00005040  _McbspbRegs                             
1     00006000  _ECanaRegs                              
1     00006040  _ECanaLAMRegs                           
1     00006080  _ECanaMOTSRegs                          
1     000060c0  _ECanaMOTORegs                          
1     00006100  _ECanaMboxes                            
1     00006200  _ECanbRegs                              
1     00006240  _ECanbLAMRegs                           
1     00006280  _ECanbMOTSRegs                          
1     000062c0  _ECanbMOTORegs                          
1     00006300  _ECanbMboxes                            
1     00006800  _EPwm1Regs                              
1     00006840  _EPwm2Regs                              
1     00006880  _EPwm3Regs                              
1     000068c0  _EPwm4Regs                              
1     00006900  _EPwm5Regs                              
1     00006940  _EPwm6Regs                              
1     00006a00  _ECap1Regs                              
1     00006a20  _ECap2Regs                              
1     00006a40  _ECap3Regs                              
1     00006a60  _ECap4Regs                              
1     00006a80  _ECap5Regs                              
1     00006aa0  _ECap6Regs                              
1     00006b00  _EQep1Regs                              
1     00006b40  _EQep2Regs                              
1     00006f80  _GpioCtrlRegs                           
1     00006fc0  _GpioDataRegs                           
1     00006fe0  _GpioIntRegs                            
1     00007010  _SysCtrlRegs                            
1     00007040  _SpiaRegs                               
1     00007050  _SciaRegs                               
1     00007070  _XIntruptRegs                           
1     00007100  _AdcRegs                                
1     00007750  _ScibRegs                               
1     00007770  _ScicRegs                               
1     00007900  _I2caRegs                               
1     0000c000  _DMABuf1                                
1     0000c3c2  _g_pSysInfo                             
1     0000c3c4  _g_backGroundTaskMaxRuningTimeUS        
1     0000c3c6  _g_A                                    
1     0000c3c8  _g_B                                    
1     0000c400  _g_AppMainInfo                          
1     0000c900  _ucRTUBuf                               
1     0000cac0  __gCOMList                              
1     0000cb76  _can_rx_msg                             
1     0000cce0  _pxMBFrameCBByteReceived                
1     0000cce2  _pxMBFrameCBTransmitterEmpty            
1     0000cce4  _pxMBPortCBTimerExpired                 
1     0000cce6  _pxMBFrameCBReceiveFSMCur               
1     0000cce8  _pxMBFrameCBTransmitFSMCur              
1     0000ccec  _epwm1_info                             
1     0000ccf2  _epwm2_info                             
1     0000ccf8  _epwm3_info                             
1     0000cd50  _CpuTimer0                              
1     0000cd58  _CpuTimer1                              
1     0000cd60  _CpuTimer2                              
1     0000cd7e  __lock                                  
1     0000cdc0  _usRegHoldingBuf                        
1     0000ce00  _usRegInputBuf                          
1     0000ce3c  __unlock                                
1     0000ce3e  _ucRegCoilsBuf                          
1     0000ce70  _g_vcb_list                             
1     0000ce7c  _DMADest                                
1     0000ce7e  _DMASource                              
1     0000ce8c  ___TI_enable_exit_profile_output        
1     0000ce8e  ___TI_cleanup_ptr                       
1     0000ce90  ___TI_dtors_ptr                         
1     0000ce92  _ucRegDiscreteBuf                       
1     0000ce97  _boolRegHoldingChanged                  
1     0000ce9a  _errno                                  
1     0000d200  _PieVectTableInit                       
1     0000d300  _s_CRCHi                                
1     0000d400  _s_CRCLo                                
1     0000d5c6  _usRegInputStart                        
1     0000d5c7  _usRegHoldingStart                      
1     0033fff8  _CsmPwl                                 
1     00380090  _PartIdRegs                             
abs   00000400  __STACK_SIZE                            
abs   ffffffff  .text                                   
abs   ffffffff  ___TI_pprof_out_hndl                    
abs   ffffffff  ___TI_prof_data_size                    
abs   ffffffff  ___TI_prof_data_start                   
abs   ffffffff  ___binit__                              
abs   ffffffff  ___c_args__                             
abs   ffffffff  ___etext__                              
abs   ffffffff  ___pinit__                              
abs   ffffffff  ___text__                               
abs   ffffffff  binit                                   
abs   ffffffff  etext                                   
abs   ffffffff  pinit                                   

[470 symbols]
