******************************************************************************
             TMS320C2000 Linker PC v22.6.1                     
******************************************************************************
>> Linked Mon Nov 11 12:31:10 2024

OUTPUT FILE NAME:   <Example_2833xCpuTimer.out>
ENTRY POINT SYMBOL: "code_start"  address: 00000000


MEMORY CONFIGURATION

         name            origin    length      used     unused   attr    fill
----------------------  --------  ---------  --------  --------  ----  --------
PAGE 0:
  BEGIN                 00000000   00000002  00000002  00000000  RWIX
  RAMM0                 00000050   000003b0  000003af  00000001  RWIX
  RAML0                 00008000   00001000  00001000  00000000  RWIX
  RAML1                 00009000   00001000  00001000  00000000  RWIX
  RAML2                 0000a000   00001000  00001000  00000000  RWIX
  RAML3                 0000b000   00001000  00000d84  0000027c  RWIX
  ZONE7A                00200000   0000fc00  00000000  0000fc00  RWIX
  CSM_RSVD              0033ff80   00000076  00000000  00000076  RWIX
  CSM_PWL               0033fff8   00000008  00000000  00000008  RWIX
  ADC_CAL               00380080   00000009  00000007  00000002  RWIX
  IQTABLES              003fe000   00000b50  00000000  00000b50  RWIX
  IQTABLES2             003feb50   0000008c  00000000  0000008c  RWIX
  FPUTABLES             003febdc   000006a0  00000000  000006a0  RWIX
  BOOTROM               003ff27c   00000d44  00000000  00000d44  RWIX
  RESET                 003fffc0   00000002  00000000  00000002  RWIX

PAGE 1:
  BOOT_RSVD             00000002   0000004e  00000000  0000004e  RWIX
  RAMM1                 00000400   00000400  00000400  00000000  RWIX
  DEV_EMU               00000880   00000180  000000d0  000000b0  RWIX
  FLASH_REGS            00000a80   00000060  00000008  00000058  RWIX
  CSM                   00000ae0   00000010  00000010  00000000  RWIX
  ADC_MIRROR            00000b00   00000010  00000010  00000000  RWIX
  XINTF                 00000b20   00000020  0000001e  00000002  RWIX
  CPU_TIMER0            00000c00   00000008  00000008  00000000  RWIX
  CPU_TIMER1            00000c08   00000008  00000008  00000000  RWIX
  CPU_TIMER2            00000c10   00000008  00000008  00000000  RWIX
  PIE_CTRL              00000ce0   00000020  0000001a  00000006  RWIX
  PIE_VECT              00000d00   00000100  00000100  00000000  RWIX
  DMA                   00001000   00000200  000000e0  00000120  RWIX
  MCBSPA                00005000   00000040  00000025  0000001b  RWIX
  MCBSPB                00005040   00000040  00000025  0000001b  RWIX
  ECANA                 00006000   00000040  00000034  0000000c  RWIX
  ECANA_LAM             00006040   00000040  00000040  00000000  RWIX
  ECANA_MOTS            00006080   00000040  00000040  00000000  RWIX
  ECANA_MOTO            000060c0   00000040  00000040  00000000  RWIX
  ECANA_MBOX            00006100   00000100  00000100  00000000  RWIX
  ECANB                 00006200   00000040  00000034  0000000c  RWIX
  ECANB_LAM             00006240   00000040  00000040  00000000  RWIX
  ECANB_MOTS            00006280   00000040  00000040  00000000  RWIX
  ECANB_MOTO            000062c0   00000040  00000040  00000000  RWIX
  ECANB_MBOX            00006300   00000100  00000100  00000000  RWIX
  EPWM1                 00006800   00000022  00000022  00000000  RWIX
  EPWM2                 00006840   00000022  00000022  00000000  RWIX
  EPWM3                 00006880   00000022  00000022  00000000  RWIX
  EPWM4                 000068c0   00000022  00000022  00000000  RWIX
  EPWM5                 00006900   00000022  00000022  00000000  RWIX
  EPWM6                 00006940   00000022  00000022  00000000  RWIX
  ECAP1                 00006a00   00000020  00000020  00000000  RWIX
  ECAP2                 00006a20   00000020  00000020  00000000  RWIX
  ECAP3                 00006a40   00000020  00000020  00000000  RWIX
  ECAP4                 00006a60   00000020  00000020  00000000  RWIX
  ECAP5                 00006a80   00000020  00000020  00000000  RWIX
  ECAP6                 00006aa0   00000020  00000020  00000000  RWIX
  EQEP1                 00006b00   00000040  00000040  00000000  RWIX
  EQEP2                 00006b40   00000040  00000040  00000000  RWIX
  GPIOCTRL              00006f80   00000040  0000002e  00000012  RWIX
  GPIODAT               00006fc0   00000020  00000020  00000000  RWIX
  GPIOINT               00006fe0   00000020  0000000a  00000016  RWIX
  SYSTEM                00007010   00000020  00000020  00000000  RWIX
  SPIA                  00007040   00000010  00000010  00000000  RWIX
  SCIA                  00007050   00000010  00000010  00000000  RWIX
  XINTRUPT              00007070   00000010  00000010  00000000  RWIX
  ADC                   00007100   00000020  0000001e  00000002  RWIX
  SCIB                  00007750   00000010  00000010  00000000  RWIX
  SCIC                  00007770   00000010  00000010  00000000  RWIX
  I2CA                  00007900   00000040  00000022  0000001e  RWIX
  RAML4                 0000c000   00001000  00001000  00000000  RWIX
  RAML5                 0000d000   00001000  000006f5  0000090b  RWIX
  RAML6                 0000e000   00001000  00000000  00001000  RWIX
  RAML7                 0000f000   00001000  00000000  00001000  RWIX
  ZONE7B                0020fc00   00000400  00000000  00000400  RWIX
  CSM_PWL               0033fff8   00000008  00000008  00000000  RWIX
  PARTID                00380090   00000001  00000001  00000000  RWIX


SECTION ALLOCATION MAP

 output                                  attributes/
section   page    origin      length       input sections
--------  ----  ----------  ----------   ----------------
codestart 
*          0    00000000    00000002     
                  00000000    00000002     DSP2833x_CodeStartBranch.obj (codestart)

.TI.ramfunc 
*          0    00008000    00000004     
                  00008000    00000004     DSP2833x_usDelay.obj (.TI.ramfunc)

.cinit     0    00000050    000001ab     
                  00000050    00000096     HDL_Uart.obj (.cinit:__gCOMList)
                  000000e6    00000076     <whole-program> (.cinit)
                  0000015c    0000002b     <whole-program> (.cinit:_xFuncHandlers$36)
                  00000187    0000000f     APP_Main_Test.obj (.cinit)
                  00000196    0000000e     rts2800_fpu32.lib : exit.c.obj (.cinit)
                  000001a4    0000000d     HDL_CPU_Time.obj (.cinit)
                  000001b1    0000000a     HDL_IWDG.obj (.cinit)
                  000001bb    00000005     <whole-program> (.cinit:__lock)
                  000001c0    00000005     <whole-program> (.cinit:__unlock)
                  000001c5    00000004     BFL_Buzz.obj (.cinit)
                  000001c9    00000004     BFL_Measure.obj (.cinit)
                  000001cd    00000004     CHIP_W25Q128.obj (.cinit:_g_pageBuf)
                  000001d1    00000004     HDL_Uart.obj (.cinit:_m_Com1RxBuf)
                  000001d5    00000004     HDL_Uart.obj (.cinit:_m_Com1TxBuf)
                  000001d9    00000004     HDL_Uart.obj (.cinit:_m_Com2RxBuf)
                  000001dd    00000004     HDL_Uart.obj (.cinit:_m_Com2TxBuf)
                  000001e1    00000004     HDL_Uart.obj (.cinit:_m_Com3RxBuf)
                  000001e5    00000004     HDL_Uart.obj (.cinit:_m_Com3TxBuf)
                  000001e9    00000004     <whole-program> (.cinit:_ucRegCoilsBuf)
                  000001ed    00000004     <whole-program> (.cinit:_ucRegDiscreteBuf)
                  000001f1    00000004     <whole-program> (.cinit:_usRegHoldingBuf)
                  000001f5    00000004     <whole-program> (.cinit:_usRegInputBuf)
                  000001f9    00000002     --HOLE-- [fill = 0]

.pinit     0    00000050    00000000     UNINITIALIZED

.switch    0    000001fc    00000018     
                  000001fc    00000018     <whole-program> (.switch:_B3_RTUPush_Poll)

.stack     1    00000400    00000400     UNINITIALIZED
                  00000400    00000400     --HOLE--

DevEmuRegsFile 
*          1    00000880    000000d0     UNINITIALIZED
                  00000880    000000d0     DSP2833x_GlobalVariableDefs.obj (DevEmuRegsFile)

FlashRegsFile 
*          1    00000a80    00000008     UNINITIALIZED
                  00000a80    00000008     DSP2833x_GlobalVariableDefs.obj (FlashRegsFile)

CsmRegsFile 
*          1    00000ae0    00000010     UNINITIALIZED
                  00000ae0    00000010     DSP2833x_GlobalVariableDefs.obj (CsmRegsFile)

AdcMirrorFile 
*          1    00000b00    00000010     UNINITIALIZED
                  00000b00    00000010     DSP2833x_GlobalVariableDefs.obj (AdcMirrorFile)

XintfRegsFile 
*          1    00000b20    0000001e     UNINITIALIZED
                  00000b20    0000001e     DSP2833x_GlobalVariableDefs.obj (XintfRegsFile)

CpuTimer0RegsFile 
*          1    00000c00    00000008     UNINITIALIZED
                  00000c00    00000008     DSP2833x_GlobalVariableDefs.obj (CpuTimer0RegsFile)

CpuTimer1RegsFile 
*          1    00000c08    00000008     UNINITIALIZED
                  00000c08    00000008     DSP2833x_GlobalVariableDefs.obj (CpuTimer1RegsFile)

CpuTimer2RegsFile 
*          1    00000c10    00000008     UNINITIALIZED
                  00000c10    00000008     DSP2833x_GlobalVariableDefs.obj (CpuTimer2RegsFile)

PieCtrlRegsFile 
*          1    00000ce0    0000001a     UNINITIALIZED
                  00000ce0    0000001a     DSP2833x_GlobalVariableDefs.obj (PieCtrlRegsFile)

ECanaMOTSRegsFile 
*          1    00006080    00000040     UNINITIALIZED
                  00006080    00000040     DSP2833x_GlobalVariableDefs.obj (ECanaMOTSRegsFile)

ECanaMOTORegsFile 
*          1    000060c0    00000040     UNINITIALIZED
                  000060c0    00000040     DSP2833x_GlobalVariableDefs.obj (ECanaMOTORegsFile)

ECanbMOTSRegsFile 
*          1    00006280    00000040     UNINITIALIZED
                  00006280    00000040     DSP2833x_GlobalVariableDefs.obj (ECanbMOTSRegsFile)

ECanbMOTORegsFile 
*          1    000062c0    00000040     UNINITIALIZED
                  000062c0    00000040     DSP2833x_GlobalVariableDefs.obj (ECanbMOTORegsFile)

.econst    1    0000d000    000005e2     
                  0000d000    00000100     mbcrc.obj (.econst:.string:_aucCRCHi$41)
                  0000d100    00000100     mbcrc.obj (.econst:.string:_aucCRCLo$41)
                  0000d200    00000100     DSP2833x_PieVect.obj (.econst:_PieVectTableInit)
                  0000d300    00000100     crc.obj (.econst:_s_CRCHi)
                  0000d400    00000100     crc.obj (.econst:_s_CRCLo)
                  0000d500    0000005b     BFL_VCB.obj (.econst:.string)
                  0000d55b    00000001     CHIP_W25Q128.obj (.econst:_$P$T2$3)
                  0000d55c    00000026     rts2800_fpu32.lib : _printfi.c.obj (.econst:.string)
                  0000d582    0000001c                       : _printfi.c.obj (.econst)
                  0000d59e    00000010     <whole-program> (.econst)
                  0000d5ae    0000000c     mtime.obj (.econst:_g_day_per_mon)
                  0000d5ba    00000008     B1_CapacitanceTemperatureMeasure.obj (.econst:_request_cmd$3)
                  0000d5c2    00000006     CHIP_W25Q128.obj (.econst:_$P$T3$4)
                  0000d5c8    00000006     CHIP_W25Q128.obj (.econst:_$P$T5$6)
                  0000d5ce    00000004     HDL_RTC.obj (.econst)
                  0000d5d2    00000004     CHIP_W25Q128.obj (.econst:_$P$T4$5)
                  0000d5d6    00000004     CHIP_W25Q128.obj (.econst:_$P$T6$7)
                  0000d5da    00000002     APP_Main.obj (.econst)
                  0000d5dc    00000002     CHIP_W25Q128.obj (.econst:_$P$T0$1)
                  0000d5de    00000002     CHIP_W25Q128.obj (.econst:_$P$T1$2)
                  0000d5e0    00000002     mbcb.obj (.econst)

DMARAML4   1    0000c000    000003c0     UNINITIALIZED
                  0000c000    000003c0     BFL_Measure.obj (DMARAML4)

.reset     0    003fffc0    00000002     DSECT
                  003fffc0    00000002     rts2800_fpu32.lib : boot28.asm.obj (.reset)

csm_rsvd   0    0033ff80    00000000     DSECT

csmpasswds 
*          0    0033fff8    00000000     DSECT

.adc_cal   0    00380080    00000007     NOLOAD SECTION
                  00380080    00000007     DSP2833x_ADC_cal.obj (.adc_cal)

PieVectTableFile 
*          1    00000d00    00000100     UNINITIALIZED
                  00000d00    00000100     DSP2833x_GlobalVariableDefs.obj (PieVectTableFile)

DmaRegsFile 
*          1    00001000    000000e0     UNINITIALIZED
                  00001000    000000e0     DSP2833x_GlobalVariableDefs.obj (DmaRegsFile)

McbspaRegsFile 
*          1    00005000    00000025     UNINITIALIZED
                  00005000    00000025     DSP2833x_GlobalVariableDefs.obj (McbspaRegsFile)

McbspbRegsFile 
*          1    00005040    00000025     UNINITIALIZED
                  00005040    00000025     DSP2833x_GlobalVariableDefs.obj (McbspbRegsFile)

ECanaRegsFile 
*          1    00006000    00000034     UNINITIALIZED
                  00006000    00000034     DSP2833x_GlobalVariableDefs.obj (ECanaRegsFile)

ECanaLAMRegsFile 
*          1    00006040    00000040     UNINITIALIZED
                  00006040    00000040     DSP2833x_GlobalVariableDefs.obj (ECanaLAMRegsFile)

ECanaMboxesFile 
*          1    00006100    00000100     UNINITIALIZED
                  00006100    00000100     DSP2833x_GlobalVariableDefs.obj (ECanaMboxesFile)

ECanbRegsFile 
*          1    00006200    00000034     UNINITIALIZED
                  00006200    00000034     DSP2833x_GlobalVariableDefs.obj (ECanbRegsFile)

ECanbLAMRegsFile 
*          1    00006240    00000040     UNINITIALIZED
                  00006240    00000040     DSP2833x_GlobalVariableDefs.obj (ECanbLAMRegsFile)

ECanbMboxesFile 
*          1    00006300    00000100     UNINITIALIZED
                  00006300    00000100     DSP2833x_GlobalVariableDefs.obj (ECanbMboxesFile)

EPwm1RegsFile 
*          1    00006800    00000022     UNINITIALIZED
                  00006800    00000022     DSP2833x_GlobalVariableDefs.obj (EPwm1RegsFile)

EPwm2RegsFile 
*          1    00006840    00000022     UNINITIALIZED
                  00006840    00000022     DSP2833x_GlobalVariableDefs.obj (EPwm2RegsFile)

EPwm3RegsFile 
*          1    00006880    00000022     UNINITIALIZED
                  00006880    00000022     DSP2833x_GlobalVariableDefs.obj (EPwm3RegsFile)

EPwm4RegsFile 
*          1    000068c0    00000022     UNINITIALIZED
                  000068c0    00000022     DSP2833x_GlobalVariableDefs.obj (EPwm4RegsFile)

EPwm5RegsFile 
*          1    00006900    00000022     UNINITIALIZED
                  00006900    00000022     DSP2833x_GlobalVariableDefs.obj (EPwm5RegsFile)

EPwm6RegsFile 
*          1    00006940    00000022     UNINITIALIZED
                  00006940    00000022     DSP2833x_GlobalVariableDefs.obj (EPwm6RegsFile)

ECap1RegsFile 
*          1    00006a00    00000020     UNINITIALIZED
                  00006a00    00000020     DSP2833x_GlobalVariableDefs.obj (ECap1RegsFile)

ECap2RegsFile 
*          1    00006a20    00000020     UNINITIALIZED
                  00006a20    00000020     DSP2833x_GlobalVariableDefs.obj (ECap2RegsFile)

ECap3RegsFile 
*          1    00006a40    00000020     UNINITIALIZED
                  00006a40    00000020     DSP2833x_GlobalVariableDefs.obj (ECap3RegsFile)

ECap4RegsFile 
*          1    00006a60    00000020     UNINITIALIZED
                  00006a60    00000020     DSP2833x_GlobalVariableDefs.obj (ECap4RegsFile)

ECap5RegsFile 
*          1    00006a80    00000020     UNINITIALIZED
                  00006a80    00000020     DSP2833x_GlobalVariableDefs.obj (ECap5RegsFile)

ECap6RegsFile 
*          1    00006aa0    00000020     UNINITIALIZED
                  00006aa0    00000020     DSP2833x_GlobalVariableDefs.obj (ECap6RegsFile)

EQep1RegsFile 
*          1    00006b00    00000040     UNINITIALIZED
                  00006b00    00000040     DSP2833x_GlobalVariableDefs.obj (EQep1RegsFile)

EQep2RegsFile 
*          1    00006b40    00000040     UNINITIALIZED
                  00006b40    00000040     DSP2833x_GlobalVariableDefs.obj (EQep2RegsFile)

GpioCtrlRegsFile 
*          1    00006f80    0000002e     UNINITIALIZED
                  00006f80    0000002e     DSP2833x_GlobalVariableDefs.obj (GpioCtrlRegsFile)

GpioDataRegsFile 
*          1    00006fc0    00000020     UNINITIALIZED
                  00006fc0    00000020     DSP2833x_GlobalVariableDefs.obj (GpioDataRegsFile)

GpioIntRegsFile 
*          1    00006fe0    0000000a     UNINITIALIZED
                  00006fe0    0000000a     DSP2833x_GlobalVariableDefs.obj (GpioIntRegsFile)

SysCtrlRegsFile 
*          1    00007010    00000020     UNINITIALIZED
                  00007010    00000020     DSP2833x_GlobalVariableDefs.obj (SysCtrlRegsFile)

SpiaRegsFile 
*          1    00007040    00000010     UNINITIALIZED
                  00007040    00000010     DSP2833x_GlobalVariableDefs.obj (SpiaRegsFile)

SciaRegsFile 
*          1    00007050    00000010     UNINITIALIZED
                  00007050    00000010     DSP2833x_GlobalVariableDefs.obj (SciaRegsFile)

XIntruptRegsFile 
*          1    00007070    00000010     UNINITIALIZED
                  00007070    00000010     DSP2833x_GlobalVariableDefs.obj (XIntruptRegsFile)

AdcRegsFile 
*          1    00007100    0000001e     UNINITIALIZED
                  00007100    0000001e     DSP2833x_GlobalVariableDefs.obj (AdcRegsFile)

ScibRegsFile 
*          1    00007750    00000010     UNINITIALIZED
                  00007750    00000010     DSP2833x_GlobalVariableDefs.obj (ScibRegsFile)

ScicRegsFile 
*          1    00007770    00000010     UNINITIALIZED
                  00007770    00000010     DSP2833x_GlobalVariableDefs.obj (ScicRegsFile)

I2caRegsFile 
*          1    00007900    00000022     UNINITIALIZED
                  00007900    00000022     DSP2833x_GlobalVariableDefs.obj (I2caRegsFile)

CsmPwlFile 
*          1    0033fff8    00000008     UNINITIALIZED
                  0033fff8    00000008     DSP2833x_GlobalVariableDefs.obj (CsmPwlFile)

PartIdRegsFile 
*          1    00380090    00000001     UNINITIALIZED
                  00380090    00000001     DSP2833x_GlobalVariableDefs.obj (PartIdRegsFile)

.text.1    0    00000214    000001ec     
                  00000214    000001e6     B3_FaultDetect.obj (.text)
                  000003fa    00000005     porttimer.obj (.text)
                  000003ff    00000001     rts2800_fpu32.lib : _lock.c.obj (.text)

.text.2    0    00008004    00000ffc     
                  00008004    0000071f     B1_ModbusRTUSlaver.obj (.text)
                  00008723    00000377     DSP2833x_DMA.obj (.text)
                  00008a9a    00000316     DSP2833x_DefaultIsr.obj (.text:retain)
                  00008db0    00000225     B3_RTUPush.obj (.text)
                  00008fd5    0000002b     CHIP_PCF8563_Port.obj (.text)

.text.3    0    00009000    00001000     
                  00009000    000002e1     APP_Main.obj (.text)
                  000092e1    000002d9     HDL_Uart.obj (.text)
                  000095ba    0000028a     CHIP_W25Q128.obj (.text)
                  00009844    0000027d     BFL_SCR.obj (.text)
                  00009ac1    0000021a     BFL_VCB.obj (.text)
                  00009cdb    00000201     HDL_Uart.obj (.text:retain)
                  00009edc    00000124     HDL_SPI.obj (.text)

.text.4    0    0000a000    00001000     
                  0000a000    0000019d     B1_Measure.obj (.text)
                  0000a19d    00000199     HDL_IIC.obj (.text)
                  0000a336    0000012e     mbrtu.obj (.text)
                  0000a464    0000012c     mtime.obj (.text)
                  0000a590    0000012a     BFL_Measure.obj (.text)
                  0000a6ba    00000128     B2_EventRecord.obj (.text)
                  0000a7e2    00000118     mbcb.obj (.text)
                  0000a8fa    00000107     rts2800_fpu32.lib : ll_div28.asm.obj (.text)
                  0000aa01    000000fc     DSP2833x_SysCtrl.obj (.text)
                  0000aafd    000000e9     HDL_CPU_Time.obj (.text)
                  0000abe6    000000c6     cqueue.obj (.text)
                  0000acac    000000c3     BFL_Measure.obj (.text:retain)
                  0000ad6f    000000c1     mbfuncholding.obj (.text)
                  0000ae30    000000bc     BFL_SCR.obj (.text:retain)
                  0000aeec    000000b2     CHIP_PCF8563.obj (.text)
                  0000af9e    0000005a     mb.obj (.text)
                  0000aff8    00000008     DSP2833x_CodeStartBranch.obj (.text)

.text.5    0    0000b000    00000d84     
                  0000b000    000000ad     HDL_RTC.obj (.text)
                  0000b0ad    0000009f     BFL_RS485.obj (.text)
                  0000b14c    0000009c     rts2800_fpu32.lib : fd_add28.asm.obj (.text)
                  0000b1e8    00000094     mbfunccoils.obj (.text)
                  0000b27c    0000008e     B1_CapacitanceTemperatureMeasure.obj (.text)
                  0000b30a    0000008e     HDL_CPU_Time.obj (.text:retain)
                  0000b398    0000008b     rts2800_fpu32.lib : fd_div28.asm.obj (.text)
                  0000b423    00000088                       : fs_div28.asm.obj (.text)
                  0000b4ab    00000083                       : fd_mpy28.asm.obj (.text)
                  0000b52e    00000072                       : ti_fmax.c.obj (.text)
                  0000b5a0    0000006b     mbfuncinput.obj (.text)
                  0000b60b    00000059     BFL_Buzz.obj (.text)
                  0000b664    00000059     HDL_CAN.obj (.text:retain)
                  0000b6bd    00000057     average_filter.obj (.text)
                  0000b714    00000056     rts2800_fpu32.lib : boot28.asm.obj (.text)
                  0000b76a    00000053     B1_VCBStatusGet.obj (.text)
                  0000b7bd    00000053     mbfuncdisc.obj (.text)
                  0000b810    0000004b     BFL_Button.obj (.text)
                  0000b85b    00000049     BFL_DebugPin.obj (.text)
                  0000b8a4    00000046     HDL_IWDG.obj (.text)
                  0000b8ea    00000039     B1_SysModeGet.obj (.text)
                  0000b923    00000038     APP_Main_Test.obj (.text)
                  0000b95b    00000035     DSP2833x_CpuTimers.obj (.text)
                  0000b990    00000034     portserial.obj (.text)
                  0000b9c4    0000002e     datetime.obj (.text)
                  0000b9f2    0000002a     mbutils.obj (.text)
                  0000ba1c    0000002a     rts2800_fpu32.lib : fd_cmp28.asm.obj (.text)
                  0000ba46    0000002a                       : l_div28.asm.obj (.text)
                  0000ba70    00000029     mbcrc.obj (.text)
                  0000ba99    00000029     rts2800_fpu32.lib : exit.c.obj (.text)
                  0000bac2    00000028     DSP2833x_PieCtrl.obj (.text)
                  0000baea    00000027     rts2800_fpu32.lib : e_sqrtf.c.obj (.text)
                  0000bb11    00000026     period_query.obj (.text)
                  0000bb37    00000025     HDL_IWDG.obj (.text:retain)
                  0000bb5c    00000024     rts2800_fpu32.lib : cpy_tbl.c.obj (.text)
                  0000bb80    00000022                       : i_div28.asm.obj (.text)
                  0000bba2    00000021                       : fd_toi28.asm.obj (.text)
                  0000bbc3    0000001f                       : fd_tol28.asm.obj (.text)
                  0000bbe2    0000001e                       : ll_cmp28.asm.obj (.text)
                  0000bc00    0000001d                       : i_tofd28.asm.obj (.text)
                  0000bc1d    0000001d                       : memcpy.c.obj (.text)
                  0000bc3a    0000001c                       : fs_tofdfpu32.asm.obj (.text)
                  0000bc56    0000001c                       : l_tofd28.asm.obj (.text)
                  0000bc72    00000019                       : prolog28.asm.obj (.text)
                  0000bc8b    00000018                       : ll_aox28.asm.obj (.text)
                  0000bca3    00000014     DSP2833x_Adc.obj (.text)
                  0000bcb7    00000014     ccoding.obj (.text)
                  0000bccb    00000014     main.obj (.text)
                  0000bcdf    00000014     rts2800_fpu32.lib : ll_mpy28.asm.obj (.text)
                  0000bcf3    00000013     crc.obj (.text)
                  0000bd06    00000012     mbfuncother.obj (.text)
                  0000bd18    00000012     rts2800_fpu32.lib : args_main.c.obj (.text)
                  0000bd2a    00000011     DSP2833x_PieVect.obj (.text)
                  0000bd3b    00000011     state_duration_timer.obj (.text)
                  0000bd4c    0000000e     rts2800_fpu32.lib : fd_sub28.asm.obj (.text)
                  0000bd5a    0000000c                       : epilog28.asm.obj (.text)
                  0000bd66    0000000b                       : u_div28.asm.obj (.text)
                  0000bd71    00000009                       : fd_neg28.asm.obj (.text)
                  0000bd7a    00000007                       : memset.c.obj (.text)
                  0000bd81    00000002                       : pre_init.c.obj (.text)
                  0000bd83    00000001                       : startup.c.obj (.text)

.ebss.1    1    0000c3c0    00000c40     UNINITIALIZED
                  0000c3c0    00000378     APP_Main.obj (.ebss)
                  0000c738    00000008     HDL_RTC.obj (.ebss)
                  0000c740    00000104     B2_EventRecord.obj (.ebss:_g_B2_EventRecord_WriteQueueBuffer$11)
                  0000c844    0000003c     mbcb.obj (.ebss:_usRegInputBuf)
                  0000c880    00000100     CHIP_W25Q128.obj (.ebss:_g_pageBuf)
                  0000c980    00000100     HDL_Uart.obj (.ebss:_m_Com2TxBuf)
                  0000ca80    00000100     HDL_Uart.obj (.ebss:_m_Com3TxBuf)
                  0000cb80    00000100     mbrtu.obj (.ebss:_ucRTUBuf)
                  0000cc80    000000a0     BFL_Measure.obj (.ebss:_AdcVoltRMSFilterBuf)
                  0000cd20    00000020     HDL_Uart.obj (.ebss:_m_Com1TxBuf)
                  0000cd40    00000096     HDL_Uart.obj (.ebss:__gCOMList)
                  0000cdd6    00000020     mbfuncother.obj (.ebss:_ucMBSlaveID$34)
                  0000cdf6    0000000a     HDL_CAN.obj (.ebss)
                  0000ce00    00000080     BFL_Measure.obj (.ebss:_AdcVoltRMSFilter)
                  0000ce80    00000050     HDL_Uart.obj (.ebss:_m_Com1RxBuf)
                  0000ced0    0000001e     APP_Main_Test.obj (.ebss)
                  0000ceee    00000010     B2_EventRecord.obj (.ebss)
                  0000cefe    00000002     B1_CapacitanceTemperatureMeasure.obj (.ebss)
                  0000cf00    00000050     HDL_Uart.obj (.ebss:_m_Com2RxBuf)
                  0000cf50    0000001c     mb.obj (.ebss)
                  0000cf6c    00000010     BFL_Measure.obj (.ebss:_AdcAvg)
                  0000cf7c    00000004     B1_ModbusRTUSlaver.obj (.ebss)
                  0000cf80    00000050     HDL_Uart.obj (.ebss:_m_Com3RxBuf)
                  0000cfd0    0000001b     B2_EventRecord.obj (.ebss:_g_B2_EventRecord_WriteQueueEventDisbale$11)
                  0000cfeb    00000001     B3_SysAutoMode.obj (.ebss)
                  0000cfec    00000010     BFL_Measure.obj (.ebss:_AdcRMS)
                  0000cffc    00000004     B3_RTUPush.obj (.ebss)

.ebss.2    1    0000d5e2    00000113     UNINITIALIZED
                  0000d5e2    00000018     BFL_SCR.obj (.ebss)
                  0000d5fa    00000006     B2_CmdBypassCapacitors.obj (.ebss)
                  0000d600    00000046     mbcb.obj (.ebss:_usRegHoldingBuf)
                  0000d646    00000018     DSP2833x_CpuTimers.obj (.ebss)
                  0000d65e    00000010     BFL_Measure.obj (.ebss:_AdcVoltAvg)
                  0000d66e    00000010     BFL_Measure.obj (.ebss:_AdcVoltRMS)
                  0000d67e    00000002     B1_Measure.obj (.ebss)
                  0000d680    00000040     mb.obj (.ebss:_xFuncHandlers$36)
                  0000d6c0    0000000a     BFL_VCB.obj (.ebss:_g_vcb_list)
                  0000d6ca    00000006     BFL_Measure.obj (.ebss)
                  0000d6d0    00000006     HDL_CPU_Time.obj (.ebss)
                  0000d6d6    00000006     mbrtu.obj (.ebss)
                  0000d6dc    00000006     rts2800_fpu32.lib : exit.c.obj (.ebss)
                  0000d6e2    00000004     HDL_IWDG.obj (.ebss)
                  0000d6e6    00000002     rts2800_fpu32.lib : _lock.c.obj (.ebss:__lock)
                  0000d6e8    00000002                       : _lock.c.obj (.ebss:__unlock)
                  0000d6ea    00000002     mbcb.obj (.ebss:_ucRegCoilsBuf)
                  0000d6ec    00000002     mbcb.obj (.ebss:_ucRegDiscreteBuf)
                  0000d6ee    00000002     portevent.obj (.ebss)
                  0000d6f0    00000001     BFL_Buzz.obj (.ebss)
                  0000d6f1    00000001     mbcb.obj (.ebss)
                  0000d6f2    00000001     mbfuncother.obj (.ebss)
                  0000d6f3    00000001     porttimer.obj (.ebss)
                  0000d6f4    00000001     rts2800_fpu32.lib : errno.c.obj (.ebss)

MODULE SUMMARY

       Module                                   code    initialized data   uninitialized data
       ------                                   ----    ----------------   ------------------
    .\
       DSP2833x_GlobalVariableDefs.obj          0       0                  2679              
       DSP2833x_DMA.obj                         887     0                  0                 
       DSP2833x_DefaultIsr.obj                  790     0                  0                 
       DSP2833x_PieVect.obj                     17      256                0                 
       DSP2833x_SysCtrl.obj                     252     0                  0                 
       DSP2833x_CpuTimers.obj                   53      0                  24                
       DSP2833x_PieCtrl.obj                     40      0                  0                 
       DSP2833x_Adc.obj                         20      0                  0                 
       DSP2833x_CodeStartBranch.obj             10      0                  0                 
       DSP2833x_ADC_cal.obj                     7       0                  0                 
       DSP2833x_usDelay.obj                     4       0                  0                 
    +--+----------------------------------------+-------+------------------+--------------------+
       Total:                                   2080    256                2703              
                                                                                             
    .\APP\
       B1_ModbusRTUSlaver.obj                   1823    0                  4                 
       APP_Main.obj                             737     2                  888               
       B2_EventRecord.obj                       296     0                  303               
       B3_RTUPush.obj                           549     0                  4                 
       B3_FaultDetect.obj                       486     0                  0                 
       B1_Measure.obj                           413     0                  2                 
       B1_CapacitanceTemperatureMeasure.obj     142     8                  2                 
       APP_Main_Test.obj                        56      15                 30                
       B1_VCBStatusGet.obj                      83      0                  0                 
       B1_SysModeGet.obj                        57      0                  0                 
       B2_CmdBypassCapacitors.obj               0       0                  6                 
       B3_SysAutoMode.obj                       0       0                  1                 
    +--+----------------------------------------+-------+------------------+--------------------+
       Total:                                   4642    25                 1240              
                                                                                             
    .\Application\
       main.obj                                 20      0                  0                 
    +--+----------------------------------------+-------+------------------+--------------------+
       Total:                                   20      0                  0                 
                                                                                             
    .\BFL\
       BFL_Measure.obj                          493     4                  1318              
       BFL_SCR.obj                              825     0                  24                
       BFL_VCB.obj                              538     91                 10                
       BFL_RS485.obj                            159     0                  0                 
       BFL_Buzz.obj                             89      4                  1                 
       BFL_Button.obj                           75      0                  0                 
       BFL_DebugPin.obj                         73      0                  0                 
       datetime.obj                             46      0                  0                 
       period_query.obj                         38      0                  0                 
       state_duration_timer.obj                 17      0                  0                 
    +--+----------------------------------------+-------+------------------+--------------------+
       Total:                                   2353    99                 1353              
                                                                                             
    .\CHIP\
       CHIP_W25Q128.obj                         650     29                 256               
       CHIP_PCF8563.obj                         178     0                  0                 
       CHIP_PCF8563_Port.obj                    43      0                  0                 
    +--+----------------------------------------+-------+------------------+--------------------+
       Total:                                   871     29                 256               
                                                                                             
    .\HDL\
       HDL_Uart.obj                             1242    174                934               
       HDL_IIC.obj                              409     0                  0                 
       HDL_CPU_Time.obj                         375     13                 6                 
       HDL_SPI.obj                              292     0                  0                 
       HDL_RTC.obj                              173     4                  8                 
       HDL_IWDG.obj                             107     10                 4                 
       HDL_CAN.obj                              89      0                  10                
    +--+----------------------------------------+-------+------------------+--------------------+
       Total:                                   2687    201                962               
                                                                                             
    .\LIB\
       crc.obj                                  19      512                0                 
       mtime.obj                                300     12                 0                 
       cqueue.obj                               198     0                  0                 
       average_filter.obj                       87      0                  0                 
       ccoding.obj                              20      0                  0                 
    +--+----------------------------------------+-------+------------------+--------------------+
       Total:                                   624     524                0                 
                                                                                             
    .\freemodbus\
       mb.obj                                   90      0                  92                
    +--+----------------------------------------+-------+------------------+--------------------+
       Total:                                   90      0                  92                
                                                                                             
    .\freemodbus\functions\
       mbfuncholding.obj                        193     0                  0                 
       mbfunccoils.obj                          148     0                  0                 
       mbfuncinput.obj                          107     0                  0                 
       mbfuncdisc.obj                           83      0                  0                 
       mbfuncother.obj                          18      0                  33                
       mbutils.obj                              42      0                  0                 
    +--+----------------------------------------+-------+------------------+--------------------+
       Total:                                   591     0                  33                
                                                                                             
    .\freemodbus\port\
       mbcb.obj                                 280     2                  135               
       portserial.obj                           52      0                  0                 
       porttimer.obj                            5       0                  1                 
       portevent.obj                            0       0                  2                 
    +--+----------------------------------------+-------+------------------+--------------------+
       Total:                                   337     2                  138               
                                                                                             
    .\freemodbus\rtu\
       mbrtu.obj                                302     0                  262               
       mbcrc.obj                                41      512                0                 
    +--+----------------------------------------+-------+------------------+--------------------+
       Total:                                   343     512                262               
                                                                                             
    C:\Users\liuyu\AppData\Local\Temp\
       {A882D925-7F28-4773-B352-BC8276AF08EC}   0       227                0                 
    +--+----------------------------------------+-------+------------------+--------------------+
       Total:                                   0       227                0                 
                                                                                             
    C:\ti\ccs1260\ccs\tools\compiler\ti-cgt-c2000_22.6.1.LTS\lib\rts2800_fpu32.lib
       ll_div28.asm.obj                         263     0                  0                 
       fd_add28.asm.obj                         156     0                  0                 
       fd_div28.asm.obj                         139     0                  0                 
       fs_div28.asm.obj                         136     0                  0                 
       fd_mpy28.asm.obj                         131     0                  0                 
       ti_fmax.c.obj                            114     0                  0                 
       boot28.asm.obj                           86      0                  0                 
       _printfi.c.obj                           0       66                 0                 
       exit.c.obj                               41      14                 6                 
       fd_cmp28.asm.obj                         42      0                  0                 
       l_div28.asm.obj                          42      0                  0                 
       e_sqrtf.c.obj                            39      0                  0                 
       cpy_tbl.c.obj                            36      0                  0                 
       i_div28.asm.obj                          34      0                  0                 
       fd_toi28.asm.obj                         33      0                  0                 
       fd_tol28.asm.obj                         31      0                  0                 
       ll_cmp28.asm.obj                         30      0                  0                 
       i_tofd28.asm.obj                         29      0                  0                 
       memcpy.c.obj                             29      0                  0                 
       fs_tofdfpu32.asm.obj                     28      0                  0                 
       l_tofd28.asm.obj                         28      0                  0                 
       prolog28.asm.obj                         25      0                  0                 
       ll_aox28.asm.obj                         24      0                  0                 
       ll_mpy28.asm.obj                         20      0                  0                 
       args_main.c.obj                          18      0                  0                 
       fd_sub28.asm.obj                         14      0                  0                 
       epilog28.asm.obj                         12      0                  0                 
       u_div28.asm.obj                          11      0                  0                 
       fd_neg28.asm.obj                         9       0                  0                 
       memset.c.obj                             7       0                  0                 
       _lock.c.obj                              1       0                  4                 
       pre_init.c.obj                           2       0                  0                 
       errno.c.obj                              0       0                  1                 
       startup.c.obj                            1       0                  0                 
    +--+----------------------------------------+-------+------------------+--------------------+
       Total:                                   1611    80                 11                
                                                                                             
       Stack:                                   0       0                  1024              
    +--+----------------------------------------+-------+------------------+--------------------+
       Grand Total:                             16249   1955               8074              


GLOBAL DATA SYMBOLS: SORTED BY DATA PAGE

address     data page           name
--------    ----------------    ----
00000400      10 (00000400)     __stack

00000880      22 (00000880)     _DevEmuRegs

00000a80      2a (00000a80)     _FlashRegs

00000ae0      2b (00000ac0)     _CsmRegs

00000b00      2c (00000b00)     _AdcMirror
00000b20      2c (00000b00)     _XintfRegs

00000c00      30 (00000c00)     _CpuTimer0Regs
00000c08      30 (00000c00)     _CpuTimer1Regs
00000c10      30 (00000c00)     _CpuTimer2Regs

00000ce0      33 (00000cc0)     _PieCtrlRegs

00000d00      34 (00000d00)     _PieVectTable

00001000      40 (00001000)     _DmaRegs

00005000     140 (00005000)     _McbspaRegs

00005040     141 (00005040)     _McbspbRegs

00006000     180 (00006000)     _ECanaRegs

00006040     181 (00006040)     _ECanaLAMRegs

00006080     182 (00006080)     _ECanaMOTSRegs

000060c0     183 (000060c0)     _ECanaMOTORegs

00006100     184 (00006100)     _ECanaMboxes

00006200     188 (00006200)     _ECanbRegs

00006240     189 (00006240)     _ECanbLAMRegs

00006280     18a (00006280)     _ECanbMOTSRegs

000062c0     18b (000062c0)     _ECanbMOTORegs

00006300     18c (00006300)     _ECanbMboxes

00006800     1a0 (00006800)     _EPwm1Regs

00006840     1a1 (00006840)     _EPwm2Regs

00006880     1a2 (00006880)     _EPwm3Regs

000068c0     1a3 (000068c0)     _EPwm4Regs

00006900     1a4 (00006900)     _EPwm5Regs

00006940     1a5 (00006940)     _EPwm6Regs

00006a00     1a8 (00006a00)     _ECap1Regs
00006a20     1a8 (00006a00)     _ECap2Regs

00006a40     1a9 (00006a40)     _ECap3Regs
00006a60     1a9 (00006a40)     _ECap4Regs

00006a80     1aa (00006a80)     _ECap5Regs
00006aa0     1aa (00006a80)     _ECap6Regs

00006b00     1ac (00006b00)     _EQep1Regs

00006b40     1ad (00006b40)     _EQep2Regs

00006f80     1be (00006f80)     _GpioCtrlRegs

00006fc0     1bf (00006fc0)     _GpioDataRegs
00006fe0     1bf (00006fc0)     _GpioIntRegs

00007010     1c0 (00007000)     _SysCtrlRegs

00007040     1c1 (00007040)     _SpiaRegs
00007050     1c1 (00007040)     _SciaRegs
00007070     1c1 (00007040)     _XIntruptRegs

00007100     1c4 (00007100)     _AdcRegs

00007750     1dd (00007740)     _ScibRegs
00007770     1dd (00007740)     _ScicRegs

00007900     1e4 (00007900)     _I2caRegs

0000c000     300 (0000c000)     _DMABuf1

0000c3c2     30f (0000c3c0)     _g_backGroundTaskMaxRuningTimeUS
0000c3c4     30f (0000c3c0)     _g_backGroundTaskRuningTimeUS
0000c3c6     30f (0000c3c0)     _g_A
0000c3c8     30f (0000c3c0)     _g_B

0000c400     310 (0000c400)     _g_AppMainInfo

0000c844     321 (0000c840)     _usRegInputBuf

0000cb80     32e (0000cb80)     _ucRTUBuf

0000cd40     335 (0000cd40)     __gCOMList

0000cdf6     337 (0000cdc0)     _can_rx_msg

0000ced0     33b (0000cec0)     _SCRT_Fault_res
0000ced1     33b (0000cec0)     _SCRT_Fault_cnt
0000ced2     33b (0000cec0)     _ts_device_utc_ms
0000ced6     33b (0000cec0)     _settingTime
0000cede     33b (0000cec0)     _CurTime
0000cee6     33b (0000cec0)     _pTime
0000cef0     33b (0000cec0)     _g_recordedEventsReadIdx

0000cf60     33d (0000cf40)     _pxMBFrameCBByteReceived
0000cf62     33d (0000cf40)     _pxMBFrameCBTransmitterEmpty
0000cf64     33d (0000cf40)     _pxMBPortCBTimerExpired
0000cf66     33d (0000cf40)     _pxMBFrameCBReceiveFSMCur
0000cf68     33d (0000cf40)     _pxMBFrameCBTransmitFSMCur

0000cfeb     33f (0000cfc0)     _debugVar

0000d200     348 (0000d200)     _PieVectTableInit

0000d300     34c (0000d300)     _s_CRCHi

0000d400     350 (0000d400)     _s_CRCLo

0000d5ae     356 (0000d580)     _g_day_per_mon

0000d5da     357 (0000d5c0)     _g_pSysInfo
0000d5e0     357 (0000d5c0)     _usRegInputStart
0000d5e1     357 (0000d5c0)     _usRegHoldingStart
0000d5e2     357 (0000d5c0)     _epwm1_info
0000d5e8     357 (0000d5c0)     _epwm2_info
0000d5ee     357 (0000d5c0)     _epwm3_info
0000d5f4     357 (0000d5c0)     _epwm5_info
0000d5fa     357 (0000d5c0)     _SCRT_Fault1
0000d5fc     357 (0000d5c0)     _scrtFb1
0000d5fe     357 (0000d5c0)     _s_t1

0000d600     358 (0000d600)     _usRegHoldingBuf

0000d646     359 (0000d640)     _CpuTimer0
0000d64e     359 (0000d640)     _CpuTimer1
0000d656     359 (0000d640)     _CpuTimer2

0000d6c0     35b (0000d6c0)     _g_vcb_list
0000d6cc     35b (0000d6c0)     _DMADest
0000d6ce     35b (0000d6c0)     _DMASource
0000d6dc     35b (0000d6c0)     ___TI_enable_exit_profile_output
0000d6de     35b (0000d6c0)     ___TI_cleanup_ptr
0000d6e0     35b (0000d6c0)     ___TI_dtors_ptr
0000d6e6     35b (0000d6c0)     __lock
0000d6e8     35b (0000d6c0)     __unlock
0000d6ea     35b (0000d6c0)     _ucRegCoilsBuf
0000d6ec     35b (0000d6c0)     _ucRegDiscreteBuf
0000d6f1     35b (0000d6c0)     _boolRegHoldingChanged
0000d6f4     35b (0000d6c0)     _errno

0033fff8    cfff (0033ffc0)     _CsmPwl

00380090    e002 (00380080)     _PartIdRegs


GLOBAL SYMBOLS: SORTED ALPHABETICALLY BY Name 

page  address   name                                    
----  -------   ----                                    
abs   ffffffff  .text                                   
0     0000ba99  C$$EXIT                                 
0     0000b14c  FD$$ADD                                 
0     0000ba1c  FD$$CMP                                 
0     0000b398  FD$$DIV                                 
0     0000b4ab  FD$$MPY                                 
0     0000bd71  FD$$NEG                                 
0     0000bd4c  FD$$SUB                                 
0     0000bba2  FD$$TOI                                 
0     0000bbc3  FD$$TOL                                 
0     0000b423  FS$$DIV                                 
0     0000bc3a  FS$$TOFD                                
0     0000bb80  I$$DIV                                  
0     0000bb91  I$$MOD                                  
0     0000bc00  I$$TOFD                                 
0     0000ba46  L$$DIV                                  
0     0000ba55  L$$MOD                                  
0     0000bc56  L$$TOFD                                 
0     0000bc8b  LL$$AND                                 
0     0000bbe2  LL$$CMP                                 
0     0000a8fa  LL$$DIV                                 
0     0000a936  LL$$MOD                                 
0     0000bcdf  LL$$MPY                                 
0     0000bc93  LL$$OR                                  
0     0000bc9b  LL$$XOR                                 
0     0000bd66  U$$DIV                                  
0     0000bd6b  U$$MOD                                  
0     0000ba63  UL$$DIV                                 
0     0000ba6a  UL$$MOD                                 
0     0000bbf4  ULL$$CMP                                
0     0000a970  ULL$$DIV                                
0     0000a99f  ULL$$MOD                                
0     00008da6  _ADCINT_ISR                             
0     00380080  _ADC_cal                                
0     00009212  _APP_Main_Init                          
0     0000911c  _APP_Main_Save_SysInfo                  
0     0000b923  _APP_Main_Test_Poll                     
1     00000b00  _AdcMirror                              
1     00007100  _AdcRegs                                
0     0000b27c  _B1_CapacitanceTemperatureMeasure_Poll  
0     0000a0a1  _B1_Measure_Poll                        
0     0000a000  _B1_Measure_Read                        
0     000086ea  _B1_ModbusRTUSlaver_Init                
0     0000b8ea  _B1_SysModeGet_DeltaPoll                
0     0000b79c  _B1_VCBStatusGet_DeltaPoll              
0     0000b76a  _B1_VCBStatus_Update                    
0     0000a6ba  _B2_EventRecord_Create                  
0     0000a7cf  _B2_EventRecord_Get_ReadIdx             
0     0000a7d3  _B2_EventRecord_Inc_ReadIdx             
0     0000a7af  _B2_EventRecord_Read_RawData            
0     0000a785  _B2_EventRecord_Write                   
0     00000214  _B3_Check_Minor_Fault_Exist             
0     00000384  _B3_Check_SCR_Serious_Fault             
0     00008db0  _B3_RTUPush_Poll                        
0     0000b81a  _BFL_Button_Init                        
0     0000b810  _BFL_Button_IsPressed                   
0     0000b644  _BFL_Buzz_Init                          
0     0000b632  _BFL_Buzz_IsOff                         
0     0000b623  _BFL_Buzz_Off                           
0     0000b614  _BFL_Buzz_On                            
0     0000b610  _BFL_Buzz_SetTrigLevel                  
0     0000b60b  _BFL_Buzz_Toggle                        
0     0000b885  _BFL_DebugPin_Init                      
0     0000b877  _BFL_DebugPin_Reset                     
0     0000b869  _BFL_DebugPin_Set                       
0     0000b85b  _BFL_DebugPin_Toggle                    
0     0000a69d  _BFL_Measure_Init                       
0     0000a669  _BFL_Measure_Read                       
0     0000a663  _BFL_Measure_ReadReady                  
0     0000b101  _BFL_RS485_Init                         
0     0000b0f3  _BFL_RS485_Read                         
0     0000b0e5  _BFL_RS485_Release_Bus                  
0     0000b0e0  _BFL_RS485_Release_Bus_RS4851           
0     0000b0db  _BFL_RS485_Release_Bus_RS4852           
0     0000b0ad  _BFL_RS485_Take_Bus                     
0     0000b0d6  _BFL_RS485_Take_Bus_RS4851              
0     0000b0d1  _BFL_RS485_Take_Bus_RS4852              
0     0000b0bb  _BFL_RS485_Write                        
0     00009a81  _BFL_SCRR_Have_Signal                   
0     00009a80  _BFL_SCRT_Pluse_Set                     
0     00009a52  _BFL_SCRT_Pluse_Transmit                
0     000099b0  _BFL_SCR_Init                           
0     00009cc8  _BFL_VCB_CTRL_STATE_To_String           
0     00009ca6  _BFL_VCB_Get_Actual_State               
0     00009c99  _BFL_VCB_Get_Setting_State              
0     00009c8c  _BFL_VCB_Relay_Get_Setting_State        
0     00009bfd  _BFL_VCB_Relay_Set_As_Switch_Closed     
0     00009ac1  _BFL_VCB_Relay_Set_As_Switch_No_Ctrl    
0     00009b98  _BFL_VCB_Relay_Set_As_Switch_Opened     
0     00009c7e  _BFL_VCB_STATE_To_String                
0     00009c5e  _BFL_VCB_SW_To_String                   
0     00009c50  _BFL_VCB_Set_As_Switch_Closed           
0     00009bf8  _BFL_VCB_Set_As_Switch_No_Ctrl          
0     00009beb  _BFL_VCB_Set_As_Switch_Opened           
0     00009b00  _BFL_VCB_Seurity_Init                   
0     00009150  _BackGroundTask                         
0     00009015  _BackGroundTask_WhenInSRCPoll           
0     0000bcc4  _Bcd2Hex                                
0     0000b664  _CANA_ISR                               
0     0000af3c  _CHIP_PCF8563_Get                       
0     00008ff7  _CHIP_PCF8563_IIC_Init                  
0     0000af89  _CHIP_PCF8563_Init                      
0     00008fe6  _CHIP_PCF8563_Read_Bytes                
0     0000aeec  _CHIP_PCF8563_Set                       
0     00008fd5  _CHIP_PCF8563_Write_Bytes               
0     00009735  _CHIP_W25Q128_Erase_One_Sector          
0     00009692  _CHIP_W25Q128_Init                      
0     0000977f  _CHIP_W25Q128_Is_Sector_Erased          
0     0000969d  _CHIP_W25Q128_Read                      
0     00009662  _CHIP_W25Q128_Read_ID                   
0     000096dd  _CHIP_W25Q128_Write                     
0     00009806  _CHIP_W25Q128_Write_No_Erase            
0     00009811  _CHIP_W25Q128_Write_One_Sector_No_Erase 
0     00009835  _CHIP_W25q128_Write_One_Sector          
0     0000bcf3  _CRC16_Modbus                           
0     0000bd3b  _CheckConditionDurationMet              
0     0000903f  _Config_Default_Parameter               
1     0000d646  _CpuTimer0                              
1     00000c00  _CpuTimer0Regs                          
1     0000d64e  _CpuTimer1                              
1     00000c08  _CpuTimer1Regs                          
1     0000d656  _CpuTimer2                              
1     00000c10  _CpuTimer2Regs                          
1     0033fff8  _CsmPwl                                 
1     00000ae0  _CsmRegs                                
0     0000aacf  _CsmUnlock                              
1     0000cede  _CurTime                                
0     00008d9c  _DATALOG_ISR                            
0     00008d92  _DINTCH1_ISR                            
0     00008d88  _DINTCH2_ISR                            
0     00008d7e  _DINTCH3_ISR                            
0     00008d74  _DINTCH4_ISR                            
0     00008d6a  _DINTCH5_ISR                            
0     00008d60  _DINTCH6_ISR                            
1     0000c000  _DMABuf1                                
0     00008a90  _DMACH1AddrConfig                       
0     00008a87  _DMACH1BurstConfig                      
0     00008a24  _DMACH1ModeConfig                       
0     00008a1b  _DMACH1TransferConfig                   
0     00008a11  _DMACH1WrapConfig                       
0     00008a07  _DMACH2AddrConfig                       
0     000089fe  _DMACH2BurstConfig                      
0     0000899b  _DMACH2ModeConfig                       
0     00008992  _DMACH2TransferConfig                   
0     00008988  _DMACH2WrapConfig                       
0     0000897e  _DMACH3AddrConfig                       
0     00008975  _DMACH3BurstConfig                      
0     00008912  _DMACH3ModeConfig                       
0     00008909  _DMACH3TransferConfig                   
0     000088ff  _DMACH3WrapConfig                       
0     000088f5  _DMACH4AddrConfig                       
0     000088ec  _DMACH4BurstConfig                      
0     00008887  _DMACH4ModeConfig                       
0     0000887e  _DMACH4TransferConfig                   
0     00008874  _DMACH4WrapConfig                       
0     0000886a  _DMACH5AddrConfig                       
0     00008861  _DMACH5BurstConfig                      
0     000087fc  _DMACH5ModeConfig                       
0     000087f3  _DMACH5TransferConfig                   
0     000087e9  _DMACH5WrapConfig                       
0     000087df  _DMACH6AddrConfig                       
0     000087d6  _DMACH6BurstConfig                      
0     00008771  _DMACH6ModeConfig                       
0     00008768  _DMACH6TransferConfig                   
0     0000875e  _DMACH6WrapConfig                       
1     0000d6cc  _DMADest                                
0     00008753  _DMAInitialize                          
1     0000d6ce  _DMASource                              
0     00008000  _DSP28x_usDelay                         
1     00000880  _DevEmuRegs                             
0     0000aa0b  _DisableDog                             
1     00001000  _DmaRegs                                
0     00008d56  _ECAN0INTA_ISR                          
0     00008d4c  _ECAN0INTB_ISR                          
0     00008d42  _ECAN1INTA_ISR                          
0     00008d38  _ECAN1INTB_ISR                          
0     00008d2e  _ECAP1_INT_ISR                          
0     00008d24  _ECAP2_INT_ISR                          
0     00008d1a  _ECAP3_INT_ISR                          
0     00008d10  _ECAP4_INT_ISR                          
0     00008d06  _ECAP5_INT_ISR                          
0     00008cfc  _ECAP6_INT_ISR                          
1     00006040  _ECanaLAMRegs                           
1     000060c0  _ECanaMOTORegs                          
1     00006080  _ECanaMOTSRegs                          
1     00006100  _ECanaMboxes                            
1     00006000  _ECanaRegs                              
1     00006240  _ECanbLAMRegs                           
1     000062c0  _ECanbMOTORegs                          
1     00006280  _ECanbMOTSRegs                          
1     00006300  _ECanbMboxes                            
1     00006200  _ECanbRegs                              
1     00006a00  _ECap1Regs                              
1     00006a20  _ECap2Regs                              
1     00006a40  _ECap3Regs                              
1     00006a60  _ECap4Regs                              
1     00006a80  _ECap5Regs                              
1     00006aa0  _ECap6Regs                              
0     00008cf2  _EMUINT_ISR                             
0     00008ce8  _EPWM1_INT_ISR                          
0     00008cde  _EPWM1_TZINT_ISR                        
0     00008cd4  _EPWM2_INT_ISR                          
0     00008cca  _EPWM2_TZINT_ISR                        
0     00008cc0  _EPWM3_INT_ISR                          
0     00008cb6  _EPWM3_TZINT_ISR                        
0     00008cac  _EPWM4_INT_ISR                          
0     00008ca2  _EPWM4_TZINT_ISR                        
0     00008c98  _EPWM5_INT_ISR                          
0     00008c8e  _EPWM5_TZINT_ISR                        
0     00008c84  _EPWM6_INT_ISR                          
0     00008c7a  _EPWM6_TZINT_ISR                        
1     00006800  _EPwm1Regs                              
1     00006840  _EPwm2Regs                              
1     00006880  _EPwm3Regs                              
1     000068c0  _EPwm4Regs                              
1     00006900  _EPwm5Regs                              
1     00006940  _EPwm6Regs                              
0     0000988b  _EPwmx_ActionInit                       
0     00008c70  _EQEP1_INT_ISR                          
0     00008c66  _EQEP2_INT_ISR                          
1     00006b00  _EQep1Regs                              
1     00006b40  _EQep2Regs                              
0     0000bae1  _EnableInterrupts                       
0     0000b9b2  _EnterCriticalSection                   
0     0000b9b6  _ExitCriticalSection                    
1     00000a80  _FlashRegs                              
0     000095ba  _Flash_ReadSR1                          
0     000095e6  _Flash_ReadSR2                          
0     00009612  _Flash_Wait_Busy                        
0     00009636  _Flash_Write_Enable                     
1     00006f80  _GpioCtrlRegs                           
1     00006fc0  _GpioDataRegs                           
1     00006fe0  _GpioIntRegs                            
0     0000abd1  _HDL_CPU_Time_DelayMs                   
0     0000abbf  _HDL_CPU_Time_DelayUs                   
0     0000abb5  _HDL_CPU_Time_GetTick                   
0     0000abae  _HDL_CPU_Time_GetUsTick                 
0     0000ab5e  _HDL_CPU_Time_Init                      
0     0000ab59  _HDL_CPU_Time_ResetTick                 
0     0000ab53  _HDL_CPU_Time_ResetUsTick               
0     0000ab4f  _HDL_CPU_Time_SetCPUTickCallback        
0     0000ab37  _HDL_CPU_Time_StartHardTimer            
0     0000aafd  _HDL_CPU_Time_StopHardTimer             
0     0000a333  _HDL_IIC_Init                           
0     0000a306  _HDL_IIC_Mem_Read                       
0     0000a2fa  _HDL_IIC_Mem_Write                      
0     0000b8e7  _HDL_IWDG_Feed                          
0     0000b8a4  _HDL_IWDG_Init                          
0     0000b058  _HDL_RTC_GetTimeTick                    
0     0000b07f  _HDL_RTC_Init                           
0     0000b000  _HDL_RTC_SetTimeTick                    
0     00009fd0  _HDL_SPI_Init                           
0     00009f9b  _HDL_SPI_Read                           
0     00009f6a  _HDL_SPI_Write                          
0     00009f19  _HDL_SPI_WriteRead                      
0     0000bcb7  _Hex2Bcd                                
0     00008c5c  _I2CINT1A_ISR                           
0     00008c52  _I2CINT2A_ISR                           
0     0000a19d  _I2C_Delay                              
0     0000a25b  _I2C_ReceiveByte                        
0     0000a284  _I2C_SendAck                            
0     0000a1c2  _I2C_SendByte                           
0     0000a2a1  _I2C_SendNack                           
0     0000a1a1  _I2C_Start                              
0     0000a211  _I2C_Stop                               
0     0000a1ef  _I2C_WaitAck                            
1     00007900  _I2caRegs                               
0     00008c48  _ILLEGAL_ISR                            
0     00008c3e  _INT13_ISR                              
0     00008c34  _INT14_ISR                              
0     0000bca3  _InitAdc                                
0     0000b95b  _InitCpuTimers                          
0     00009971  _InitEPwm1Example                       
0     00009932  _InitEPwm2Example                       
0     000098f3  _InitEPwm3Example                       
0     000098b4  _InitEPwm5Example                       
0     0000aa60  _InitPeripheralClocks                   
0     0000bac2  _InitPieCtrl                            
0     0000bd2a  _InitPieVectTable                       
0     0000aa13  _InitPll                                
0     0000946c  _InitSciaGpio                           
0     00009452  _InitScibGpio                           
0     000093c3  _InitScicGpio                           
0     00009eed  _InitSpiGpio                            
0     00009eed  _InitSpiaGpio                           
0     0000aac6  _InitSysCtrl                            
0     00008c2a  _LUF_ISR                                
0     00008c20  _LVF_ISR                                
0     000091d3  _Load_Parameter_From_Flash              
0     00008004  _MBCmdHandler                           
0     00008c16  _MRINTA_ISR                             
0     00008c0c  _MRINTB_ISR                             
0     00008c02  _MXINTA_ISR                             
0     00008bf8  _MXINTB_ISR                             
1     00005000  _McbspaRegs                             
1     00005040  _McbspbRegs                             
0     00008bee  _NMI_ISR                                
0     00008be4  _PIE_RESERVED                           
1     00380090  _PartIdRegs                             
1     00000ce0  _PieCtrlRegs                            
1     00000d00  _PieVectTable                           
1     0000d200  _PieVectTableInit                       
0     00008bda  _RTOSINT_ISR                            
0     00008bd0  _SCIRXINTA_ISR                          
0     00008bc6  _SCIRXINTB_ISR                          
0     00008bbc  _SCIRXINTC_ISR                          
0     00008bb2  _SCITXINTA_ISR                          
0     00008ba8  _SCITXINTB_ISR                          
0     00008b9e  _SCITXINTC_ISR                          
1     0000d5fa  _SCRT_Fault1                            
1     0000ced1  _SCRT_Fault_cnt                         
1     0000ced0  _SCRT_Fault_res                         
0     00008b94  _SEQ1INT_ISR                            
0     00008b8a  _SEQ2INT_ISR                            
0     00008b80  _SPIRXINTA_ISR                          
0     00008b76  _SPITXINTA_ISR                          
1     00007050  _SciaRegs                               
1     00007750  _ScibRegs                               
1     00007770  _ScicRegs                               
0     0000aa01  _ServiceDog                             
1     00007040  _SpiaRegs                               
0     0000874b  _StartDMACH1                            
0     00008743  _StartDMACH2                            
0     0000873b  _StartDMACH3                            
0     00008733  _StartDMACH4                            
0     0000872b  _StartDMACH5                            
0     00008723  _StartDMACH6                            
0     0000807d  _SyncModbusHoldingRegChangeToSysinfo    
0     000082bf  _SyncSysinfoToModbusReg                 
1     00007010  _SysCtrlRegs                            
0     00008b6c  _TINT0_ISR                              
0     000092e1  _USART_Callback                         
0     00008b62  _USER10_ISR                             
0     00008b58  _USER11_ISR                             
0     00008b4e  _USER12_ISR                             
0     00008b44  _USER1_ISR                              
0     00008b3a  _USER2_ISR                              
0     00008b30  _USER3_ISR                              
0     00008b26  _USER4_ISR                              
0     00008b1c  _USER5_ISR                              
0     00008b12  _USER6_ISR                              
0     00008b08  _USER7_ISR                              
0     00008afe  _USER8_ISR                              
0     00008af4  _USER9_ISR                              
0     000095a2  _Uart_AvailableBytes                    
0     0000957d  _Uart_EmptyReadBuffer                   
0     00009488  _Uart_Init                              
0     000093ab  _Uart_Read                              
0     0000939d  _Uart_RegisterReceiveCharCallback       
0     0000938f  _Uart_RegisterReceiveReadyCharCallback  
0     00009380  _Uart_SetWriteOverCallback              
0     00009371  _Uart_UnregisterReceiveCharCallback     
0     00009323  _Uart_Write                             
0     00008aea  _WAKEINT_ISR                            
0     00008ae0  _XINT1_ISR                              
0     00008ad6  _XINT2_ISR                              
0     00008acc  _XINT3_ISR                              
0     00008ac2  _XINT4_ISR                              
0     00008ab8  _XINT5_ISR                              
0     00008aae  _XINT6_ISR                              
0     00008aa4  _XINT7_ISR                              
1     00007070  _XIntruptRegs                           
1     00000b20  _XintfRegs                              
1     00000800  __STACK_END                             
abs   00000400  __STACK_SIZE                            
1     0000d6de  ___TI_cleanup_ptr                       
1     0000d6e0  ___TI_dtors_ptr                         
1     0000d6dc  ___TI_enable_exit_profile_output        
abs   ffffffff  ___TI_pprof_out_hndl                    
abs   ffffffff  ___TI_prof_data_size                    
abs   ffffffff  ___TI_prof_data_start                   
abs   ffffffff  ___binit__                              
abs   ffffffff  ___c_args__                             
0     00000050  ___cinit__                              
abs   ffffffff  ___etext__                              
abs   ffffffff  ___pinit__                              
abs   ffffffff  ___text__                               
0     0000bd18  __args_main                             
1     0000cd40  __gCOMList                              
1     0000d6e6  __lock                                  
0     000003ff  __nop                                   
1     00000400  __stack                                 
0     0000bd83  __system_post_cinit                     
0     0000bd81  __system_pre_init                       
1     0000d6e8  __unlock                                
0     0000ba99  _abort                                  
0     0000a464  _applib_dt_is_leap_year                 
0     0000a479  _applib_dt_last_day_of_mon              
0     0000b6f2  _average_filter_init                    
0     0000b6bd  _average_filter_update                  
1     0000d6f1  _boolRegHoldingChanged                  
0     0000b714  _c_int00                                
1     0000cdf6  _can_rx_msg                             
0     0000a620  _config_ADC                             
0     0000a5e3  _config_DMA                             
0     0000a5d2  _config_ePWM4_to_generate_ADCSOCA       
0     0000a59d  _config_ePWM4_to_generate_ADCSOCA_      
0     0000bb5c  _copy_in                                
0     0000b35e  _cpu_timer0_isr                         
0     0000b34a  _cpu_timer1_isr                         
0     0000b30a  _cpu_timer2_isr                         
0     0000ac94  _cqueue_create                          
0     0000ac71  _cqueue_dequeue                         
0     0000abe6  _cqueue_enqueue                         
0     0000ac3a  _cqueue_in                              
0     0000ac0b  _cqueue_out                             
0     0000b9c4  _datetime_get_unix_ms_timestamp         
0     0000b07f  _datetime_init                          
1     0000cfeb  _debugVar                               
0     0000b248  _eMBFuncReadCoils                       
0     0000b7bd  _eMBFuncReadDiscreteInputs              
0     0000ae05  _eMBFuncReadHoldingRegister             
0     0000b5a0  _eMBFuncReadInputRegister               
0     0000ad6f  _eMBFuncReadWriteMultipleHoldingRegister
0     0000bd06  _eMBFuncReportSlaveID                   
0     0000b21e  _eMBFuncWriteCoil                       
0     0000adc5  _eMBFuncWriteHoldingRegister            
0     0000b1e8  _eMBFuncWriteMultipleCoils              
0     0000adda  _eMBFuncWriteMultipleHoldingRegister    
0     0000af9e  _eMBPoll                                
0     0000a43d  _eMBRTUInit                             
0     0000a3c5  _eMBRTUReceive                          
0     0000a3eb  _eMBRTUSend                             
0     0000a427  _eMBRTUStart                            
0     0000a419  _eMBRTUStop                             
0     0000a7e2  _eMBRegCoilsCB                          
0     0000a84f  _eMBRegHoldingCB                        
0     0000a590  _enable_ePWM4                           
0     0000bd5a  _epilog_c28x_1                          
0     0000bd5e  _epilog_c28x_2                          
1     0000d5e2  _epwm1_info                             
0     0000aebd  _epwm1_isr                              
1     0000d5e8  _epwm2_info                             
0     0000ae8e  _epwm2_isr                              
1     0000d5ee  _epwm3_info                             
0     0000ae5f  _epwm3_isr                              
1     0000d5f4  _epwm5_info                             
0     0000ae30  _epwm5_isr                              
1     0000d6f4  _errno                                  
0     0000ba9b  _exit                                   
0     0000b567  _fmax                                   
0     0000b567  _fmaxf                                  
0     0000b52e  _fmin                                   
0     0000b52e  _fminf                                  
1     0000c3c6  _g_A                                    
1     0000c400  _g_AppMainInfo                          
1     0000c3c8  _g_B                                    
1     0000c3c2  _g_backGroundTaskMaxRuningTimeUS        
1     0000c3c4  _g_backGroundTaskRuningTimeUS           
1     0000d5ae  _g_day_per_mon                          
1     0000d5da  _g_pSysInfo                             
1     0000cef0  _g_recordedEventsReadIdx                
1     0000d6c0  _g_vcb_list                             
0     0000a189  _getI_TA1_MAX                           
0     00009000  _getMaxCapTemp                          
0     0000a2be  _i2c_mem_read                           
0     0000a235  _i2c_mem_write                          
0     0000acac  _local_DINTCH1_ISR                      
0     00009874  _mInitEPwm1Gpio                         
0     0000985c  _mInitEPwm2Gpio                         
0     00009844  _mInitEPwm3Gpio                         
0     0000bccb  _main                                   
0     0000bc1d  _memcpy                                 
0     0000bd7a  _memset                                 
0     0000a48e  _mtime_2_unix_sec                       
0     0000a4e2  _mtime_get_week                         
0     0000a522  _mtime_unix_sec_2_time                  
1     0000cee6  _pTime                                  
0     0000bb24  _period_query_user                      
0     0000bb11  _period_query_user_us                   
0     0000bc72  _prolog_c28x_1                          
0     0000bc76  _prolog_c28x_2                          
0     0000bc7e  _prolog_c28x_3                          
0     0000ba0e  _prveMBError2Exception                  
0     000003fa  _prvvTIMERExpiredISR                    
1     0000cf60  _pxMBFrameCBByteReceived                
1     0000cf66  _pxMBFrameCBReceiveFSMCur               
1     0000cf68  _pxMBFrameCBTransmitFSMCur              
1     0000cf62  _pxMBFrameCBTransmitterEmpty            
1     0000cf64  _pxMBPortCBTimerExpired                 
0     00008a9a  _rsvd_ISR                               
1     0000d300  _s_CRCHi                                
1     0000d400  _s_CRCLo                                
1     0000d5fe  _s_t1                                   
0     00009e72  _sciaRxFifoIsr                          
0     00009e3b  _sciaTxFifoIsr                          
0     00009dc3  _scibRxFifoIsr                          
0     00009d8c  _scibTxFifoIsr                          
0     00009d12  _scicRxFifoIsr                          
0     00009cdb  _scicTxFifoIsr                          
1     0000d5fc  _scrtFb1                                
0     0000b9ba  _serialReceiveOneByteISR                
0     0000b9bf  _serialSentOneByteISR                   
1     0000ced6  _settingTime                            
0     00009ee0  _spi_init                               
0     00009edc  _spi_xmit                               
0     0000baea  _sqrt                                   
0     0000baea  _sqrtf                                  
1     0000ced2  _ts_device_utc_ms                       
1     0000cb80  _ucRTUBuf                               
1     0000d6ea  _ucRegCoilsBuf                          
1     0000d6ec  _ucRegDiscreteBuf                       
0     0000ba70  _usMBCRC16                              
1     0000d600  _usRegHoldingBuf                        
1     0000d5e1  _usRegHoldingStart                      
1     0000c844  _usRegInputBuf                          
1     0000d5e0  _usRegInputStart                        
0     0000b990  _vMBPortSerialEnable                    
0     000097b8  _w25q128_write_page_no_erase            
0     0000bb37  _wakeint_isr                            
0     0000a38a  _xMBRTUReceiveFSM                       
0     0000a369  _xMBRTUTimerT35Expired                  
0     0000a336  _xMBRTUTransmitFSM                      
0     0000b9f2  _xMBUtilGetBits                         
abs   ffffffff  binit                                   
0     00000050  cinit                                   
0     00000000  code_start                              
abs   ffffffff  etext                                   
abs   ffffffff  pinit                                   


GLOBAL SYMBOLS: SORTED BY Symbol Address 

page  address   name                                    
----  -------   ----                                    
0     00000000  code_start                              
0     00000050  ___cinit__                              
0     00000050  cinit                                   
0     00000214  _B3_Check_Minor_Fault_Exist             
0     00000384  _B3_Check_SCR_Serious_Fault             
0     000003fa  _prvvTIMERExpiredISR                    
0     000003ff  __nop                                   
0     00008000  _DSP28x_usDelay                         
0     00008004  _MBCmdHandler                           
0     0000807d  _SyncModbusHoldingRegChangeToSysinfo    
0     000082bf  _SyncSysinfoToModbusReg                 
0     000086ea  _B1_ModbusRTUSlaver_Init                
0     00008723  _StartDMACH6                            
0     0000872b  _StartDMACH5                            
0     00008733  _StartDMACH4                            
0     0000873b  _StartDMACH3                            
0     00008743  _StartDMACH2                            
0     0000874b  _StartDMACH1                            
0     00008753  _DMAInitialize                          
0     0000875e  _DMACH6WrapConfig                       
0     00008768  _DMACH6TransferConfig                   
0     00008771  _DMACH6ModeConfig                       
0     000087d6  _DMACH6BurstConfig                      
0     000087df  _DMACH6AddrConfig                       
0     000087e9  _DMACH5WrapConfig                       
0     000087f3  _DMACH5TransferConfig                   
0     000087fc  _DMACH5ModeConfig                       
0     00008861  _DMACH5BurstConfig                      
0     0000886a  _DMACH5AddrConfig                       
0     00008874  _DMACH4WrapConfig                       
0     0000887e  _DMACH4TransferConfig                   
0     00008887  _DMACH4ModeConfig                       
0     000088ec  _DMACH4BurstConfig                      
0     000088f5  _DMACH4AddrConfig                       
[...]
0     0000988b  _EPwmx_ActionInit                       
0     000098b4  _InitEPwm5Example                       
0     000098f3  _InitEPwm3Example                       
0     00009932  _InitEPwm2Example                       
0     00009971  _InitEPwm1Example                       
0     000099b0  _BFL_SCR_Init                           
0     00009a52  _BFL_SCRT_Pluse_Transmit                
0     00009a80  _BFL_SCRT_Pluse_Set                     
0     00009a81  _BFL_SCRR_Have_Signal                   
0     00009ac1  _BFL_VCB_Relay_Set_As_Switch_No_Ctrl    
0     00009b00  _BFL_VCB_Seurity_Init                   
0     00009b98  _BFL_VCB_Relay_Set_As_Switch_Opened     
0     00009beb  _BFL_VCB_Set_As_Switch_Opened           
0     00009bf8  _BFL_VCB_Set_As_Switch_No_Ctrl          
0     00009bfd  _BFL_VCB_Relay_Set_As_Switch_Closed     
0     00009c50  _BFL_VCB_Set_As_Switch_Closed           
0     00009c5e  _BFL_VCB_SW_To_String                   
0     00009c7e  _BFL_VCB_STATE_To_String                
0     00009c8c  _BFL_VCB_Relay_Get_Setting_State        
0     00009c99  _BFL_VCB_Get_Setting_State              
0     00009ca6  _BFL_VCB_Get_Actual_State               
0     00009cc8  _BFL_VCB_CTRL_STATE_To_String           
0     00009cdb  _scicTxFifoIsr                          
0     00009d12  _scicRxFifoIsr                          
0     00009d8c  _scibTxFifoIsr                          
0     00009dc3  _scibRxFifoIsr                          
0     00009e3b  _sciaTxFifoIsr                          
0     00009e72  _sciaRxFifoIsr                          
0     00009edc  _spi_xmit                               
0     00009ee0  _spi_init                               
0     00009eed  _InitSpiGpio                            
0     00009eed  _InitSpiaGpio                           
0     00009f19  _HDL_SPI_WriteRead                      
0     00009f6a  _HDL_SPI_Write                          
0     00009f9b  _HDL_SPI_Read                           
0     00009fd0  _HDL_SPI_Init                           
0     0000a000  _B1_Measure_Read                        
0     0000a0a1  _B1_Measure_Poll                        
0     0000a189  _getI_TA1_MAX                           
0     0000a19d  _I2C_Delay                              
0     0000a1a1  _I2C_Start                              
0     0000a1c2  _I2C_SendByte                           
0     0000a1ef  _I2C_WaitAck                            
0     0000a211  _I2C_Stop                               
0     0000a235  _i2c_mem_write                          
0     0000a25b  _I2C_ReceiveByte                        
0     0000a284  _I2C_SendAck                            
0     0000a2a1  _I2C_SendNack                           
0     0000a2be  _i2c_mem_read                           
0     0000a2fa  _HDL_IIC_Mem_Write                      
0     0000a306  _HDL_IIC_Mem_Read                       
0     0000a333  _HDL_IIC_Init                           
0     0000a336  _xMBRTUTransmitFSM                      
0     0000a369  _xMBRTUTimerT35Expired                  
0     0000a38a  _xMBRTUReceiveFSM                       
0     0000a3c5  _eMBRTUReceive                          
0     0000a3eb  _eMBRTUSend                             
0     0000a419  _eMBRTUStop                             
0     0000a427  _eMBRTUStart                            
0     0000a43d  _eMBRTUInit                             
0     0000a464  _applib_dt_is_leap_year                 
0     0000a479  _applib_dt_last_day_of_mon              
0     0000a48e  _mtime_2_unix_sec                       
0     0000a4e2  _mtime_get_week                         
0     0000a522  _mtime_unix_sec_2_time                  
0     0000a590  _enable_ePWM4                           
0     0000a59d  _config_ePWM4_to_generate_ADCSOCA_      
0     0000a5d2  _config_ePWM4_to_generate_ADCSOCA       
0     0000a5e3  _config_DMA                             
0     0000a620  _config_ADC                             
0     0000a663  _BFL_Measure_ReadReady                  
0     0000a669  _BFL_Measure_Read                       
0     0000a69d  _BFL_Measure_Init                       
0     0000a6ba  _B2_EventRecord_Create                  
0     0000a785  _B2_EventRecord_Write                   
0     0000a7af  _B2_EventRecord_Read_RawData            
0     0000a7cf  _B2_EventRecord_Get_ReadIdx             
0     0000a7d3  _B2_EventRecord_Inc_ReadIdx             
0     0000a7e2  _eMBRegCoilsCB                          
0     0000a84f  _eMBRegHoldingCB                        
0     0000a8fa  LL$$DIV                                 
0     0000a936  LL$$MOD                                 
0     0000a970  ULL$$DIV                                
0     0000a99f  ULL$$MOD                                
0     0000aa01  _ServiceDog                             
0     0000aa0b  _DisableDog                             
0     0000aa13  _InitPll                                
0     0000aa60  _InitPeripheralClocks                   
0     0000aac6  _InitSysCtrl                            
0     0000aacf  _CsmUnlock                              
0     0000aafd  _HDL_CPU_Time_StopHardTimer             
0     0000ab37  _HDL_CPU_Time_StartHardTimer            
0     0000ab4f  _HDL_CPU_Time_SetCPUTickCallback        
0     0000ab53  _HDL_CPU_Time_ResetUsTick               
0     0000ab59  _HDL_CPU_Time_ResetTick                 
0     0000ab5e  _HDL_CPU_Time_Init                      
0     0000abae  _HDL_CPU_Time_GetUsTick                 
0     0000abb5  _HDL_CPU_Time_GetTick                   
0     0000abbf  _HDL_CPU_Time_DelayUs                   
0     0000abd1  _HDL_CPU_Time_DelayMs                   
0     0000abe6  _cqueue_enqueue                         
0     0000ac0b  _cqueue_out                             
0     0000ac3a  _cqueue_in                              
0     0000ac71  _cqueue_dequeue                         
0     0000ac94  _cqueue_create                          
0     0000acac  _local_DINTCH1_ISR                      
0     0000ad6f  _eMBFuncReadWriteMultipleHoldingRegister
0     0000adc5  _eMBFuncWriteHoldingRegister            
0     0000adda  _eMBFuncWriteMultipleHoldingRegister    
0     0000ae05  _eMBFuncReadHoldingRegister             
0     0000ae30  _epwm5_isr                              
0     0000ae5f  _epwm3_isr                              
0     0000ae8e  _epwm2_isr                              
0     0000aebd  _epwm1_isr                              
0     0000aeec  _CHIP_PCF8563_Set                       
0     0000af3c  _CHIP_PCF8563_Get                       
0     0000af89  _CHIP_PCF8563_Init                      
0     0000af9e  _eMBPoll                                
0     0000b000  _HDL_RTC_SetTimeTick                    
0     0000b058  _HDL_RTC_GetTimeTick                    
0     0000b07f  _HDL_RTC_Init                           
0     0000b07f  _datetime_init                          
0     0000b0ad  _BFL_RS485_Take_Bus                     
0     0000b0bb  _BFL_RS485_Write                        
0     0000b0d1  _BFL_RS485_Take_Bus_RS4852              
0     0000b0d6  _BFL_RS485_Take_Bus_RS4851              
0     0000b0db  _BFL_RS485_Release_Bus_RS4852           
0     0000b0e0  _BFL_RS485_Release_Bus_RS4851           
0     0000b0e5  _BFL_RS485_Release_Bus                  
0     0000b0f3  _BFL_RS485_Read                         
0     0000b101  _BFL_RS485_Init                         
0     0000b14c  FD$$ADD                                 
0     0000b1e8  _eMBFuncWriteMultipleCoils              
0     0000b21e  _eMBFuncWriteCoil                       
0     0000b248  _eMBFuncReadCoils                       
0     0000b27c  _B1_CapacitanceTemperatureMeasure_Poll  
0     0000b30a  _cpu_timer2_isr                         
0     0000b34a  _cpu_timer1_isr                         
0     0000b35e  _cpu_timer0_isr                         
0     0000b398  FD$$DIV                                 
0     0000b423  FS$$DIV                                 
0     0000b4ab  FD$$MPY                                 
0     0000b52e  _fmin                                   
0     0000b52e  _fminf                                  
0     0000b567  _fmax                                   
0     0000b567  _fmaxf                                  
0     0000b5a0  _eMBFuncReadInputRegister               
0     0000b60b  _BFL_Buzz_Toggle                        
0     0000b610  _BFL_Buzz_SetTrigLevel                  
0     0000b614  _BFL_Buzz_On                            
0     0000b623  _BFL_Buzz_Off                           
0     0000b632  _BFL_Buzz_IsOff                         
0     0000b644  _BFL_Buzz_Init                          
0     0000b664  _CANA_ISR                               
0     0000b6bd  _average_filter_update                  
0     0000b6f2  _average_filter_init                    
0     0000b714  _c_int00                                
0     0000b76a  _B1_VCBStatus_Update                    
0     0000b79c  _B1_VCBStatusGet_DeltaPoll              
0     0000b7bd  _eMBFuncReadDiscreteInputs              
0     0000b810  _BFL_Button_IsPressed                   
0     0000b81a  _BFL_Button_Init                        
0     0000b85b  _BFL_DebugPin_Toggle                    
0     0000b869  _BFL_DebugPin_Set                       
0     0000b877  _BFL_DebugPin_Reset                     
0     0000b885  _BFL_DebugPin_Init                      
0     0000b8a4  _HDL_IWDG_Init                          
0     0000b8e7  _HDL_IWDG_Feed                          
0     0000b8ea  _B1_SysModeGet_DeltaPoll                
0     0000b923  _APP_Main_Test_Poll                     
0     0000b95b  _InitCpuTimers                          
0     0000b990  _vMBPortSerialEnable                    
0     0000b9b2  _EnterCriticalSection                   
0     0000b9b6  _ExitCriticalSection                    
0     0000b9ba  _serialReceiveOneByteISR                
0     0000b9bf  _serialSentOneByteISR                   
0     0000b9c4  _datetime_get_unix_ms_timestamp         
0     0000b9f2  _xMBUtilGetBits                         
0     0000ba0e  _prveMBError2Exception                  
0     0000ba1c  FD$$CMP                                 
0     0000ba46  L$$DIV                                  
0     0000ba55  L$$MOD                                  
0     0000ba63  UL$$DIV                                 
0     0000ba6a  UL$$MOD                                 
0     0000ba70  _usMBCRC16                              
0     0000ba99  C$$EXIT                                 
0     0000ba99  _abort                                  
0     0000ba9b  _exit                                   
0     0000bac2  _InitPieCtrl                            
0     0000bae1  _EnableInterrupts                       
0     0000baea  _sqrt                                   
0     0000baea  _sqrtf                                  
0     0000bb11  _period_query_user_us                   
0     0000bb24  _period_query_user                      
0     0000bb37  _wakeint_isr                            
0     0000bb5c  _copy_in                                
0     0000bb80  I$$DIV                                  
0     0000bb91  I$$MOD                                  
0     0000bba2  FD$$TOI                                 
0     0000bbc3  FD$$TOL                                 
0     0000bbe2  LL$$CMP                                 
0     0000bbf4  ULL$$CMP                                
0     0000bc00  I$$TOFD                                 
0     0000bc1d  _memcpy                                 
0     0000bc3a  FS$$TOFD                                
0     0000bc56  L$$TOFD                                 
0     0000bc72  _prolog_c28x_1                          
0     0000bc76  _prolog_c28x_2                          
0     0000bc7e  _prolog_c28x_3                          
0     0000bc8b  LL$$AND                                 
0     0000bc93  LL$$OR                                  
0     0000bc9b  LL$$XOR                                 
0     0000bca3  _InitAdc                                
0     0000bcb7  _Hex2Bcd                                
0     0000bcc4  _Bcd2Hex                                
0     0000bccb  _main                                   
0     0000bcdf  LL$$MPY                                 
0     0000bcf3  _CRC16_Modbus                           
0     0000bd06  _eMBFuncReportSlaveID                   
0     0000bd18  __args_main                             
0     0000bd2a  _InitPieVectTable                       
0     0000bd3b  _CheckConditionDurationMet              
0     0000bd4c  FD$$SUB                                 
0     0000bd5a  _epilog_c28x_1                          
0     0000bd5e  _epilog_c28x_2                          
0     0000bd66  U$$DIV                                  
0     0000bd6b  U$$MOD                                  
0     0000bd71  FD$$NEG                                 
0     0000bd7a  _memset                                 
0     0000bd81  __system_pre_init                       
0     0000bd83  __system_post_cinit                     
0     00380080  _ADC_cal                                
1     00000400  __stack                                 
1     00000800  __STACK_END                             
1     00000880  _DevEmuRegs                             
1     00000a80  _FlashRegs                              
1     00000ae0  _CsmRegs                                
1     00000b00  _AdcMirror                              
1     00000b20  _XintfRegs                              
1     00000c00  _CpuTimer0Regs                          
1     00000c08  _CpuTimer1Regs                          
1     00000c10  _CpuTimer2Regs                          
1     00000ce0  _PieCtrlRegs                            
1     00000d00  _PieVectTable                           
1     00001000  _DmaRegs                                
1     00005000  _McbspaRegs                             
1     00005040  _McbspbRegs                             
1     00006000  _ECanaRegs                              
1     00006040  _ECanaLAMRegs                           
1     00006080  _ECanaMOTSRegs                          
1     000060c0  _ECanaMOTORegs                          
1     00006100  _ECanaMboxes                            
1     00006200  _ECanbRegs                              
1     00006240  _ECanbLAMRegs                           
1     00006280  _ECanbMOTSRegs                          
1     000062c0  _ECanbMOTORegs                          
1     00006300  _ECanbMboxes                            
1     00006800  _EPwm1Regs                              
1     00006840  _EPwm2Regs                              
1     00006880  _EPwm3Regs                              
1     000068c0  _EPwm4Regs                              
1     00006900  _EPwm5Regs                              
1     00006940  _EPwm6Regs                              
1     00006a00  _ECap1Regs                              
1     00006a20  _ECap2Regs                              
1     00006a40  _ECap3Regs                              
1     00006a60  _ECap4Regs                              
1     00006a80  _ECap5Regs                              
1     00006aa0  _ECap6Regs                              
1     00006b00  _EQep1Regs                              
1     00006b40  _EQep2Regs                              
1     00006f80  _GpioCtrlRegs                           
1     00006fc0  _GpioDataRegs                           
1     00006fe0  _GpioIntRegs                            
1     00007010  _SysCtrlRegs                            
1     00007040  _SpiaRegs                               
1     00007050  _SciaRegs                               
1     00007070  _XIntruptRegs                           
1     00007100  _AdcRegs                                
1     00007750  _ScibRegs                               
1     00007770  _ScicRegs                               
1     00007900  _I2caRegs                               
1     0000c000  _DMABuf1                                
1     0000c3c2  _g_backGroundTaskMaxRuningTimeUS        
1     0000c3c4  _g_backGroundTaskRuningTimeUS           
1     0000c3c6  _g_A                                    
1     0000c3c8  _g_B                                    
1     0000c400  _g_AppMainInfo                          
1     0000c844  _usRegInputBuf                          
1     0000cb80  _ucRTUBuf                               
1     0000cd40  __gCOMList                              
1     0000cdf6  _can_rx_msg                             
1     0000ced0  _SCRT_Fault_res                         
1     0000ced1  _SCRT_Fault_cnt                         
1     0000ced2  _ts_device_utc_ms                       
1     0000ced6  _settingTime                            
1     0000cede  _CurTime                                
1     0000cee6  _pTime                                  
1     0000cef0  _g_recordedEventsReadIdx                
1     0000cf60  _pxMBFrameCBByteReceived                
1     0000cf62  _pxMBFrameCBTransmitterEmpty            
1     0000cf64  _pxMBPortCBTimerExpired                 
1     0000cf66  _pxMBFrameCBReceiveFSMCur               
1     0000cf68  _pxMBFrameCBTransmitFSMCur              
1     0000cfeb  _debugVar                               
1     0000d200  _PieVectTableInit                       
1     0000d300  _s_CRCHi                                
1     0000d400  _s_CRCLo                                
1     0000d5ae  _g_day_per_mon                          
1     0000d5da  _g_pSysInfo                             
1     0000d5e0  _usRegInputStart                        
1     0000d5e1  _usRegHoldingStart                      
1     0000d5e2  _epwm1_info                             
1     0000d5e8  _epwm2_info                             
1     0000d5ee  _epwm3_info                             
1     0000d5f4  _epwm5_info                             
1     0000d5fa  _SCRT_Fault1                            
1     0000d5fc  _scrtFb1                                
1     0000d5fe  _s_t1                                   
1     0000d600  _usRegHoldingBuf                        
1     0000d646  _CpuTimer0                              
1     0000d64e  _CpuTimer1                              
1     0000d656  _CpuTimer2                              
1     0000d6c0  _g_vcb_list                             
1     0000d6cc  _DMADest                                
1     0000d6ce  _DMASource                              
1     0000d6dc  ___TI_enable_exit_profile_output        
1     0000d6de  ___TI_cleanup_ptr                       
1     0000d6e0  ___TI_dtors_ptr                         
1     0000d6e6  __lock                                  
1     0000d6e8  __unlock                                
1     0000d6ea  _ucRegCoilsBuf                          
1     0000d6ec  _ucRegDiscreteBuf                       
1     0000d6f1  _boolRegHoldingChanged                  
1     0000d6f4  _errno                                  
1     0033fff8  _CsmPwl                                 
1     00380090  _PartIdRegs                             
abs   00000400  __STACK_SIZE                            
abs   ffffffff  .text                                   
abs   ffffffff  ___TI_pprof_out_hndl                    
abs   ffffffff  ___TI_prof_data_size                    
abs   ffffffff  ___TI_prof_data_start                   
abs   ffffffff  ___binit__                              
abs   ffffffff  ___c_args__                             
abs   ffffffff  ___etext__                              
abs   ffffffff  ___pinit__                              
abs   ffffffff  ___text__                               
abs   ffffffff  binit                                   
abs   ffffffff  etext                                   
abs   ffffffff  pinit                                   

[519 symbols]
