<?xml version="1.0" encoding="ISO-8859-1" ?>
<link_info>
   <banner>TMS320C2000 Linker PC v22.6.1A23259</banner>
   <copyright>Copyright (c) 1996-2018 Texas Instruments Incorporated</copyright>
   <link_time>0x667d8820</link_time>
   <link_errors>0x0</link_errors>
   <output_file>Example_2833xCpuTimer.out</output_file>
   <entry_point>
      <name>code_start</name>
      <address>0x33fff6</address>
   </entry_point>
   <input_file_list>
      <input_file id="fl-7">
         <path>.\</path>
         <kind>object</kind>
         <file>DSP2833x_CpuTimers.obj</file>
         <name>DSP2833x_CpuTimers.obj</name>
      </input_file>
      <input_file id="fl-c">
         <path>.\</path>
         <kind>object</kind>
         <file>DSP2833x_GlobalVariableDefs.obj</file>
         <name>DSP2833x_GlobalVariableDefs.obj</name>
      </input_file>
      <input_file id="fl-11">
         <path>.\APP\</path>
         <kind>object</kind>
         <file>APP_Main.obj</file>
         <name>APP_Main.obj</name>
      </input_file>
      <input_file id="fl-12">
         <path>.\APP\</path>
         <kind>object</kind>
         <file>B1_CapacitanceTemperatureMeasure.obj</file>
         <name>B1_CapacitanceTemperatureMeasure.obj</name>
      </input_file>
      <input_file id="fl-13">
         <path>.\APP\</path>
         <kind>object</kind>
         <file>B1_Measure.obj</file>
         <name>B1_Measure.obj</name>
      </input_file>
      <input_file id="fl-14">
         <path>.\APP\</path>
         <kind>object</kind>
         <file>B1_ModbusRTUSlaver.obj</file>
         <name>B1_ModbusRTUSlaver.obj</name>
      </input_file>
      <input_file id="fl-15">
         <path>.\APP\</path>
         <kind>object</kind>
         <file>B1_SysModeGet.obj</file>
         <name>B1_SysModeGet.obj</name>
      </input_file>
      <input_file id="fl-16">
         <path>.\APP\</path>
         <kind>object</kind>
         <file>B1_VCBStatusGet.obj</file>
         <name>B1_VCBStatusGet.obj</name>
      </input_file>
      <input_file id="fl-19">
         <path>.\APP\</path>
         <kind>object</kind>
         <file>B2_CmdMakeCapacitorsWork.obj</file>
         <name>B2_CmdMakeCapacitorsWork.obj</name>
      </input_file>
      <input_file id="fl-1a">
         <path>.\APP\</path>
         <kind>object</kind>
         <file>B2_EventRecord.obj</file>
         <name>B2_EventRecord.obj</name>
      </input_file>
      <input_file id="fl-1b">
         <path>.\APP\</path>
         <kind>object</kind>
         <file>B3_FaultDetect.obj</file>
         <name>B3_FaultDetect.obj</name>
      </input_file>
      <input_file id="fl-1c">
         <path>.\APP\</path>
         <kind>object</kind>
         <file>B3_RTUPush.obj</file>
         <name>B3_RTUPush.obj</name>
      </input_file>
      <input_file id="fl-1e">
         <path>.\APP\</path>
         <kind>object</kind>
         <file>B3_SysManualMode.obj</file>
         <name>B3_SysManualMode.obj</name>
      </input_file>
      <input_file id="fl-27">
         <path>.\BFL\</path>
         <kind>object</kind>
         <file>async_delay.obj</file>
         <name>async_delay.obj</name>
      </input_file>
      <input_file id="fl-28">
         <path>.\BFL\</path>
         <kind>object</kind>
         <file>datetime.obj</file>
         <name>datetime.obj</name>
      </input_file>
      <input_file id="fl-29">
         <path>.\BFL\</path>
         <kind>object</kind>
         <file>log.obj</file>
         <name>log.obj</name>
      </input_file>
      <input_file id="fl-2a">
         <path>.\BFL\</path>
         <kind>object</kind>
         <file>period_query.obj</file>
         <name>period_query.obj</name>
      </input_file>
      <input_file id="fl-2b">
         <path>.\BFL\</path>
         <kind>object</kind>
         <file>state_duration_timer.obj</file>
         <name>state_duration_timer.obj</name>
      </input_file>
      <input_file id="fl-2c">
         <path>.\CHIP\</path>
         <kind>object</kind>
         <file>CHIP_W25Q128.obj</file>
         <name>CHIP_W25Q128.obj</name>
      </input_file>
      <input_file id="fl-31">
         <path>.\HDL\</path>
         <kind>object</kind>
         <file>HDL_RTC.obj</file>
         <name>HDL_RTC.obj</name>
      </input_file>
      <input_file id="fl-34">
         <path>.\LIB\</path>
         <kind>object</kind>
         <file>average_filter.obj</file>
         <name>average_filter.obj</name>
      </input_file>
      <input_file id="fl-35">
         <path>.\LIB\</path>
         <kind>object</kind>
         <file>cfunction.obj</file>
         <name>cfunction.obj</name>
      </input_file>
      <input_file id="fl-36">
         <path>.\LIB\</path>
         <kind>object</kind>
         <file>cqueue.obj</file>
         <name>cqueue.obj</name>
      </input_file>
      <input_file id="fl-37">
         <path>.\LIB\</path>
         <kind>object</kind>
         <file>crc.obj</file>
         <name>crc.obj</name>
      </input_file>
      <input_file id="fl-38">
         <path>.\LIB\</path>
         <kind>object</kind>
         <file>mtime.obj</file>
         <name>mtime.obj</name>
      </input_file>
      <input_file id="fl-39">
         <path>.\Test\</path>
         <kind>object</kind>
         <file>test.obj</file>
         <name>test.obj</name>
      </input_file>
      <input_file id="fl-3a">
         <path>.\freemodbus\functions\</path>
         <kind>object</kind>
         <file>mbfunccoils.obj</file>
         <name>mbfunccoils.obj</name>
      </input_file>
      <input_file id="fl-3b">
         <path>.\freemodbus\functions\</path>
         <kind>object</kind>
         <file>mbfuncdiag.obj</file>
         <name>mbfuncdiag.obj</name>
      </input_file>
      <input_file id="fl-3c">
         <path>.\freemodbus\functions\</path>
         <kind>object</kind>
         <file>mbfuncdisc.obj</file>
         <name>mbfuncdisc.obj</name>
      </input_file>
      <input_file id="fl-3d">
         <path>.\freemodbus\functions\</path>
         <kind>object</kind>
         <file>mbfuncholding.obj</file>
         <name>mbfuncholding.obj</name>
      </input_file>
      <input_file id="fl-3e">
         <path>.\freemodbus\functions\</path>
         <kind>object</kind>
         <file>mbfuncinput.obj</file>
         <name>mbfuncinput.obj</name>
      </input_file>
      <input_file id="fl-3f">
         <path>.\freemodbus\functions\</path>
         <kind>object</kind>
         <file>mbfuncother.obj</file>
         <name>mbfuncother.obj</name>
      </input_file>
      <input_file id="fl-40">
         <path>.\freemodbus\functions\</path>
         <kind>object</kind>
         <file>mbutils.obj</file>
         <name>mbutils.obj</name>
      </input_file>
      <input_file id="fl-41">
         <path>.\freemodbus\</path>
         <kind>object</kind>
         <file>mb.obj</file>
         <name>mb.obj</name>
      </input_file>
      <input_file id="fl-42">
         <path>.\freemodbus\port\</path>
         <kind>object</kind>
         <file>mbcb.obj</file>
         <name>mbcb.obj</name>
      </input_file>
      <input_file id="fl-43">
         <path>.\freemodbus\port\</path>
         <kind>object</kind>
         <file>portevent.obj</file>
         <name>portevent.obj</name>
      </input_file>
      <input_file id="fl-44">
         <path>.\freemodbus\port\</path>
         <kind>object</kind>
         <file>portserial.obj</file>
         <name>portserial.obj</name>
      </input_file>
      <input_file id="fl-45">
         <path>.\freemodbus\port\</path>
         <kind>object</kind>
         <file>porttimer.obj</file>
         <name>porttimer.obj</name>
      </input_file>
      <input_file id="fl-46">
         <path>.\freemodbus\rtu\</path>
         <kind>object</kind>
         <file>mbcrc.obj</file>
         <name>mbcrc.obj</name>
      </input_file>
      <input_file id="fl-47">
         <path>.\freemodbus\rtu\</path>
         <kind>object</kind>
         <file>mbrtu.obj</file>
         <name>mbrtu.obj</name>
      </input_file>
      <input_file id="fl-48">
         <path>.\freemodbus\tcp\</path>
         <kind>object</kind>
         <file>mbtcp.obj</file>
         <name>mbtcp.obj</name>
      </input_file>
      <input_file id="fl-5a">
         <path>C:\ti\ccstheia140\ccs\tools\compiler\ti-cgt-c2000_22.6.1A23259\lib\</path>
         <kind>archive</kind>
         <file>rts2800_fpu32.lib</file>
         <name>pre_init.c.obj</name>
      </input_file>
      <input_file id="fl-5b">
         <path>C:\ti\ccstheia140\ccs\tools\compiler\ti-cgt-c2000_22.6.1A23259\lib\</path>
         <kind>archive</kind>
         <file>rts2800_fpu32.lib</file>
         <name>cpy_tbl.c.obj</name>
      </input_file>
      <input_file id="fl-5d">
         <path>C:\ti\ccstheia140\ccs\tools\compiler\ti-cgt-c2000_22.6.1A23259\lib\</path>
         <kind>archive</kind>
         <file>rts2800_fpu32.lib</file>
         <name>_lock.c.obj</name>
      </input_file>
      <input_file id="fl-5e">
         <path>C:\ti\ccstheia140\ccs\tools\compiler\ti-cgt-c2000_22.6.1A23259\lib\</path>
         <kind>archive</kind>
         <file>rts2800_fpu32.lib</file>
         <name>ti_fmax.c.obj</name>
      </input_file>
      <input_file id="fl-60">
         <path>C:\ti\ccstheia140\ccs\tools\compiler\ti-cgt-c2000_22.6.1A23259\lib\</path>
         <kind>archive</kind>
         <file>rts2800_fpu32.lib</file>
         <name>memcpy.c.obj</name>
      </input_file>
      <input_file id="fl-61">
         <path>C:\ti\ccstheia140\ccs\tools\compiler\ti-cgt-c2000_22.6.1A23259\lib\</path>
         <kind>archive</kind>
         <file>rts2800_fpu32.lib</file>
         <name>memset.c.obj</name>
      </input_file>
      <input_file id="fl-62">
         <path>C:\ti\ccstheia140\ccs\tools\compiler\ti-cgt-c2000_22.6.1A23259\lib\</path>
         <kind>archive</kind>
         <file>rts2800_fpu32.lib</file>
         <name>sprintf.c.obj</name>
      </input_file>
      <input_file id="fl-6e">
         <path>C:\ti\ccstheia140\ccs\tools\compiler\ti-cgt-c2000_22.6.1A23259\lib\</path>
         <kind>archive</kind>
         <file>rts2800_fpu32.lib</file>
         <name>_ltoa.c.obj</name>
      </input_file>
      <input_file id="fl-70">
         <path>C:\ti\ccstheia140\ccs\tools\compiler\ti-cgt-c2000_22.6.1A23259\lib\</path>
         <kind>archive</kind>
         <file>rts2800_fpu32.lib</file>
         <name>atoi.c.obj</name>
      </input_file>
      <input_file id="fl-71">
         <path>C:\ti\ccstheia140\ccs\tools\compiler\ti-cgt-c2000_22.6.1A23259\lib\</path>
         <kind>archive</kind>
         <file>rts2800_fpu32.lib</file>
         <name>ctype.c.obj</name>
      </input_file>
      <input_file id="fl-72">
         <path>C:\ti\ccstheia140\ccs\tools\compiler\ti-cgt-c2000_22.6.1A23259\lib\</path>
         <kind>archive</kind>
         <file>rts2800_fpu32.lib</file>
         <name>s_frexp.c.obj</name>
      </input_file>
      <input_file id="fl-73">
         <path>C:\ti\ccstheia140\ccs\tools\compiler\ti-cgt-c2000_22.6.1A23259\lib\</path>
         <kind>archive</kind>
         <file>rts2800_fpu32.lib</file>
         <name>s_scalbn.c.obj</name>
      </input_file>
      <input_file id="fl-74">
         <path>C:\ti\ccstheia140\ccs\tools\compiler\ti-cgt-c2000_22.6.1A23259\lib\</path>
         <kind>archive</kind>
         <file>rts2800_fpu32.lib</file>
         <name>s_copysign.c.obj</name>
      </input_file>
      <input_file id="fl-75">
         <path>C:\ti\ccstheia140\ccs\tools\compiler\ti-cgt-c2000_22.6.1A23259\lib\</path>
         <kind>archive</kind>
         <file>rts2800_fpu32.lib</file>
         <name>errno.c.obj</name>
      </input_file>
      <input_file id="fl-76">
         <path>C:\ti\ccstheia140\ccs\tools\compiler\ti-cgt-c2000_22.6.1A23259\lib\</path>
         <kind>archive</kind>
         <file>rts2800_fpu32.lib</file>
         <name>memccpy.c.obj</name>
      </input_file>
      <input_file id="fl-77">
         <path>C:\ti\ccstheia140\ccs\tools\compiler\ti-cgt-c2000_22.6.1A23259\lib\</path>
         <kind>archive</kind>
         <file>rts2800_fpu32.lib</file>
         <name>e_sqrtf.c.obj</name>
      </input_file>
      <input_file id="fl-78">
         <path>C:\ti\ccstheia140\ccs\tools\compiler\ti-cgt-c2000_22.6.1A23259\lib\</path>
         <kind>archive</kind>
         <file>rts2800_fpu32.lib</file>
         <name>strchr.c.obj</name>
      </input_file>
      <input_file id="fl-79">
         <path>C:\ti\ccstheia140\ccs\tools\compiler\ti-cgt-c2000_22.6.1A23259\lib\</path>
         <kind>archive</kind>
         <file>rts2800_fpu32.lib</file>
         <name>strcpy.c.obj</name>
      </input_file>
      <input_file id="fl-7a">
         <path>C:\ti\ccstheia140\ccs\tools\compiler\ti-cgt-c2000_22.6.1A23259\lib\</path>
         <kind>archive</kind>
         <file>rts2800_fpu32.lib</file>
         <name>strlen.c.obj</name>
      </input_file>
      <input_file id="fl-7b">
         <path>C:\ti\ccstheia140\ccs\tools\compiler\ti-cgt-c2000_22.6.1A23259\lib\</path>
         <kind>archive</kind>
         <file>rts2800_fpu32.lib</file>
         <name>vsnprintf.c.obj</name>
      </input_file>
      <input_file id="fl-7c">
         <path>C:\ti\ccstheia140\ccs\tools\compiler\ti-cgt-c2000_22.6.1A23259\lib\</path>
         <kind>archive</kind>
         <file>rts2800_fpu32.lib</file>
         <name>wcslen.c.obj</name>
      </input_file>
      <input_file id="fl-7d">
         <path>C:\Users\liuyu\AppData\Local\Temp\</path>
         <kind>object</kind>
         <file>{6879B98E-BB30-4CD6-A570-2A824079712F}</file>
         <name>{6879B98E-BB30-4CD6-A570-2A824079712F}</name>
      </input_file>
      <input_file id="fl-4">
         <path>.\</path>
         <kind>object</kind>
         <file>DSP2833x_ADC_cal.obj</file>
         <name>DSP2833x_ADC_cal.obj</name>
      </input_file>
      <input_file id="fl-5">
         <path>.\</path>
         <kind>object</kind>
         <file>DSP2833x_Adc.obj</file>
         <name>DSP2833x_Adc.obj</name>
      </input_file>
      <input_file id="fl-6">
         <path>.\</path>
         <kind>object</kind>
         <file>DSP2833x_CodeStartBranch.obj</file>
         <name>DSP2833x_CodeStartBranch.obj</name>
      </input_file>
      <input_file id="fl-8">
         <path>.\</path>
         <kind>object</kind>
         <file>DSP2833x_DMA.obj</file>
         <name>DSP2833x_DMA.obj</name>
      </input_file>
      <input_file id="fl-9">
         <path>.\</path>
         <kind>object</kind>
         <file>DSP2833x_DefaultIsr.obj</file>
         <name>DSP2833x_DefaultIsr.obj</name>
      </input_file>
      <input_file id="fl-a">
         <path>.\</path>
         <kind>object</kind>
         <file>DSP2833x_ECan.obj</file>
         <name>DSP2833x_ECan.obj</name>
      </input_file>
      <input_file id="fl-b">
         <path>.\</path>
         <kind>object</kind>
         <file>DSP2833x_EPwm.obj</file>
         <name>DSP2833x_EPwm.obj</name>
      </input_file>
      <input_file id="fl-d">
         <path>.\</path>
         <kind>object</kind>
         <file>DSP2833x_PieCtrl.obj</file>
         <name>DSP2833x_PieCtrl.obj</name>
      </input_file>
      <input_file id="fl-e">
         <path>.\</path>
         <kind>object</kind>
         <file>DSP2833x_PieVect.obj</file>
         <name>DSP2833x_PieVect.obj</name>
      </input_file>
      <input_file id="fl-f">
         <path>.\</path>
         <kind>object</kind>
         <file>DSP2833x_SysCtrl.obj</file>
         <name>DSP2833x_SysCtrl.obj</name>
      </input_file>
      <input_file id="fl-10">
         <path>.\</path>
         <kind>object</kind>
         <file>DSP2833x_usDelay.obj</file>
         <name>DSP2833x_usDelay.obj</name>
      </input_file>
      <input_file id="fl-17">
         <path>.\APP\</path>
         <kind>object</kind>
         <file>B2_CmdBypassCapacitors.obj</file>
         <name>B2_CmdBypassCapacitors.obj</name>
      </input_file>
      <input_file id="fl-18">
         <path>.\APP\</path>
         <kind>object</kind>
         <file>B2_CmdCutOffCapacitors.obj</file>
         <name>B2_CmdCutOffCapacitors.obj</name>
      </input_file>
      <input_file id="fl-1d">
         <path>.\APP\</path>
         <kind>object</kind>
         <file>B3_SysAutoMode.obj</file>
         <name>B3_SysAutoMode.obj</name>
      </input_file>
      <input_file id="fl-1f">
         <path>.\Application\</path>
         <kind>object</kind>
         <file>main.obj</file>
         <name>main.obj</name>
      </input_file>
      <input_file id="fl-20">
         <path>.\BFL\</path>
         <kind>object</kind>
         <file>BFL_Button.obj</file>
         <name>BFL_Button.obj</name>
      </input_file>
      <input_file id="fl-21">
         <path>.\BFL\</path>
         <kind>object</kind>
         <file>BFL_Buzz.obj</file>
         <name>BFL_Buzz.obj</name>
      </input_file>
      <input_file id="fl-22">
         <path>.\BFL\</path>
         <kind>object</kind>
         <file>BFL_DebugPin.obj</file>
         <name>BFL_DebugPin.obj</name>
      </input_file>
      <input_file id="fl-23">
         <path>.\BFL\</path>
         <kind>object</kind>
         <file>BFL_Measure.obj</file>
         <name>BFL_Measure.obj</name>
      </input_file>
      <input_file id="fl-24">
         <path>.\BFL\</path>
         <kind>object</kind>
         <file>BFL_RS485.obj</file>
         <name>BFL_RS485.obj</name>
      </input_file>
      <input_file id="fl-25">
         <path>.\BFL\</path>
         <kind>object</kind>
         <file>BFL_SCR.obj</file>
         <name>BFL_SCR.obj</name>
      </input_file>
      <input_file id="fl-26">
         <path>.\BFL\</path>
         <kind>object</kind>
         <file>BFL_VCB.obj</file>
         <name>BFL_VCB.obj</name>
      </input_file>
      <input_file id="fl-2d">
         <path>.\HDL\</path>
         <kind>object</kind>
         <file>HDL_CAN.obj</file>
         <name>HDL_CAN.obj</name>
      </input_file>
      <input_file id="fl-2e">
         <path>.\HDL\</path>
         <kind>object</kind>
         <file>HDL_CPU_Time.obj</file>
         <name>HDL_CPU_Time.obj</name>
      </input_file>
      <input_file id="fl-2f">
         <path>.\HDL\</path>
         <kind>object</kind>
         <file>HDL_GPIO.obj</file>
         <name>HDL_GPIO.obj</name>
      </input_file>
      <input_file id="fl-30">
         <path>.\HDL\</path>
         <kind>object</kind>
         <file>HDL_IWDG.obj</file>
         <name>HDL_IWDG.obj</name>
      </input_file>
      <input_file id="fl-32">
         <path>.\HDL\</path>
         <kind>object</kind>
         <file>HDL_SPI.obj</file>
         <name>HDL_SPI.obj</name>
      </input_file>
      <input_file id="fl-33">
         <path>.\HDL\</path>
         <kind>object</kind>
         <file>HDL_Uart.obj</file>
         <name>HDL_Uart.obj</name>
      </input_file>
      <input_file id="fl-4e">
         <kind>object</kind>
         <file>&lt;internal&gt;</file>
         <name>&lt;internal&gt;</name>
      </input_file>
      <input_file id="fl-52">
         <path>C:\ti\ccstheia140\ccs\tools\compiler\ti-cgt-c2000_22.6.1A23259\lib\</path>
         <kind>archive</kind>
         <file>rts2800_fpu32.lib</file>
         <name>fs_div28.asm.obj</name>
      </input_file>
      <input_file id="fl-53">
         <path>C:\ti\ccstheia140\ccs\tools\compiler\ti-cgt-c2000_22.6.1A23259\lib\</path>
         <kind>archive</kind>
         <file>rts2800_fpu32.lib</file>
         <name>ll_aox28.asm.obj</name>
      </input_file>
      <input_file id="fl-54">
         <path>C:\ti\ccstheia140\ccs\tools\compiler\ti-cgt-c2000_22.6.1A23259\lib\</path>
         <kind>archive</kind>
         <file>rts2800_fpu32.lib</file>
         <name>u_div28.asm.obj</name>
      </input_file>
      <input_file id="fl-55">
         <path>C:\ti\ccstheia140\ccs\tools\compiler\ti-cgt-c2000_22.6.1A23259\lib\</path>
         <kind>archive</kind>
         <file>rts2800_fpu32.lib</file>
         <name>ll_cmp28.asm.obj</name>
      </input_file>
      <input_file id="fl-56">
         <path>C:\ti\ccstheia140\ccs\tools\compiler\ti-cgt-c2000_22.6.1A23259\lib\</path>
         <kind>archive</kind>
         <file>rts2800_fpu32.lib</file>
         <name>ll_div28.asm.obj</name>
      </input_file>
      <input_file id="fl-57">
         <path>C:\ti\ccstheia140\ccs\tools\compiler\ti-cgt-c2000_22.6.1A23259\lib\</path>
         <kind>archive</kind>
         <file>rts2800_fpu32.lib</file>
         <name>boot28.asm.obj</name>
      </input_file>
      <input_file id="fl-58">
         <path>C:\ti\ccstheia140\ccs\tools\compiler\ti-cgt-c2000_22.6.1A23259\lib\</path>
         <kind>archive</kind>
         <file>rts2800_fpu32.lib</file>
         <name>args_main.c.obj</name>
      </input_file>
      <input_file id="fl-59">
         <path>C:\ti\ccstheia140\ccs\tools\compiler\ti-cgt-c2000_22.6.1A23259\lib\</path>
         <kind>archive</kind>
         <file>rts2800_fpu32.lib</file>
         <name>startup.c.obj</name>
      </input_file>
      <input_file id="fl-5c">
         <path>C:\ti\ccstheia140\ccs\tools\compiler\ti-cgt-c2000_22.6.1A23259\lib\</path>
         <kind>archive</kind>
         <file>rts2800_fpu32.lib</file>
         <name>exit.c.obj</name>
      </input_file>
      <input_file id="fl-5f">
         <path>C:\ti\ccstheia140\ccs\tools\compiler\ti-cgt-c2000_22.6.1A23259\lib\</path>
         <kind>archive</kind>
         <file>rts2800_fpu32.lib</file>
         <name>fd_cmp28.asm.obj</name>
      </input_file>
      <input_file id="fl-63">
         <path>C:\ti\ccstheia140\ccs\tools\compiler\ti-cgt-c2000_22.6.1A23259\lib\</path>
         <kind>archive</kind>
         <file>rts2800_fpu32.lib</file>
         <name>_printfi.c.obj</name>
      </input_file>
      <input_file id="fl-64">
         <path>C:\ti\ccstheia140\ccs\tools\compiler\ti-cgt-c2000_22.6.1A23259\lib\</path>
         <kind>archive</kind>
         <file>rts2800_fpu32.lib</file>
         <name>fd_div28.asm.obj</name>
      </input_file>
      <input_file id="fl-65">
         <path>C:\ti\ccstheia140\ccs\tools\compiler\ti-cgt-c2000_22.6.1A23259\lib\</path>
         <kind>archive</kind>
         <file>rts2800_fpu32.lib</file>
         <name>fd_mpy28.asm.obj</name>
      </input_file>
      <input_file id="fl-66">
         <path>C:\ti\ccstheia140\ccs\tools\compiler\ti-cgt-c2000_22.6.1A23259\lib\</path>
         <kind>archive</kind>
         <file>rts2800_fpu32.lib</file>
         <name>fd_neg28.asm.obj</name>
      </input_file>
      <input_file id="fl-67">
         <path>C:\ti\ccstheia140\ccs\tools\compiler\ti-cgt-c2000_22.6.1A23259\lib\</path>
         <kind>archive</kind>
         <file>rts2800_fpu32.lib</file>
         <name>fd_sub28.asm.obj</name>
      </input_file>
      <input_file id="fl-68">
         <path>C:\ti\ccstheia140\ccs\tools\compiler\ti-cgt-c2000_22.6.1A23259\lib\</path>
         <kind>archive</kind>
         <file>rts2800_fpu32.lib</file>
         <name>fd_add28.asm.obj</name>
      </input_file>
      <input_file id="fl-69">
         <path>C:\ti\ccstheia140\ccs\tools\compiler\ti-cgt-c2000_22.6.1A23259\lib\</path>
         <kind>archive</kind>
         <file>rts2800_fpu32.lib</file>
         <name>fd_toi28.asm.obj</name>
      </input_file>
      <input_file id="fl-6a">
         <path>C:\ti\ccstheia140\ccs\tools\compiler\ti-cgt-c2000_22.6.1A23259\lib\</path>
         <kind>archive</kind>
         <file>rts2800_fpu32.lib</file>
         <name>fd_tol28.asm.obj</name>
      </input_file>
      <input_file id="fl-6b">
         <path>C:\ti\ccstheia140\ccs\tools\compiler\ti-cgt-c2000_22.6.1A23259\lib\</path>
         <kind>archive</kind>
         <file>rts2800_fpu32.lib</file>
         <name>fs_tofdfpu32.asm.obj</name>
      </input_file>
      <input_file id="fl-6c">
         <path>C:\ti\ccstheia140\ccs\tools\compiler\ti-cgt-c2000_22.6.1A23259\lib\</path>
         <kind>archive</kind>
         <file>rts2800_fpu32.lib</file>
         <name>i_tofd28.asm.obj</name>
      </input_file>
      <input_file id="fl-6d">
         <path>C:\ti\ccstheia140\ccs\tools\compiler\ti-cgt-c2000_22.6.1A23259\lib\</path>
         <kind>archive</kind>
         <file>rts2800_fpu32.lib</file>
         <name>l_tofd28.asm.obj</name>
      </input_file>
      <input_file id="fl-6f">
         <path>C:\ti\ccstheia140\ccs\tools\compiler\ti-cgt-c2000_22.6.1A23259\lib\</path>
         <kind>archive</kind>
         <file>rts2800_fpu32.lib</file>
         <name>l_div28.asm.obj</name>
      </input_file>
   </input_file_list>
   <object_component_list>
      <object_component id="oc-91">
         <name>PieVectTableFile</name>
         <uninitialized>true</uninitialized>
         <run_address>0xd00</run_address>
         <size>0x100</size>
         <input_file_ref idref="fl-c"/>
      </object_component>
      <object_component id="oc-8d">
         <name>DevEmuRegsFile</name>
         <uninitialized>true</uninitialized>
         <run_address>0x880</run_address>
         <size>0xd0</size>
         <input_file_ref idref="fl-c"/>
      </object_component>
      <object_component id="oc-65">
         <name>FlashRegsFile</name>
         <uninitialized>true</uninitialized>
         <run_address>0xa80</run_address>
         <size>0x8</size>
         <input_file_ref idref="fl-c"/>
      </object_component>
      <object_component id="oc-68">
         <name>CsmRegsFile</name>
         <uninitialized>true</uninitialized>
         <run_address>0xae0</run_address>
         <size>0x10</size>
         <input_file_ref idref="fl-c"/>
      </object_component>
      <object_component id="oc-67">
         <name>AdcMirrorFile</name>
         <uninitialized>true</uninitialized>
         <run_address>0xb00</run_address>
         <size>0x10</size>
         <input_file_ref idref="fl-c"/>
      </object_component>
      <object_component id="oc-70">
         <name>XintfRegsFile</name>
         <uninitialized>true</uninitialized>
         <run_address>0xb20</run_address>
         <size>0x1e</size>
         <input_file_ref idref="fl-c"/>
      </object_component>
      <object_component id="oc-60">
         <name>CpuTimer0RegsFile</name>
         <uninitialized>true</uninitialized>
         <run_address>0xc00</run_address>
         <size>0x8</size>
         <input_file_ref idref="fl-c"/>
      </object_component>
      <object_component id="oc-61">
         <name>CpuTimer1RegsFile</name>
         <uninitialized>true</uninitialized>
         <run_address>0xc08</run_address>
         <size>0x8</size>
         <input_file_ref idref="fl-c"/>
      </object_component>
      <object_component id="oc-62">
         <name>CpuTimer2RegsFile</name>
         <uninitialized>true</uninitialized>
         <run_address>0xc10</run_address>
         <size>0x8</size>
         <input_file_ref idref="fl-c"/>
      </object_component>
      <object_component id="oc-6e">
         <name>PieCtrlRegsFile</name>
         <uninitialized>true</uninitialized>
         <run_address>0xce0</run_address>
         <size>0x1a</size>
         <input_file_ref idref="fl-c"/>
      </object_component>
      <object_component id="oc-8e">
         <name>DmaRegsFile</name>
         <uninitialized>true</uninitialized>
         <run_address>0x1000</run_address>
         <size>0xe0</size>
         <input_file_ref idref="fl-c"/>
      </object_component>
      <object_component id="oc-80">
         <name>McbspaRegsFile</name>
         <uninitialized>true</uninitialized>
         <run_address>0x5000</run_address>
         <size>0x25</size>
         <input_file_ref idref="fl-c"/>
      </object_component>
      <object_component id="oc-81">
         <name>McbspbRegsFile</name>
         <uninitialized>true</uninitialized>
         <run_address>0x5040</run_address>
         <size>0x25</size>
         <input_file_ref idref="fl-c"/>
      </object_component>
      <object_component id="oc-83">
         <name>ECanaRegsFile</name>
         <uninitialized>true</uninitialized>
         <run_address>0x6000</run_address>
         <size>0x34</size>
         <input_file_ref idref="fl-c"/>
      </object_component>
      <object_component id="oc-85">
         <name>ECanaLAMRegsFile</name>
         <uninitialized>true</uninitialized>
         <run_address>0x6040</run_address>
         <size>0x40</size>
         <input_file_ref idref="fl-c"/>
      </object_component>
      <object_component id="oc-8f">
         <name>ECanaMboxesFile</name>
         <uninitialized>true</uninitialized>
         <run_address>0x6100</run_address>
         <size>0x100</size>
         <input_file_ref idref="fl-c"/>
      </object_component>
      <object_component id="oc-86">
         <name>ECanaMOTSRegsFile</name>
         <uninitialized>true</uninitialized>
         <run_address>0x6080</run_address>
         <size>0x40</size>
         <input_file_ref idref="fl-c"/>
      </object_component>
      <object_component id="oc-87">
         <name>ECanaMOTORegsFile</name>
         <uninitialized>true</uninitialized>
         <run_address>0x60c0</run_address>
         <size>0x40</size>
         <input_file_ref idref="fl-c"/>
      </object_component>
      <object_component id="oc-84">
         <name>ECanbRegsFile</name>
         <uninitialized>true</uninitialized>
         <run_address>0x6200</run_address>
         <size>0x34</size>
         <input_file_ref idref="fl-c"/>
      </object_component>
      <object_component id="oc-88">
         <name>ECanbLAMRegsFile</name>
         <uninitialized>true</uninitialized>
         <run_address>0x6240</run_address>
         <size>0x40</size>
         <input_file_ref idref="fl-c"/>
      </object_component>
      <object_component id="oc-90">
         <name>ECanbMboxesFile</name>
         <uninitialized>true</uninitialized>
         <run_address>0x6300</run_address>
         <size>0x100</size>
         <input_file_ref idref="fl-c"/>
      </object_component>
      <object_component id="oc-89">
         <name>ECanbMOTSRegsFile</name>
         <uninitialized>true</uninitialized>
         <run_address>0x6280</run_address>
         <size>0x40</size>
         <input_file_ref idref="fl-c"/>
      </object_component>
      <object_component id="oc-8a">
         <name>ECanbMOTORegsFile</name>
         <uninitialized>true</uninitialized>
         <run_address>0x62c0</run_address>
         <size>0x40</size>
         <input_file_ref idref="fl-c"/>
      </object_component>
      <object_component id="oc-79">
         <name>EPwm1RegsFile</name>
         <uninitialized>true</uninitialized>
         <run_address>0x6800</run_address>
         <size>0x22</size>
         <input_file_ref idref="fl-c"/>
      </object_component>
      <object_component id="oc-7a">
         <name>EPwm2RegsFile</name>
         <uninitialized>true</uninitialized>
         <run_address>0x6840</run_address>
         <size>0x22</size>
         <input_file_ref idref="fl-c"/>
      </object_component>
      <object_component id="oc-7b">
         <name>EPwm3RegsFile</name>
         <uninitialized>true</uninitialized>
         <run_address>0x6880</run_address>
         <size>0x22</size>
         <input_file_ref idref="fl-c"/>
      </object_component>
      <object_component id="oc-7c">
         <name>EPwm4RegsFile</name>
         <uninitialized>true</uninitialized>
         <run_address>0x68c0</run_address>
         <size>0x22</size>
         <input_file_ref idref="fl-c"/>
      </object_component>
      <object_component id="oc-7d">
         <name>EPwm5RegsFile</name>
         <uninitialized>true</uninitialized>
         <run_address>0x6900</run_address>
         <size>0x22</size>
         <input_file_ref idref="fl-c"/>
      </object_component>
      <object_component id="oc-7e">
         <name>EPwm6RegsFile</name>
         <uninitialized>true</uninitialized>
         <run_address>0x6940</run_address>
         <size>0x22</size>
         <input_file_ref idref="fl-c"/>
      </object_component>
      <object_component id="oc-71">
         <name>ECap1RegsFile</name>
         <uninitialized>true</uninitialized>
         <run_address>0x6a00</run_address>
         <size>0x20</size>
         <input_file_ref idref="fl-c"/>
      </object_component>
      <object_component id="oc-72">
         <name>ECap2RegsFile</name>
         <uninitialized>true</uninitialized>
         <run_address>0x6a20</run_address>
         <size>0x20</size>
         <input_file_ref idref="fl-c"/>
      </object_component>
      <object_component id="oc-73">
         <name>ECap3RegsFile</name>
         <uninitialized>true</uninitialized>
         <run_address>0x6a40</run_address>
         <size>0x20</size>
         <input_file_ref idref="fl-c"/>
      </object_component>
      <object_component id="oc-74">
         <name>ECap4RegsFile</name>
         <uninitialized>true</uninitialized>
         <run_address>0x6a60</run_address>
         <size>0x20</size>
         <input_file_ref idref="fl-c"/>
      </object_component>
      <object_component id="oc-75">
         <name>ECap5RegsFile</name>
         <uninitialized>true</uninitialized>
         <run_address>0x6a80</run_address>
         <size>0x20</size>
         <input_file_ref idref="fl-c"/>
      </object_component>
      <object_component id="oc-76">
         <name>ECap6RegsFile</name>
         <uninitialized>true</uninitialized>
         <run_address>0x6aa0</run_address>
         <size>0x20</size>
         <input_file_ref idref="fl-c"/>
      </object_component>
      <object_component id="oc-8b">
         <name>EQep1RegsFile</name>
         <uninitialized>true</uninitialized>
         <run_address>0x6b00</run_address>
         <size>0x40</size>
         <input_file_ref idref="fl-c"/>
      </object_component>
      <object_component id="oc-8c">
         <name>EQep2RegsFile</name>
         <uninitialized>true</uninitialized>
         <run_address>0x6b40</run_address>
         <size>0x40</size>
         <input_file_ref idref="fl-c"/>
      </object_component>
      <object_component id="oc-82">
         <name>GpioCtrlRegsFile</name>
         <uninitialized>true</uninitialized>
         <run_address>0x6f80</run_address>
         <size>0x2e</size>
         <input_file_ref idref="fl-c"/>
      </object_component>
      <object_component id="oc-77">
         <name>GpioDataRegsFile</name>
         <uninitialized>true</uninitialized>
         <run_address>0x6fc0</run_address>
         <size>0x20</size>
         <input_file_ref idref="fl-c"/>
      </object_component>
      <object_component id="oc-66">
         <name>GpioIntRegsFile</name>
         <uninitialized>true</uninitialized>
         <run_address>0x6fe0</run_address>
         <size>0xa</size>
         <input_file_ref idref="fl-c"/>
      </object_component>
      <object_component id="oc-78">
         <name>SysCtrlRegsFile</name>
         <uninitialized>true</uninitialized>
         <run_address>0x7010</run_address>
         <size>0x20</size>
         <input_file_ref idref="fl-c"/>
      </object_component>
      <object_component id="oc-6c">
         <name>SpiaRegsFile</name>
         <uninitialized>true</uninitialized>
         <run_address>0x7040</run_address>
         <size>0x10</size>
         <input_file_ref idref="fl-c"/>
      </object_component>
      <object_component id="oc-69">
         <name>SciaRegsFile</name>
         <uninitialized>true</uninitialized>
         <run_address>0x7050</run_address>
         <size>0x10</size>
         <input_file_ref idref="fl-c"/>
      </object_component>
      <object_component id="oc-6d">
         <name>XIntruptRegsFile</name>
         <uninitialized>true</uninitialized>
         <run_address>0x7070</run_address>
         <size>0x10</size>
         <input_file_ref idref="fl-c"/>
      </object_component>
      <object_component id="oc-6f">
         <name>AdcRegsFile</name>
         <uninitialized>true</uninitialized>
         <run_address>0x7100</run_address>
         <size>0x1e</size>
         <input_file_ref idref="fl-c"/>
      </object_component>
      <object_component id="oc-6a">
         <name>ScibRegsFile</name>
         <uninitialized>true</uninitialized>
         <run_address>0x7750</run_address>
         <size>0x10</size>
         <input_file_ref idref="fl-c"/>
      </object_component>
      <object_component id="oc-6b">
         <name>ScicRegsFile</name>
         <uninitialized>true</uninitialized>
         <run_address>0x7770</run_address>
         <size>0x10</size>
         <input_file_ref idref="fl-c"/>
      </object_component>
      <object_component id="oc-7f">
         <name>I2caRegsFile</name>
         <uninitialized>true</uninitialized>
         <run_address>0x7900</run_address>
         <size>0x22</size>
         <input_file_ref idref="fl-c"/>
      </object_component>
      <object_component id="oc-64">
         <name>CsmPwlFile</name>
         <uninitialized>true</uninitialized>
         <run_address>0x33fff8</run_address>
         <size>0x8</size>
         <input_file_ref idref="fl-c"/>
      </object_component>
      <object_component id="oc-4f">
         <name>PartIdRegsFile</name>
         <uninitialized>true</uninitialized>
         <run_address>0x380090</run_address>
         <size>0x1</size>
         <input_file_ref idref="fl-c"/>
      </object_component>
      <object_component id="oc-1b7">
         <name>.cinit:__gCOMList</name>
         <load_address>0x33c4f0</load_address>
         <run_address>0x33c4f0</run_address>
         <size>0x96</size>
         <input_file_ref idref="fl-33"/>
      </object_component>
      <object_component id="oc-4e">
         <name>.cinit</name>
         <load_address>0x33c586</load_address>
         <run_address>0x33c586</run_address>
         <size>0x64</size>
         <input_file_ref idref="fl-7d"/>
      </object_component>
      <object_component id="oc-212">
         <name>.cinit:_xFuncHandlers$33</name>
         <load_address>0x33c5ea</load_address>
         <run_address>0x33c5ea</run_address>
         <size>0x2b</size>
         <input_file_ref idref="fl-7d"/>
      </object_component>
      <object_component id="oc-165">
         <name>.cinit</name>
         <load_address>0x33c615</load_address>
         <run_address>0x33c615</run_address>
         <size>0xe</size>
         <input_file_ref idref="fl-5c"/>
      </object_component>
      <object_component id="oc-11b">
         <name>.cinit</name>
         <load_address>0x33c623</load_address>
         <run_address>0x33c623</run_address>
         <size>0xd</size>
         <input_file_ref idref="fl-2e"/>
      </object_component>
      <object_component id="oc-128">
         <name>.cinit</name>
         <load_address>0x33c630</load_address>
         <run_address>0x33c630</run_address>
         <size>0xa</size>
         <input_file_ref idref="fl-30"/>
      </object_component>
      <object_component id="oc-d0">
         <name>.cinit</name>
         <load_address>0x33c63a</load_address>
         <run_address>0x33c63a</run_address>
         <size>0x9</size>
         <input_file_ref idref="fl-17"/>
      </object_component>
      <object_component id="oc-1ce">
         <name>.cinit:__lock</name>
         <load_address>0x33c643</load_address>
         <run_address>0x33c643</run_address>
         <size>0x5</size>
         <input_file_ref idref="fl-7d"/>
      </object_component>
      <object_component id="oc-1d5">
         <name>.cinit:__unlock</name>
         <load_address>0x33c648</load_address>
         <run_address>0x33c648</run_address>
         <size>0x5</size>
         <input_file_ref idref="fl-7d"/>
      </object_component>
      <object_component id="oc-dc">
         <name>.cinit</name>
         <load_address>0x33c64d</load_address>
         <run_address>0x33c64d</run_address>
         <size>0x4</size>
         <input_file_ref idref="fl-1d"/>
      </object_component>
      <object_component id="oc-ed">
         <name>.cinit</name>
         <load_address>0x33c651</load_address>
         <run_address>0x33c651</run_address>
         <size>0x4</size>
         <input_file_ref idref="fl-21"/>
      </object_component>
      <object_component id="oc-f9">
         <name>.cinit</name>
         <load_address>0x33c655</load_address>
         <run_address>0x33c655</run_address>
         <size>0x4</size>
         <input_file_ref idref="fl-23"/>
      </object_component>
      <object_component id="oc-1f9">
         <name>.cinit:_g_pageBuf$18</name>
         <load_address>0x33c659</load_address>
         <run_address>0x33c659</run_address>
         <size>0x4</size>
         <input_file_ref idref="fl-7d"/>
      </object_component>
      <object_component id="oc-1ca">
         <name>.cinit:_m_Com1RxBuf</name>
         <load_address>0x33c65d</load_address>
         <run_address>0x33c65d</run_address>
         <size>0x4</size>
         <input_file_ref idref="fl-33"/>
      </object_component>
      <object_component id="oc-1c8">
         <name>.cinit:_m_Com1TxBuf</name>
         <load_address>0x33c661</load_address>
         <run_address>0x33c661</run_address>
         <size>0x4</size>
         <input_file_ref idref="fl-33"/>
      </object_component>
      <object_component id="oc-1c6">
         <name>.cinit:_m_Com2RxBuf</name>
         <load_address>0x33c665</load_address>
         <run_address>0x33c665</run_address>
         <size>0x4</size>
         <input_file_ref idref="fl-33"/>
      </object_component>
      <object_component id="oc-1c4">
         <name>.cinit:_m_Com2TxBuf</name>
         <load_address>0x33c669</load_address>
         <run_address>0x33c669</run_address>
         <size>0x4</size>
         <input_file_ref idref="fl-33"/>
      </object_component>
      <object_component id="oc-1c2">
         <name>.cinit:_m_Com3RxBuf</name>
         <load_address>0x33c66d</load_address>
         <run_address>0x33c66d</run_address>
         <size>0x4</size>
         <input_file_ref idref="fl-33"/>
      </object_component>
      <object_component id="oc-1c0">
         <name>.cinit:_m_Com3TxBuf</name>
         <load_address>0x33c671</load_address>
         <run_address>0x33c671</run_address>
         <size>0x4</size>
         <input_file_ref idref="fl-33"/>
      </object_component>
      <object_component id="oc-222">
         <name>.cinit:_ucRegCoilsBuf</name>
         <load_address>0x33c675</load_address>
         <run_address>0x33c675</run_address>
         <size>0x4</size>
         <input_file_ref idref="fl-7d"/>
      </object_component>
      <object_component id="oc-220">
         <name>.cinit:_ucRegDiscreteBuf</name>
         <load_address>0x33c679</load_address>
         <run_address>0x33c679</run_address>
         <size>0x4</size>
         <input_file_ref idref="fl-7d"/>
      </object_component>
      <object_component id="oc-1fe">
         <name>.cinit:_usRegHoldingBuf</name>
         <load_address>0x33c67d</load_address>
         <run_address>0x33c67d</run_address>
         <size>0x4</size>
         <input_file_ref idref="fl-7d"/>
      </object_component>
      <object_component id="oc-201">
         <name>.cinit:_usRegInputBuf</name>
         <load_address>0x33c681</load_address>
         <run_address>0x33c681</run_address>
         <size>0x4</size>
         <input_file_ref idref="fl-7d"/>
      </object_component>
      <object_component id="oc-1dc">
         <name>.text</name>
         <load_address>0x338000</load_address>
         <run_address>0x338000</run_address>
         <size>0x721</size>
         <input_file_ref idref="fl-14"/>
      </object_component>
      <object_component id="oc-20a">
         <name>.text</name>
         <load_address>0x338721</load_address>
         <run_address>0x338721</run_address>
         <size>0x383</size>
         <input_file_ref idref="fl-8"/>
      </object_component>
      <object_component id="oc-1d3">
         <name>.text</name>
         <load_address>0x338aa4</load_address>
         <run_address>0x338aa4</run_address>
         <size>0x370</size>
         <input_file_ref idref="fl-11"/>
      </object_component>
      <object_component id="oc-ac">
         <name>.text:retain</name>
         <load_address>0x338e14</load_address>
         <run_address>0x338e14</run_address>
         <size>0x316</size>
         <input_file_ref idref="fl-9"/>
      </object_component>
      <object_component id="oc-1b8">
         <name>.text</name>
         <load_address>0x33912a</load_address>
         <run_address>0x33912a</run_address>
         <size>0x2e8</size>
         <input_file_ref idref="fl-33"/>
      </object_component>
      <object_component id="oc-1e9">
         <name>.text</name>
         <load_address>0x339412</load_address>
         <run_address>0x339412</run_address>
         <size>0x265</size>
         <input_file_ref idref="fl-25"/>
      </object_component>
      <object_component id="oc-1e0">
         <name>.text</name>
         <load_address>0x339677</load_address>
         <run_address>0x339677</run_address>
         <size>0x228</size>
         <input_file_ref idref="fl-1c"/>
      </object_component>
      <object_component id="oc-1e8">
         <name>.text</name>
         <load_address>0x33989f</load_address>
         <run_address>0x33989f</run_address>
         <size>0x21b</size>
         <input_file_ref idref="fl-26"/>
      </object_component>
      <object_component id="oc-1e2">
         <name>.text</name>
         <load_address>0x339aba</load_address>
         <run_address>0x339aba</run_address>
         <size>0x207</size>
         <input_file_ref idref="fl-1b"/>
      </object_component>
      <object_component id="oc-135">
         <name>.text:retain</name>
         <load_address>0x339cc1</load_address>
         <run_address>0x339cc1</run_address>
         <size>0x1fa</size>
         <input_file_ref idref="fl-33"/>
      </object_component>
      <object_component id="oc-1d8">
         <name>.text</name>
         <load_address>0x339ebb</load_address>
         <run_address>0x339ebb</run_address>
         <size>0x17e</size>
         <input_file_ref idref="fl-2c"/>
      </object_component>
      <object_component id="oc-206">
         <name>.text</name>
         <load_address>0x33a039</load_address>
         <run_address>0x33a039</run_address>
         <size>0x13f</size>
         <input_file_ref idref="fl-17"/>
      </object_component>
      <object_component id="oc-21e">
         <name>.text</name>
         <load_address>0x33a178</load_address>
         <run_address>0x33a178</run_address>
         <size>0x137</size>
         <input_file_ref idref="fl-42"/>
      </object_component>
      <object_component id="oc-1d4">
         <name>.text</name>
         <load_address>0x33a2af</load_address>
         <run_address>0x33a2af</run_address>
         <size>0x1</size>
         <input_file_ref idref="fl-5d"/>
      </object_component>
      <object_component id="oc-1ea">
         <name>.text</name>
         <load_address>0x33a2b0</load_address>
         <run_address>0x33a2b0</run_address>
         <size>0x135</size>
         <input_file_ref idref="fl-23"/>
      </object_component>
      <object_component id="oc-1ec">
         <name>.text</name>
         <load_address>0x33a3e5</load_address>
         <run_address>0x33a3e5</run_address>
         <size>0x12d</size>
         <input_file_ref idref="fl-47"/>
      </object_component>
      <object_component id="oc-1e7">
         <name>.text</name>
         <load_address>0x33a512</load_address>
         <run_address>0x33a512</run_address>
         <size>0x12b</size>
         <input_file_ref idref="fl-32"/>
      </object_component>
      <object_component id="oc-205">
         <name>.text</name>
         <load_address>0x33a63d</load_address>
         <run_address>0x33a63d</run_address>
         <size>0x11d</size>
         <input_file_ref idref="fl-18"/>
      </object_component>
      <object_component id="oc-1f0">
         <name>.text</name>
         <load_address>0x33a75a</load_address>
         <run_address>0x33a75a</run_address>
         <size>0x119</size>
         <input_file_ref idref="fl-1a"/>
      </object_component>
      <object_component id="oc-14e">
         <name>.text</name>
         <load_address>0x33a873</load_address>
         <run_address>0x33a873</run_address>
         <size>0x107</size>
         <input_file_ref idref="fl-56"/>
      </object_component>
      <object_component id="oc-1cf">
         <name>.text</name>
         <load_address>0x33a97a</load_address>
         <run_address>0x33a97a</run_address>
         <size>0xfc</size>
         <input_file_ref idref="fl-f"/>
      </object_component>
      <object_component id="oc-209">
         <name>.text</name>
         <load_address>0x33aa76</load_address>
         <run_address>0x33aa76</run_address>
         <size>0xee</size>
         <input_file_ref idref="fl-b"/>
      </object_component>
      <object_component id="oc-1d9">
         <name>.text</name>
         <load_address>0x33ab64</load_address>
         <run_address>0x33ab64</run_address>
         <size>0xe9</size>
         <input_file_ref idref="fl-2e"/>
      </object_component>
      <object_component id="oc-1dd">
         <name>.text</name>
         <load_address>0x33ac4d</load_address>
         <run_address>0x33ac4d</run_address>
         <size>0xe8</size>
         <input_file_ref idref="fl-13"/>
      </object_component>
      <object_component id="oc-207">
         <name>.text</name>
         <load_address>0x33ad35</load_address>
         <run_address>0x33ad35</run_address>
         <size>0xd2</size>
         <input_file_ref idref="fl-19"/>
      </object_component>
      <object_component id="oc-1b9">
         <name>.text</name>
         <load_address>0x33ae07</load_address>
         <run_address>0x33ae07</run_address>
         <size>0xd2</size>
         <input_file_ref idref="fl-36"/>
      </object_component>
      <object_component id="oc-1e3">
         <name>.text</name>
         <load_address>0x33aed9</load_address>
         <run_address>0x33aed9</run_address>
         <size>0xd1</size>
         <input_file_ref idref="fl-1d"/>
      </object_component>
      <object_component id="oc-210">
         <name>.text</name>
         <load_address>0x33afaa</load_address>
         <run_address>0x33afaa</run_address>
         <size>0xc7</size>
         <input_file_ref idref="fl-46"/>
      </object_component>
      <object_component id="oc-219">
         <name>.text</name>
         <load_address>0x33b071</load_address>
         <run_address>0x33b071</run_address>
         <size>0xc0</size>
         <input_file_ref idref="fl-3d"/>
      </object_component>
      <object_component id="oc-1db">
         <name>.text</name>
         <load_address>0x33b131</load_address>
         <run_address>0x33b131</run_address>
         <size>0xae</size>
         <input_file_ref idref="fl-12"/>
      </object_component>
      <object_component id="oc-1eb">
         <name>.text</name>
         <load_address>0x33b1df</load_address>
         <run_address>0x33b1df</run_address>
         <size>0xa1</size>
         <input_file_ref idref="fl-24"/>
      </object_component>
      <object_component id="oc-18b">
         <name>.text</name>
         <load_address>0x33b280</load_address>
         <run_address>0x33b280</run_address>
         <size>0x9c</size>
         <input_file_ref idref="fl-68"/>
      </object_component>
      <object_component id="oc-21a">
         <name>.text</name>
         <load_address>0x33b31c</load_address>
         <run_address>0x33b31c</run_address>
         <size>0x95</size>
         <input_file_ref idref="fl-3a"/>
      </object_component>
      <object_component id="oc-218">
         <name>.text</name>
         <load_address>0x33b3b1</load_address>
         <run_address>0x33b3b1</run_address>
         <size>0x90</size>
         <input_file_ref idref="fl-3e"/>
      </object_component>
      <object_component id="oc-11d">
         <name>.text:retain</name>
         <load_address>0x33b441</load_address>
         <run_address>0x33b441</run_address>
         <size>0x8e</size>
         <input_file_ref idref="fl-2e"/>
      </object_component>
      <object_component id="oc-177">
         <name>.text</name>
         <load_address>0x33b4cf</load_address>
         <run_address>0x33b4cf</run_address>
         <size>0x8b</size>
         <input_file_ref idref="fl-64"/>
      </object_component>
      <object_component id="oc-13a">
         <name>.text</name>
         <load_address>0x33b55a</load_address>
         <run_address>0x33b55a</run_address>
         <size>0x88</size>
         <input_file_ref idref="fl-52"/>
      </object_component>
      <object_component id="oc-17c">
         <name>.text</name>
         <load_address>0x33b5e2</load_address>
         <run_address>0x33b5e2</run_address>
         <size>0x83</size>
         <input_file_ref idref="fl-65"/>
      </object_component>
      <object_component id="oc-108">
         <name>.text:retain</name>
         <load_address>0x33b665</load_address>
         <run_address>0x33b665</run_address>
         <size>0x78</size>
         <input_file_ref idref="fl-25"/>
      </object_component>
      <object_component id="oc-1b5">
         <name>.text</name>
         <load_address>0x33b6dd</load_address>
         <run_address>0x33b6dd</run_address>
         <size>0x77</size>
         <input_file_ref idref="fl-34"/>
      </object_component>
      <object_component id="oc-1e1">
         <name>.text</name>
         <load_address>0x33b754</load_address>
         <run_address>0x33b754</run_address>
         <size>0x72</size>
         <input_file_ref idref="fl-5e"/>
      </object_component>
      <object_component id="oc-202">
         <name>.text</name>
         <load_address>0x33b7c6</load_address>
         <run_address>0x33b7c6</run_address>
         <size>0x5e</size>
         <input_file_ref idref="fl-41"/>
      </object_component>
      <object_component id="oc-1df">
         <name>.text</name>
         <load_address>0x33b824</load_address>
         <run_address>0x33b824</run_address>
         <size>0x5d</size>
         <input_file_ref idref="fl-16"/>
      </object_component>
      <object_component id="oc-1e6">
         <name>.text</name>
         <load_address>0x33b881</load_address>
         <run_address>0x33b881</run_address>
         <size>0x59</size>
         <input_file_ref idref="fl-21"/>
      </object_component>
      <object_component id="oc-115">
         <name>.text:retain</name>
         <load_address>0x33b8da</load_address>
         <run_address>0x33b8da</run_address>
         <size>0x59</size>
         <input_file_ref idref="fl-2d"/>
      </object_component>
      <object_component id="oc-153">
         <name>.text</name>
         <load_address>0x33b933</load_address>
         <run_address>0x33b933</run_address>
         <size>0x56</size>
         <input_file_ref idref="fl-57"/>
      </object_component>
      <object_component id="oc-1e5">
         <name>.text</name>
         <load_address>0x33b989</load_address>
         <run_address>0x33b989</run_address>
         <size>0x54</size>
         <input_file_ref idref="fl-31"/>
      </object_component>
      <object_component id="oc-1ed">
         <name>.text</name>
         <load_address>0x33b9dd</load_address>
         <run_address>0x33b9dd</run_address>
         <size>0x4b</size>
         <input_file_ref idref="fl-20"/>
      </object_component>
      <object_component id="oc-1d7">
         <name>.text</name>
         <load_address>0x33ba28</load_address>
         <run_address>0x33ba28</run_address>
         <size>0x4b</size>
         <input_file_ref idref="fl-37"/>
      </object_component>
      <object_component id="oc-1ae">
         <name>.text</name>
         <load_address>0x33ba73</load_address>
         <run_address>0x33ba73</run_address>
         <size>0x49</size>
         <input_file_ref idref="fl-22"/>
      </object_component>
      <object_component id="oc-21b">
         <name>.text</name>
         <load_address>0x33babc</load_address>
         <run_address>0x33babc</run_address>
         <size>0x48</size>
         <input_file_ref idref="fl-3c"/>
      </object_component>
      <object_component id="oc-1da">
         <name>.text</name>
         <load_address>0x33bb04</load_address>
         <run_address>0x33bb04</run_address>
         <size>0x46</size>
         <input_file_ref idref="fl-30"/>
      </object_component>
      <object_component id="oc-1de">
         <name>.text</name>
         <load_address>0x33bb4a</load_address>
         <run_address>0x33bb4a</run_address>
         <size>0x35</size>
         <input_file_ref idref="fl-15"/>
      </object_component>
      <object_component id="oc-1fb">
         <name>.text</name>
         <load_address>0x33bb7f</load_address>
         <run_address>0x33bb7f</run_address>
         <size>0x35</size>
         <input_file_ref idref="fl-7"/>
      </object_component>
      <object_component id="oc-20d">
         <name>.text</name>
         <load_address>0x33bbb4</load_address>
         <run_address>0x33bbb4</run_address>
         <size>0x34</size>
         <input_file_ref idref="fl-44"/>
      </object_component>
      <object_component id="oc-1ff">
         <name>.text</name>
         <load_address>0x33bbe8</load_address>
         <run_address>0x33bbe8</run_address>
         <size>0x32</size>
         <input_file_ref idref="fl-28"/>
      </object_component>
      <object_component id="oc-21d">
         <name>.text</name>
         <load_address>0x33bc1a</load_address>
         <run_address>0x33bc1a</run_address>
         <size>0x2a</size>
         <input_file_ref idref="fl-40"/>
      </object_component>
      <object_component id="oc-16b">
         <name>.text</name>
         <load_address>0x33bc44</load_address>
         <run_address>0x33bc44</run_address>
         <size>0x2a</size>
         <input_file_ref idref="fl-5f"/>
      </object_component>
      <object_component id="oc-1a9">
         <name>.text</name>
         <load_address>0x33bc6e</load_address>
         <run_address>0x33bc6e</run_address>
         <size>0x2a</size>
         <input_file_ref idref="fl-6f"/>
      </object_component>
      <object_component id="oc-1be">
         <name>.text</name>
         <load_address>0x33bc98</load_address>
         <run_address>0x33bc98</run_address>
         <size>0x29</size>
         <input_file_ref idref="fl-5c"/>
      </object_component>
      <object_component id="oc-1d0">
         <name>.text</name>
         <load_address>0x33bcc1</load_address>
         <run_address>0x33bcc1</run_address>
         <size>0x28</size>
         <input_file_ref idref="fl-d"/>
      </object_component>
      <object_component id="oc-1bc">
         <name>.text</name>
         <load_address>0x33bce9</load_address>
         <run_address>0x33bce9</run_address>
         <size>0x1</size>
         <input_file_ref idref="fl-59"/>
      </object_component>
      <object_component id="oc-1b4">
         <name>.text</name>
         <load_address>0x33bcea</load_address>
         <run_address>0x33bcea</run_address>
         <size>0x27</size>
         <input_file_ref idref="fl-77"/>
      </object_component>
      <object_component id="oc-12a">
         <name>.text:retain</name>
         <load_address>0x33bd11</load_address>
         <run_address>0x33bd11</run_address>
         <size>0x25</size>
         <input_file_ref idref="fl-30"/>
      </object_component>
      <object_component id="oc-1bb">
         <name>.text</name>
         <load_address>0x33bd36</load_address>
         <run_address>0x33bd36</run_address>
         <size>0x24</size>
         <input_file_ref idref="fl-5b"/>
      </object_component>
      <object_component id="oc-190">
         <name>.text</name>
         <load_address>0x33bd5a</load_address>
         <run_address>0x33bd5a</run_address>
         <size>0x21</size>
         <input_file_ref idref="fl-69"/>
      </object_component>
      <object_component id="oc-1cc">
         <name>.text</name>
         <load_address>0x33bd7b</load_address>
         <run_address>0x33bd7b</run_address>
         <size>0x20</size>
         <input_file_ref idref="fl-1f"/>
      </object_component>
      <object_component id="oc-195">
         <name>.text</name>
         <load_address>0x33bd9b</load_address>
         <run_address>0x33bd9b</run_address>
         <size>0x1f</size>
         <input_file_ref idref="fl-6a"/>
      </object_component>
      <object_component id="oc-213">
         <name>.text</name>
         <load_address>0x33bdba</load_address>
         <run_address>0x33bdba</run_address>
         <size>0x1e</size>
         <input_file_ref idref="fl-27"/>
      </object_component>
      <object_component id="oc-149">
         <name>.text</name>
         <load_address>0x33bdd8</load_address>
         <run_address>0x33bdd8</run_address>
         <size>0x1e</size>
         <input_file_ref idref="fl-55"/>
      </object_component>
      <object_component id="oc-19f">
         <name>.text</name>
         <load_address>0x33bdf6</load_address>
         <run_address>0x33bdf6</run_address>
         <size>0x1d</size>
         <input_file_ref idref="fl-6c"/>
      </object_component>
      <object_component id="oc-1cb">
         <name>.text</name>
         <load_address>0x33be13</load_address>
         <run_address>0x33be13</run_address>
         <size>0x1d</size>
         <input_file_ref idref="fl-60"/>
      </object_component>
      <object_component id="oc-19a">
         <name>.text</name>
         <load_address>0x33be30</load_address>
         <run_address>0x33be30</run_address>
         <size>0x1c</size>
         <input_file_ref idref="fl-6b"/>
      </object_component>
      <object_component id="oc-1a4">
         <name>.text</name>
         <load_address>0x33be4c</load_address>
         <run_address>0x33be4c</run_address>
         <size>0x1c</size>
         <input_file_ref idref="fl-6d"/>
      </object_component>
      <object_component id="oc-13f">
         <name>.text</name>
         <load_address>0x33be68</load_address>
         <run_address>0x33be68</run_address>
         <size>0x18</size>
         <input_file_ref idref="fl-53"/>
      </object_component>
      <object_component id="oc-20b">
         <name>.text</name>
         <load_address>0x33be80</load_address>
         <run_address>0x33be80</run_address>
         <size>0x14</size>
         <input_file_ref idref="fl-5"/>
      </object_component>
      <object_component id="oc-214">
         <name>.text</name>
         <load_address>0x33be94</load_address>
         <run_address>0x33be94</run_address>
         <size>0x13</size>
         <input_file_ref idref="fl-2a"/>
      </object_component>
      <object_component id="oc-217">
         <name>.text</name>
         <load_address>0x33bea7</load_address>
         <run_address>0x33bea7</run_address>
         <size>0x12</size>
         <input_file_ref idref="fl-3f"/>
      </object_component>
      <object_component id="oc-1bd">
         <name>.text</name>
         <load_address>0x33beb9</load_address>
         <run_address>0x33beb9</run_address>
         <size>0x12</size>
         <input_file_ref idref="fl-58"/>
      </object_component>
      <object_component id="oc-204">
         <name>.text</name>
         <load_address>0x33becb</load_address>
         <run_address>0x33becb</run_address>
         <size>0x12</size>
         <input_file_ref idref="fl-2b"/>
      </object_component>
      <object_component id="oc-1d1">
         <name>.text</name>
         <load_address>0x33bedd</load_address>
         <run_address>0x33bedd</run_address>
         <size>0x11</size>
         <input_file_ref idref="fl-e"/>
      </object_component>
      <object_component id="oc-186">
         <name>.text</name>
         <load_address>0x33beee</load_address>
         <run_address>0x33beee</run_address>
         <size>0xe</size>
         <input_file_ref idref="fl-67"/>
      </object_component>
      <object_component id="oc-144">
         <name>.text</name>
         <load_address>0x33befc</load_address>
         <run_address>0x33befc</run_address>
         <size>0xb</size>
         <input_file_ref idref="fl-54"/>
      </object_component>
      <object_component id="oc-181">
         <name>.text</name>
         <load_address>0x33bf07</load_address>
         <run_address>0x33bf07</run_address>
         <size>0x9</size>
         <input_file_ref idref="fl-66"/>
      </object_component>
      <object_component id="oc-a1">
         <name>.text</name>
         <load_address>0x33bf10</load_address>
         <run_address>0x33bf10</run_address>
         <size>0x8</size>
         <input_file_ref idref="fl-6"/>
      </object_component>
      <object_component id="oc-1e4">
         <name>.text</name>
         <load_address>0x33bf18</load_address>
         <run_address>0x33bf18</run_address>
         <size>0x7</size>
         <input_file_ref idref="fl-61"/>
      </object_component>
      <object_component id="oc-20f">
         <name>.text</name>
         <load_address>0x33bf1f</load_address>
         <run_address>0x33bf1f</run_address>
         <size>0x5</size>
         <input_file_ref idref="fl-45"/>
      </object_component>
      <object_component id="oc-1ba">
         <name>.text</name>
         <load_address>0x33bf24</load_address>
         <run_address>0x33bf24</run_address>
         <size>0x2</size>
         <input_file_ref idref="fl-5a"/>
      </object_component>
      <object_component id="oc-4c">
         <name>codestart</name>
         <load_address>0x33fff6</load_address>
         <run_address>0x33fff6</run_address>
         <size>0x2</size>
         <input_file_ref idref="fl-6"/>
      </object_component>
      <object_component id="oc-fc">
         <name>.TI.ramfunc:retain</name>
         <load_address>0x320000</load_address>
         <run_address>0x8000</run_address>
         <size>0x183</size>
         <input_file_ref idref="fl-23"/>
      </object_component>
      <object_component id="oc-1d2">
         <name>.TI.ramfunc</name>
         <load_address>0x320183</load_address>
         <run_address>0x8183</run_address>
         <size>0x1d</size>
         <input_file_ref idref="fl-f"/>
      </object_component>
      <object_component id="oc-ca">
         <name>.TI.ramfunc</name>
         <load_address>0x3201a0</load_address>
         <run_address>0x81a0</run_address>
         <size>0x4</size>
         <input_file_ref idref="fl-10"/>
      </object_component>
      <object_component id="oc-154">
         <name>.stack</name>
         <uninitialized>true</uninitialized>
         <run_address>0x400</run_address>
         <size>0x0</size>
         <input_file_ref idref="fl-57"/>
      </object_component>
      <object_component id="oc-278">
         <name>.stack</name>
         <uninitialized>true</uninitialized>
         <run_address>0x400</run_address>
         <size>0x0</size>
      </object_component>
      <object_component id="oc-50">
         <name>.ebss</name>
         <uninitialized>true</uninitialized>
         <run_address>0xc3c0</run_address>
         <size>0x378</size>
         <input_file_ref idref="fl-11"/>
      </object_component>
      <object_component id="oc-d1">
         <name>.ebss</name>
         <uninitialized>true</uninitialized>
         <run_address>0xc738</run_address>
         <size>0x6</size>
         <input_file_ref idref="fl-17"/>
      </object_component>
      <object_component id="oc-5a">
         <name>.ebss</name>
         <uninitialized>true</uninitialized>
         <run_address>0xc73e</run_address>
         <size>0x2</size>
         <input_file_ref idref="fl-12"/>
      </object_component>
      <object_component id="oc-1ee">
         <name>.ebss:_g_B2_EventRecord_WriteQueueBuffer$9</name>
         <uninitialized>true</uninitialized>
         <run_address>0xc740</run_address>
         <size>0x104</size>
         <input_file_ref idref="fl-1a"/>
      </object_component>
      <object_component id="oc-200">
         <name>.ebss:_usRegInputBuf</name>
         <uninitialized>true</uninitialized>
         <run_address>0xc844</run_address>
         <size>0x3c</size>
         <input_file_ref idref="fl-42"/>
      </object_component>
      <object_component id="oc-1f8">
         <name>.ebss:_g_pageBuf$18</name>
         <uninitialized>true</uninitialized>
         <run_address>0xc880</run_address>
         <size>0x100</size>
         <input_file_ref idref="fl-2c"/>
      </object_component>
      <object_component id="oc-1c3">
         <name>.ebss:_m_Com2TxBuf</name>
         <uninitialized>true</uninitialized>
         <run_address>0xc980</run_address>
         <size>0x100</size>
         <input_file_ref idref="fl-33"/>
      </object_component>
      <object_component id="oc-1bf">
         <name>.ebss:_m_Com3TxBuf</name>
         <uninitialized>true</uninitialized>
         <run_address>0xca80</run_address>
         <size>0x100</size>
         <input_file_ref idref="fl-33"/>
      </object_component>
      <object_component id="oc-20e">
         <name>.ebss:_ucRTUBuf</name>
         <uninitialized>true</uninitialized>
         <run_address>0xcb80</run_address>
         <size>0x100</size>
         <input_file_ref idref="fl-47"/>
      </object_component>
      <object_component id="oc-20c">
         <name>.ebss:_AdcVoltRMSFilterBuf</name>
         <uninitialized>true</uninitialized>
         <run_address>0xcc80</run_address>
         <size>0xa0</size>
         <input_file_ref idref="fl-23"/>
      </object_component>
      <object_component id="oc-1c7">
         <name>.ebss:_m_Com1TxBuf</name>
         <uninitialized>true</uninitialized>
         <run_address>0xcd20</run_address>
         <size>0x20</size>
         <input_file_ref idref="fl-33"/>
      </object_component>
      <object_component id="oc-1b6">
         <name>.ebss:__gCOMList</name>
         <uninitialized>true</uninitialized>
         <run_address>0xcd40</run_address>
         <size>0x96</size>
         <input_file_ref idref="fl-33"/>
      </object_component>
      <object_component id="oc-21c">
         <name>.ebss:_ucMBSlaveID$31</name>
         <uninitialized>true</uninitialized>
         <run_address>0xcdd6</run_address>
         <size>0x20</size>
         <input_file_ref idref="fl-3f"/>
      </object_component>
      <object_component id="oc-114">
         <name>.ebss</name>
         <uninitialized>true</uninitialized>
         <run_address>0xcdf6</run_address>
         <size>0xa</size>
         <input_file_ref idref="fl-2d"/>
      </object_component>
      <object_component id="oc-1b0">
         <name>.ebss:_AdcVoltRMSFilter</name>
         <uninitialized>true</uninitialized>
         <run_address>0xce00</run_address>
         <size>0x80</size>
         <input_file_ref idref="fl-23"/>
      </object_component>
      <object_component id="oc-1c9">
         <name>.ebss:_m_Com1RxBuf</name>
         <uninitialized>true</uninitialized>
         <run_address>0xce80</run_address>
         <size>0x50</size>
         <input_file_ref idref="fl-33"/>
      </object_component>
      <object_component id="oc-53">
         <name>.ebss</name>
         <uninitialized>true</uninitialized>
         <run_address>0xced0</run_address>
         <size>0x1c</size>
         <input_file_ref idref="fl-41"/>
      </object_component>
      <object_component id="oc-107">
         <name>.ebss</name>
         <uninitialized>true</uninitialized>
         <run_address>0xceec</run_address>
         <size>0x12</size>
         <input_file_ref idref="fl-25"/>
      </object_component>
      <object_component id="oc-5b">
         <name>.ebss</name>
         <uninitialized>true</uninitialized>
         <run_address>0xcefe</run_address>
         <size>0x2</size>
         <input_file_ref idref="fl-13"/>
      </object_component>
      <object_component id="oc-1c5">
         <name>.ebss:_m_Com2RxBuf</name>
         <uninitialized>true</uninitialized>
         <run_address>0xcf00</run_address>
         <size>0x50</size>
         <input_file_ref idref="fl-33"/>
      </object_component>
      <object_component id="oc-63">
         <name>.ebss</name>
         <uninitialized>true</uninitialized>
         <run_address>0xcf50</run_address>
         <size>0x18</size>
         <input_file_ref idref="fl-7"/>
      </object_component>
      <object_component id="oc-1ef">
         <name>.ebss:_g_B2_EventRecord_WriteQueueEventDisbale$9</name>
         <uninitialized>true</uninitialized>
         <run_address>0xcf68</run_address>
         <size>0x17</size>
         <input_file_ref idref="fl-1a"/>
      </object_component>
      <object_component id="oc-dd">
         <name>.ebss</name>
         <uninitialized>true</uninitialized>
         <run_address>0xcf7f</run_address>
         <size>0x1</size>
         <input_file_ref idref="fl-1d"/>
      </object_component>
      <object_component id="oc-1c1">
         <name>.ebss:_m_Com3RxBuf</name>
         <uninitialized>true</uninitialized>
         <run_address>0xcf80</run_address>
         <size>0x50</size>
         <input_file_ref idref="fl-33"/>
      </object_component>
      <object_component id="oc-1af">
         <name>.ebss:_AdcAvg</name>
         <uninitialized>true</uninitialized>
         <run_address>0xcfd0</run_address>
         <size>0x10</size>
         <input_file_ref idref="fl-23"/>
      </object_component>
      <object_component id="oc-1b3">
         <name>.ebss:_AdcRMS</name>
         <uninitialized>true</uninitialized>
         <run_address>0xcfe0</run_address>
         <size>0x10</size>
         <input_file_ref idref="fl-23"/>
      </object_component>
      <object_component id="oc-1b1">
         <name>.ebss:_AdcVoltAvg</name>
         <uninitialized>true</uninitialized>
         <run_address>0xcff0</run_address>
         <size>0x10</size>
         <input_file_ref idref="fl-23"/>
      </object_component>
      <object_component id="oc-1fd">
         <name>.ebss:_usRegHoldingBuf</name>
         <uninitialized>true</uninitialized>
         <run_address>0xd000</run_address>
         <size>0x46</size>
         <input_file_ref idref="fl-42"/>
      </object_component>
      <object_component id="oc-1b2">
         <name>.ebss:_AdcVoltRMS</name>
         <uninitialized>true</uninitialized>
         <run_address>0xd046</run_address>
         <size>0x10</size>
         <input_file_ref idref="fl-23"/>
      </object_component>
      <object_component id="oc-5d">
         <name>.ebss</name>
         <uninitialized>true</uninitialized>
         <run_address>0xd056</run_address>
         <size>0xe</size>
         <input_file_ref idref="fl-1a"/>
      </object_component>
      <object_component id="oc-208">
         <name>.ebss:_g_vcb_list</name>
         <uninitialized>true</uninitialized>
         <run_address>0xd064</run_address>
         <size>0xa</size>
         <input_file_ref idref="fl-26"/>
      </object_component>
      <object_component id="oc-fa">
         <name>.ebss</name>
         <uninitialized>true</uninitialized>
         <run_address>0xd06e</run_address>
         <size>0x6</size>
         <input_file_ref idref="fl-23"/>
      </object_component>
      <object_component id="oc-11c">
         <name>.ebss</name>
         <uninitialized>true</uninitialized>
         <run_address>0xd074</run_address>
         <size>0x6</size>
         <input_file_ref idref="fl-2e"/>
      </object_component>
      <object_component id="oc-5f">
         <name>.ebss</name>
         <uninitialized>true</uninitialized>
         <run_address>0xd07a</run_address>
         <size>0x6</size>
         <input_file_ref idref="fl-31"/>
      </object_component>
      <object_component id="oc-211">
         <name>.ebss:_xFuncHandlers$33</name>
         <uninitialized>true</uninitialized>
         <run_address>0xd080</run_address>
         <size>0x40</size>
         <input_file_ref idref="fl-41"/>
      </object_component>
      <object_component id="oc-58">
         <name>.ebss</name>
         <uninitialized>true</uninitialized>
         <run_address>0xd0c0</run_address>
         <size>0x6</size>
         <input_file_ref idref="fl-47"/>
      </object_component>
      <object_component id="oc-166">
         <name>.ebss</name>
         <uninitialized>true</uninitialized>
         <run_address>0xd0c6</run_address>
         <size>0x6</size>
         <input_file_ref idref="fl-5c"/>
      </object_component>
      <object_component id="oc-5c">
         <name>.ebss</name>
         <uninitialized>true</uninitialized>
         <run_address>0xd0cc</run_address>
         <size>0x4</size>
         <input_file_ref idref="fl-14"/>
      </object_component>
      <object_component id="oc-51">
         <name>.ebss</name>
         <uninitialized>true</uninitialized>
         <run_address>0xd0d0</run_address>
         <size>0x4</size>
         <input_file_ref idref="fl-1c"/>
      </object_component>
      <object_component id="oc-129">
         <name>.ebss</name>
         <uninitialized>true</uninitialized>
         <run_address>0xd0d4</run_address>
         <size>0x4</size>
         <input_file_ref idref="fl-30"/>
      </object_component>
      <object_component id="oc-1cd">
         <name>.ebss:__lock</name>
         <uninitialized>true</uninitialized>
         <run_address>0xd0d8</run_address>
         <size>0x2</size>
         <input_file_ref idref="fl-5d"/>
      </object_component>
      <object_component id="oc-1f1">
         <name>.ebss:__unlock</name>
         <uninitialized>true</uninitialized>
         <run_address>0xd0da</run_address>
         <size>0x2</size>
         <input_file_ref idref="fl-5d"/>
      </object_component>
      <object_component id="oc-221">
         <name>.ebss:_ucRegCoilsBuf</name>
         <uninitialized>true</uninitialized>
         <run_address>0xd0dc</run_address>
         <size>0x2</size>
         <input_file_ref idref="fl-42"/>
      </object_component>
      <object_component id="oc-21f">
         <name>.ebss:_ucRegDiscreteBuf</name>
         <uninitialized>true</uninitialized>
         <run_address>0xd0de</run_address>
         <size>0x2</size>
         <input_file_ref idref="fl-42"/>
      </object_component>
      <object_component id="oc-56">
         <name>.ebss</name>
         <uninitialized>true</uninitialized>
         <run_address>0xd0e0</run_address>
         <size>0x2</size>
         <input_file_ref idref="fl-43"/>
      </object_component>
      <object_component id="oc-ee">
         <name>.ebss</name>
         <uninitialized>true</uninitialized>
         <run_address>0xd0e2</run_address>
         <size>0x1</size>
         <input_file_ref idref="fl-21"/>
      </object_component>
      <object_component id="oc-55">
         <name>.ebss</name>
         <uninitialized>true</uninitialized>
         <run_address>0xd0e3</run_address>
         <size>0x1</size>
         <input_file_ref idref="fl-42"/>
      </object_component>
      <object_component id="oc-52">
         <name>.ebss</name>
         <uninitialized>true</uninitialized>
         <run_address>0xd0e4</run_address>
         <size>0x1</size>
         <input_file_ref idref="fl-3f"/>
      </object_component>
      <object_component id="oc-57">
         <name>.ebss</name>
         <uninitialized>true</uninitialized>
         <run_address>0xd0e5</run_address>
         <size>0x1</size>
         <input_file_ref idref="fl-45"/>
      </object_component>
      <object_component id="oc-59">
         <name>.ebss</name>
         <uninitialized>true</uninitialized>
         <run_address>0xd0e6</run_address>
         <size>0x1</size>
         <input_file_ref idref="fl-75"/>
      </object_component>
      <object_component id="oc-215">
         <name>.econst:.string:_aucCRCHi$38</name>
         <load_address>0x33bf26</load_address>
         <run_address>0x33bf26</run_address>
         <size>0x100</size>
         <input_file_ref idref="fl-46"/>
      </object_component>
      <object_component id="oc-216">
         <name>.econst:.string:_aucCRCLo$38</name>
         <load_address>0x33c026</load_address>
         <run_address>0x33c026</run_address>
         <size>0x100</size>
         <input_file_ref idref="fl-46"/>
      </object_component>
[...]
         <object_component_ref idref="oc-1ea"/>
      </symbol>
      <symbol id="sm-705">
         <name>_BFL_Measure_Read</name>
         <value>0x33a392</value>
         <object_component_ref idref="oc-1ea"/>
      </symbol>
      <symbol id="sm-707">
         <name>_config_ePWM4_to_generate_ADCSOCA_</name>
         <value>0x33a2bd</value>
         <object_component_ref idref="oc-1ea"/>
      </symbol>
      <symbol id="sm-721">
         <name>_BFL_RS485_Release_Bus_RS4852</name>
         <value>0x33b20d</value>
         <object_component_ref idref="oc-1eb"/>
      </symbol>
      <symbol id="sm-723">
         <name>_BFL_RS485_Release_Bus_RS4851</name>
         <value>0x33b212</value>
         <object_component_ref idref="oc-1eb"/>
      </symbol>
      <symbol id="sm-725">
         <name>_BFL_RS485_Release_Bus</name>
         <value>0x33b217</value>
         <object_component_ref idref="oc-1eb"/>
      </symbol>
      <symbol id="sm-727">
         <name>_BFL_RS485_Take_Bus</name>
         <value>0x33b1df</value>
         <object_component_ref idref="oc-1eb"/>
      </symbol>
      <symbol id="sm-729">
         <name>_BFL_RS485_Init</name>
         <value>0x33b233</value>
         <object_component_ref idref="oc-1eb"/>
      </symbol>
      <symbol id="sm-72b">
         <name>_BFL_RS485_Write</name>
         <value>0x33b1ed</value>
         <object_component_ref idref="oc-1eb"/>
      </symbol>
      <symbol id="sm-72d">
         <name>_BFL_RS485_Read</name>
         <value>0x33b225</value>
         <object_component_ref idref="oc-1eb"/>
      </symbol>
      <symbol id="sm-72f">
         <name>_BFL_RS485_Take_Bus_RS4851</name>
         <value>0x33b208</value>
         <object_component_ref idref="oc-1eb"/>
      </symbol>
      <symbol id="sm-731">
         <name>_BFL_RS485_Take_Bus_RS4852</name>
         <value>0x33b203</value>
         <object_component_ref idref="oc-1eb"/>
      </symbol>
      <symbol id="sm-757">
         <name>_BFL_SCR_Init</name>
         <value>0x3394f8</value>
         <object_component_ref idref="oc-1e9"/>
      </symbol>
      <symbol id="sm-759">
         <name>_InitEPwm2Example</name>
         <value>0x33947a</value>
         <object_component_ref idref="oc-1e9"/>
      </symbol>
      <symbol id="sm-75b">
         <name>_EPwmx_ActionInit</name>
         <value>0x339412</value>
         <object_component_ref idref="oc-1e9"/>
      </symbol>
      <symbol id="sm-75d">
         <name>_BFL_SCRT_Pluse_Set</name>
         <value>0x339636</value>
         <object_component_ref idref="oc-1e9"/>
      </symbol>
      <symbol id="sm-75f">
         <name>_epwm2_isr</name>
         <value>0x33b68d</value>
         <object_component_ref idref="oc-108"/>
      </symbol>
      <symbol id="sm-761">
         <name>_InitEPwm3Example</name>
         <value>0x33943b</value>
         <object_component_ref idref="oc-1e9"/>
      </symbol>
      <symbol id="sm-763">
         <name>_epwm3_isr</name>
         <value>0x33b665</value>
         <object_component_ref idref="oc-108"/>
      </symbol>
      <symbol id="sm-765">
         <name>_BFL_SCRR_Have_Signal</name>
         <value>0x339637</value>
         <object_component_ref idref="oc-1e9"/>
      </symbol>
      <symbol id="sm-767">
         <name>_epwm1_isr</name>
         <value>0x33b6b5</value>
         <object_component_ref idref="oc-108"/>
      </symbol>
      <symbol id="sm-769">
         <name>_epwm1_info</name>
         <value>0xceec</value>
         <object_component_ref idref="oc-107"/>
      </symbol>
      <symbol id="sm-76a">
         <name>_epwm2_info</name>
         <value>0xcef2</value>
         <object_component_ref idref="oc-107"/>
      </symbol>
      <symbol id="sm-76b">
         <name>_epwm3_info</name>
         <value>0xcef8</value>
         <object_component_ref idref="oc-107"/>
      </symbol>
      <symbol id="sm-76c">
         <name>_InitEPwm1Example</name>
         <value>0x3394b9</value>
         <object_component_ref idref="oc-1e9"/>
      </symbol>
      <symbol id="sm-76e">
         <name>_BFL_SCRT_Pluse_Transmit</name>
         <value>0x3395a6</value>
         <object_component_ref idref="oc-1e9"/>
      </symbol>
      <symbol id="sm-7b6">
         <name>_BFL_VCB_Relay_Set_As_Switch_No_Ctrl</name>
         <value>0x33989f</value>
         <object_component_ref idref="oc-1e8"/>
      </symbol>
      <symbol id="sm-7b8">
         <name>_BFL_VCB_Get_Setting_State</name>
         <value>0x339a77</value>
         <object_component_ref idref="oc-1e8"/>
      </symbol>
      <symbol id="sm-7ba">
         <name>_BFL_VCB_Seurity_Init</name>
         <value>0x3398de</value>
         <object_component_ref idref="oc-1e8"/>
      </symbol>
      <symbol id="sm-7bc">
         <name>_BFL_VCB_Set_As_Switch_Opened</name>
         <value>0x3399c9</value>
         <object_component_ref idref="oc-1e8"/>
      </symbol>
      <symbol id="sm-7be">
         <name>_BFL_VCB_Set_As_Switch_No_Ctrl</name>
         <value>0x3399d6</value>
         <object_component_ref idref="oc-1e8"/>
      </symbol>
      <symbol id="sm-7c0">
         <name>_g_vcb_list</name>
         <value>0xd064</value>
         <object_component_ref idref="oc-208"/>
      </symbol>
      <symbol id="sm-7c1">
         <name>_BFL_VCB_Relay_Get_Setting_State</name>
         <value>0x339a6a</value>
         <object_component_ref idref="oc-1e8"/>
      </symbol>
      <symbol id="sm-7c3">
         <name>_BFL_VCB_Relay_Set_As_Switch_Opened</name>
         <value>0x339976</value>
         <object_component_ref idref="oc-1e8"/>
      </symbol>
      <symbol id="sm-7c5">
         <name>_BFL_VCB_STATE_To_String</name>
         <value>0x339a5c</value>
         <object_component_ref idref="oc-1e8"/>
      </symbol>
      <symbol id="sm-7c7">
         <name>_BFL_VCB_Relay_Set_As_Switch_Closed</name>
         <value>0x3399db</value>
         <object_component_ref idref="oc-1e8"/>
      </symbol>
      <symbol id="sm-7c9">
         <name>_BFL_VCB_Set_As_Switch_Closed</name>
         <value>0x339a2e</value>
         <object_component_ref idref="oc-1e8"/>
      </symbol>
      <symbol id="sm-7cb">
         <name>_BFL_VCB_SW_To_String</name>
         <value>0x339a3c</value>
         <object_component_ref idref="oc-1e8"/>
      </symbol>
      <symbol id="sm-7cd">
         <name>_BFL_VCB_Get_Actual_State</name>
         <value>0x339a84</value>
         <object_component_ref idref="oc-1e8"/>
      </symbol>
      <symbol id="sm-7cf">
         <name>_BFL_VCB_CTRL_STATE_To_String</name>
         <value>0x339aa7</value>
         <object_component_ref idref="oc-1e8"/>
      </symbol>
      <symbol id="sm-7df">
         <name>_can_rx_msg</name>
         <value>0xcdf6</value>
         <object_component_ref idref="oc-114"/>
      </symbol>
      <symbol id="sm-7e0">
         <name>_CANA_ISR</name>
         <value>0x33b8da</value>
         <object_component_ref idref="oc-115"/>
      </symbol>
      <symbol id="sm-7ff">
         <name>_cpu_timer2_isr</name>
         <value>0x33b441</value>
         <object_component_ref idref="oc-11d"/>
      </symbol>
      <symbol id="sm-801">
         <name>_HDL_CPU_Time_Init</name>
         <value>0x33abc5</value>
         <object_component_ref idref="oc-1d9"/>
      </symbol>
      <symbol id="sm-803">
         <name>_HDL_CPU_Time_SetCPUTickCallback</name>
         <value>0x33abb6</value>
         <object_component_ref idref="oc-1d9"/>
      </symbol>
      <symbol id="sm-805">
         <name>_cpu_timer1_isr</name>
         <value>0x33b481</value>
         <object_component_ref idref="oc-11d"/>
      </symbol>
      <symbol id="sm-807">
         <name>_HDL_CPU_Time_DelayUs</name>
         <value>0x33ac26</value>
         <object_component_ref idref="oc-1d9"/>
      </symbol>
      <symbol id="sm-809">
         <name>_HDL_CPU_Time_StartHardTimer</name>
         <value>0x33ab9e</value>
         <object_component_ref idref="oc-1d9"/>
      </symbol>
      <symbol id="sm-80b">
         <name>_cpu_timer0_isr</name>
         <value>0x33b495</value>
         <object_component_ref idref="oc-11d"/>
      </symbol>
      <symbol id="sm-80d">
         <name>_HDL_CPU_Time_GetUsTick</name>
         <value>0x33ac15</value>
         <object_component_ref idref="oc-1d9"/>
      </symbol>
      <symbol id="sm-80f">
         <name>_HDL_CPU_Time_StopHardTimer</name>
         <value>0x33ab64</value>
         <object_component_ref idref="oc-1d9"/>
      </symbol>
      <symbol id="sm-811">
         <name>_HDL_CPU_Time_ResetTick</name>
         <value>0x33abc0</value>
         <object_component_ref idref="oc-1d9"/>
      </symbol>
      <symbol id="sm-813">
         <name>_HDL_CPU_Time_GetTick</name>
         <value>0x33ac1c</value>
         <object_component_ref idref="oc-1d9"/>
      </symbol>
      <symbol id="sm-815">
         <name>_HDL_CPU_Time_ResetUsTick</name>
         <value>0x33abba</value>
         <object_component_ref idref="oc-1d9"/>
      </symbol>
      <symbol id="sm-817">
         <name>_HDL_CPU_Time_DelayMs</name>
         <value>0x33ac38</value>
         <object_component_ref idref="oc-1d9"/>
      </symbol>
      <symbol id="sm-839">
         <name>_HDL_IWDG_Feed</name>
         <value>0x33bb47</value>
         <object_component_ref idref="oc-1da"/>
      </symbol>
      <symbol id="sm-83b">
         <name>_wakeint_isr</name>
         <value>0x33bd11</value>
         <object_component_ref idref="oc-12a"/>
      </symbol>
      <symbol id="sm-83d">
         <name>_HDL_IWDG_Init</name>
         <value>0x33bb04</value>
         <object_component_ref idref="oc-1da"/>
      </symbol>
      <symbol id="sm-861">
         <name>_HDL_SPI_Init</name>
         <value>0x33a60d</value>
         <object_component_ref idref="oc-1e7"/>
      </symbol>
      <symbol id="sm-863">
         <name>_InitSpiaGpio</name>
         <value>0x33a523</value>
         <object_component_ref idref="oc-1e7"/>
      </symbol>
      <symbol id="sm-865">
         <name>_HDL_SPI_Write</name>
         <value>0x33a5a2</value>
         <object_component_ref idref="oc-1e7"/>
      </symbol>
      <symbol id="sm-867">
         <name>_InitSpiGpio</name>
         <value>0x33a523</value>
         <object_component_ref idref="oc-1e7"/>
      </symbol>
      <symbol id="sm-868">
         <name>_spi_init</name>
         <value>0x33a516</value>
         <object_component_ref idref="oc-1e7"/>
      </symbol>
      <symbol id="sm-86a">
         <name>_HDL_SPI_WriteRead</name>
         <value>0x33a54f</value>
         <object_component_ref idref="oc-1e7"/>
      </symbol>
      <symbol id="sm-86c">
         <name>_HDL_SPI_Read</name>
         <value>0x33a5d5</value>
         <object_component_ref idref="oc-1e7"/>
      </symbol>
      <symbol id="sm-86e">
         <name>_spi_xmit</name>
         <value>0x33a512</value>
         <object_component_ref idref="oc-1e7"/>
      </symbol>
      <symbol id="sm-8d4">
         <name>_Uart_Write</name>
         <value>0x33916e</value>
         <object_component_ref idref="oc-1b8"/>
      </symbol>
      <symbol id="sm-8d6">
         <name>_scibRxFifoIsr</name>
         <value>0x339da7</value>
         <object_component_ref idref="oc-135"/>
      </symbol>
      <symbol id="sm-8d8">
         <name>_InitScicGpio</name>
         <value>0x339210</value>
         <object_component_ref idref="oc-1b8"/>
      </symbol>
      <symbol id="sm-8da">
         <name>_Uart_RegisterReceiveCharCallback</name>
         <value>0x3391ea</value>
         <object_component_ref idref="oc-1b8"/>
      </symbol>
      <symbol id="sm-8dc">
         <name>_InitScibGpio</name>
         <value>0x33929f</value>
         <object_component_ref idref="oc-1b8"/>
      </symbol>
      <symbol id="sm-8de">
         <name>__gCOMList</name>
         <value>0xcd40</value>
         <object_component_ref idref="oc-1b6"/>
      </symbol>
      <symbol id="sm-8df">
         <name>_Uart_Read</name>
         <value>0x3391f8</value>
         <object_component_ref idref="oc-1b8"/>
      </symbol>
      <symbol id="sm-8e1">
         <name>_Uart_EmptyReadBuffer</name>
         <value>0x3393d2</value>
         <object_component_ref idref="oc-1b8"/>
      </symbol>
      <symbol id="sm-8e3">
         <name>_Uart_Init</name>
         <value>0x3392d5</value>
         <object_component_ref idref="oc-1b8"/>
      </symbol>
      <symbol id="sm-8e5">
         <name>_scicRxFifoIsr</name>
         <value>0x339cf8</value>
         <object_component_ref idref="oc-135"/>
      </symbol>
      <symbol id="sm-8e7">
         <name>_sciaRxFifoIsr</name>
         <value>0x339e52</value>
         <object_component_ref idref="oc-135"/>
      </symbol>
      <symbol id="sm-8e9">
         <name>_InitSciaGpio</name>
         <value>0x3392b9</value>
         <object_component_ref idref="oc-1b8"/>
      </symbol>
      <symbol id="sm-8eb">
         <name>_scibTxFifoIsr</name>
         <value>0x339d70</value>
         <object_component_ref idref="oc-135"/>
      </symbol>
      <symbol id="sm-8ed">
         <name>_Uart_UnregisterReceiveCharCallback</name>
         <value>0x3391be</value>
         <object_component_ref idref="oc-1b8"/>
      </symbol>
      <symbol id="sm-8ef">
         <name>_Uart_AvailableBytes</name>
         <value>0x3393fa</value>
         <object_component_ref idref="oc-1b8"/>
      </symbol>
      <symbol id="sm-8f1">
         <name>_Uart_RegisterReceiveReadyCharCallback</name>
         <value>0x3391dc</value>
         <object_component_ref idref="oc-1b8"/>
      </symbol>
      <symbol id="sm-8f3">
         <name>_scicTxFifoIsr</name>
         <value>0x339cc1</value>
         <object_component_ref idref="oc-135"/>
      </symbol>
      <symbol id="sm-8f5">
         <name>_sciaTxFifoIsr</name>
         <value>0x339e1b</value>
         <object_component_ref idref="oc-135"/>
      </symbol>
      <symbol id="sm-8f7">
         <name>_USART_Callback</name>
         <value>0x33912a</value>
         <object_component_ref idref="oc-1b8"/>
      </symbol>
      <symbol id="sm-8f9">
         <name>_Uart_SetWriteOverCallback</name>
         <value>0x3391cd</value>
         <object_component_ref idref="oc-1b8"/>
      </symbol>
      <symbol id="sm-90b">
         <name>FS$$DIV</name>
         <value>0x33b55a</value>
         <object_component_ref idref="oc-13a"/>
      </symbol>
      <symbol id="sm-917">
         <name>LL$$AND</name>
         <value>0x33be68</value>
         <object_component_ref idref="oc-13f"/>
      </symbol>
      <symbol id="sm-918">
         <name>LL$$OR</name>
         <value>0x33be70</value>
         <object_component_ref idref="oc-13f"/>
      </symbol>
      <symbol id="sm-919">
         <name>LL$$XOR</name>
         <value>0x33be78</value>
         <object_component_ref idref="oc-13f"/>
      </symbol>
      <symbol id="sm-925">
         <name>U$$MOD</name>
         <value>0x33bf01</value>
         <object_component_ref idref="oc-144"/>
      </symbol>
      <symbol id="sm-926">
         <name>U$$DIV</name>
         <value>0x33befc</value>
         <object_component_ref idref="oc-144"/>
      </symbol>
      <symbol id="sm-934">
         <name>ULL$$CMP</name>
         <value>0x33bdea</value>
         <object_component_ref idref="oc-149"/>
      </symbol>
      <symbol id="sm-935">
         <name>LL$$CMP</name>
         <value>0x33bdd8</value>
         <object_component_ref idref="oc-149"/>
      </symbol>
      <symbol id="sm-961">
         <name>ULL$$MOD</name>
         <value>0x33a918</value>
         <object_component_ref idref="oc-14e"/>
      </symbol>
      <symbol id="sm-962">
         <name>ULL$$DIV</name>
         <value>0x33a8e9</value>
         <object_component_ref idref="oc-14e"/>
      </symbol>
      <symbol id="sm-963">
         <name>LL$$MOD</name>
         <value>0x33a8af</value>
         <object_component_ref idref="oc-14e"/>
      </symbol>
      <symbol id="sm-964">
         <name>LL$$DIV</name>
         <value>0x33a873</value>
         <object_component_ref idref="oc-14e"/>
      </symbol>
      <symbol id="sm-97f">
         <name>_c_int00</name>
         <value>0x33b933</value>
         <object_component_ref idref="oc-153"/>
      </symbol>
      <symbol id="sm-980">
         <name>__stack</name>
         <value>0x400</value>
         <object_component_ref idref="oc-154"/>
      </symbol>
      <symbol id="sm-98f">
         <name>__args_main</name>
         <value>0x33beb9</value>
         <object_component_ref idref="oc-1bd"/>
      </symbol>
      <symbol id="sm-99d">
         <name>__system_post_cinit</name>
         <value>0x33bce9</value>
         <object_component_ref idref="oc-1bc"/>
      </symbol>
      <symbol id="sm-9b2">
         <name>C$$EXIT</name>
         <value>0x33bc98</value>
         <object_component_ref idref="oc-1be"/>
      </symbol>
      <symbol id="sm-9b3">
         <name>_exit</name>
         <value>0x33bc9a</value>
         <object_component_ref idref="oc-1be"/>
      </symbol>
      <symbol id="sm-9b5">
         <name>___TI_cleanup_ptr</name>
         <value>0xd0c8</value>
         <object_component_ref idref="oc-166"/>
      </symbol>
      <symbol id="sm-9b6">
         <name>___TI_enable_exit_profile_output</name>
         <value>0xd0c6</value>
         <object_component_ref idref="oc-166"/>
      </symbol>
      <symbol id="sm-9b7">
         <name>_abort</name>
         <value>0x33bc98</value>
         <object_component_ref idref="oc-1be"/>
      </symbol>
      <symbol id="sm-9b9">
         <name>___TI_dtors_ptr</name>
         <value>0xd0ca</value>
         <object_component_ref idref="oc-166"/>
      </symbol>
      <symbol id="sm-9c9">
         <name>FD$$CMP</name>
         <value>0x33bc44</value>
         <object_component_ref idref="oc-16b"/>
      </symbol>
      <symbol id="sm-9f8">
         <name>FD$$DIV</name>
         <value>0x33b4cf</value>
         <object_component_ref idref="oc-177"/>
      </symbol>
      <symbol id="sm-a0a">
         <name>FD$$MPY</name>
         <value>0x33b5e2</value>
         <object_component_ref idref="oc-17c"/>
      </symbol>
      <symbol id="sm-a17">
         <name>FD$$NEG</name>
         <value>0x33bf07</value>
         <object_component_ref idref="oc-181"/>
      </symbol>
      <symbol id="sm-a23">
         <name>FD$$SUB</name>
         <value>0x33beee</value>
         <object_component_ref idref="oc-186"/>
      </symbol>
      <symbol id="sm-a3e">
         <name>FD$$ADD</name>
         <value>0x33b280</value>
         <object_component_ref idref="oc-18b"/>
      </symbol>
      <symbol id="sm-a4d">
         <name>FD$$TOI</name>
         <value>0x33bd5a</value>
         <object_component_ref idref="oc-190"/>
      </symbol>
      <symbol id="sm-a5c">
         <name>FD$$TOL</name>
         <value>0x33bd9b</value>
         <object_component_ref idref="oc-195"/>
      </symbol>
      <symbol id="sm-a6c">
         <name>FS$$TOFD</name>
         <value>0x33be30</value>
         <object_component_ref idref="oc-19a"/>
      </symbol>
      <symbol id="sm-a7c">
         <name>I$$TOFD</name>
         <value>0x33bdf6</value>
         <object_component_ref idref="oc-19f"/>
      </symbol>
      <symbol id="sm-a8c">
         <name>L$$TOFD</name>
         <value>0x33be4c</value>
         <object_component_ref idref="oc-1a4"/>
      </symbol>
      <symbol id="sm-a98">
         <name>UL$$MOD</name>
         <value>0x33bc92</value>
         <object_component_ref idref="oc-1a9"/>
      </symbol>
      <symbol id="sm-a99">
         <name>L$$MOD</name>
         <value>0x33bc7d</value>
         <object_component_ref idref="oc-1a9"/>
      </symbol>
      <symbol id="sm-a9a">
         <name>L$$DIV</name>
         <value>0x33bc6e</value>
         <object_component_ref idref="oc-1a9"/>
      </symbol>
      <symbol id="sm-a9b">
         <name>UL$$DIV</name>
         <value>0x33bc8b</value>
         <object_component_ref idref="oc-1a9"/>
      </symbol>
   </symbol_table>
   <title>Link successful</title>
</link_info>
