******************************************************************************
             TMS320C2000 Linker PC v22.6.1                     
******************************************************************************
>> Linked Fri May 24 00:01:09 2024

OUTPUT FILE NAME:   <Example_2833xCpuTimer.out>
ENTRY POINT SYMBOL: "code_start"  address: 0033fff6


MEMORY CONFIGURATION

         name            origin    length      used     unused   attr    fill
----------------------  --------  ---------  --------  --------  ----  --------
PAGE 0:
  ZONE0                 00004000   00001000  00000000  00001000  RWIX
  RAML0                 00008000   00001000  000000e4  00000f1c  RWIX
  RAML1                 00009000   00001000  00000000  00001000  RWIX
  RAML2                 0000a000   00001000  00000000  00001000  RWIX
  RAML3                 0000b000   00001000  00000000  00001000  RWIX
  ZONE6                 00100000   00100000  00000000  00100000  RWIX
  ZONE7A                00200000   0000fc00  00000000  0000fc00  RWIX
  FLASHH                00300000   00008000  00000000  00008000  RWIX
  FLASHG                00308000   00008000  00000000  00008000  RWIX
  FLASHF                00310000   00008000  00000000  00008000  RWIX
  FLASHE                00318000   00008000  00000000  00008000  RWIX
  FLASHD                00320000   00008000  000000e4  00007f1c  RWIX
  FLASHC                00328000   00008000  00000000  00008000  RWIX
  FLASHA                00338000   00007f80  00003dd6  000041aa  RWIX
  CSM_RSVD              0033ff80   00000076  00000000  00000076  RWIX
  BEGIN                 0033fff6   00000002  00000002  00000000  RWIX
  CSM_PWL               0033fff8   00000008  00000000  00000008  RWIX
  ADC_CAL               00380080   00000009  00000007  00000002  RWIX
  OTP                   00380400   00000400  00000000  00000400  RWIX
  IQTABLES              003fe000   00000b50  00000000  00000b50  RWIX
  IQTABLES2             003feb50   0000008c  00000000  0000008c  RWIX
  FPUTABLES             003febdc   000006a0  00000000  000006a0  RWIX
  ROM                   003ff27c   00000d44  00000000  00000d44  RWIX
  RESET                 003fffc0   00000002  00000000  00000002  RWIX
  VECTORS               003fffc2   0000003e  00000000  0000003e  RWIX

PAGE 1:
  BOOT_RSVD             00000000   00000050  00000000  00000050  RWIX
  RAMM0                 00000050   000003b0  00000000  000003b0  RWIX
  RAMM1                 00000400   00000400  00000400  00000000  RWIX
  DEV_EMU               00000880   00000180  000000d0  000000b0  RWIX
  FLASH_REGS            00000a80   00000060  00000008  00000058  RWIX
  CSM                   00000ae0   00000010  00000010  00000000  RWIX
  ADC_MIRROR            00000b00   00000010  00000010  00000000  RWIX
  XINTF                 00000b20   00000020  0000001e  00000002  RWIX
  CPU_TIMER0            00000c00   00000008  00000008  00000000  RWIX
  CPU_TIMER1            00000c08   00000008  00000008  00000000  RWIX
  CPU_TIMER2            00000c10   00000008  00000008  00000000  RWIX
  PIE_CTRL              00000ce0   00000020  0000001a  00000006  RWIX
  PIE_VECT              00000d00   00000100  00000100  00000000  RWIX
  DMA                   00001000   00000200  000000e0  00000120  RWIX
  MCBSPA                00005000   00000040  00000025  0000001b  RWIX
  MCBSPB                00005040   00000040  00000025  0000001b  RWIX
  ECANA                 00006000   00000040  00000034  0000000c  RWIX
  ECANA_LAM             00006040   00000040  00000040  00000000  RWIX
  ECANA_MOTS            00006080   00000040  00000040  00000000  RWIX
  ECANA_MOTO            000060c0   00000040  00000040  00000000  RWIX
  ECANA_MBOX            00006100   00000100  00000100  00000000  RWIX
  ECANB                 00006200   00000040  00000034  0000000c  RWIX
  ECANB_LAM             00006240   00000040  00000040  00000000  RWIX
  ECANB_MOTS            00006280   00000040  00000040  00000000  RWIX
  ECANB_MOTO            000062c0   00000040  00000040  00000000  RWIX
  ECANB_MBOX            00006300   00000100  00000100  00000000  RWIX
  EPWM1                 00006800   00000022  00000022  00000000  RWIX
  EPWM2                 00006840   00000022  00000022  00000000  RWIX
  EPWM3                 00006880   00000022  00000022  00000000  RWIX
  EPWM4                 000068c0   00000022  00000022  00000000  RWIX
  EPWM5                 00006900   00000022  00000022  00000000  RWIX
  EPWM6                 00006940   00000022  00000022  00000000  RWIX
  ECAP1                 00006a00   00000020  00000020  00000000  RWIX
  ECAP2                 00006a20   00000020  00000020  00000000  RWIX
  ECAP3                 00006a40   00000020  00000020  00000000  RWIX
  ECAP4                 00006a60   00000020  00000020  00000000  RWIX
  ECAP5                 00006a80   00000020  00000020  00000000  RWIX
  ECAP6                 00006aa0   00000020  00000020  00000000  RWIX
  EQEP1                 00006b00   00000040  00000040  00000000  RWIX
  EQEP2                 00006b40   00000040  00000040  00000000  RWIX
  GPIOCTRL              00006f80   00000040  0000002e  00000012  RWIX
  GPIODAT               00006fc0   00000020  00000020  00000000  RWIX
  GPIOINT               00006fe0   00000020  0000000a  00000016  RWIX
  SYSTEM                00007010   00000020  00000020  00000000  RWIX
  SPIA                  00007040   00000010  00000010  00000000  RWIX
  SCIA                  00007050   00000010  00000010  00000000  RWIX
  XINTRUPT              00007070   00000010  00000010  00000000  RWIX
  ADC                   00007100   00000020  0000001e  00000002  RWIX
  SCIB                  00007750   00000010  00000010  00000000  RWIX
  SCIC                  00007770   00000010  00000010  00000000  RWIX
  I2CA                  00007900   00000040  00000022  0000001e  RWIX
  RAML4                 0000c000   00001000  00000e9b  00000165  RWIX
  RAML5                 0000d000   00001000  00000000  00001000  RWIX
  RAML6                 0000e000   00001000  00000000  00001000  RWIX
  RAML7                 0000f000   00001000  00000000  00001000  RWIX
  ZONE7B                0020fc00   00000400  00000000  00000400  RWIX
  FLASHB                00330000   00008000  00000000  00008000  RWIX
  CSM_PWL               0033fff8   00000008  00000008  00000000  RWIX
  PARTID                00380090   00000001  00000001  00000000  RWIX


SECTION ALLOCATION MAP

 output                                  attributes/
section   page    origin      length       input sections
--------  ----  ----------  ----------   ----------------
.TI.ramfunc 
*          0    00320000    000000e4     RUN ADDR = 00008000
                  00320000    000000c3     BFL_Measure.obj (.TI.ramfunc:retain)
                  003200c3    0000001d     DSP2833x_SysCtrl.obj (.TI.ramfunc)
                  003200e0    00000004     DSP2833x_usDelay.obj (.TI.ramfunc)

.cinit     0    0033bc6c    0000016b     
                  0033bc6c    00000096     HDL_Uart.obj (.cinit:__gCOMList)
                  0033bd02    0000002b     APP_Main.obj (.cinit)
                  0033bd2d    0000002b     <whole-program> (.cinit:_xFuncHandlers$29)
                  0033bd58    0000001f     <whole-program> (.cinit)
                  0033bd77    0000000e     rts2800_fpu32.lib : exit.c.obj (.cinit)
                  0033bd85    0000000d     HDL_CPU_Time.obj (.cinit)
                  0033bd92    00000005     <whole-program> (.cinit:__lock)
                  0033bd97    00000005     <whole-program> (.cinit:__unlock)
                  0033bd9c    00000005     period_query.obj (.cinit:_period_last_exe_tick_table)
                  0033bda1    00000004     BFL_Buzz.obj (.cinit)
                  0033bda5    00000004     BFL_Measure.obj (.cinit)
                  0033bda9    00000004     <whole-program> (.cinit:_g_pageBuf$16)
                  0033bdad    00000004     HDL_Uart.obj (.cinit:_m_Com1RxBuf)
                  0033bdb1    00000004     HDL_Uart.obj (.cinit:_m_Com1TxBuf)
                  0033bdb5    00000004     HDL_Uart.obj (.cinit:_m_Com2RxBuf)
                  0033bdb9    00000004     HDL_Uart.obj (.cinit:_m_Com2TxBuf)
                  0033bdbd    00000004     HDL_Uart.obj (.cinit:_m_Com3RxBuf)
                  0033bdc1    00000004     HDL_Uart.obj (.cinit:_m_Com3TxBuf)
                  0033bdc5    00000004     <whole-program> (.cinit:_ucRegCoilsBuf)
                  0033bdc9    00000004     <whole-program> (.cinit:_ucRegDiscreteBuf)
                  0033bdcd    00000004     <whole-program> (.cinit:_usRegHoldingBuf)
                  0033bdd1    00000004     <whole-program> (.cinit:_usRegInputBuf)
                  0033bdd5    00000002     --HOLE-- [fill = 0]

DevEmuRegsFile 
*          1    00000880    000000d0     UNINITIALIZED
                  00000880    000000d0     DSP2833x_GlobalVariableDefs.obj (DevEmuRegsFile)

FlashRegsFile 
*          1    00000a80    00000008     UNINITIALIZED
                  00000a80    00000008     DSP2833x_GlobalVariableDefs.obj (FlashRegsFile)

CsmRegsFile 
*          1    00000ae0    00000010     UNINITIALIZED
                  00000ae0    00000010     DSP2833x_GlobalVariableDefs.obj (CsmRegsFile)

AdcMirrorFile 
*          1    00000b00    00000010     UNINITIALIZED
                  00000b00    00000010     DSP2833x_GlobalVariableDefs.obj (AdcMirrorFile)

XintfRegsFile 
*          1    00000b20    0000001e     UNINITIALIZED
                  00000b20    0000001e     DSP2833x_GlobalVariableDefs.obj (XintfRegsFile)

CpuTimer0RegsFile 
*          1    00000c00    00000008     UNINITIALIZED
                  00000c00    00000008     DSP2833x_GlobalVariableDefs.obj (CpuTimer0RegsFile)

CpuTimer1RegsFile 
*          1    00000c08    00000008     UNINITIALIZED
                  00000c08    00000008     DSP2833x_GlobalVariableDefs.obj (CpuTimer1RegsFile)

CpuTimer2RegsFile 
*          1    00000c10    00000008     UNINITIALIZED
                  00000c10    00000008     DSP2833x_GlobalVariableDefs.obj (CpuTimer2RegsFile)

PieCtrlRegsFile 
*          1    00000ce0    0000001a     UNINITIALIZED
                  00000ce0    0000001a     DSP2833x_GlobalVariableDefs.obj (PieCtrlRegsFile)

PieVectTableFile 
*          1    00000d00    00000100     UNINITIALIZED
                  00000d00    00000100     DSP2833x_GlobalVariableDefs.obj (PieVectTableFile)

DmaRegsFile 
*          1    00001000    000000e0     UNINITIALIZED
                  00001000    000000e0     DSP2833x_GlobalVariableDefs.obj (DmaRegsFile)

McbspaRegsFile 
*          1    00005000    00000025     UNINITIALIZED
                  00005000    00000025     DSP2833x_GlobalVariableDefs.obj (McbspaRegsFile)

McbspbRegsFile 
*          1    00005040    00000025     UNINITIALIZED
                  00005040    00000025     DSP2833x_GlobalVariableDefs.obj (McbspbRegsFile)

ECanaRegsFile 
*          1    00006000    00000034     UNINITIALIZED
                  00006000    00000034     DSP2833x_GlobalVariableDefs.obj (ECanaRegsFile)

ECanaLAMRegsFile 
*          1    00006040    00000040     UNINITIALIZED
                  00006040    00000040     DSP2833x_GlobalVariableDefs.obj (ECanaLAMRegsFile)

ECanaMOTSRegsFile 
*          1    00006080    00000040     UNINITIALIZED
                  00006080    00000040     DSP2833x_GlobalVariableDefs.obj (ECanaMOTSRegsFile)

ECanaMOTORegsFile 
*          1    000060c0    00000040     UNINITIALIZED
                  000060c0    00000040     DSP2833x_GlobalVariableDefs.obj (ECanaMOTORegsFile)

ECanaMboxesFile 
*          1    00006100    00000100     UNINITIALIZED
                  00006100    00000100     DSP2833x_GlobalVariableDefs.obj (ECanaMboxesFile)

ECanbRegsFile 
*          1    00006200    00000034     UNINITIALIZED
                  00006200    00000034     DSP2833x_GlobalVariableDefs.obj (ECanbRegsFile)

ECanbLAMRegsFile 
*          1    00006240    00000040     UNINITIALIZED
                  00006240    00000040     DSP2833x_GlobalVariableDefs.obj (ECanbLAMRegsFile)

ECanbMOTSRegsFile 
*          1    00006280    00000040     UNINITIALIZED
                  00006280    00000040     DSP2833x_GlobalVariableDefs.obj (ECanbMOTSRegsFile)

ECanbMOTORegsFile 
*          1    000062c0    00000040     UNINITIALIZED
                  000062c0    00000040     DSP2833x_GlobalVariableDefs.obj (ECanbMOTORegsFile)

ECanbMboxesFile 
*          1    00006300    00000100     UNINITIALIZED
                  00006300    00000100     DSP2833x_GlobalVariableDefs.obj (ECanbMboxesFile)

EPwm1RegsFile 
*          1    00006800    00000022     UNINITIALIZED
                  00006800    00000022     DSP2833x_GlobalVariableDefs.obj (EPwm1RegsFile)

EPwm2RegsFile 
*          1    00006840    00000022     UNINITIALIZED
                  00006840    00000022     DSP2833x_GlobalVariableDefs.obj (EPwm2RegsFile)

EPwm3RegsFile 
*          1    00006880    00000022     UNINITIALIZED
                  00006880    00000022     DSP2833x_GlobalVariableDefs.obj (EPwm3RegsFile)

EPwm4RegsFile 
*          1    000068c0    00000022     UNINITIALIZED
                  000068c0    00000022     DSP2833x_GlobalVariableDefs.obj (EPwm4RegsFile)

EPwm5RegsFile 
*          1    00006900    00000022     UNINITIALIZED
                  00006900    00000022     DSP2833x_GlobalVariableDefs.obj (EPwm5RegsFile)

EPwm6RegsFile 
*          1    00006940    00000022     UNINITIALIZED
                  00006940    00000022     DSP2833x_GlobalVariableDefs.obj (EPwm6RegsFile)

ECap1RegsFile 
*          1    00006a00    00000020     UNINITIALIZED
                  00006a00    00000020     DSP2833x_GlobalVariableDefs.obj (ECap1RegsFile)

ECap2RegsFile 
*          1    00006a20    00000020     UNINITIALIZED
                  00006a20    00000020     DSP2833x_GlobalVariableDefs.obj (ECap2RegsFile)

ECap3RegsFile 
*          1    00006a40    00000020     UNINITIALIZED
                  00006a40    00000020     DSP2833x_GlobalVariableDefs.obj (ECap3RegsFile)

ECap4RegsFile 
*          1    00006a60    00000020     UNINITIALIZED
                  00006a60    00000020     DSP2833x_GlobalVariableDefs.obj (ECap4RegsFile)

ECap5RegsFile 
*          1    00006a80    00000020     UNINITIALIZED
                  00006a80    00000020     DSP2833x_GlobalVariableDefs.obj (ECap5RegsFile)

ECap6RegsFile 
*          1    00006aa0    00000020     UNINITIALIZED
                  00006aa0    00000020     DSP2833x_GlobalVariableDefs.obj (ECap6RegsFile)

EQep1RegsFile 
*          1    00006b00    00000040     UNINITIALIZED
                  00006b00    00000040     DSP2833x_GlobalVariableDefs.obj (EQep1RegsFile)

EQep2RegsFile 
*          1    00006b40    00000040     UNINITIALIZED
                  00006b40    00000040     DSP2833x_GlobalVariableDefs.obj (EQep2RegsFile)

GpioCtrlRegsFile 
*          1    00006f80    0000002e     UNINITIALIZED
                  00006f80    0000002e     DSP2833x_GlobalVariableDefs.obj (GpioCtrlRegsFile)

GpioDataRegsFile 
*          1    00006fc0    00000020     UNINITIALIZED
                  00006fc0    00000020     DSP2833x_GlobalVariableDefs.obj (GpioDataRegsFile)

GpioIntRegsFile 
*          1    00006fe0    0000000a     UNINITIALIZED
                  00006fe0    0000000a     DSP2833x_GlobalVariableDefs.obj (GpioIntRegsFile)

SysCtrlRegsFile 
*          1    00007010    00000020     UNINITIALIZED
                  00007010    00000020     DSP2833x_GlobalVariableDefs.obj (SysCtrlRegsFile)

SpiaRegsFile 
*          1    00007040    00000010     UNINITIALIZED
                  00007040    00000010     DSP2833x_GlobalVariableDefs.obj (SpiaRegsFile)

SciaRegsFile 
*          1    00007050    00000010     UNINITIALIZED
                  00007050    00000010     DSP2833x_GlobalVariableDefs.obj (SciaRegsFile)

XIntruptRegsFile 
*          1    00007070    00000010     UNINITIALIZED
                  00007070    00000010     DSP2833x_GlobalVariableDefs.obj (XIntruptRegsFile)

AdcRegsFile 
*          1    00007100    0000001e     UNINITIALIZED
                  00007100    0000001e     DSP2833x_GlobalVariableDefs.obj (AdcRegsFile)

ScibRegsFile 
*          1    00007750    00000010     UNINITIALIZED
                  00007750    00000010     DSP2833x_GlobalVariableDefs.obj (ScibRegsFile)

ScicRegsFile 
*          1    00007770    00000010     UNINITIALIZED
                  00007770    00000010     DSP2833x_GlobalVariableDefs.obj (ScicRegsFile)

I2caRegsFile 
*          1    00007900    00000022     UNINITIALIZED
                  00007900    00000022     DSP2833x_GlobalVariableDefs.obj (I2caRegsFile)

CsmPwlFile 
*          1    0033fff8    00000008     UNINITIALIZED
                  0033fff8    00000008     DSP2833x_GlobalVariableDefs.obj (CsmPwlFile)

PartIdRegsFile 
*          1    00380090    00000001     UNINITIALIZED
                  00380090    00000001     DSP2833x_GlobalVariableDefs.obj (PartIdRegsFile)

.pinit     0    00338000    00000000     UNINITIALIZED

.text      0    00338000    000036a3     
                  00338000    000005da     B1_ModbusRTUSlaver.obj (.text)
                  003385da    00000377     DSP2833x_DMA.obj (.text)
                  00338951    00000316     DSP2833x_DefaultIsr.obj (.text:retain)
                  00338c67    000002d8     HDL_Uart.obj (.text)
                  00338f3f    000002d3     APP_Main.obj (.text)
                  00339212    00000281     BFL_SCR.obj (.text)
                  00339493    0000021a     BFL_VCB.obj (.text)
                  003396ad    00000215     B3_FaultDetect.obj (.text)
                  003398c2    00000201     HDL_Uart.obj (.text:retain)
                  00339ac3    000001b4     CHIP_W25Q128.obj (.text)
                  00339c77    0000012e     mbrtu.obj (.text)
                  00339da5    00000124     HDL_SPI.obj (.text)
                  00339ec9    00000001     rts2800_fpu32.lib : _lock.c.obj (.text)
                  00339eca    00000117     BFL_Measure.obj (.text)
                  00339fe1    00000107     rts2800_fpu32.lib : ll_div28.asm.obj (.text)
                  0033a0e8    000000ff     B3_SysAutoMode.obj (.text)
                  0033a1e7    000000fc     DSP2833x_SysCtrl.obj (.text)
                  0033a2e3    000000f5     B1_Measure.obj (.text)
                  0033a3d8    000000ee     DSP2833x_EPwm.obj (.text)
                  0033a4c6    000000e9     HDL_CPU_Time.obj (.text)
                  0033a5af    000000d0     B2_CmdCutOffCapacitors.obj (.text)
                  0033a67f    000000c6     cqueue.obj (.text)
                  0033a745    000000bf     B1_CapacitanceTemperatureMeasure.obj (.text)
                  0033a804    000000be     mbfuncholding.obj (.text)
                  0033a8c2    000000a4     mbcb.obj (.text)
                  0033a966    0000009f     BFL_RS485.obj (.text)
                  0033aa05    0000009c     rts2800_fpu32.lib : fd_add28.asm.obj (.text)
                  0033aaa1    00000094     mbfunccoils.obj (.text)
                  0033ab35    0000008e     HDL_CPU_Time.obj (.text:retain)
                  0033abc3    0000008b     rts2800_fpu32.lib : fd_div28.asm.obj (.text)
                  0033ac4e    00000088                       : fs_div28.asm.obj (.text)
                  0033acd6    00000083     B2_CmdBypassCapacitors.obj (.text)
                  0033ad59    00000083     rts2800_fpu32.lib : fd_mpy28.asm.obj (.text)
                  0033addc    00000081     BFL_SCR.obj (.text:retain)
                  0033ae5d    00000072     rts2800_fpu32.lib : ti_fmax.c.obj (.text)
                  0033aecf    0000006f     B2_CmdMakeCapacitorsWork.obj (.text)
                  0033af3e    00000064     B1_VCBStatusGet.obj (.text)
                  0033afa2    0000005a     mb.obj (.text)
                  0033affc    00000059     BFL_Buzz.obj (.text)
                  0033b055    00000059     HDL_CAN.obj (.text:retain)
                  0033b0ae    00000057     average_filter.obj (.text)
                  0033b105    00000056     rts2800_fpu32.lib : boot28.asm.obj (.text)
                  0033b15b    00000053     mbfuncdisc.obj (.text)
                  0033b1ae    0000004b     BFL_Button.obj (.text)
                  0033b1f9    00000049     BFL_DebugPin.obj (.text)
                  0033b242    00000048     period_query.obj (.text)
                  0033b28a    0000003d     mbfuncinput.obj (.text)
                  0033b2c7    00000038     B1_SysModeGet.obj (.text)
                  0033b2ff    00000035     DSP2833x_CpuTimers.obj (.text)
                  0033b334    00000034     portserial.obj (.text)
                  0033b368    0000002a     mbutils.obj (.text)
                  0033b392    0000002a     rts2800_fpu32.lib : fd_cmp28.asm.obj (.text)
                  0033b3bc    0000002a                       : l_div28.asm.obj (.text)
                  0033b3e6    00000029     mbcrc.obj (.text)
                  0033b40f    00000029     rts2800_fpu32.lib : exit.c.obj (.text)
                  0033b438    00000028     DSP2833x_PieCtrl.obj (.text)
                  0033b460    00000027     rts2800_fpu32.lib : e_sqrtf.c.obj (.text)
                  0033b487    00000024                       : cpy_tbl.c.obj (.text)
                  0033b4ab    00000021                       : fd_toi28.asm.obj (.text)
                  0033b4cc    00000020     main.obj (.text)
                  0033b4ec    0000001f     rts2800_fpu32.lib : fd_tol28.asm.obj (.text)
                  0033b50b    0000001e                       : ll_cmp28.asm.obj (.text)
                  0033b529    0000001d                       : i_tofd28.asm.obj (.text)
                  0033b546    0000001d                       : memcpy.c.obj (.text)
                  0033b563    0000001c     async_delay.obj (.text)
                  0033b57f    0000001c     rts2800_fpu32.lib : fs_tofdfpu32.asm.obj (.text)
                  0033b59b    0000001c                       : l_tofd28.asm.obj (.text)
                  0033b5b7    00000019                       : prolog28.asm.obj (.text)
                  0033b5d0    00000018                       : ll_aox28.asm.obj (.text)
                  0033b5e8    00000014     DSP2833x_Adc.obj (.text)
                  0033b5fc    00000013     crc.obj (.text)
                  0033b60f    00000012     mbfuncother.obj (.text)
                  0033b621    00000012     rts2800_fpu32.lib : args_main.c.obj (.text)
                  0033b633    00000011     DSP2833x_PieVect.obj (.text)
                  0033b644    00000011     state_duration_timer.obj (.text)
                  0033b655    0000000e     rts2800_fpu32.lib : fd_sub28.asm.obj (.text)
                  0033b663    0000000c                       : epilog28.asm.obj (.text)
                  0033b66f    0000000b                       : u_div28.asm.obj (.text)
                  0033b67a    00000009     B3_SysManualMode.obj (.text)
                  0033b683    00000009     rts2800_fpu32.lib : fd_neg28.asm.obj (.text)
                  0033b68c    00000008     DSP2833x_CodeStartBranch.obj (.text)
                  0033b694    00000007     rts2800_fpu32.lib : memset.c.obj (.text)
                  0033b69b    00000005     porttimer.obj (.text)
                  0033b6a0    00000002     rts2800_fpu32.lib : pre_init.c.obj (.text)
                  0033b6a2    00000001                       : startup.c.obj (.text)

codestart 
*          0    0033fff6    00000002     
                  0033fff6    00000002     DSP2833x_CodeStartBranch.obj (codestart)

.stack     1    00000400    00000400     UNINITIALIZED
                  00000400    00000400     --HOLE--

.ebss      1    0000c000    00000adb     UNINITIALIZED
                  0000c000    00000340     APP_Main.obj (.ebss)
                  0000c340    00000100     CHIP_W25Q128.obj (.ebss:_g_pageBuf$16)
                  0000c440    00000100     HDL_Uart.obj (.ebss:_m_Com2TxBuf)
                  0000c540    00000100     mbrtu.obj (.ebss:_ucRTUBuf)
                  0000c640    000000a0     BFL_Measure.obj (.ebss:_AdcVoltRMSFilterBuf)
                  0000c6e0    00000020     HDL_Uart.obj (.ebss:_m_Com1TxBuf)
                  0000c700    00000096     HDL_Uart.obj (.ebss:__gCOMList)
                  0000c796    00000020     HDL_Uart.obj (.ebss:_m_Com3TxBuf)
                  0000c7b6    0000000a     HDL_CAN.obj (.ebss)
                  0000c7c0    00000080     BFL_Measure.obj (.ebss:_AdcVoltRMSFilter)
                  0000c840    00000050     HDL_Uart.obj (.ebss:_m_Com1RxBuf)
                  0000c890    00000020     mbfuncother.obj (.ebss:_ucMBSlaveID$27)
                  0000c8b0    00000010     BFL_Measure.obj (.ebss:_AdcAvg)
                  0000c8c0    00000050     HDL_Uart.obj (.ebss:_m_Com2RxBuf)
                  0000c910    0000001c     mb.obj (.ebss)
                  0000c92c    00000012     BFL_SCR.obj (.ebss)
                  0000c93e    00000002     B1_CapacitanceTemperatureMeasure.obj (.ebss)
                  0000c940    00000050     HDL_Uart.obj (.ebss:_m_Com3RxBuf)
                  0000c990    00000018     DSP2833x_CpuTimers.obj (.ebss)
                  0000c9a8    00000016     period_query.obj (.ebss:_period_last_exe_tick_table)
                  0000c9be    00000002     rts2800_fpu32.lib : _lock.c.obj (.ebss:__lock)
                  0000c9c0    00000040     mb.obj (.ebss:_xFuncHandlers$29)
                  0000ca00    0000003c     mbcb.obj (.ebss:_usRegHoldingBuf)
                  0000ca3c    00000004     B1_ModbusRTUSlaver.obj (.ebss)
                  0000ca40    0000003c     mbcb.obj (.ebss:_usRegInputBuf)
                  0000ca7c    00000002     rts2800_fpu32.lib : _lock.c.obj (.ebss:__unlock)
                  0000ca7e    00000002     mbcb.obj (.ebss:_ucRegCoilsBuf)
                  0000ca80    00000010     BFL_Measure.obj (.ebss:_AdcRMS)
                  0000ca90    00000010     BFL_Measure.obj (.ebss:_AdcVoltAvg)
                  0000caa0    00000010     BFL_Measure.obj (.ebss:_AdcVoltRMS)
                  0000cab0    0000000a     BFL_VCB.obj (.ebss:_g_vcb_list)
                  0000caba    00000006     BFL_Measure.obj (.ebss)
                  0000cac0    00000006     HDL_CPU_Time.obj (.ebss)
                  0000cac6    00000006     mbrtu.obj (.ebss)
                  0000cacc    00000006     rts2800_fpu32.lib : exit.c.obj (.ebss)
                  0000cad2    00000002     mbcb.obj (.ebss:_ucRegDiscreteBuf)
                  0000cad4    00000002     portevent.obj (.ebss)
                  0000cad6    00000001     BFL_Buzz.obj (.ebss)
                  0000cad7    00000001     mbcb.obj (.ebss)
                  0000cad8    00000001     mbfuncother.obj (.ebss)
                  0000cad9    00000001     porttimer.obj (.ebss)
                  0000cada    00000001     rts2800_fpu32.lib : errno.c.obj (.ebss)

.econst    0    0033b6a4    000005c8     
                  0033b6a4    00000100     mbcrc.obj (.econst:.string:_aucCRCHi$34)
                  0033b7a4    00000100     mbcrc.obj (.econst:.string:_aucCRCLo$34)
                  0033b8a4    00000100     DSP2833x_PieVect.obj (.econst:_PieVectTableInit)
                  0033b9a4    00000100     crc.obj (.econst:_s_CRCHi)
                  0033baa4    00000100     crc.obj (.econst:_s_CRCLo)
                  0033bba4    0000005b     BFL_VCB.obj (.econst:.string)
                  0033bbff    00000001     CHIP_W25Q128.obj (.econst:_$P$T2$3$16)
                  0033bc00    00000026     rts2800_fpu32.lib : _printfi.c.obj (.econst:.string)
                  0033bc26    0000001c                       : _printfi.c.obj (.econst)
                  0033bc42    00000010     <whole-program> (.econst)
                  0033bc52    00000008     B1_CapacitanceTemperatureMeasure.obj (.econst:_request_cmd$2)
                  0033bc5a    00000006     CHIP_W25Q128.obj (.econst:_$P$T5$6$16)
                  0033bc60    00000004     CHIP_W25Q128.obj (.econst:_$P$T4$5$16)
                  0033bc64    00000004     CHIP_W25Q128.obj (.econst:_$P$T6$7$16)
                  0033bc68    00000002     CHIP_W25Q128.obj (.econst:_$P$T0$1$16)
                  0033bc6a    00000002     mbcb.obj (.econst)

DMARAML4   1    0000cb00    000003c0     UNINITIALIZED
                  0000cb00    000003c0     BFL_Measure.obj (DMARAML4)

.reset     0    003fffc0    00000002     DSECT
                  003fffc0    00000002     rts2800_fpu32.lib : boot28.asm.obj (.reset)

vectors    0    003fffc2    00000000     DSECT

.adc_cal   0    00380080    00000007     NOLOAD SECTION
                  00380080    00000007     DSP2833x_ADC_cal.obj (.adc_cal)

MODULE SUMMARY

       Module                                   code    initialized data   uninitialized data
       ------                                   ----    ----------------   ------------------
    .\
       DSP2833x_GlobalVariableDefs.obj          0       0                  2679              
       DSP2833x_DMA.obj                         887     0                  0                 
       DSP2833x_DefaultIsr.obj                  790     0                  0                 
       DSP2833x_SysCtrl.obj                     310     0                  0                 
       DSP2833x_PieVect.obj                     17      256                0                 
       DSP2833x_EPwm.obj                        238     0                  0                 
       DSP2833x_CpuTimers.obj                   53      0                  24                
       DSP2833x_PieCtrl.obj                     40      0                  0                 
       DSP2833x_Adc.obj                         20      0                  0                 
       DSP2833x_CodeStartBranch.obj             10      0                  0                 
       DSP2833x_usDelay.obj                     8       0                  0                 
       DSP2833x_ADC_cal.obj                     7       0                  0                 
    +--+----------------------------------------+-------+------------------+--------------------+
       Total:                                   2380    256                2703              
                                                                                             
    .\APP\
       APP_Main.obj                             723     43                 832               
       B1_ModbusRTUSlaver.obj                   1498    0                  4                 
       B3_FaultDetect.obj                       533     0                  0                 
       B3_SysAutoMode.obj                       255     0                  0                 
       B1_Measure.obj                           245     0                  0                 
       B2_CmdCutOffCapacitors.obj               208     0                  0                 
       B1_CapacitanceTemperatureMeasure.obj     191     8                  2                 
       B2_CmdBypassCapacitors.obj               131     0                  0                 
       B2_CmdMakeCapacitorsWork.obj             111     0                  0                 
       B1_VCBStatusGet.obj                      100     0                  0                 
       B1_SysModeGet.obj                        56      0                  0                 
       B3_SysManualMode.obj                     9       0                  0                 
    +--+----------------------------------------+-------+------------------+--------------------+
       Total:                                   4060    51                 838               
                                                                                             
    .\Application\
       main.obj                                 32      0                  0                 
    +--+----------------------------------------+-------+------------------+--------------------+
       Total:                                   32      0                  0                 
                                                                                             
    .\BFL\
       BFL_Measure.obj                          669     4                  1318              
       BFL_SCR.obj                              770     0                  18                
       BFL_VCB.obj                              538     91                 10                
       BFL_RS485.obj                            159     0                  0                 
       period_query.obj                         72      5                  22                
       BFL_Buzz.obj                             89      4                  1                 
       BFL_Button.obj                           75      0                  0                 
       BFL_DebugPin.obj                         73      0                  0                 
       async_delay.obj                          28      0                  0                 
       state_duration_timer.obj                 17      0                  0                 
    +--+----------------------------------------+-------+------------------+--------------------+
       Total:                                   2490    104                1369              
                                                                                             
    .\CHIP\
       CHIP_W25Q128.obj                         436     17                 256               
    +--+----------------------------------------+-------+------------------+--------------------+
       Total:                                   436     17                 256               
                                                                                             
    .\HDL\
       HDL_Uart.obj                             1241    174                710               
       HDL_CPU_Time.obj                         375     13                 6                 
       HDL_SPI.obj                              292     0                  0                 
       HDL_CAN.obj                              89      0                  10                
    +--+----------------------------------------+-------+------------------+--------------------+
       Total:                                   1997    187                726               
                                                                                             
    .\LIB\
       crc.obj                                  19      512                0                 
       cqueue.obj                               198     0                  0                 
       average_filter.obj                       87      0                  0                 
    +--+----------------------------------------+-------+------------------+--------------------+
       Total:                                   304     512                0                 
                                                                                             
    .\freemodbus\
       mb.obj                                   90      0                  92                
    +--+----------------------------------------+-------+------------------+--------------------+
       Total:                                   90      0                  92                
                                                                                             
    .\freemodbus\functions\
       mbfuncholding.obj                        190     0                  0                 
       mbfunccoils.obj                          148     0                  0                 
       mbfuncdisc.obj                           83      0                  0                 
       mbfuncinput.obj                          61      0                  0                 
       mbfuncother.obj                          18      0                  33                
       mbutils.obj                              42      0                  0                 
    +--+----------------------------------------+-------+------------------+--------------------+
       Total:                                   542     0                  33                
                                                                                             
    .\freemodbus\port\
       mbcb.obj                                 164     2                  125               
       portserial.obj                           52      0                  0                 
       porttimer.obj                            5       0                  1                 
       portevent.obj                            0       0                  2                 
    +--+----------------------------------------+-------+------------------+--------------------+
       Total:                                   221     2                  128               
                                                                                             
    .\freemodbus\rtu\
       mbrtu.obj                                302     0                  262               
       mbcrc.obj                                41      512                0                 
    +--+----------------------------------------+-------+------------------+--------------------+
       Total:                                   343     512                262               
                                                                                             
    C:\Users\liuyu\AppData\Local\Temp\
       {D6377F93-B6F4-42CC-BF0E-CB3FE12BFB07}   0       120                0                 
    +--+----------------------------------------+-------+------------------+--------------------+
       Total:                                   0       120                0                 
                                                                                             
    C:/ti/ccstheia131/ccs/tools/compiler/ti-cgt-c2000_22.6.1A23259/lib/rts2800_fpu32.lib
       ll_div28.asm.obj                         263     0                  0                 
       fd_add28.asm.obj                         156     0                  0                 
       fd_div28.asm.obj                         139     0                  0                 
       fs_div28.asm.obj                         136     0                  0                 
       fd_mpy28.asm.obj                         131     0                  0                 
       ti_fmax.c.obj                            114     0                  0                 
       boot28.asm.obj                           86      0                  0                 
       _printfi.c.obj                           0       66                 0                 
       exit.c.obj                               41      14                 6                 
       fd_cmp28.asm.obj                         42      0                  0                 
       l_div28.asm.obj                          42      0                  0                 
       e_sqrtf.c.obj                            39      0                  0                 
       cpy_tbl.c.obj                            36      0                  0                 
       fd_toi28.asm.obj                         33      0                  0                 
       fd_tol28.asm.obj                         31      0                  0                 
       ll_cmp28.asm.obj                         30      0                  0                 
       i_tofd28.asm.obj                         29      0                  0                 
       memcpy.c.obj                             29      0                  0                 
       fs_tofdfpu32.asm.obj                     28      0                  0                 
       l_tofd28.asm.obj                         28      0                  0                 
       prolog28.asm.obj                         25      0                  0                 
       ll_aox28.asm.obj                         24      0                  0                 
       args_main.c.obj                          18      0                  0                 
       fd_sub28.asm.obj                         14      0                  0                 
       epilog28.asm.obj                         12      0                  0                 
       u_div28.asm.obj                          11      0                  0                 
       fd_neg28.asm.obj                         9       0                  0                 
       memset.c.obj                             7       0                  0                 
       _lock.c.obj                              1       0                  4                 
       pre_init.c.obj                           2       0                  0                 
       errno.c.obj                              0       0                  1                 
       startup.c.obj                            1       0                  0                 
    +--+----------------------------------------+-------+------------------+--------------------+
       Total:                                   1557    80                 11                
                                                                                             
       Stack:                                   0       0                  1024              
    +--+----------------------------------------+-------+------------------+--------------------+
       Grand Total:                             14452   1841               7442              


GLOBAL DATA SYMBOLS: SORTED BY DATA PAGE

address     data page           name
--------    ----------------    ----
00000400      10 (00000400)     __stack

00000880      22 (00000880)     _DevEmuRegs

00000a80      2a (00000a80)     _FlashRegs

00000ae0      2b (00000ac0)     _CsmRegs

00000b00      2c (00000b00)     _AdcMirror
00000b20      2c (00000b00)     _XintfRegs

00000c00      30 (00000c00)     _CpuTimer0Regs
00000c08      30 (00000c00)     _CpuTimer1Regs
00000c10      30 (00000c00)     _CpuTimer2Regs

00000ce0      33 (00000cc0)     _PieCtrlRegs

00000d00      34 (00000d00)     _PieVectTable

00001000      40 (00001000)     _DmaRegs

00005000     140 (00005000)     _McbspaRegs

00005040     141 (00005040)     _McbspbRegs

00006000     180 (00006000)     _ECanaRegs

00006040     181 (00006040)     _ECanaLAMRegs

00006080     182 (00006080)     _ECanaMOTSRegs

000060c0     183 (000060c0)     _ECanaMOTORegs

00006100     184 (00006100)     _ECanaMboxes

00006200     188 (00006200)     _ECanbRegs

00006240     189 (00006240)     _ECanbLAMRegs

00006280     18a (00006280)     _ECanbMOTSRegs

000062c0     18b (000062c0)     _ECanbMOTORegs

00006300     18c (00006300)     _ECanbMboxes

00006800     1a0 (00006800)     _EPwm1Regs

00006840     1a1 (00006840)     _EPwm2Regs

00006880     1a2 (00006880)     _EPwm3Regs

000068c0     1a3 (000068c0)     _EPwm4Regs

00006900     1a4 (00006900)     _EPwm5Regs

00006940     1a5 (00006940)     _EPwm6Regs

00006a00     1a8 (00006a00)     _ECap1Regs
00006a20     1a8 (00006a00)     _ECap2Regs

00006a40     1a9 (00006a40)     _ECap3Regs
00006a60     1a9 (00006a40)     _ECap4Regs

00006a80     1aa (00006a80)     _ECap5Regs
00006aa0     1aa (00006a80)     _ECap6Regs

00006b00     1ac (00006b00)     _EQep1Regs

00006b40     1ad (00006b40)     _EQep2Regs

00006f80     1be (00006f80)     _GpioCtrlRegs

00006fc0     1bf (00006fc0)     _GpioDataRegs
00006fe0     1bf (00006fc0)     _GpioIntRegs

00007010     1c0 (00007000)     _SysCtrlRegs

00007040     1c1 (00007040)     _SpiaRegs
00007050     1c1 (00007040)     _SciaRegs
00007070     1c1 (00007040)     _XIntruptRegs

00007100     1c4 (00007100)     _AdcRegs

00007750     1dd (00007740)     _ScibRegs
00007770     1dd (00007740)     _ScicRegs

00007900     1e4 (00007900)     _I2caRegs

0000c002     300 (0000c000)     _g_pSysInfo
0000c004     300 (0000c000)     _g_backGroundTaskMaxRuningTimeUS
0000c006     300 (0000c000)     _g_backGroundTaskRuningTimeUS
0000c008     300 (0000c000)     _g_A
0000c00a     300 (0000c000)     _g_B

0000c040     301 (0000c040)     _g_AppMainInfo

0000c540     315 (0000c540)     _ucRTUBuf

0000c700     31c (0000c700)     __gCOMList

0000c7b6     31e (0000c780)     _can_rx_msg

0000c920     324 (0000c900)     _pxMBFrameCBByteReceived
0000c922     324 (0000c900)     _pxMBFrameCBTransmitterEmpty
0000c924     324 (0000c900)     _pxMBPortCBTimerExpired
0000c926     324 (0000c900)     _pxMBFrameCBReceiveFSMCur
0000c928     324 (0000c900)     _pxMBFrameCBTransmitFSMCur
0000c92c     324 (0000c900)     _epwm1_info
0000c932     324 (0000c900)     _epwm2_info
0000c938     324 (0000c900)     _epwm3_info

0000c990     326 (0000c980)     _CpuTimer0
0000c998     326 (0000c980)     _CpuTimer1
0000c9a0     326 (0000c980)     _CpuTimer2
0000c9be     326 (0000c980)     __lock

0000ca00     328 (0000ca00)     _usRegHoldingBuf

0000ca40     329 (0000ca40)     _usRegInputBuf
0000ca7c     329 (0000ca40)     __unlock
0000ca7e     329 (0000ca40)     _ucRegCoilsBuf

0000cab0     32a (0000ca80)     _g_vcb_list
0000cabc     32a (0000ca80)     _DMADest
0000cabe     32a (0000ca80)     _DMASource

0000cacc     32b (0000cac0)     ___TI_enable_exit_profile_output
0000cace     32b (0000cac0)     ___TI_cleanup_ptr
0000cad0     32b (0000cac0)     ___TI_dtors_ptr
0000cad2     32b (0000cac0)     _ucRegDiscreteBuf
0000cad7     32b (0000cac0)     _boolRegHoldingChanged
0000cada     32b (0000cac0)     _errno

0000cb00     32c (0000cb00)     _DMABuf1

0033b8a4    cee2 (0033b880)     _PieVectTableInit

0033b9a4    cee6 (0033b980)     _s_CRCHi

0033baa4    ceea (0033ba80)     _s_CRCLo

0033bc6a    cef1 (0033bc40)     _usRegInputStart
0033bc6b    cef1 (0033bc40)     _usRegHoldingStart

0033fff8    cfff (0033ffc0)     _CsmPwl

00380090    e002 (00380080)     _PartIdRegs


GLOBAL SYMBOLS: SORTED ALPHABETICALLY BY Name 

page  address   name                                    
----  -------   ----                                    
0     00338000  .text                                   
0     0033b40f  C$$EXIT                                 
0     0033aa05  FD$$ADD                                 
0     0033b392  FD$$CMP                                 
0     0033abc3  FD$$DIV                                 
0     0033ad59  FD$$MPY                                 
0     0033b683  FD$$NEG                                 
0     0033b655  FD$$SUB                                 
0     0033b4ab  FD$$TOI                                 
0     0033b4ec  FD$$TOL                                 
0     0033ac4e  FS$$DIV                                 
0     0033b57f  FS$$TOFD                                
0     0033b529  I$$TOFD                                 
0     0033b3bc  L$$DIV                                  
0     0033b3cb  L$$MOD                                  
0     0033b59b  L$$TOFD                                 
0     0033b5d0  LL$$AND                                 
0     0033b50b  LL$$CMP                                 
0     00339fe1  LL$$DIV                                 
0     0033a01d  LL$$MOD                                 
0     0033b5d8  LL$$OR                                  
0     0033b5e0  LL$$XOR                                 
0     0033b66f  U$$DIV                                  
0     0033b674  U$$MOD                                  
0     0033b3d9  UL$$DIV                                 
0     0033b3e0  UL$$MOD                                 
0     0033b51d  ULL$$CMP                                
0     0033a057  ULL$$DIV                                
0     0033a086  ULL$$MOD                                
0     00338c5d  _ADCINT_ISR                             
0     00380080  _ADC_cal                                
0     0033916e  _APP_Main_Init                          
0     003391fa  _APP_Main_Poll                          
0     00339050  _APP_Main_Save_SysInfo                  
0     003391ff  _APP_Main_SysinfoSavePoll               
1     00000b00  _AdcMirror                              
1     00007100  _AdcRegs                                
0     0033a7ec  _B1_CapacitanceTemperatureMeasure_Init  
0     0033a745  _B1_CapacitanceTemperatureMeasure_Poll  
0     0033a3a1  _B1_Measure_Init                        
0     0033a2e3  _B1_Measure_Poll                        
0     003385a1  _B1_ModbusRTUSlaver_Init                
0     0033857f  _B1_ModbusRTUSlaver_Poll                
0     0033b2ca  _B1_SysModeGet_DeltaPoll                
0     0033b2c7  _B1_SysModeGet_Init                     
0     0033af81  _B1_VCBStatusGet_DeltaPoll              
0     0033af78  _B1_VCBStatusGet_Init                   
0     0033af3e  _B1_VCBStatus_Update                    
0     0033ace4  _B2_CmdBypassCapacitors_Exec            
0     0033a5bd  _B2_CmdCutOffCapacitors_Exec            
0     0033a640  _B2_CmdCutOffCapacitors_Exec_Solution   
0     0033aed2  _B2_CmdMakeCapacitorsWork_Exec          
0     003396ad  _B3_Check_Minor_Fault_Exist             
0     00339828  _B3_Check_SCR_Serious_Fault             
0     0033a0e8  _B3_SysAutoMode_DeltaPoll               
0     0033b67a  _B3_SysManualMode_DeltaPoll             
0     0033b1b8  _BFL_Button_Init                        
0     0033b1ae  _BFL_Button_IsPressed                   
0     0033b035  _BFL_Buzz_Init                          
0     0033b023  _BFL_Buzz_IsOff                         
0     0033b014  _BFL_Buzz_Off                           
0     0033b005  _BFL_Buzz_On                            
0     0033b001  _BFL_Buzz_SetTrigLevel                  
0     0033affc  _BFL_Buzz_Toggle                        
0     0033b223  _BFL_DebugPin_Init                      
0     0033b215  _BFL_DebugPin_Reset                     
0     0033b207  _BFL_DebugPin_Set                       
0     0033b1f9  _BFL_DebugPin_Toggle                    
0     00339fc4  _BFL_Measure_Init                       
0     00339fa3  _BFL_Measure_Read                       
0     00339f9d  _BFL_Measure_ReadReady                  
0     0033a9ba  _BFL_RS485_Init                         
0     0033a9ac  _BFL_RS485_Read                         
0     0033a99e  _BFL_RS485_Release_Bus                  
0     0033a999  _BFL_RS485_Release_Bus_RS4851           
0     0033a994  _BFL_RS485_Release_Bus_RS4852           
0     0033a966  _BFL_RS485_Take_Bus                     
0     0033a98f  _BFL_RS485_Take_Bus_RS4851              
0     0033a98a  _BFL_RS485_Take_Bus_RS4852              
0     0033a974  _BFL_RS485_Write                        
0     00339452  _BFL_SCRR_Have_Signal                   
0     003393ca  _BFL_SCRT_Pluse_Transmit                
0     00339321  _BFL_SCR_Init                           
0     0033969a  _BFL_VCB_CTRL_STATE_To_String           
0     00339678  _BFL_VCB_Get_Actual_State               
0     0033966b  _BFL_VCB_Get_Setting_State              
0     0033965e  _BFL_VCB_Relay_Get_Setting_State        
0     003395cf  _BFL_VCB_Relay_Set_As_Switch_Closed     
0     00339493  _BFL_VCB_Relay_Set_As_Switch_No_Ctrl    
0     0033956a  _BFL_VCB_Relay_Set_As_Switch_Opened     
0     00339650  _BFL_VCB_STATE_To_String                
0     00339630  _BFL_VCB_SW_To_String                   
0     00339622  _BFL_VCB_Set_As_Switch_Closed           
0     003395ca  _BFL_VCB_Set_As_Switch_No_Ctrl          
0     003395bd  _BFL_VCB_Set_As_Switch_Opened           
0     003394d2  _BFL_VCB_Seurity_Init                   
0     0033918d  _BackGroundTask                         
0     0033b055  _CANA_ISR                               
0     00339b39  _CHIP_W25Q128_Erase_One_Sector          
0     00339c6c  _CHIP_W25Q128_Init                      
0     00339c28  _CHIP_W25Q128_Read                      
0     00339bc9  _CHIP_W25Q128_Write                     
0     0033b5fc  _CRC16_Modbus                           
0     0033b644  _CheckConditionDurationMet              
0     0033914b  _Clear_All_Fault                        
0     00338f3f  _Config_Default_Parameter               
0     00339134  _Config_PowerOn_Parameter               
1     0000c990  _CpuTimer0                              
1     00000c00  _CpuTimer0Regs                          
1     0000c998  _CpuTimer1                              
1     00000c08  _CpuTimer1Regs                          
1     0000c9a0  _CpuTimer2                              
1     00000c10  _CpuTimer2Regs                          
1     0033fff8  _CsmPwl                                 
1     00000ae0  _CsmRegs                                
0     0033a2b5  _CsmUnlock                              
0     00338c53  _DATALOG_ISR                            
0     00338c49  _DINTCH1_ISR                            
0     00338c3f  _DINTCH2_ISR                            
0     00338c35  _DINTCH3_ISR                            
0     00338c2b  _DINTCH4_ISR                            
0     00338c21  _DINTCH5_ISR                            
0     00338c17  _DINTCH6_ISR                            
1     0000cb00  _DMABuf1                                
0     00338947  _DMACH1AddrConfig                       
0     0033893e  _DMACH1BurstConfig                      
0     003388db  _DMACH1ModeConfig                       
0     003388d2  _DMACH1TransferConfig                   
0     003388c8  _DMACH1WrapConfig                       
0     003388be  _DMACH2AddrConfig                       
0     003388b5  _DMACH2BurstConfig                      
0     00338852  _DMACH2ModeConfig                       
0     00338849  _DMACH2TransferConfig                   
0     0033883f  _DMACH2WrapConfig                       
0     00338835  _DMACH3AddrConfig                       
0     0033882c  _DMACH3BurstConfig                      
0     003387c9  _DMACH3ModeConfig                       
0     003387c0  _DMACH3TransferConfig                   
0     003387b6  _DMACH3WrapConfig                       
0     003387ac  _DMACH4AddrConfig                       
0     003387a3  _DMACH4BurstConfig                      
0     0033873e  _DMACH4ModeConfig                       
0     00338735  _DMACH4TransferConfig                   
0     0033872b  _DMACH4WrapConfig                       
0     00338721  _DMACH5AddrConfig                       
0     00338718  _DMACH5BurstConfig                      
0     003386b3  _DMACH5ModeConfig                       
0     003386aa  _DMACH5TransferConfig                   
0     003386a0  _DMACH5WrapConfig                       
0     00338696  _DMACH6AddrConfig                       
0     0033868d  _DMACH6BurstConfig                      
0     00338628  _DMACH6ModeConfig                       
0     0033861f  _DMACH6TransferConfig                   
0     00338615  _DMACH6WrapConfig                       
1     0000cabc  _DMADest                                
0     0033860a  _DMAInitialize                          
1     0000cabe  _DMASource                              
0     000080e0  _DSP28x_usDelay                         
1     00000880  _DevEmuRegs                             
0     0033a1f1  _DisableDog                             
1     00001000  _DmaRegs                                
0     00338c0d  _ECAN0INTA_ISR                          
0     00338c03  _ECAN0INTB_ISR                          
0     00338bf9  _ECAN1INTA_ISR                          
0     00338bef  _ECAN1INTB_ISR                          
0     00338be5  _ECAP1_INT_ISR                          
0     00338bdb  _ECAP2_INT_ISR                          
0     00338bd1  _ECAP3_INT_ISR                          
0     00338bc7  _ECAP4_INT_ISR                          
0     00338bbd  _ECAP5_INT_ISR                          
0     00338bb3  _ECAP6_INT_ISR                          
1     00006040  _ECanaLAMRegs                           
1     000060c0  _ECanaMOTORegs                          
1     00006080  _ECanaMOTSRegs                          
1     00006100  _ECanaMboxes                            
1     00006000  _ECanaRegs                              
1     00006240  _ECanbLAMRegs                           
1     000062c0  _ECanbMOTORegs                          
1     00006280  _ECanbMOTSRegs                          
1     00006300  _ECanbMboxes                            
1     00006200  _ECanbRegs                              
1     00006a00  _ECap1Regs                              
1     00006a20  _ECap2Regs                              
1     00006a40  _ECap3Regs                              
1     00006a60  _ECap4Regs                              
1     00006a80  _ECap5Regs                              
1     00006aa0  _ECap6Regs                              
0     00338ba9  _EMUINT_ISR                             
0     00338b9f  _EPWM1_INT_ISR                          
0     00338b95  _EPWM1_TZINT_ISR                        
0     00338b8b  _EPWM2_INT_ISR                          
0     00338b81  _EPWM2_TZINT_ISR                        
0     00338b77  _EPWM3_INT_ISR                          
0     00338b6d  _EPWM3_TZINT_ISR                        
0     00338b63  _EPWM4_INT_ISR                          
0     00338b59  _EPWM4_TZINT_ISR                        
0     00338b4f  _EPWM5_INT_ISR                          
0     00338b45  _EPWM5_TZINT_ISR                        
0     00338b3b  _EPWM6_INT_ISR                          
0     00338b31  _EPWM6_TZINT_ISR                        
1     00006800  _EPwm1Regs                              
1     00006840  _EPwm2Regs                              
1     00006880  _EPwm3Regs                              
1     000068c0  _EPwm4Regs                              
1     00006900  _EPwm5Regs                              
1     00006940  _EPwm6Regs                              
0     00338b27  _EQEP1_INT_ISR                          
0     00338b1d  _EQEP2_INT_ISR                          
1     00006b00  _EQep1Regs                              
1     00006b40  _EQep2Regs                              
0     0033b457  _EnableInterrupts                       
0     0033b356  _EnterCriticalSection                   
0     0033b35a  _ExitCriticalSection                    
1     00000a80  _FlashRegs                              
0     00339ac3  _Flash_ReadSR1                          
0     00339aef  _Flash_Wait_Busy                        
0     00339b0c  _Flash_Write_Enable                     
0     003391ce  _ForeGroundTask                         
1     00006f80  _GpioCtrlRegs                           
1     00006fc0  _GpioDataRegs                           
1     00006fe0  _GpioIntRegs                            
0     0033a59a  _HDL_CPU_Time_DelayMs                   
0     0033a588  _HDL_CPU_Time_DelayUs                   
0     0033a57e  _HDL_CPU_Time_GetTick                   
0     0033a577  _HDL_CPU_Time_GetUsTick                 
0     0033a527  _HDL_CPU_Time_Init                      
0     0033a522  _HDL_CPU_Time_ResetTick                 
0     0033a51c  _HDL_CPU_Time_ResetUsTick               
0     0033a518  _HDL_CPU_Time_SetCPUTickCallback        
0     0033a500  _HDL_CPU_Time_StartHardTimer            
0     0033a4c6  _HDL_CPU_Time_StopHardTimer             
0     00339e99  _HDL_SPI_Init                           
0     00339e64  _HDL_SPI_Read                           
0     00339e33  _HDL_SPI_Write                          
0     00339de2  _HDL_SPI_WriteRead                      
0     00338b13  _I2CINT1A_ISR                           
0     00338b09  _I2CINT2A_ISR                           
1     00007900  _I2caRegs                               
0     00338aff  _ILLEGAL_ISR                            
0     00338af5  _INT13_ISR                              
0     00338aeb  _INT14_ISR                              
0     0033b5e8  _InitAdc                                
0     0033b2ff  _InitCpuTimers                          
0     0033a4c5  _InitEPwm                               
0     003392be  _InitEPwm1Example                       
0     0033a430  _InitEPwm1Gpio                          
0     00339268  _InitEPwm2Example                       
0     0033a446  _InitEPwm2Gpio                          
0     00339212  _InitEPwm3Example                       
0     0033a45c  _InitEPwm3Gpio                          
0     0033a474  _InitEPwm4Gpio                          
0     0033a48c  _InitEPwm5Gpio                          
0     0033a4a2  _InitEPwm6Gpio                          
0     0033a4b8  _InitEPwmGpio                           
0     0033a415  _InitEPwmSyncGpio                       
0     000080c3  _InitFlash                              
0     0033a246  _InitPeripheralClocks                   
0     0033b438  _InitPieCtrl                            
0     0033b633  _InitPieVectTable                       
0     0033a1f9  _InitPll                                
0     00338df2  _InitSciaGpio                           
0     00338dd8  _InitScibGpio                           
0     00338d49  _InitScicGpio                           
0     00339db6  _InitSpiGpio                            
0     00339db6  _InitSpiaGpio                           
0     0033a2ac  _InitSysCtrl                            
0     0033a3d8  _InitTzGpio                             
0     00338ae1  _LUF_ISR                                
0     00338ad7  _LVF_ISR                                
0     003390b5  _Load_Parameter_From_Flash              
0     00338acd  _MRINTA_ISR                             
0     00338ac3  _MRINTB_ISR                             
0     00338ab9  _MXINTA_ISR                             
0     00338aaf  _MXINTB_ISR                             
1     00005000  _McbspaRegs                             
1     00005040  _McbspbRegs                             
0     00338aa5  _NMI_ISR                                
0     00338a9b  _PIE_RESERVED                           
1     00380090  _PartIdRegs                             
1     00000ce0  _PieCtrlRegs                            
1     00000d00  _PieVectTable                           
0     0033b8a4  _PieVectTableInit                       
0     00338a91  _RTOSINT_ISR                            
0     003200e4  _RamfuncsLoadEnd                        
abs   000000e4  _RamfuncsLoadSize                       
0     00320000  _RamfuncsLoadStart                      
0     00008000  _RamfuncsRunStart                       
0     00338a87  _SCIRXINTA_ISR                          
0     00338a7d  _SCIRXINTB_ISR                          
0     00338a73  _SCIRXINTC_ISR                          
0     00338a69  _SCITXINTA_ISR                          
0     00338a5f  _SCITXINTB_ISR                          
0     00338a55  _SCITXINTC_ISR                          
0     00338a4b  _SEQ1INT_ISR                            
0     00338a41  _SEQ2INT_ISR                            
0     00338a37  _SPIRXINTA_ISR                          
0     00338a2d  _SPITXINTA_ISR                          
1     00007050  _SciaRegs                               
1     00007750  _ScibRegs                               
1     00007770  _ScicRegs                               
0     0033a1e7  _ServiceDog                             
1     00007040  _SpiaRegs                               
0     00338602  _StartDMACH1                            
0     003385fa  _StartDMACH2                            
0     003385f2  _StartDMACH3                            
0     003385ea  _StartDMACH4                            
0     003385e2  _StartDMACH5                            
0     003385da  _StartDMACH6                            
0     00338000  _SyncModbusRegToSysinfo                 
0     003381f1  _SyncSysinfoToModbusReg                 
1     00007010  _SysCtrlRegs                            
0     00338a23  _TINT0_ISR                              
0     00338c67  _USART_Callback                         
0     00338a19  _USER10_ISR                             
0     00338a0f  _USER11_ISR                             
0     00338a05  _USER12_ISR                             
0     003389fb  _USER1_ISR                              
0     003389f1  _USER2_ISR                              
0     003389e7  _USER3_ISR                              
0     003389dd  _USER4_ISR                              
0     003389d3  _USER5_ISR                              
0     003389c9  _USER6_ISR                              
0     003389bf  _USER7_ISR                              
0     003389b5  _USER8_ISR                              
0     003389ab  _USER9_ISR                              
0     00338f27  _Uart_AvailableBytes                    
0     00338f02  _Uart_EmptyReadBuffer                   
0     00338e0e  _Uart_Init                              
0     00338d31  _Uart_Read                              
0     00338d23  _Uart_RegisterReceiveCharCallback       
0     00338d15  _Uart_RegisterReceiveReadyCharCallback  
0     00338d06  _Uart_SetWriteOverCallback              
0     00338cf7  _Uart_UnregisterReceiveCharCallback     
0     00338ca9  _Uart_Write                             
0     003389a1  _WAKEINT_ISR                            
0     00338997  _XINT1_ISR                              
0     0033898d  _XINT2_ISR                              
0     00338983  _XINT3_ISR                              
0     00338979  _XINT4_ISR                              
0     0033896f  _XINT5_ISR                              
0     00338965  _XINT6_ISR                              
0     0033895b  _XINT7_ISR                              
1     00007070  _XIntruptRegs                           
1     00000b20  _XintfRegs                              
1     00000800  __STACK_END                             
abs   00000400  __STACK_SIZE                            
1     0000cace  ___TI_cleanup_ptr                       
1     0000cad0  ___TI_dtors_ptr                         
1     0000cacc  ___TI_enable_exit_profile_output        
abs   ffffffff  ___TI_pprof_out_hndl                    
abs   ffffffff  ___TI_prof_data_size                    
abs   ffffffff  ___TI_prof_data_start                   
abs   ffffffff  ___binit__                              
abs   ffffffff  ___c_args__                             
0     0033bc6c  ___cinit__                              
0     0033b6a3  ___etext__                              
abs   ffffffff  ___pinit__                              
0     00338000  ___text__                               
0     0033b621  __args_main                             
1     0000c700  __gCOMList                              
1     0000c9be  __lock                                  
0     00339ec9  __nop                                   
1     00000400  __stack                                 
0     0033b6a2  __system_post_cinit                     
0     0033b6a0  __system_pre_init                       
1     0000ca7c  __unlock                                
0     0033b40f  _abort                                  
0     0033b563  _async_delay                            
0     0033b0e3  _average_filter_init                    
0     0033b0ae  _average_filter_update                  
1     0000cad7  _boolRegHoldingChanged                  
0     0033b105  _c_int00                                
1     0000c7b6  _can_rx_msg                             
0     00339f5a  _config_ADC                             
0     00339f1d  _config_DMA                             
0     00339f0c  _config_ePWM4_to_generate_ADCSOCA       
0     00339ed7  _config_ePWM4_to_generate_ADCSOCA_      
0     0033b487  _copy_in                                
0     0033ab89  _cpu_timer0_isr                         
0     0033ab75  _cpu_timer1_isr                         
0     0033ab35  _cpu_timer2_isr                         
0     0033a72d  _cqueue_create                          
0     0033a70a  _cqueue_dequeue                         
0     0033a6e5  _cqueue_enqueue                         
0     0033a6ae  _cqueue_in                              
0     0033a67f  _cqueue_out                             
0     0033ab01  _eMBFuncReadCoils                       
0     0033b15b  _eMBFuncReadDiscreteInputs              
0     0033a899  _eMBFuncReadHoldingRegister             
0     0033b28a  _eMBFuncReadInputRegister               
0     0033a804  _eMBFuncReadWriteMultipleHoldingRegister
0     0033b60f  _eMBFuncReportSlaveID                   
0     0033aad7  _eMBFuncWriteCoil                       
0     0033a859  _eMBFuncWriteHoldingRegister            
0     0033aaa1  _eMBFuncWriteMultipleCoils              
0     0033a86e  _eMBFuncWriteMultipleHoldingRegister    
0     0033afa2  _eMBPoll                                
0     00339d7e  _eMBRTUInit                             
0     00339d06  _eMBRTUReceive                          
0     00339d2c  _eMBRTUSend                             
0     00339d68  _eMBRTUStart                            
0     00339d5a  _eMBRTUStop                             
0     0033a8c2  _eMBRegCoilsCB                          
0     0033a92f  _eMBRegHoldingCB                        
0     00339eca  _enable_ePWM4                           
0     0033b663  _epilog_c28x_1                          
0     0033b667  _epilog_c28x_2                          
1     0000c92c  _epwm1_info                             
0     0033ae32  _epwm1_isr                              
1     0000c932  _epwm2_info                             
0     0033ae07  _epwm2_isr                              
1     0000c938  _epwm3_info                             
0     0033addc  _epwm3_isr                              
1     0000cada  _errno                                  
0     0033b411  _exit                                   
0     0033ae96  _fmax                                   
0     0033ae96  _fmaxf                                  
0     0033ae5d  _fmin                                   
0     0033ae5d  _fminf                                  
1     0000c008  _g_A                                    
1     0000c040  _g_AppMainInfo                          
1     0000c00a  _g_B                                    
1     0000c004  _g_backGroundTaskMaxRuningTimeUS        
1     0000c006  _g_backGroundTaskRuningTimeUS           
1     0000c002  _g_pSysInfo                             
1     0000cab0  _g_vcb_list                             
0     00008000  _local_DINTCH1_ISR                      
0     0033b4cc  _main                                   
0     0033b546  _memcpy                                 
0     0033b694  _memset                                 
0     0033b242  _period_query                           
0     0033b264  _period_query_user                      
0     0033b277  _period_query_user_us                   
0     0033b5b7  _prolog_c28x_1                          
0     0033b5bb  _prolog_c28x_2                          
0     0033b5c3  _prolog_c28x_3                          
0     0033b384  _prveMBError2Exception                  
0     0033b69b  _prvvTIMERExpiredISR                    
1     0000c920  _pxMBFrameCBByteReceived                
1     0000c926  _pxMBFrameCBReceiveFSMCur               
1     0000c928  _pxMBFrameCBTransmitFSMCur              
1     0000c922  _pxMBFrameCBTransmitterEmpty            
1     0000c924  _pxMBPortCBTimerExpired                 
0     00338951  _rsvd_ISR                               
0     0033b9a4  _s_CRCHi                                
0     0033baa4  _s_CRCLo                                
0     00339a59  _sciaRxFifoIsr                          
0     00339a22  _sciaTxFifoIsr                          
0     003399aa  _scibRxFifoIsr                          
0     00339973  _scibTxFifoIsr                          
0     003398f9  _scicRxFifoIsr                          
0     003398c2  _scicTxFifoIsr                          
0     0033b35e  _serialReceiveOneByteISR                
0     0033b363  _serialSentOneByteISR                   
0     00339da9  _spi_init                               
0     00339da5  _spi_xmit                               
0     0033b460  _sqrt                                   
0     0033b460  _sqrtf                                  
1     0000c540  _ucRTUBuf                               
1     0000ca7e  _ucRegCoilsBuf                          
1     0000cad2  _ucRegDiscreteBuf                       
0     0033b3e6  _usMBCRC16                              
1     0000ca00  _usRegHoldingBuf                        
0     0033bc6b  _usRegHoldingStart                      
1     0000ca40  _usRegInputBuf                          
0     0033bc6a  _usRegInputStart                        
0     0033b334  _vMBPortSerialEnable                    
0     00339b7f  _w25q128_write_page_no_erase            
0     00339ccb  _xMBRTUReceiveFSM                       
0     00339caa  _xMBRTUTimerT35Expired                  
0     00339c77  _xMBRTUTransmitFSM                      
0     0033b368  _xMBUtilGetBits                         
abs   ffffffff  binit                                   
0     0033bc6c  cinit                                   
0     0033fff6  code_start                              
0     0033b6a3  etext                                   
abs   ffffffff  pinit                                   


GLOBAL SYMBOLS: SORTED BY Symbol Address 

page  address   name                                    
----  -------   ----                                    
0     00008000  _RamfuncsRunStart                       
0     00008000  _local_DINTCH1_ISR                      
0     000080c3  _InitFlash                              
0     000080e0  _DSP28x_usDelay                         
0     00320000  _RamfuncsLoadStart                      
0     003200e4  _RamfuncsLoadEnd                        
0     00338000  .text                                   
0     00338000  _SyncModbusRegToSysinfo                 
0     00338000  ___text__                               
0     003381f1  _SyncSysinfoToModbusReg                 
0     0033857f  _B1_ModbusRTUSlaver_Poll                
0     003385a1  _B1_ModbusRTUSlaver_Init                
0     003385da  _StartDMACH6                            
0     003385e2  _StartDMACH5                            
0     003385ea  _StartDMACH4                            
0     003385f2  _StartDMACH3                            
0     003385fa  _StartDMACH2                            
0     00338602  _StartDMACH1                            
0     0033860a  _DMAInitialize                          
0     00338615  _DMACH6WrapConfig                       
0     0033861f  _DMACH6TransferConfig                   
0     00338628  _DMACH6ModeConfig                       
0     0033868d  _DMACH6BurstConfig                      
0     00338696  _DMACH6AddrConfig                       
0     003386a0  _DMACH5WrapConfig                       
0     003386aa  _DMACH5TransferConfig                   
0     003386b3  _DMACH5ModeConfig                       
0     00338718  _DMACH5BurstConfig                      
0     00338721  _DMACH5AddrConfig                       
0     0033872b  _DMACH4WrapConfig                       
0     00338735  _DMACH4TransferConfig                   
0     0033873e  _DMACH4ModeConfig                       
0     003387a3  _DMACH4BurstConfig                      
0     003387ac  _DMACH4AddrConfig                       
0     003387b6  _DMACH3WrapConfig                       
0     003387c0  _DMACH3TransferConfig                   
0     003387c9  _DMACH3ModeConfig                       
0     0033882c  _DMACH3BurstConfig                      
0     00338835  _DMACH3AddrConfig                       
0     0033883f  _DMACH2WrapConfig                       
0     00338849  _DMACH2TransferConfig                   
0     00338852  _DMACH2ModeConfig                       
0     003388b5  _DMACH2BurstConfig                      
0     003388be  _DMACH2AddrConfig                       
0     003388c8  _DMACH1WrapConfig                       
0     003388d2  _DMACH1TransferConfig                   
0     003388db  _DMACH1ModeConfig                       
0     0033893e  _DMACH1BurstConfig                      
0     00338947  _DMACH1AddrConfig                       
0     00338951  _rsvd_ISR                               
0     0033895b  _XINT7_ISR                              
0     00338965  _XINT6_ISR                              
0     0033896f  _XINT5_ISR                              
0     00338979  _XINT4_ISR                              
0     00338983  _XINT3_ISR                              
0     0033898d  _XINT2_ISR                              
0     00338997  _XINT1_ISR                              
0     003389a1  _WAKEINT_ISR                            
0     003389ab  _USER9_ISR                              
0     003389b5  _USER8_ISR                              
0     003389bf  _USER7_ISR                              
0     003389c9  _USER6_ISR                              
0     003389d3  _USER5_ISR                              
0     003389dd  _USER4_ISR                              
0     003389e7  _USER3_ISR                              
0     003389f1  _USER2_ISR                              
0     003389fb  _USER1_ISR                              
0     00338a05  _USER12_ISR                             
0     00338a0f  _USER11_ISR                             
0     00338a19  _USER10_ISR                             
0     00338a23  _TINT0_ISR                              
0     00338a2d  _SPITXINTA_ISR                          
0     00338a37  _SPIRXINTA_ISR                          
0     00338a41  _SEQ2INT_ISR                            
0     00338a4b  _SEQ1INT_ISR                            
0     00338a55  _SCITXINTC_ISR                          
0     00338a5f  _SCITXINTB_ISR                          
0     00338a69  _SCITXINTA_ISR                          
0     00338a73  _SCIRXINTC_ISR                          
0     00338a7d  _SCIRXINTB_ISR                          
0     00338a87  _SCIRXINTA_ISR                          
0     00338a91  _RTOSINT_ISR                            
0     00338a9b  _PIE_RESERVED                           
0     00338aa5  _NMI_ISR                                
0     00338aaf  _MXINTB_ISR                             
0     00338ab9  _MXINTA_ISR                             
0     00338ac3  _MRINTB_ISR                             
0     00338acd  _MRINTA_ISR                             
0     00338ad7  _LVF_ISR                                
0     00338ae1  _LUF_ISR                                
0     00338aeb  _INT14_ISR                              
0     00338af5  _INT13_ISR                              
0     00338aff  _ILLEGAL_ISR                            
0     00338b09  _I2CINT2A_ISR                           
0     00338b13  _I2CINT1A_ISR                           
0     00338b1d  _EQEP2_INT_ISR                          
0     00338b27  _EQEP1_INT_ISR                          
0     00338b31  _EPWM6_TZINT_ISR                        
0     00338b3b  _EPWM6_INT_ISR                          
0     00338b45  _EPWM5_TZINT_ISR                        
0     00338b4f  _EPWM5_INT_ISR                          
0     00338b59  _EPWM4_TZINT_ISR                        
0     00338b63  _EPWM4_INT_ISR                          
0     00338b6d  _EPWM3_TZINT_ISR                        
0     00338b77  _EPWM3_INT_ISR                          
0     00338b81  _EPWM2_TZINT_ISR                        
0     00338b8b  _EPWM2_INT_ISR                          
0     00338b95  _EPWM1_TZINT_ISR                        
0     00338b9f  _EPWM1_INT_ISR                          
0     00338ba9  _EMUINT_ISR                             
0     00338bb3  _ECAP6_INT_ISR                          
0     00338bbd  _ECAP5_INT_ISR                          
0     00338bc7  _ECAP4_INT_ISR                          
0     00338bd1  _ECAP3_INT_ISR                          
0     00338bdb  _ECAP2_INT_ISR                          
0     00338be5  _ECAP1_INT_ISR                          
[...]
0     00338c5d  _ADCINT_ISR                             
0     00338c67  _USART_Callback                         
0     00338ca9  _Uart_Write                             
0     00338cf7  _Uart_UnregisterReceiveCharCallback     
0     00338d06  _Uart_SetWriteOverCallback              
0     00338d15  _Uart_RegisterReceiveReadyCharCallback  
0     00338d23  _Uart_RegisterReceiveCharCallback       
0     00338d31  _Uart_Read                              
0     00338d49  _InitScicGpio                           
0     00338dd8  _InitScibGpio                           
0     00338df2  _InitSciaGpio                           
0     00338e0e  _Uart_Init                              
0     00338f02  _Uart_EmptyReadBuffer                   
0     00338f27  _Uart_AvailableBytes                    
0     00338f3f  _Config_Default_Parameter               
0     00339050  _APP_Main_Save_SysInfo                  
0     003390b5  _Load_Parameter_From_Flash              
0     00339134  _Config_PowerOn_Parameter               
0     0033914b  _Clear_All_Fault                        
0     0033916e  _APP_Main_Init                          
0     0033918d  _BackGroundTask                         
0     003391ce  _ForeGroundTask                         
0     003391fa  _APP_Main_Poll                          
0     003391ff  _APP_Main_SysinfoSavePoll               
0     00339212  _InitEPwm3Example                       
0     00339268  _InitEPwm2Example                       
0     003392be  _InitEPwm1Example                       
0     00339321  _BFL_SCR_Init                           
0     003393ca  _BFL_SCRT_Pluse_Transmit                
0     00339452  _BFL_SCRR_Have_Signal                   
0     00339493  _BFL_VCB_Relay_Set_As_Switch_No_Ctrl    
0     003394d2  _BFL_VCB_Seurity_Init                   
0     0033956a  _BFL_VCB_Relay_Set_As_Switch_Opened     
0     003395bd  _BFL_VCB_Set_As_Switch_Opened           
0     003395ca  _BFL_VCB_Set_As_Switch_No_Ctrl          
0     003395cf  _BFL_VCB_Relay_Set_As_Switch_Closed     
0     00339622  _BFL_VCB_Set_As_Switch_Closed           
0     00339630  _BFL_VCB_SW_To_String                   
0     00339650  _BFL_VCB_STATE_To_String                
0     0033965e  _BFL_VCB_Relay_Get_Setting_State        
0     0033966b  _BFL_VCB_Get_Setting_State              
0     00339678  _BFL_VCB_Get_Actual_State               
0     0033969a  _BFL_VCB_CTRL_STATE_To_String           
0     003396ad  _B3_Check_Minor_Fault_Exist             
0     00339828  _B3_Check_SCR_Serious_Fault             
0     003398c2  _scicTxFifoIsr                          
0     003398f9  _scicRxFifoIsr                          
0     00339973  _scibTxFifoIsr                          
0     003399aa  _scibRxFifoIsr                          
0     00339a22  _sciaTxFifoIsr                          
0     00339a59  _sciaRxFifoIsr                          
0     00339ac3  _Flash_ReadSR1                          
0     00339aef  _Flash_Wait_Busy                        
0     00339b0c  _Flash_Write_Enable                     
0     00339b39  _CHIP_W25Q128_Erase_One_Sector          
0     00339b7f  _w25q128_write_page_no_erase            
0     00339bc9  _CHIP_W25Q128_Write                     
0     00339c28  _CHIP_W25Q128_Read                      
0     00339c6c  _CHIP_W25Q128_Init                      
0     00339c77  _xMBRTUTransmitFSM                      
0     00339caa  _xMBRTUTimerT35Expired                  
0     00339ccb  _xMBRTUReceiveFSM                       
0     00339d06  _eMBRTUReceive                          
0     00339d2c  _eMBRTUSend                             
0     00339d5a  _eMBRTUStop                             
0     00339d68  _eMBRTUStart                            
0     00339d7e  _eMBRTUInit                             
0     00339da5  _spi_xmit                               
0     00339da9  _spi_init                               
0     00339db6  _InitSpiGpio                            
0     00339db6  _InitSpiaGpio                           
0     00339de2  _HDL_SPI_WriteRead                      
0     00339e33  _HDL_SPI_Write                          
0     00339e64  _HDL_SPI_Read                           
0     00339e99  _HDL_SPI_Init                           
0     00339ec9  __nop                                   
0     00339eca  _enable_ePWM4                           
0     00339ed7  _config_ePWM4_to_generate_ADCSOCA_      
0     00339f0c  _config_ePWM4_to_generate_ADCSOCA       
0     00339f1d  _config_DMA                             
0     00339f5a  _config_ADC                             
0     00339f9d  _BFL_Measure_ReadReady                  
0     00339fa3  _BFL_Measure_Read                       
0     00339fc4  _BFL_Measure_Init                       
0     00339fe1  LL$$DIV                                 
0     0033a01d  LL$$MOD                                 
0     0033a057  ULL$$DIV                                
0     0033a086  ULL$$MOD                                
0     0033a0e8  _B3_SysAutoMode_DeltaPoll               
0     0033a1e7  _ServiceDog                             
0     0033a1f1  _DisableDog                             
0     0033a1f9  _InitPll                                
0     0033a246  _InitPeripheralClocks                   
0     0033a2ac  _InitSysCtrl                            
0     0033a2b5  _CsmUnlock                              
0     0033a2e3  _B1_Measure_Poll                        
0     0033a3a1  _B1_Measure_Init                        
0     0033a3d8  _InitTzGpio                             
0     0033a415  _InitEPwmSyncGpio                       
0     0033a430  _InitEPwm1Gpio                          
0     0033a446  _InitEPwm2Gpio                          
0     0033a45c  _InitEPwm3Gpio                          
0     0033a474  _InitEPwm4Gpio                          
0     0033a48c  _InitEPwm5Gpio                          
0     0033a4a2  _InitEPwm6Gpio                          
0     0033a4b8  _InitEPwmGpio                           
0     0033a4c5  _InitEPwm                               
0     0033a4c6  _HDL_CPU_Time_StopHardTimer             
0     0033a500  _HDL_CPU_Time_StartHardTimer            
0     0033a518  _HDL_CPU_Time_SetCPUTickCallback        
0     0033a51c  _HDL_CPU_Time_ResetUsTick               
0     0033a522  _HDL_CPU_Time_ResetTick                 
0     0033a527  _HDL_CPU_Time_Init                      
0     0033a577  _HDL_CPU_Time_GetUsTick                 
0     0033a57e  _HDL_CPU_Time_GetTick                   
0     0033a588  _HDL_CPU_Time_DelayUs                   
0     0033a59a  _HDL_CPU_Time_DelayMs                   
0     0033a5bd  _B2_CmdCutOffCapacitors_Exec            
0     0033a640  _B2_CmdCutOffCapacitors_Exec_Solution   
0     0033a67f  _cqueue_out                             
0     0033a6ae  _cqueue_in                              
0     0033a6e5  _cqueue_enqueue                         
0     0033a70a  _cqueue_dequeue                         
0     0033a72d  _cqueue_create                          
0     0033a745  _B1_CapacitanceTemperatureMeasure_Poll  
0     0033a7ec  _B1_CapacitanceTemperatureMeasure_Init  
0     0033a804  _eMBFuncReadWriteMultipleHoldingRegister
0     0033a859  _eMBFuncWriteHoldingRegister            
0     0033a86e  _eMBFuncWriteMultipleHoldingRegister    
0     0033a899  _eMBFuncReadHoldingRegister             
0     0033a8c2  _eMBRegCoilsCB                          
0     0033a92f  _eMBRegHoldingCB                        
0     0033a966  _BFL_RS485_Take_Bus                     
0     0033a974  _BFL_RS485_Write                        
0     0033a98a  _BFL_RS485_Take_Bus_RS4852              
0     0033a98f  _BFL_RS485_Take_Bus_RS4851              
0     0033a994  _BFL_RS485_Release_Bus_RS4852           
0     0033a999  _BFL_RS485_Release_Bus_RS4851           
0     0033a99e  _BFL_RS485_Release_Bus                  
0     0033a9ac  _BFL_RS485_Read                         
0     0033a9ba  _BFL_RS485_Init                         
0     0033aa05  FD$$ADD                                 
0     0033aaa1  _eMBFuncWriteMultipleCoils              
0     0033aad7  _eMBFuncWriteCoil                       
0     0033ab01  _eMBFuncReadCoils                       
0     0033ab35  _cpu_timer2_isr                         
0     0033ab75  _cpu_timer1_isr                         
0     0033ab89  _cpu_timer0_isr                         
0     0033abc3  FD$$DIV                                 
0     0033ac4e  FS$$DIV                                 
0     0033ace4  _B2_CmdBypassCapacitors_Exec            
0     0033ad59  FD$$MPY                                 
0     0033addc  _epwm3_isr                              
0     0033ae07  _epwm2_isr                              
0     0033ae32  _epwm1_isr                              
0     0033ae5d  _fmin                                   
0     0033ae5d  _fminf                                  
0     0033ae96  _fmax                                   
0     0033ae96  _fmaxf                                  
0     0033aed2  _B2_CmdMakeCapacitorsWork_Exec          
0     0033af3e  _B1_VCBStatus_Update                    
0     0033af78  _B1_VCBStatusGet_Init                   
0     0033af81  _B1_VCBStatusGet_DeltaPoll              
0     0033afa2  _eMBPoll                                
0     0033affc  _BFL_Buzz_Toggle                        
0     0033b001  _BFL_Buzz_SetTrigLevel                  
0     0033b005  _BFL_Buzz_On                            
0     0033b014  _BFL_Buzz_Off                           
0     0033b023  _BFL_Buzz_IsOff                         
0     0033b035  _BFL_Buzz_Init                          
0     0033b055  _CANA_ISR                               
0     0033b0ae  _average_filter_update                  
0     0033b0e3  _average_filter_init                    
0     0033b105  _c_int00                                
0     0033b15b  _eMBFuncReadDiscreteInputs              
0     0033b1ae  _BFL_Button_IsPressed                   
0     0033b1b8  _BFL_Button_Init                        
0     0033b1f9  _BFL_DebugPin_Toggle                    
0     0033b207  _BFL_DebugPin_Set                       
0     0033b215  _BFL_DebugPin_Reset                     
0     0033b223  _BFL_DebugPin_Init                      
0     0033b242  _period_query                           
0     0033b264  _period_query_user                      
0     0033b277  _period_query_user_us                   
0     0033b28a  _eMBFuncReadInputRegister               
0     0033b2c7  _B1_SysModeGet_Init                     
0     0033b2ca  _B1_SysModeGet_DeltaPoll                
0     0033b2ff  _InitCpuTimers                          
0     0033b334  _vMBPortSerialEnable                    
0     0033b356  _EnterCriticalSection                   
0     0033b35a  _ExitCriticalSection                    
0     0033b35e  _serialReceiveOneByteISR                
0     0033b363  _serialSentOneByteISR                   
0     0033b368  _xMBUtilGetBits                         
0     0033b384  _prveMBError2Exception                  
0     0033b392  FD$$CMP                                 
0     0033b3bc  L$$DIV                                  
0     0033b3cb  L$$MOD                                  
0     0033b3d9  UL$$DIV                                 
0     0033b3e0  UL$$MOD                                 
0     0033b3e6  _usMBCRC16                              
0     0033b40f  C$$EXIT                                 
0     0033b40f  _abort                                  
0     0033b411  _exit                                   
0     0033b438  _InitPieCtrl                            
0     0033b457  _EnableInterrupts                       
0     0033b460  _sqrt                                   
0     0033b460  _sqrtf                                  
0     0033b487  _copy_in                                
0     0033b4ab  FD$$TOI                                 
0     0033b4cc  _main                                   
0     0033b4ec  FD$$TOL                                 
0     0033b50b  LL$$CMP                                 
0     0033b51d  ULL$$CMP                                
0     0033b529  I$$TOFD                                 
0     0033b546  _memcpy                                 
0     0033b563  _async_delay                            
0     0033b57f  FS$$TOFD                                
0     0033b59b  L$$TOFD                                 
0     0033b5b7  _prolog_c28x_1                          
0     0033b5bb  _prolog_c28x_2                          
0     0033b5c3  _prolog_c28x_3                          
0     0033b5d0  LL$$AND                                 
0     0033b5d8  LL$$OR                                  
0     0033b5e0  LL$$XOR                                 
0     0033b5e8  _InitAdc                                
0     0033b5fc  _CRC16_Modbus                           
0     0033b60f  _eMBFuncReportSlaveID                   
0     0033b621  __args_main                             
0     0033b633  _InitPieVectTable                       
0     0033b644  _CheckConditionDurationMet              
0     0033b655  FD$$SUB                                 
0     0033b663  _epilog_c28x_1                          
0     0033b667  _epilog_c28x_2                          
0     0033b66f  U$$DIV                                  
0     0033b674  U$$MOD                                  
0     0033b67a  _B3_SysManualMode_DeltaPoll             
0     0033b683  FD$$NEG                                 
0     0033b694  _memset                                 
0     0033b69b  _prvvTIMERExpiredISR                    
0     0033b6a0  __system_pre_init                       
0     0033b6a2  __system_post_cinit                     
0     0033b6a3  ___etext__                              
0     0033b6a3  etext                                   
0     0033b8a4  _PieVectTableInit                       
0     0033b9a4  _s_CRCHi                                
0     0033baa4  _s_CRCLo                                
0     0033bc6a  _usRegInputStart                        
0     0033bc6b  _usRegHoldingStart                      
0     0033bc6c  ___cinit__                              
0     0033bc6c  cinit                                   
0     0033fff6  code_start                              
0     00380080  _ADC_cal                                
1     00000400  __stack                                 
1     00000800  __STACK_END                             
1     00000880  _DevEmuRegs                             
1     00000a80  _FlashRegs                              
1     00000ae0  _CsmRegs                                
1     00000b00  _AdcMirror                              
1     00000b20  _XintfRegs                              
1     00000c00  _CpuTimer0Regs                          
1     00000c08  _CpuTimer1Regs                          
1     00000c10  _CpuTimer2Regs                          
1     00000ce0  _PieCtrlRegs                            
1     00000d00  _PieVectTable                           
1     00001000  _DmaRegs                                
1     00005000  _McbspaRegs                             
1     00005040  _McbspbRegs                             
1     00006000  _ECanaRegs                              
1     00006040  _ECanaLAMRegs                           
1     00006080  _ECanaMOTSRegs                          
1     000060c0  _ECanaMOTORegs                          
1     00006100  _ECanaMboxes                            
1     00006200  _ECanbRegs                              
1     00006240  _ECanbLAMRegs                           
1     00006280  _ECanbMOTSRegs                          
1     000062c0  _ECanbMOTORegs                          
1     00006300  _ECanbMboxes                            
1     00006800  _EPwm1Regs                              
1     00006840  _EPwm2Regs                              
1     00006880  _EPwm3Regs                              
1     000068c0  _EPwm4Regs                              
1     00006900  _EPwm5Regs                              
1     00006940  _EPwm6Regs                              
1     00006a00  _ECap1Regs                              
1     00006a20  _ECap2Regs                              
1     00006a40  _ECap3Regs                              
1     00006a60  _ECap4Regs                              
1     00006a80  _ECap5Regs                              
1     00006aa0  _ECap6Regs                              
1     00006b00  _EQep1Regs                              
1     00006b40  _EQep2Regs                              
1     00006f80  _GpioCtrlRegs                           
1     00006fc0  _GpioDataRegs                           
1     00006fe0  _GpioIntRegs                            
1     00007010  _SysCtrlRegs                            
1     00007040  _SpiaRegs                               
1     00007050  _SciaRegs                               
1     00007070  _XIntruptRegs                           
1     00007100  _AdcRegs                                
1     00007750  _ScibRegs                               
1     00007770  _ScicRegs                               
1     00007900  _I2caRegs                               
1     0000c002  _g_pSysInfo                             
1     0000c004  _g_backGroundTaskMaxRuningTimeUS        
1     0000c006  _g_backGroundTaskRuningTimeUS           
1     0000c008  _g_A                                    
1     0000c00a  _g_B                                    
1     0000c040  _g_AppMainInfo                          
1     0000c540  _ucRTUBuf                               
1     0000c700  __gCOMList                              
1     0000c7b6  _can_rx_msg                             
1     0000c920  _pxMBFrameCBByteReceived                
1     0000c922  _pxMBFrameCBTransmitterEmpty            
1     0000c924  _pxMBPortCBTimerExpired                 
1     0000c926  _pxMBFrameCBReceiveFSMCur               
1     0000c928  _pxMBFrameCBTransmitFSMCur              
1     0000c92c  _epwm1_info                             
1     0000c932  _epwm2_info                             
1     0000c938  _epwm3_info                             
1     0000c990  _CpuTimer0                              
1     0000c998  _CpuTimer1                              
1     0000c9a0  _CpuTimer2                              
1     0000c9be  __lock                                  
1     0000ca00  _usRegHoldingBuf                        
1     0000ca40  _usRegInputBuf                          
1     0000ca7c  __unlock                                
1     0000ca7e  _ucRegCoilsBuf                          
1     0000cab0  _g_vcb_list                             
1     0000cabc  _DMADest                                
1     0000cabe  _DMASource                              
1     0000cacc  ___TI_enable_exit_profile_output        
1     0000cace  ___TI_cleanup_ptr                       
1     0000cad0  ___TI_dtors_ptr                         
1     0000cad2  _ucRegDiscreteBuf                       
1     0000cad7  _boolRegHoldingChanged                  
1     0000cada  _errno                                  
1     0000cb00  _DMABuf1                                
1     0033fff8  _CsmPwl                                 
1     00380090  _PartIdRegs                             
abs   000000e4  _RamfuncsLoadSize                       
abs   00000400  __STACK_SIZE                            
abs   ffffffff  ___TI_pprof_out_hndl                    
abs   ffffffff  ___TI_prof_data_size                    
abs   ffffffff  ___TI_prof_data_start                   
abs   ffffffff  ___binit__                              
abs   ffffffff  ___c_args__                             
abs   ffffffff  ___pinit__                              
abs   ffffffff  binit                                   
abs   ffffffff  pinit                                   

[477 symbols]
