******************************************************************************
             TMS320C2000 Linker PC v22.6.1                     
******************************************************************************
>> Linked Wed May 22 22:38:26 2024

OUTPUT FILE NAME:   <Example_2833xCpuTimer.out>
ENTRY POINT SYMBOL: "code_start"  address: 0033fff6


MEMORY CONFIGURATION

         name            origin    length      used     unused   attr    fill
----------------------  --------  ---------  --------  --------  ----  --------
PAGE 0:
  ZONE0                 00004000   00001000  00000000  00001000  RWIX
  RAML0                 00008000   00001000  000000e4  00000f1c  RWIX
  RAML1                 00009000   00001000  00000000  00001000  RWIX
  RAML2                 0000a000   00001000  00000000  00001000  RWIX
  RAML3                 0000b000   00001000  00000000  00001000  RWIX
  ZONE6                 00100000   00100000  00000000  00100000  RWIX
  ZONE7A                00200000   0000fc00  00000000  0000fc00  RWIX
  FLASHH                00300000   00008000  00000000  00008000  RWIX
  FLASHG                00308000   00008000  00000000  00008000  RWIX
  FLASHF                00310000   00008000  00000000  00008000  RWIX
  FLASHE                00318000   00008000  00000000  00008000  RWIX
  FLASHD                00320000   00008000  000000e4  00007f1c  RWIX
  FLASHC                00328000   00008000  00000000  00008000  RWIX
  FLASHA                00338000   00007f80  00003db5  000041cb  RWIX
  CSM_RSVD              0033ff80   00000076  00000000  00000076  RWIX
  BEGIN                 0033fff6   00000002  00000002  00000000  RWIX
  CSM_PWL               0033fff8   00000008  00000000  00000008  RWIX
  ADC_CAL               00380080   00000009  00000007  00000002  RWIX
  OTP                   00380400   00000400  00000000  00000400  RWIX
  IQTABLES              003fe000   00000b50  00000000  00000b50  RWIX
  IQTABLES2             003feb50   0000008c  00000000  0000008c  RWIX
  FPUTABLES             003febdc   000006a0  00000000  000006a0  RWIX
  ROM                   003ff27c   00000d44  00000000  00000d44  RWIX
  RESET                 003fffc0   00000002  00000000  00000002  RWIX
  VECTORS               003fffc2   0000003e  00000000  0000003e  RWIX

PAGE 1:
  BOOT_RSVD             00000000   00000050  00000000  00000050  RWIX
  RAMM0                 00000050   000003b0  00000000  000003b0  RWIX
  RAMM1                 00000400   00000400  00000400  00000000  RWIX
  DEV_EMU               00000880   00000180  000000d0  000000b0  RWIX
  FLASH_REGS            00000a80   00000060  00000008  00000058  RWIX
  CSM                   00000ae0   00000010  00000010  00000000  RWIX
  ADC_MIRROR            00000b00   00000010  00000010  00000000  RWIX
  XINTF                 00000b20   00000020  0000001e  00000002  RWIX
  CPU_TIMER0            00000c00   00000008  00000008  00000000  RWIX
  CPU_TIMER1            00000c08   00000008  00000008  00000000  RWIX
  CPU_TIMER2            00000c10   00000008  00000008  00000000  RWIX
  PIE_CTRL              00000ce0   00000020  0000001a  00000006  RWIX
  PIE_VECT              00000d00   00000100  00000100  00000000  RWIX
  DMA                   00001000   00000200  000000e0  00000120  RWIX
  MCBSPA                00005000   00000040  00000025  0000001b  RWIX
  MCBSPB                00005040   00000040  00000025  0000001b  RWIX
  ECANA                 00006000   00000040  00000034  0000000c  RWIX
  ECANA_LAM             00006040   00000040  00000040  00000000  RWIX
  ECANA_MOTS            00006080   00000040  00000040  00000000  RWIX
  ECANA_MOTO            000060c0   00000040  00000040  00000000  RWIX
  ECANA_MBOX            00006100   00000100  00000100  00000000  RWIX
  ECANB                 00006200   00000040  00000034  0000000c  RWIX
  ECANB_LAM             00006240   00000040  00000040  00000000  RWIX
  ECANB_MOTS            00006280   00000040  00000040  00000000  RWIX
  ECANB_MOTO            000062c0   00000040  00000040  00000000  RWIX
  ECANB_MBOX            00006300   00000100  00000100  00000000  RWIX
  EPWM1                 00006800   00000022  00000022  00000000  RWIX
  EPWM2                 00006840   00000022  00000022  00000000  RWIX
  EPWM3                 00006880   00000022  00000022  00000000  RWIX
  EPWM4                 000068c0   00000022  00000022  00000000  RWIX
  EPWM5                 00006900   00000022  00000022  00000000  RWIX
  EPWM6                 00006940   00000022  00000022  00000000  RWIX
  ECAP1                 00006a00   00000020  00000020  00000000  RWIX
  ECAP2                 00006a20   00000020  00000020  00000000  RWIX
  ECAP3                 00006a40   00000020  00000020  00000000  RWIX
  ECAP4                 00006a60   00000020  00000020  00000000  RWIX
  ECAP5                 00006a80   00000020  00000020  00000000  RWIX
  ECAP6                 00006aa0   00000020  00000020  00000000  RWIX
  EQEP1                 00006b00   00000040  00000040  00000000  RWIX
  EQEP2                 00006b40   00000040  00000040  00000000  RWIX
  GPIOCTRL              00006f80   00000040  0000002e  00000012  RWIX
  GPIODAT               00006fc0   00000020  00000020  00000000  RWIX
  GPIOINT               00006fe0   00000020  0000000a  00000016  RWIX
  SYSTEM                00007010   00000020  00000020  00000000  RWIX
  SPIA                  00007040   00000010  00000010  00000000  RWIX
  SCIA                  00007050   00000010  00000010  00000000  RWIX
  XINTRUPT              00007070   00000010  00000010  00000000  RWIX
  ADC                   00007100   00000020  0000001e  00000002  RWIX
  SCIB                  00007750   00000010  00000010  00000000  RWIX
  SCIC                  00007770   00000010  00000010  00000000  RWIX
  I2CA                  00007900   00000040  00000022  0000001e  RWIX
  RAML4                 0000c000   00001000  00000e9b  00000165  RWIX
  RAML5                 0000d000   00001000  00000000  00001000  RWIX
  RAML6                 0000e000   00001000  00000000  00001000  RWIX
  RAML7                 0000f000   00001000  00000000  00001000  RWIX
  ZONE7B                0020fc00   00000400  00000000  00000400  RWIX
  FLASHB                00330000   00008000  00000000  00008000  RWIX
  CSM_PWL               0033fff8   00000008  00000008  00000000  RWIX
  PARTID                00380090   00000001  00000001  00000000  RWIX


SECTION ALLOCATION MAP

 output                                  attributes/
section   page    origin      length       input sections
--------  ----  ----------  ----------   ----------------
.TI.ramfunc 
*          0    00320000    000000e4     RUN ADDR = 00008000
                  00320000    000000c3     BFL_Measure.obj (.TI.ramfunc:retain)
                  003200c3    0000001d     DSP2833x_SysCtrl.obj (.TI.ramfunc)
                  003200e0    00000004     DSP2833x_usDelay.obj (.TI.ramfunc)

.cinit     0    0033bc4a    0000016b     
                  0033bc4a    00000096     HDL_Uart.obj (.cinit:__gCOMList)
                  0033bce0    0000002b     APP_Main.obj (.cinit)
                  0033bd0b    0000002b     <whole-program> (.cinit:_xFuncHandlers$29)
                  0033bd36    0000001f     <whole-program> (.cinit)
                  0033bd55    0000000e     rts2800_fpu32.lib : exit.c.obj (.cinit)
                  0033bd63    0000000d     HDL_CPU_Time.obj (.cinit)
                  0033bd70    00000005     <whole-program> (.cinit:__lock)
                  0033bd75    00000005     <whole-program> (.cinit:__unlock)
                  0033bd7a    00000005     period_query.obj (.cinit:_period_last_exe_tick_table)
                  0033bd7f    00000004     BFL_Buzz.obj (.cinit)
                  0033bd83    00000004     BFL_Measure.obj (.cinit)
                  0033bd87    00000004     <whole-program> (.cinit:_g_pageBuf$16)
                  0033bd8b    00000004     HDL_Uart.obj (.cinit:_m_Com1RxBuf)
                  0033bd8f    00000004     HDL_Uart.obj (.cinit:_m_Com1TxBuf)
                  0033bd93    00000004     HDL_Uart.obj (.cinit:_m_Com2RxBuf)
                  0033bd97    00000004     HDL_Uart.obj (.cinit:_m_Com2TxBuf)
                  0033bd9b    00000004     HDL_Uart.obj (.cinit:_m_Com3RxBuf)
                  0033bd9f    00000004     HDL_Uart.obj (.cinit:_m_Com3TxBuf)
                  0033bda3    00000004     <whole-program> (.cinit:_ucRegCoilsBuf)
                  0033bda7    00000004     <whole-program> (.cinit:_ucRegDiscreteBuf)
                  0033bdab    00000004     <whole-program> (.cinit:_usRegHoldingBuf)
                  0033bdaf    00000004     <whole-program> (.cinit:_usRegInputBuf)
                  0033bdb3    00000002     --HOLE-- [fill = 0]

DevEmuRegsFile 
*          1    00000880    000000d0     UNINITIALIZED
                  00000880    000000d0     DSP2833x_GlobalVariableDefs.obj (DevEmuRegsFile)

FlashRegsFile 
*          1    00000a80    00000008     UNINITIALIZED
                  00000a80    00000008     DSP2833x_GlobalVariableDefs.obj (FlashRegsFile)

CsmRegsFile 
*          1    00000ae0    00000010     UNINITIALIZED
                  00000ae0    00000010     DSP2833x_GlobalVariableDefs.obj (CsmRegsFile)

AdcMirrorFile 
*          1    00000b00    00000010     UNINITIALIZED
                  00000b00    00000010     DSP2833x_GlobalVariableDefs.obj (AdcMirrorFile)

XintfRegsFile 
*          1    00000b20    0000001e     UNINITIALIZED
                  00000b20    0000001e     DSP2833x_GlobalVariableDefs.obj (XintfRegsFile)

CpuTimer0RegsFile 
*          1    00000c00    00000008     UNINITIALIZED
                  00000c00    00000008     DSP2833x_GlobalVariableDefs.obj (CpuTimer0RegsFile)

CpuTimer1RegsFile 
*          1    00000c08    00000008     UNINITIALIZED
                  00000c08    00000008     DSP2833x_GlobalVariableDefs.obj (CpuTimer1RegsFile)

CpuTimer2RegsFile 
*          1    00000c10    00000008     UNINITIALIZED
                  00000c10    00000008     DSP2833x_GlobalVariableDefs.obj (CpuTimer2RegsFile)

PieCtrlRegsFile 
*          1    00000ce0    0000001a     UNINITIALIZED
                  00000ce0    0000001a     DSP2833x_GlobalVariableDefs.obj (PieCtrlRegsFile)

PieVectTableFile 
*          1    00000d00    00000100     UNINITIALIZED
                  00000d00    00000100     DSP2833x_GlobalVariableDefs.obj (PieVectTableFile)

DmaRegsFile 
*          1    00001000    000000e0     UNINITIALIZED
                  00001000    000000e0     DSP2833x_GlobalVariableDefs.obj (DmaRegsFile)

McbspaRegsFile 
*          1    00005000    00000025     UNINITIALIZED
                  00005000    00000025     DSP2833x_GlobalVariableDefs.obj (McbspaRegsFile)

McbspbRegsFile 
*          1    00005040    00000025     UNINITIALIZED
                  00005040    00000025     DSP2833x_GlobalVariableDefs.obj (McbspbRegsFile)

ECanaRegsFile 
*          1    00006000    00000034     UNINITIALIZED
                  00006000    00000034     DSP2833x_GlobalVariableDefs.obj (ECanaRegsFile)

ECanaLAMRegsFile 
*          1    00006040    00000040     UNINITIALIZED
                  00006040    00000040     DSP2833x_GlobalVariableDefs.obj (ECanaLAMRegsFile)

ECanaMOTSRegsFile 
*          1    00006080    00000040     UNINITIALIZED
                  00006080    00000040     DSP2833x_GlobalVariableDefs.obj (ECanaMOTSRegsFile)

ECanaMOTORegsFile 
*          1    000060c0    00000040     UNINITIALIZED
                  000060c0    00000040     DSP2833x_GlobalVariableDefs.obj (ECanaMOTORegsFile)

ECanaMboxesFile 
*          1    00006100    00000100     UNINITIALIZED
                  00006100    00000100     DSP2833x_GlobalVariableDefs.obj (ECanaMboxesFile)

ECanbRegsFile 
*          1    00006200    00000034     UNINITIALIZED
                  00006200    00000034     DSP2833x_GlobalVariableDefs.obj (ECanbRegsFile)

ECanbLAMRegsFile 
*          1    00006240    00000040     UNINITIALIZED
                  00006240    00000040     DSP2833x_GlobalVariableDefs.obj (ECanbLAMRegsFile)

ECanbMOTSRegsFile 
*          1    00006280    00000040     UNINITIALIZED
                  00006280    00000040     DSP2833x_GlobalVariableDefs.obj (ECanbMOTSRegsFile)

ECanbMOTORegsFile 
*          1    000062c0    00000040     UNINITIALIZED
                  000062c0    00000040     DSP2833x_GlobalVariableDefs.obj (ECanbMOTORegsFile)

ECanbMboxesFile 
*          1    00006300    00000100     UNINITIALIZED
                  00006300    00000100     DSP2833x_GlobalVariableDefs.obj (ECanbMboxesFile)

EPwm1RegsFile 
*          1    00006800    00000022     UNINITIALIZED
                  00006800    00000022     DSP2833x_GlobalVariableDefs.obj (EPwm1RegsFile)

EPwm2RegsFile 
*          1    00006840    00000022     UNINITIALIZED
                  00006840    00000022     DSP2833x_GlobalVariableDefs.obj (EPwm2RegsFile)

EPwm3RegsFile 
*          1    00006880    00000022     UNINITIALIZED
                  00006880    00000022     DSP2833x_GlobalVariableDefs.obj (EPwm3RegsFile)

EPwm4RegsFile 
*          1    000068c0    00000022     UNINITIALIZED
                  000068c0    00000022     DSP2833x_GlobalVariableDefs.obj (EPwm4RegsFile)

EPwm5RegsFile 
*          1    00006900    00000022     UNINITIALIZED
                  00006900    00000022     DSP2833x_GlobalVariableDefs.obj (EPwm5RegsFile)

EPwm6RegsFile 
*          1    00006940    00000022     UNINITIALIZED
                  00006940    00000022     DSP2833x_GlobalVariableDefs.obj (EPwm6RegsFile)

ECap1RegsFile 
*          1    00006a00    00000020     UNINITIALIZED
                  00006a00    00000020     DSP2833x_GlobalVariableDefs.obj (ECap1RegsFile)

ECap2RegsFile 
*          1    00006a20    00000020     UNINITIALIZED
                  00006a20    00000020     DSP2833x_GlobalVariableDefs.obj (ECap2RegsFile)

ECap3RegsFile 
*          1    00006a40    00000020     UNINITIALIZED
                  00006a40    00000020     DSP2833x_GlobalVariableDefs.obj (ECap3RegsFile)

ECap4RegsFile 
*          1    00006a60    00000020     UNINITIALIZED
                  00006a60    00000020     DSP2833x_GlobalVariableDefs.obj (ECap4RegsFile)

ECap5RegsFile 
*          1    00006a80    00000020     UNINITIALIZED
                  00006a80    00000020     DSP2833x_GlobalVariableDefs.obj (ECap5RegsFile)

ECap6RegsFile 
*          1    00006aa0    00000020     UNINITIALIZED
                  00006aa0    00000020     DSP2833x_GlobalVariableDefs.obj (ECap6RegsFile)

EQep1RegsFile 
*          1    00006b00    00000040     UNINITIALIZED
                  00006b00    00000040     DSP2833x_GlobalVariableDefs.obj (EQep1RegsFile)

EQep2RegsFile 
*          1    00006b40    00000040     UNINITIALIZED
                  00006b40    00000040     DSP2833x_GlobalVariableDefs.obj (EQep2RegsFile)

GpioCtrlRegsFile 
*          1    00006f80    0000002e     UNINITIALIZED
                  00006f80    0000002e     DSP2833x_GlobalVariableDefs.obj (GpioCtrlRegsFile)

GpioDataRegsFile 
*          1    00006fc0    00000020     UNINITIALIZED
                  00006fc0    00000020     DSP2833x_GlobalVariableDefs.obj (GpioDataRegsFile)

GpioIntRegsFile 
*          1    00006fe0    0000000a     UNINITIALIZED
                  00006fe0    0000000a     DSP2833x_GlobalVariableDefs.obj (GpioIntRegsFile)

SysCtrlRegsFile 
*          1    00007010    00000020     UNINITIALIZED
                  00007010    00000020     DSP2833x_GlobalVariableDefs.obj (SysCtrlRegsFile)

SpiaRegsFile 
*          1    00007040    00000010     UNINITIALIZED
                  00007040    00000010     DSP2833x_GlobalVariableDefs.obj (SpiaRegsFile)

SciaRegsFile 
*          1    00007050    00000010     UNINITIALIZED
                  00007050    00000010     DSP2833x_GlobalVariableDefs.obj (SciaRegsFile)

XIntruptRegsFile 
*          1    00007070    00000010     UNINITIALIZED
                  00007070    00000010     DSP2833x_GlobalVariableDefs.obj (XIntruptRegsFile)

AdcRegsFile 
*          1    00007100    0000001e     UNINITIALIZED
                  00007100    0000001e     DSP2833x_GlobalVariableDefs.obj (AdcRegsFile)

ScibRegsFile 
*          1    00007750    00000010     UNINITIALIZED
                  00007750    00000010     DSP2833x_GlobalVariableDefs.obj (ScibRegsFile)

ScicRegsFile 
*          1    00007770    00000010     UNINITIALIZED
                  00007770    00000010     DSP2833x_GlobalVariableDefs.obj (ScicRegsFile)

I2caRegsFile 
*          1    00007900    00000022     UNINITIALIZED
                  00007900    00000022     DSP2833x_GlobalVariableDefs.obj (I2caRegsFile)

CsmPwlFile 
*          1    0033fff8    00000008     UNINITIALIZED
                  0033fff8    00000008     DSP2833x_GlobalVariableDefs.obj (CsmPwlFile)

PartIdRegsFile 
*          1    00380090    00000001     UNINITIALIZED
                  00380090    00000001     DSP2833x_GlobalVariableDefs.obj (PartIdRegsFile)

.pinit     0    00338000    00000000     UNINITIALIZED

.text      0    00338000    0000367c     
                  00338000    000005aa     B1_ModbusRTUSlaver.obj (.text)
                  003385aa    00000377     DSP2833x_DMA.obj (.text)
                  00338921    00000316     DSP2833x_DefaultIsr.obj (.text:retain)
                  00338c37    000002ef     APP_Main.obj (.text)
                  00338f26    000002d8     HDL_Uart.obj (.text)
                  003391fe    00000281     BFL_SCR.obj (.text)
                  0033947f    0000021a     BFL_VCB.obj (.text)
                  00339699    00000215     B3_FaultDetect.obj (.text)
                  003398ae    00000201     HDL_Uart.obj (.text:retain)
                  00339aaf    000001b4     CHIP_W25Q128.obj (.text)
                  00339c63    0000012e     mbrtu.obj (.text)
                  00339d91    00000124     HDL_SPI.obj (.text)
                  00339eb5    00000001     rts2800_fpu32.lib : _lock.c.obj (.text)
                  00339eb6    00000117     BFL_Measure.obj (.text)
                  00339fcd    00000107     rts2800_fpu32.lib : ll_div28.asm.obj (.text)
                  0033a0d4    000000ff     B3_SysAutoMode.obj (.text)
                  0033a1d3    000000fc     DSP2833x_SysCtrl.obj (.text)
                  0033a2cf    000000f5     B1_Measure.obj (.text)
                  0033a3c4    000000ee     DSP2833x_EPwm.obj (.text)
                  0033a4b2    000000e9     HDL_CPU_Time.obj (.text)
                  0033a59b    000000d0     B2_CmdCutOffCapacitors.obj (.text)
                  0033a66b    000000c6     cqueue.obj (.text)
                  0033a731    000000bf     B1_CapacitanceTemperatureMeasure.obj (.text)
                  0033a7f0    000000ba     mbfuncholding.obj (.text)
                  0033a8aa    0000009f     BFL_RS485.obj (.text)
                  0033a949    0000009c     rts2800_fpu32.lib : fd_add28.asm.obj (.text)
                  0033a9e5    00000001                       : startup.c.obj (.text)
                  0033a9e6    00000097     mbcb.obj (.text)
                  0033aa7d    00000094     mbfunccoils.obj (.text)
                  0033ab11    0000008e     HDL_CPU_Time.obj (.text:retain)
                  0033ab9f    0000008b     rts2800_fpu32.lib : fd_div28.asm.obj (.text)
                  0033ac2a    00000088                       : fs_div28.asm.obj (.text)
                  0033acb2    00000083     B2_CmdBypassCapacitors.obj (.text)
                  0033ad35    00000083     rts2800_fpu32.lib : fd_mpy28.asm.obj (.text)
                  0033adb8    00000081     BFL_SCR.obj (.text:retain)
                  0033ae39    00000072     rts2800_fpu32.lib : ti_fmax.c.obj (.text)
                  0033aeab    0000006f     B2_CmdMakeCapacitorsWork.obj (.text)
                  0033af1a    00000064     B1_VCBStatusGet.obj (.text)
                  0033af7e    0000005a     mb.obj (.text)
                  0033afd8    00000059     BFL_Buzz.obj (.text)
                  0033b031    00000059     HDL_CAN.obj (.text:retain)
                  0033b08a    00000057     average_filter.obj (.text)
                  0033b0e1    00000056     rts2800_fpu32.lib : boot28.asm.obj (.text)
                  0033b137    00000052     mbfuncdisc.obj (.text)
                  0033b189    0000004b     BFL_Button.obj (.text)
                  0033b1d4    00000049     BFL_DebugPin.obj (.text)
                  0033b21d    00000048     period_query.obj (.text)
                  0033b265    0000003c     mbfuncinput.obj (.text)
                  0033b2a1    00000038     B1_SysModeGet.obj (.text)
                  0033b2d9    00000035     DSP2833x_CpuTimers.obj (.text)
                  0033b30e    00000034     portserial.obj (.text)
                  0033b342    0000002a     mbutils.obj (.text)
                  0033b36c    0000002a     rts2800_fpu32.lib : fd_cmp28.asm.obj (.text)
                  0033b396    0000002a                       : l_div28.asm.obj (.text)
                  0033b3c0    00000029     mbcrc.obj (.text)
                  0033b3e9    00000029     rts2800_fpu32.lib : exit.c.obj (.text)
                  0033b412    00000028     DSP2833x_PieCtrl.obj (.text)
                  0033b43a    00000027     rts2800_fpu32.lib : e_sqrtf.c.obj (.text)
                  0033b461    00000024                       : cpy_tbl.c.obj (.text)
                  0033b485    00000021                       : fd_toi28.asm.obj (.text)
                  0033b4a6    00000020     main.obj (.text)
                  0033b4c6    0000001f     rts2800_fpu32.lib : fd_tol28.asm.obj (.text)
                  0033b4e5    0000001e                       : ll_cmp28.asm.obj (.text)
                  0033b503    0000001d                       : i_tofd28.asm.obj (.text)
                  0033b520    0000001d                       : memcpy.c.obj (.text)
                  0033b53d    0000001c     async_delay.obj (.text)
                  0033b559    0000001c     rts2800_fpu32.lib : fs_tofdfpu32.asm.obj (.text)
                  0033b575    0000001c                       : l_tofd28.asm.obj (.text)
                  0033b591    00000019                       : prolog28.asm.obj (.text)
                  0033b5aa    00000018                       : ll_aox28.asm.obj (.text)
                  0033b5c2    00000014     DSP2833x_Adc.obj (.text)
                  0033b5d6    00000013     crc.obj (.text)
                  0033b5e9    00000012     mbfuncother.obj (.text)
                  0033b5fb    00000012     rts2800_fpu32.lib : args_main.c.obj (.text)
                  0033b60d    00000011     DSP2833x_PieVect.obj (.text)
                  0033b61e    00000011     state_duration_timer.obj (.text)
                  0033b62f    0000000e     rts2800_fpu32.lib : fd_sub28.asm.obj (.text)
                  0033b63d    0000000c                       : epilog28.asm.obj (.text)
                  0033b649    0000000b                       : u_div28.asm.obj (.text)
                  0033b654    00000009     B3_SysManualMode.obj (.text)
                  0033b65d    00000009     rts2800_fpu32.lib : fd_neg28.asm.obj (.text)
                  0033b666    00000008     DSP2833x_CodeStartBranch.obj (.text)
                  0033b66e    00000007     rts2800_fpu32.lib : memset.c.obj (.text)
                  0033b675    00000005     porttimer.obj (.text)
                  0033b67a    00000002     rts2800_fpu32.lib : pre_init.c.obj (.text)

codestart 
*          0    0033fff6    00000002     
                  0033fff6    00000002     DSP2833x_CodeStartBranch.obj (codestart)

.stack     1    00000400    00000400     UNINITIALIZED
                  00000400    00000400     --HOLE--

.ebss      1    0000c000    00000adb     UNINITIALIZED
                  0000c000    00000340     APP_Main.obj (.ebss)
                  0000c340    00000100     CHIP_W25Q128.obj (.ebss:_g_pageBuf$16)
                  0000c440    00000100     HDL_Uart.obj (.ebss:_m_Com2TxBuf)
                  0000c540    00000100     mbrtu.obj (.ebss:_ucRTUBuf)
                  0000c640    000000a0     BFL_Measure.obj (.ebss:_AdcVoltRMSFilterBuf)
                  0000c6e0    00000020     HDL_Uart.obj (.ebss:_m_Com1TxBuf)
                  0000c700    00000096     HDL_Uart.obj (.ebss:__gCOMList)
                  0000c796    00000020     HDL_Uart.obj (.ebss:_m_Com3TxBuf)
                  0000c7b6    0000000a     HDL_CAN.obj (.ebss)
                  0000c7c0    00000080     BFL_Measure.obj (.ebss:_AdcVoltRMSFilter)
                  0000c840    00000050     HDL_Uart.obj (.ebss:_m_Com1RxBuf)
                  0000c890    00000020     mbfuncother.obj (.ebss:_ucMBSlaveID$27)
                  0000c8b0    00000010     BFL_Measure.obj (.ebss:_AdcAvg)
                  0000c8c0    00000050     HDL_Uart.obj (.ebss:_m_Com2RxBuf)
                  0000c910    0000001c     mb.obj (.ebss)
                  0000c92c    00000012     BFL_SCR.obj (.ebss)
                  0000c93e    00000002     B1_CapacitanceTemperatureMeasure.obj (.ebss)
                  0000c940    00000050     HDL_Uart.obj (.ebss:_m_Com3RxBuf)
                  0000c990    00000018     DSP2833x_CpuTimers.obj (.ebss)
                  0000c9a8    00000016     period_query.obj (.ebss:_period_last_exe_tick_table)
                  0000c9be    00000002     rts2800_fpu32.lib : _lock.c.obj (.ebss:__lock)
                  0000c9c0    00000040     mb.obj (.ebss:_xFuncHandlers$29)
                  0000ca00    0000003c     mbcb.obj (.ebss:_usRegHoldingBuf)
                  0000ca3c    00000004     B1_ModbusRTUSlaver.obj (.ebss)
                  0000ca40    0000003c     mbcb.obj (.ebss:_usRegInputBuf)
                  0000ca7c    00000002     rts2800_fpu32.lib : _lock.c.obj (.ebss:__unlock)
                  0000ca7e    00000002     mbcb.obj (.ebss:_ucRegCoilsBuf)
                  0000ca80    00000010     BFL_Measure.obj (.ebss:_AdcRMS)
                  0000ca90    00000010     BFL_Measure.obj (.ebss:_AdcVoltAvg)
                  0000caa0    00000010     BFL_Measure.obj (.ebss:_AdcVoltRMS)
                  0000cab0    0000000a     BFL_VCB.obj (.ebss:_g_vcb_list)
                  0000caba    00000006     BFL_Measure.obj (.ebss)
                  0000cac0    00000006     HDL_CPU_Time.obj (.ebss)
                  0000cac6    00000006     mbrtu.obj (.ebss)
                  0000cacc    00000006     rts2800_fpu32.lib : exit.c.obj (.ebss)
                  0000cad2    00000002     mbcb.obj (.ebss:_ucRegDiscreteBuf)
                  0000cad4    00000002     portevent.obj (.ebss)
                  0000cad6    00000001     BFL_Buzz.obj (.ebss)
                  0000cad7    00000001     mbcb.obj (.ebss)
                  0000cad8    00000001     mbfuncother.obj (.ebss)
                  0000cad9    00000001     porttimer.obj (.ebss)
                  0000cada    00000001     rts2800_fpu32.lib : errno.c.obj (.ebss)

.econst    0    0033b67c    000005ce     
                  0033b67c    00000100     mbcrc.obj (.econst:.string:_aucCRCHi$34)
                  0033b77c    00000100     mbcrc.obj (.econst:.string:_aucCRCLo$34)
                  0033b87c    00000100     DSP2833x_PieVect.obj (.econst:_PieVectTableInit)
                  0033b97c    00000100     crc.obj (.econst:_s_CRCHi)
                  0033ba7c    00000100     crc.obj (.econst:_s_CRCLo)
                  0033bb7c    0000005b     BFL_VCB.obj (.econst:.string)
                  0033bbd7    00000001     CHIP_W25Q128.obj (.econst:_$P$T2$3$16)
                  0033bbd8    00000026     rts2800_fpu32.lib : _printfi.c.obj (.econst:.string)
                  0033bbfe    0000001c                       : _printfi.c.obj (.econst)
                  0033bc1a    00000010     <whole-program> (.econst)
                  0033bc2a    00000008     B1_CapacitanceTemperatureMeasure.obj (.econst:_request_cmd$2)
                  0033bc32    00000006     APP_Main.obj (.econst:.string)
                  0033bc38    00000006     CHIP_W25Q128.obj (.econst:_$P$T5$6$16)
                  0033bc3e    00000004     CHIP_W25Q128.obj (.econst:_$P$T4$5$16)
                  0033bc42    00000004     CHIP_W25Q128.obj (.econst:_$P$T6$7$16)
                  0033bc46    00000002     CHIP_W25Q128.obj (.econst:_$P$T0$1$16)
                  0033bc48    00000002     mbcb.obj (.econst)

DMARAML4   1    0000cb00    000003c0     UNINITIALIZED
                  0000cb00    000003c0     BFL_Measure.obj (DMARAML4)

.reset     0    003fffc0    00000002     DSECT
                  003fffc0    00000002     rts2800_fpu32.lib : boot28.asm.obj (.reset)

vectors    0    003fffc2    00000000     DSECT

.adc_cal   0    00380080    00000007     NOLOAD SECTION
                  00380080    00000007     DSP2833x_ADC_cal.obj (.adc_cal)

MODULE SUMMARY

       Module                                   code    initialized data   uninitialized data
       ------                                   ----    ----------------   ------------------
    .\
       DSP2833x_GlobalVariableDefs.obj          0       0                  2679              
       DSP2833x_DMA.obj                         887     0                  0                 
       DSP2833x_DefaultIsr.obj                  790     0                  0                 
       DSP2833x_SysCtrl.obj                     310     0                  0                 
       DSP2833x_PieVect.obj                     17      256                0                 
       DSP2833x_EPwm.obj                        238     0                  0                 
       DSP2833x_CpuTimers.obj                   53      0                  24                
       DSP2833x_PieCtrl.obj                     40      0                  0                 
       DSP2833x_Adc.obj                         20      0                  0                 
       DSP2833x_CodeStartBranch.obj             10      0                  0                 
       DSP2833x_usDelay.obj                     8       0                  0                 
       DSP2833x_ADC_cal.obj                     7       0                  0                 
    +--+----------------------------------------+-------+------------------+--------------------+
       Total:                                   2380    256                2703              
                                                                                             
    .\APP\
       APP_Main.obj                             751     49                 832               
       B1_ModbusRTUSlaver.obj                   1450    0                  4                 
       B3_FaultDetect.obj                       533     0                  0                 
       B3_SysAutoMode.obj                       255     0                  0                 
       B1_Measure.obj                           245     0                  0                 
       B2_CmdCutOffCapacitors.obj               208     0                  0                 
       B1_CapacitanceTemperatureMeasure.obj     191     8                  2                 
       B2_CmdBypassCapacitors.obj               131     0                  0                 
       B2_CmdMakeCapacitorsWork.obj             111     0                  0                 
       B1_VCBStatusGet.obj                      100     0                  0                 
       B1_SysModeGet.obj                        56      0                  0                 
       B3_SysManualMode.obj                     9       0                  0                 
    +--+----------------------------------------+-------+------------------+--------------------+
       Total:                                   4040    57                 838               
                                                                                             
    .\Application\
       main.obj                                 32      0                  0                 
    +--+----------------------------------------+-------+------------------+--------------------+
       Total:                                   32      0                  0                 
                                                                                             
    .\BFL\
       BFL_Measure.obj                          669     4                  1318              
       BFL_SCR.obj                              770     0                  18                
       BFL_VCB.obj                              538     91                 10                
       BFL_RS485.obj                            159     0                  0                 
       period_query.obj                         72      5                  22                
       BFL_Buzz.obj                             89      4                  1                 
       BFL_Button.obj                           75      0                  0                 
       BFL_DebugPin.obj                         73      0                  0                 
       async_delay.obj                          28      0                  0                 
       state_duration_timer.obj                 17      0                  0                 
    +--+----------------------------------------+-------+------------------+--------------------+
       Total:                                   2490    104                1369              
                                                                                             
    .\CHIP\
       CHIP_W25Q128.obj                         436     17                 256               
    +--+----------------------------------------+-------+------------------+--------------------+
       Total:                                   436     17                 256               
                                                                                             
    .\HDL\
       HDL_Uart.obj                             1241    174                710               
       HDL_CPU_Time.obj                         375     13                 6                 
       HDL_SPI.obj                              292     0                  0                 
       HDL_CAN.obj                              89      0                  10                
    +--+----------------------------------------+-------+------------------+--------------------+
       Total:                                   1997    187                726               
                                                                                             
    .\LIB\
       crc.obj                                  19      512                0                 
       cqueue.obj                               198     0                  0                 
       average_filter.obj                       87      0                  0                 
    +--+----------------------------------------+-------+------------------+--------------------+
       Total:                                   304     512                0                 
                                                                                             
    .\freemodbus\
       mb.obj                                   90      0                  92                
    +--+----------------------------------------+-------+------------------+--------------------+
       Total:                                   90      0                  92                
                                                                                             
    .\freemodbus\functions\
       mbfuncholding.obj                        186     0                  0                 
       mbfunccoils.obj                          148     0                  0                 
       mbfuncdisc.obj                           82      0                  0                 
       mbfuncinput.obj                          60      0                  0                 
       mbfuncother.obj                          18      0                  33                
       mbutils.obj                              42      0                  0                 
    +--+----------------------------------------+-------+------------------+--------------------+
       Total:                                   536     0                  33                
                                                                                             
    .\freemodbus\port\
       mbcb.obj                                 151     2                  125               
       portserial.obj                           52      0                  0                 
       porttimer.obj                            5       0                  1                 
       portevent.obj                            0       0                  2                 
    +--+----------------------------------------+-------+------------------+--------------------+
       Total:                                   208     2                  128               
                                                                                             
    .\freemodbus\rtu\
       mbrtu.obj                                302     0                  262               
       mbcrc.obj                                41      512                0                 
    +--+----------------------------------------+-------+------------------+--------------------+
       Total:                                   343     512                262               
                                                                                             
    C:\Users\liuyu\AppData\Local\Temp\
       {C33F6807-95E7-4019-AE82-6AFBB3EBD7D6}   0       120                0                 
    +--+----------------------------------------+-------+------------------+--------------------+
       Total:                                   0       120                0                 
                                                                                             
    C:/ti/ccstheia131/ccs/tools/compiler/ti-cgt-c2000_22.6.1A23259/lib/rts2800_fpu32.lib
       ll_div28.asm.obj                         263     0                  0                 
       fd_add28.asm.obj                         156     0                  0                 
       fd_div28.asm.obj                         139     0                  0                 
       fs_div28.asm.obj                         136     0                  0                 
       fd_mpy28.asm.obj                         131     0                  0                 
       ti_fmax.c.obj                            114     0                  0                 
       boot28.asm.obj                           86      0                  0                 
       _printfi.c.obj                           0       66                 0                 
       exit.c.obj                               41      14                 6                 
       fd_cmp28.asm.obj                         42      0                  0                 
       l_div28.asm.obj                          42      0                  0                 
       e_sqrtf.c.obj                            39      0                  0                 
       cpy_tbl.c.obj                            36      0                  0                 
       fd_toi28.asm.obj                         33      0                  0                 
       fd_tol28.asm.obj                         31      0                  0                 
       ll_cmp28.asm.obj                         30      0                  0                 
       i_tofd28.asm.obj                         29      0                  0                 
       memcpy.c.obj                             29      0                  0                 
       fs_tofdfpu32.asm.obj                     28      0                  0                 
       l_tofd28.asm.obj                         28      0                  0                 
       prolog28.asm.obj                         25      0                  0                 
       ll_aox28.asm.obj                         24      0                  0                 
       args_main.c.obj                          18      0                  0                 
       fd_sub28.asm.obj                         14      0                  0                 
       epilog28.asm.obj                         12      0                  0                 
       u_div28.asm.obj                          11      0                  0                 
       fd_neg28.asm.obj                         9       0                  0                 
       memset.c.obj                             7       0                  0                 
       _lock.c.obj                              1       0                  4                 
       pre_init.c.obj                           2       0                  0                 
       errno.c.obj                              0       0                  1                 
       startup.c.obj                            1       0                  0                 
    +--+----------------------------------------+-------+------------------+--------------------+
       Total:                                   1557    80                 11                
                                                                                             
       Stack:                                   0       0                  1024              
    +--+----------------------------------------+-------+------------------+--------------------+
       Grand Total:                             14413   1847               7442              


GLOBAL DATA SYMBOLS: SORTED BY DATA PAGE

address     data page           name
--------    ----------------    ----
00000400      10 (00000400)     __stack

00000880      22 (00000880)     _DevEmuRegs

00000a80      2a (00000a80)     _FlashRegs

00000ae0      2b (00000ac0)     _CsmRegs

00000b00      2c (00000b00)     _AdcMirror
00000b20      2c (00000b00)     _XintfRegs

00000c00      30 (00000c00)     _CpuTimer0Regs
00000c08      30 (00000c00)     _CpuTimer1Regs
00000c10      30 (00000c00)     _CpuTimer2Regs

00000ce0      33 (00000cc0)     _PieCtrlRegs

00000d00      34 (00000d00)     _PieVectTable

00001000      40 (00001000)     _DmaRegs

00005000     140 (00005000)     _McbspaRegs

00005040     141 (00005040)     _McbspbRegs

00006000     180 (00006000)     _ECanaRegs

00006040     181 (00006040)     _ECanaLAMRegs

00006080     182 (00006080)     _ECanaMOTSRegs

000060c0     183 (000060c0)     _ECanaMOTORegs

00006100     184 (00006100)     _ECanaMboxes

00006200     188 (00006200)     _ECanbRegs

00006240     189 (00006240)     _ECanbLAMRegs

00006280     18a (00006280)     _ECanbMOTSRegs

000062c0     18b (000062c0)     _ECanbMOTORegs

00006300     18c (00006300)     _ECanbMboxes

00006800     1a0 (00006800)     _EPwm1Regs

00006840     1a1 (00006840)     _EPwm2Regs

00006880     1a2 (00006880)     _EPwm3Regs

000068c0     1a3 (000068c0)     _EPwm4Regs

00006900     1a4 (00006900)     _EPwm5Regs

00006940     1a5 (00006940)     _EPwm6Regs

00006a00     1a8 (00006a00)     _ECap1Regs
00006a20     1a8 (00006a00)     _ECap2Regs

00006a40     1a9 (00006a40)     _ECap3Regs
00006a60     1a9 (00006a40)     _ECap4Regs

00006a80     1aa (00006a80)     _ECap5Regs
00006aa0     1aa (00006a80)     _ECap6Regs

00006b00     1ac (00006b00)     _EQep1Regs

00006b40     1ad (00006b40)     _EQep2Regs

00006f80     1be (00006f80)     _GpioCtrlRegs

00006fc0     1bf (00006fc0)     _GpioDataRegs
00006fe0     1bf (00006fc0)     _GpioIntRegs

00007010     1c0 (00007000)     _SysCtrlRegs

00007040     1c1 (00007040)     _SpiaRegs
00007050     1c1 (00007040)     _SciaRegs
00007070     1c1 (00007040)     _XIntruptRegs

00007100     1c4 (00007100)     _AdcRegs

00007750     1dd (00007740)     _ScibRegs
00007770     1dd (00007740)     _ScicRegs

00007900     1e4 (00007900)     _I2caRegs

0000c002     300 (0000c000)     _g_pSysInfo
0000c004     300 (0000c000)     _g_backGroundTaskMaxRuningTimeUS
0000c006     300 (0000c000)     _g_A
0000c008     300 (0000c000)     _g_B

0000c040     301 (0000c040)     _g_AppMainInfo

0000c540     315 (0000c540)     _ucRTUBuf

0000c700     31c (0000c700)     __gCOMList

0000c7b6     31e (0000c780)     _can_rx_msg

0000c920     324 (0000c900)     _pxMBFrameCBByteReceived
0000c922     324 (0000c900)     _pxMBFrameCBTransmitterEmpty
0000c924     324 (0000c900)     _pxMBPortCBTimerExpired
0000c926     324 (0000c900)     _pxMBFrameCBReceiveFSMCur
0000c928     324 (0000c900)     _pxMBFrameCBTransmitFSMCur
0000c92c     324 (0000c900)     _epwm1_info
0000c932     324 (0000c900)     _epwm2_info
0000c938     324 (0000c900)     _epwm3_info

0000c990     326 (0000c980)     _CpuTimer0
0000c998     326 (0000c980)     _CpuTimer1
0000c9a0     326 (0000c980)     _CpuTimer2
0000c9be     326 (0000c980)     __lock

0000ca00     328 (0000ca00)     _usRegHoldingBuf

0000ca40     329 (0000ca40)     _usRegInputBuf
0000ca7c     329 (0000ca40)     __unlock
0000ca7e     329 (0000ca40)     _ucRegCoilsBuf

0000cab0     32a (0000ca80)     _g_vcb_list
0000cabc     32a (0000ca80)     _DMADest
0000cabe     32a (0000ca80)     _DMASource

0000cacc     32b (0000cac0)     ___TI_enable_exit_profile_output
0000cace     32b (0000cac0)     ___TI_cleanup_ptr
0000cad0     32b (0000cac0)     ___TI_dtors_ptr
0000cad2     32b (0000cac0)     _ucRegDiscreteBuf
0000cad7     32b (0000cac0)     _boolRegHoldingChanged
0000cada     32b (0000cac0)     _errno

0000cb00     32c (0000cb00)     _DMABuf1

0033b87c    cee1 (0033b840)     _PieVectTableInit

0033b97c    cee5 (0033b940)     _s_CRCHi

0033ba7c    cee9 (0033ba40)     _s_CRCLo

0033bc48    cef1 (0033bc40)     _usRegInputStart
0033bc49    cef1 (0033bc40)     _usRegHoldingStart

0033fff8    cfff (0033ffc0)     _CsmPwl

00380090    e002 (00380080)     _PartIdRegs


GLOBAL SYMBOLS: SORTED ALPHABETICALLY BY Name 

page  address   name                                    
----  -------   ----                                    
0     00338000  .text                                   
0     0033b3e9  C$$EXIT                                 
0     0033a949  FD$$ADD                                 
0     0033b36c  FD$$CMP                                 
0     0033ab9f  FD$$DIV                                 
0     0033ad35  FD$$MPY                                 
0     0033b65d  FD$$NEG                                 
0     0033b62f  FD$$SUB                                 
0     0033b485  FD$$TOI                                 
0     0033b4c6  FD$$TOL                                 
0     0033ac2a  FS$$DIV                                 
0     0033b559  FS$$TOFD                                
0     0033b503  I$$TOFD                                 
0     0033b396  L$$DIV                                  
0     0033b3a5  L$$MOD                                  
0     0033b575  L$$TOFD                                 
0     0033b5aa  LL$$AND                                 
0     0033b4e5  LL$$CMP                                 
0     00339fcd  LL$$DIV                                 
0     0033a009  LL$$MOD                                 
0     0033b5b2  LL$$OR                                  
0     0033b5ba  LL$$XOR                                 
0     0033b649  U$$DIV                                  
0     0033b64e  U$$MOD                                  
0     0033b3b3  UL$$DIV                                 
0     0033b3ba  UL$$MOD                                 
0     0033b4f7  ULL$$CMP                                
0     0033a043  ULL$$DIV                                
0     0033a072  ULL$$MOD                                
0     00338c2d  _ADCINT_ISR                             
0     00380080  _ADC_cal                                
0     00338e66  _APP_Main_Init                          
0     00338f0e  _APP_Main_Poll                          
0     00338d48  _APP_Main_Save_SysInfo                  
0     00338f13  _APP_Main_SysinfoSavePoll               
1     00000b00  _AdcMirror                              
1     00007100  _AdcRegs                                
0     0033a7d8  _B1_CapacitanceTemperatureMeasure_Init  
0     0033a731  _B1_CapacitanceTemperatureMeasure_Poll  
0     0033a38d  _B1_Measure_Init                        
0     0033a2cf  _B1_Measure_Poll                        
0     00338571  _B1_ModbusRTUSlaver_Init                
0     0033854f  _B1_ModbusRTUSlaver_Poll                
0     0033b2a4  _B1_SysModeGet_DeltaPoll                
0     0033b2a1  _B1_SysModeGet_Init                     
0     0033af5d  _B1_VCBStatusGet_DeltaPoll              
0     0033af54  _B1_VCBStatusGet_Init                   
0     0033af1a  _B1_VCBStatus_Update                    
0     0033acc0  _B2_CmdBypassCapacitors_Exec            
0     0033a5a9  _B2_CmdCutOffCapacitors_Exec            
0     0033a62c  _B2_CmdCutOffCapacitors_Exec_Solution   
0     0033aeae  _B2_CmdMakeCapacitorsWork_Exec          
0     00339699  _B3_Check_Minor_Fault_Exist             
0     00339814  _B3_Check_SCR_Serious_Fault             
0     0033a0d4  _B3_SysAutoMode_DeltaPoll               
0     0033b654  _B3_SysManualMode_DeltaPoll             
0     0033b193  _BFL_Button_Init                        
0     0033b189  _BFL_Button_IsPressed                   
0     0033b011  _BFL_Buzz_Init                          
0     0033afff  _BFL_Buzz_IsOff                         
0     0033aff0  _BFL_Buzz_Off                           
0     0033afe1  _BFL_Buzz_On                            
0     0033afdd  _BFL_Buzz_SetTrigLevel                  
0     0033afd8  _BFL_Buzz_Toggle                        
0     0033b1fe  _BFL_DebugPin_Init                      
0     0033b1f0  _BFL_DebugPin_Reset                     
0     0033b1e2  _BFL_DebugPin_Set                       
0     0033b1d4  _BFL_DebugPin_Toggle                    
0     00339fb0  _BFL_Measure_Init                       
0     00339f8f  _BFL_Measure_Read                       
0     00339f89  _BFL_Measure_ReadReady                  
0     0033a8fe  _BFL_RS485_Init                         
0     0033a8f0  _BFL_RS485_Read                         
0     0033a8e2  _BFL_RS485_Release_Bus                  
0     0033a8dd  _BFL_RS485_Release_Bus_RS4851           
0     0033a8d8  _BFL_RS485_Release_Bus_RS4852           
0     0033a8aa  _BFL_RS485_Take_Bus                     
0     0033a8d3  _BFL_RS485_Take_Bus_RS4851              
0     0033a8ce  _BFL_RS485_Take_Bus_RS4852              
0     0033a8b8  _BFL_RS485_Write                        
0     0033943e  _BFL_SCRR_Have_Signal                   
0     003393b6  _BFL_SCRT_Pluse_Transmit                
0     0033930d  _BFL_SCR_Init                           
0     00339686  _BFL_VCB_CTRL_STATE_To_String           
0     00339664  _BFL_VCB_Get_Actual_State               
0     00339657  _BFL_VCB_Get_Setting_State              
0     0033964a  _BFL_VCB_Relay_Get_Setting_State        
0     003395bb  _BFL_VCB_Relay_Set_As_Switch_Closed     
0     0033947f  _BFL_VCB_Relay_Set_As_Switch_No_Ctrl    
0     00339556  _BFL_VCB_Relay_Set_As_Switch_Opened     
0     0033963c  _BFL_VCB_STATE_To_String                
0     0033961c  _BFL_VCB_SW_To_String                   
0     0033960e  _BFL_VCB_Set_As_Switch_Closed           
0     003395b6  _BFL_VCB_Set_As_Switch_No_Ctrl          
0     003395a9  _BFL_VCB_Set_As_Switch_Opened           
0     003394be  _BFL_VCB_Seurity_Init                   
0     00338e93  _BackGroundTask                         
0     0033b031  _CANA_ISR                               
0     00339b25  _CHIP_W25Q128_Erase_One_Sector          
0     00339c58  _CHIP_W25Q128_Init                      
0     00339c14  _CHIP_W25Q128_Read                      
0     00339bb5  _CHIP_W25Q128_Write                     
0     0033b5d6  _CRC16_Modbus                           
0     0033b61e  _CheckConditionDurationMet              
0     00338e43  _Clear_All_Fault                        
0     00338c37  _Config_Default_Parameter               
0     00338e2c  _Config_PowerOn_Parameter               
1     0000c990  _CpuTimer0                              
1     00000c00  _CpuTimer0Regs                          
1     0000c998  _CpuTimer1                              
1     00000c08  _CpuTimer1Regs                          
1     0000c9a0  _CpuTimer2                              
1     00000c10  _CpuTimer2Regs                          
1     0033fff8  _CsmPwl                                 
1     00000ae0  _CsmRegs                                
0     0033a2a1  _CsmUnlock                              
0     00338c23  _DATALOG_ISR                            
0     00338c19  _DINTCH1_ISR                            
0     00338c0f  _DINTCH2_ISR                            
0     00338c05  _DINTCH3_ISR                            
0     00338bfb  _DINTCH4_ISR                            
0     00338bf1  _DINTCH5_ISR                            
0     00338be7  _DINTCH6_ISR                            
1     0000cb00  _DMABuf1                                
0     00338917  _DMACH1AddrConfig                       
0     0033890e  _DMACH1BurstConfig                      
0     003388ab  _DMACH1ModeConfig                       
0     003388a2  _DMACH1TransferConfig                   
0     00338898  _DMACH1WrapConfig                       
0     0033888e  _DMACH2AddrConfig                       
0     00338885  _DMACH2BurstConfig                      
0     00338822  _DMACH2ModeConfig                       
0     00338819  _DMACH2TransferConfig                   
0     0033880f  _DMACH2WrapConfig                       
0     00338805  _DMACH3AddrConfig                       
0     003387fc  _DMACH3BurstConfig                      
0     00338799  _DMACH3ModeConfig                       
0     00338790  _DMACH3TransferConfig                   
0     00338786  _DMACH3WrapConfig                       
0     0033877c  _DMACH4AddrConfig                       
0     00338773  _DMACH4BurstConfig                      
0     0033870e  _DMACH4ModeConfig                       
0     00338705  _DMACH4TransferConfig                   
0     003386fb  _DMACH4WrapConfig                       
0     003386f1  _DMACH5AddrConfig                       
0     003386e8  _DMACH5BurstConfig                      
0     00338683  _DMACH5ModeConfig                       
0     0033867a  _DMACH5TransferConfig                   
0     00338670  _DMACH5WrapConfig                       
0     00338666  _DMACH6AddrConfig                       
0     0033865d  _DMACH6BurstConfig                      
0     003385f8  _DMACH6ModeConfig                       
0     003385ef  _DMACH6TransferConfig                   
0     003385e5  _DMACH6WrapConfig                       
1     0000cabc  _DMADest                                
0     003385da  _DMAInitialize                          
1     0000cabe  _DMASource                              
0     000080e0  _DSP28x_usDelay                         
1     00000880  _DevEmuRegs                             
0     0033a1dd  _DisableDog                             
1     00001000  _DmaRegs                                
0     00338bdd  _ECAN0INTA_ISR                          
0     00338bd3  _ECAN0INTB_ISR                          
0     00338bc9  _ECAN1INTA_ISR                          
0     00338bbf  _ECAN1INTB_ISR                          
0     00338bb5  _ECAP1_INT_ISR                          
0     00338bab  _ECAP2_INT_ISR                          
0     00338ba1  _ECAP3_INT_ISR                          
0     00338b97  _ECAP4_INT_ISR                          
0     00338b8d  _ECAP5_INT_ISR                          
0     00338b83  _ECAP6_INT_ISR                          
1     00006040  _ECanaLAMRegs                           
1     000060c0  _ECanaMOTORegs                          
1     00006080  _ECanaMOTSRegs                          
1     00006100  _ECanaMboxes                            
1     00006000  _ECanaRegs                              
1     00006240  _ECanbLAMRegs                           
1     000062c0  _ECanbMOTORegs                          
1     00006280  _ECanbMOTSRegs                          
1     00006300  _ECanbMboxes                            
1     00006200  _ECanbRegs                              
1     00006a00  _ECap1Regs                              
1     00006a20  _ECap2Regs                              
1     00006a40  _ECap3Regs                              
1     00006a60  _ECap4Regs                              
1     00006a80  _ECap5Regs                              
1     00006aa0  _ECap6Regs                              
0     00338b79  _EMUINT_ISR                             
0     00338b6f  _EPWM1_INT_ISR                          
0     00338b65  _EPWM1_TZINT_ISR                        
0     00338b5b  _EPWM2_INT_ISR                          
0     00338b51  _EPWM2_TZINT_ISR                        
0     00338b47  _EPWM3_INT_ISR                          
0     00338b3d  _EPWM3_TZINT_ISR                        
0     00338b33  _EPWM4_INT_ISR                          
0     00338b29  _EPWM4_TZINT_ISR                        
0     00338b1f  _EPWM5_INT_ISR                          
0     00338b15  _EPWM5_TZINT_ISR                        
0     00338b0b  _EPWM6_INT_ISR                          
0     00338b01  _EPWM6_TZINT_ISR                        
1     00006800  _EPwm1Regs                              
1     00006840  _EPwm2Regs                              
1     00006880  _EPwm3Regs                              
1     000068c0  _EPwm4Regs                              
1     00006900  _EPwm5Regs                              
1     00006940  _EPwm6Regs                              
0     00338af7  _EQEP1_INT_ISR                          
0     00338aed  _EQEP2_INT_ISR                          
1     00006b00  _EQep1Regs                              
1     00006b40  _EQep2Regs                              
0     0033b431  _EnableInterrupts                       
0     0033b330  _EnterCriticalSection                   
0     0033b334  _ExitCriticalSection                    
1     00000a80  _FlashRegs                              
0     00339aaf  _Flash_ReadSR1                          
0     00339adb  _Flash_Wait_Busy                        
0     00339af8  _Flash_Write_Enable                     
0     00338ee2  _ForeGroundTask                         
1     00006f80  _GpioCtrlRegs                           
1     00006fc0  _GpioDataRegs                           
1     00006fe0  _GpioIntRegs                            
0     0033a586  _HDL_CPU_Time_DelayMs                   
0     0033a574  _HDL_CPU_Time_DelayUs                   
0     0033a56a  _HDL_CPU_Time_GetTick                   
0     0033a563  _HDL_CPU_Time_GetUsTick                 
0     0033a513  _HDL_CPU_Time_Init                      
0     0033a50e  _HDL_CPU_Time_ResetTick                 
0     0033a508  _HDL_CPU_Time_ResetUsTick               
0     0033a504  _HDL_CPU_Time_SetCPUTickCallback        
0     0033a4ec  _HDL_CPU_Time_StartHardTimer            
0     0033a4b2  _HDL_CPU_Time_StopHardTimer             
0     00339e85  _HDL_SPI_Init                           
0     00339e50  _HDL_SPI_Read                           
0     00339e1f  _HDL_SPI_Write                          
0     00339dce  _HDL_SPI_WriteRead                      
0     00338ae3  _I2CINT1A_ISR                           
0     00338ad9  _I2CINT2A_ISR                           
1     00007900  _I2caRegs                               
0     00338acf  _ILLEGAL_ISR                            
0     00338ac5  _INT13_ISR                              
0     00338abb  _INT14_ISR                              
0     0033b5c2  _InitAdc                                
0     0033b2d9  _InitCpuTimers                          
0     0033a4b1  _InitEPwm                               
0     003392aa  _InitEPwm1Example                       
0     0033a41c  _InitEPwm1Gpio                          
0     00339254  _InitEPwm2Example                       
0     0033a432  _InitEPwm2Gpio                          
0     003391fe  _InitEPwm3Example                       
0     0033a448  _InitEPwm3Gpio                          
0     0033a460  _InitEPwm4Gpio                          
0     0033a478  _InitEPwm5Gpio                          
0     0033a48e  _InitEPwm6Gpio                          
0     0033a4a4  _InitEPwmGpio                           
0     0033a401  _InitEPwmSyncGpio                       
0     000080c3  _InitFlash                              
0     0033a232  _InitPeripheralClocks                   
0     0033b412  _InitPieCtrl                            
0     0033b60d  _InitPieVectTable                       
0     0033a1e5  _InitPll                                
0     003390b1  _InitSciaGpio                           
0     00339097  _InitScibGpio                           
0     00339008  _InitScicGpio                           
0     00339da2  _InitSpiGpio                            
0     00339da2  _InitSpiaGpio                           
0     0033a298  _InitSysCtrl                            
0     0033a3c4  _InitTzGpio                             
0     00338ab1  _LUF_ISR                                
0     00338aa7  _LVF_ISR                                
0     00338dad  _Load_Parameter_From_Flash              
0     00338a9d  _MRINTA_ISR                             
0     00338a93  _MRINTB_ISR                             
0     00338a89  _MXINTA_ISR                             
0     00338a7f  _MXINTB_ISR                             
1     00005000  _McbspaRegs                             
1     00005040  _McbspbRegs                             
0     00338a75  _NMI_ISR                                
0     00338a6b  _PIE_RESERVED                           
1     00380090  _PartIdRegs                             
1     00000ce0  _PieCtrlRegs                            
1     00000d00  _PieVectTable                           
0     0033b87c  _PieVectTableInit                       
0     00338a61  _RTOSINT_ISR                            
0     003200e4  _RamfuncsLoadEnd                        
abs   000000e4  _RamfuncsLoadSize                       
0     00320000  _RamfuncsLoadStart                      
0     00008000  _RamfuncsRunStart                       
0     00338a57  _SCIRXINTA_ISR                          
0     00338a4d  _SCIRXINTB_ISR                          
0     00338a43  _SCIRXINTC_ISR                          
0     00338a39  _SCITXINTA_ISR                          
0     00338a2f  _SCITXINTB_ISR                          
0     00338a25  _SCITXINTC_ISR                          
0     00338a1b  _SEQ1INT_ISR                            
0     00338a11  _SEQ2INT_ISR                            
0     00338a07  _SPIRXINTA_ISR                          
0     003389fd  _SPITXINTA_ISR                          
1     00007050  _SciaRegs                               
1     00007750  _ScibRegs                               
1     00007770  _ScicRegs                               
0     0033a1d3  _ServiceDog                             
1     00007040  _SpiaRegs                               
0     003385d2  _StartDMACH1                            
0     003385ca  _StartDMACH2                            
0     003385c2  _StartDMACH3                            
0     003385ba  _StartDMACH4                            
0     003385b2  _StartDMACH5                            
0     003385aa  _StartDMACH6                            
0     00338000  _SyncModbusRegToSysinfo                 
0     003381ed  _SyncSysinfoToModbusReg                 
1     00007010  _SysCtrlRegs                            
0     003389f3  _TINT0_ISR                              
0     00338f26  _USART_Callback                         
0     003389e9  _USER10_ISR                             
0     003389df  _USER11_ISR                             
0     003389d5  _USER12_ISR                             
0     003389cb  _USER1_ISR                              
0     003389c1  _USER2_ISR                              
0     003389b7  _USER3_ISR                              
0     003389ad  _USER4_ISR                              
0     003389a3  _USER5_ISR                              
0     00338999  _USER6_ISR                              
0     0033898f  _USER7_ISR                              
0     00338985  _USER8_ISR                              
0     0033897b  _USER9_ISR                              
0     003391e6  _Uart_AvailableBytes                    
0     003391c1  _Uart_EmptyReadBuffer                   
0     003390cd  _Uart_Init                              
0     00338ff0  _Uart_Read                              
0     00338fe2  _Uart_RegisterReceiveCharCallback       
0     00338fd4  _Uart_RegisterReceiveReadyCharCallback  
0     00338fc5  _Uart_SetWriteOverCallback              
0     00338fb6  _Uart_UnregisterReceiveCharCallback     
0     00338f68  _Uart_Write                             
0     00338971  _WAKEINT_ISR                            
0     00338967  _XINT1_ISR                              
0     0033895d  _XINT2_ISR                              
0     00338953  _XINT3_ISR                              
0     00338949  _XINT4_ISR                              
0     0033893f  _XINT5_ISR                              
0     00338935  _XINT6_ISR                              
0     0033892b  _XINT7_ISR                              
1     00007070  _XIntruptRegs                           
1     00000b20  _XintfRegs                              
1     00000800  __STACK_END                             
abs   00000400  __STACK_SIZE                            
1     0000cace  ___TI_cleanup_ptr                       
1     0000cad0  ___TI_dtors_ptr                         
1     0000cacc  ___TI_enable_exit_profile_output        
abs   ffffffff  ___TI_pprof_out_hndl                    
abs   ffffffff  ___TI_prof_data_size                    
abs   ffffffff  ___TI_prof_data_start                   
abs   ffffffff  ___binit__                              
abs   ffffffff  ___c_args__                             
0     0033bc4a  ___cinit__                              
0     0033b67c  ___etext__                              
abs   ffffffff  ___pinit__                              
0     00338000  ___text__                               
0     0033b5fb  __args_main                             
1     0000c700  __gCOMList                              
1     0000c9be  __lock                                  
0     00339eb5  __nop                                   
1     00000400  __stack                                 
0     0033a9e5  __system_post_cinit                     
0     0033b67a  __system_pre_init                       
1     0000ca7c  __unlock                                
0     0033b3e9  _abort                                  
0     0033b53d  _async_delay                            
0     0033b0bf  _average_filter_init                    
0     0033b08a  _average_filter_update                  
1     0000cad7  _boolRegHoldingChanged                  
0     0033b0e1  _c_int00                                
1     0000c7b6  _can_rx_msg                             
0     00339f46  _config_ADC                             
0     00339f09  _config_DMA                             
0     00339ef8  _config_ePWM4_to_generate_ADCSOCA       
0     00339ec3  _config_ePWM4_to_generate_ADCSOCA_      
0     0033b461  _copy_in                                
0     0033ab65  _cpu_timer0_isr                         
0     0033ab51  _cpu_timer1_isr                         
0     0033ab11  _cpu_timer2_isr                         
0     0033a719  _cqueue_create                          
0     0033a6f6  _cqueue_dequeue                         
0     0033a6d1  _cqueue_enqueue                         
0     0033a69a  _cqueue_in                              
0     0033a66b  _cqueue_out                             
0     0033aadd  _eMBFuncReadCoils                       
0     0033b137  _eMBFuncReadDiscreteInputs              
0     0033a883  _eMBFuncReadHoldingRegister             
0     0033b265  _eMBFuncReadInputRegister               
0     0033a7f0  _eMBFuncReadWriteMultipleHoldingRegister
0     0033b5e9  _eMBFuncReportSlaveID                   
0     0033aab3  _eMBFuncWriteCoil                       
0     0033a845  _eMBFuncWriteHoldingRegister            
0     0033aa7d  _eMBFuncWriteMultipleCoils              
0     0033a85a  _eMBFuncWriteMultipleHoldingRegister    
0     0033af7e  _eMBPoll                                
0     00339d6a  _eMBRTUInit                             
0     00339cf2  _eMBRTUReceive                          
0     00339d18  _eMBRTUSend                             
0     00339d54  _eMBRTUStart                            
0     00339d46  _eMBRTUStop                             
0     0033a9e6  _eMBRegCoilsCB                          
0     0033aa4c  _eMBRegHoldingCB                        
0     00339eb6  _enable_ePWM4                           
0     0033b63d  _epilog_c28x_1                          
0     0033b641  _epilog_c28x_2                          
1     0000c92c  _epwm1_info                             
0     0033ae0e  _epwm1_isr                              
1     0000c932  _epwm2_info                             
0     0033ade3  _epwm2_isr                              
1     0000c938  _epwm3_info                             
0     0033adb8  _epwm3_isr                              
1     0000cada  _errno                                  
0     0033b3eb  _exit                                   
0     0033ae72  _fmax                                   
0     0033ae72  _fmaxf                                  
0     0033ae39  _fmin                                   
0     0033ae39  _fminf                                  
1     0000c006  _g_A                                    
1     0000c040  _g_AppMainInfo                          
1     0000c008  _g_B                                    
1     0000c004  _g_backGroundTaskMaxRuningTimeUS        
1     0000c002  _g_pSysInfo                             
1     0000cab0  _g_vcb_list                             
0     00008000  _local_DINTCH1_ISR                      
0     0033b4a6  _main                                   
0     0033b520  _memcpy                                 
0     0033b66e  _memset                                 
0     0033b21d  _period_query                           
0     0033b23f  _period_query_user                      
0     0033b252  _period_query_user_us                   
0     0033b591  _prolog_c28x_1                          
0     0033b595  _prolog_c28x_2                          
0     0033b59d  _prolog_c28x_3                          
0     0033b35e  _prveMBError2Exception                  
0     0033b675  _prvvTIMERExpiredISR                    
1     0000c920  _pxMBFrameCBByteReceived                
1     0000c926  _pxMBFrameCBReceiveFSMCur               
1     0000c928  _pxMBFrameCBTransmitFSMCur              
1     0000c922  _pxMBFrameCBTransmitterEmpty            
1     0000c924  _pxMBPortCBTimerExpired                 
0     00338921  _rsvd_ISR                               
0     0033b97c  _s_CRCHi                                
0     0033ba7c  _s_CRCLo                                
0     00339a45  _sciaRxFifoIsr                          
0     00339a0e  _sciaTxFifoIsr                          
0     00339996  _scibRxFifoIsr                          
0     0033995f  _scibTxFifoIsr                          
0     003398e5  _scicRxFifoIsr                          
0     003398ae  _scicTxFifoIsr                          
0     0033b338  _serialReceiveOneByteISR                
0     0033b33d  _serialSentOneByteISR                   
0     00339d95  _spi_init                               
0     00339d91  _spi_xmit                               
0     0033b43a  _sqrt                                   
0     0033b43a  _sqrtf                                  
1     0000c540  _ucRTUBuf                               
1     0000ca7e  _ucRegCoilsBuf                          
1     0000cad2  _ucRegDiscreteBuf                       
0     0033b3c0  _usMBCRC16                              
1     0000ca00  _usRegHoldingBuf                        
0     0033bc49  _usRegHoldingStart                      
1     0000ca40  _usRegInputBuf                          
0     0033bc48  _usRegInputStart                        
0     0033b30e  _vMBPortSerialEnable                    
0     00339b6b  _w25q128_write_page_no_erase            
0     00339cb7  _xMBRTUReceiveFSM                       
0     00339c96  _xMBRTUTimerT35Expired                  
0     00339c63  _xMBRTUTransmitFSM                      
0     0033b342  _xMBUtilGetBits                         
abs   ffffffff  binit                                   
0     0033bc4a  cinit                                   
0     0033fff6  code_start                              
0     0033b67c  etext                                   
abs   ffffffff  pinit                                   


GLOBAL SYMBOLS: SORTED BY Symbol Address 

page  address   name                                    
----  -------   ----                                    
0     00008000  _RamfuncsRunStart                       
0     00008000  _local_DINTCH1_ISR                      
0     000080c3  _InitFlash                              
0     000080e0  _DSP28x_usDelay                         
0     00320000  _RamfuncsLoadStart                      
0     003200e4  _RamfuncsLoadEnd                        
0     00338000  .text                                   
0     00338000  _SyncModbusRegToSysinfo                 
0     00338000  ___text__                               
0     003381ed  _SyncSysinfoToModbusReg                 
0     0033854f  _B1_ModbusRTUSlaver_Poll                
0     00338571  _B1_ModbusRTUSlaver_Init                
0     003385aa  _StartDMACH6                            
0     003385b2  _StartDMACH5                            
0     003385ba  _StartDMACH4                            
0     003385c2  _StartDMACH3                            
0     003385ca  _StartDMACH2                            
0     003385d2  _StartDMACH1                            
0     003385da  _DMAInitialize                          
0     003385e5  _DMACH6WrapConfig                       
0     003385ef  _DMACH6TransferConfig                   
0     003385f8  _DMACH6ModeConfig                       
0     0033865d  _DMACH6BurstConfig                      
0     00338666  _DMACH6AddrConfig                       
0     00338670  _DMACH5WrapConfig                       
0     0033867a  _DMACH5TransferConfig                   
0     00338683  _DMACH5ModeConfig                       
0     003386e8  _DMACH5BurstConfig                      
0     003386f1  _DMACH5AddrConfig                       
0     003386fb  _DMACH4WrapConfig                       
0     00338705  _DMACH4TransferConfig                   
0     0033870e  _DMACH4ModeConfig                       
0     00338773  _DMACH4BurstConfig                      
0     0033877c  _DMACH4AddrConfig                       
0     00338786  _DMACH3WrapConfig                       
0     00338790  _DMACH3TransferConfig                   
0     00338799  _DMACH3ModeConfig                       
0     003387fc  _DMACH3BurstConfig                      
0     00338805  _DMACH3AddrConfig                       
0     0033880f  _DMACH2WrapConfig                       
0     00338819  _DMACH2TransferConfig                   
0     00338822  _DMACH2ModeConfig                       
0     00338885  _DMACH2BurstConfig                      
0     0033888e  _DMACH2AddrConfig                       
0     00338898  _DMACH1WrapConfig                       
0     003388a2  _DMACH1TransferConfig                   
0     003388ab  _DMACH1ModeConfig                       
0     0033890e  _DMACH1BurstConfig                      
0     00338917  _DMACH1AddrConfig                       
0     00338921  _rsvd_ISR                               
0     0033892b  _XINT7_ISR                              
0     00338935  _XINT6_ISR                              
0     0033893f  _XINT5_ISR                              
0     00338949  _XINT4_ISR                              
0     00338953  _XINT3_ISR                              
0     0033895d  _XINT2_ISR                              
0     00338967  _XINT1_ISR                              
0     00338971  _WAKEINT_ISR                            
0     0033897b  _USER9_ISR                              
0     00338985  _USER8_ISR                              
0     0033898f  _USER7_ISR                              
0     00338999  _USER6_ISR                              
0     003389a3  _USER5_ISR                              
0     003389ad  _USER4_ISR                              
0     003389b7  _USER3_ISR                              
0     003389c1  _USER2_ISR                              
0     003389cb  _USER1_ISR                              
0     003389d5  _USER12_ISR                             
0     003389df  _USER11_ISR                             
0     003389e9  _USER10_ISR                             
0     003389f3  _TINT0_ISR                              
0     003389fd  _SPITXINTA_ISR                          
0     00338a07  _SPIRXINTA_ISR                          
0     00338a11  _SEQ2INT_ISR                            
0     00338a1b  _SEQ1INT_ISR                            
0     00338a25  _SCITXINTC_ISR                          
0     00338a2f  _SCITXINTB_ISR                          
0     00338a39  _SCITXINTA_ISR                          
0     00338a43  _SCIRXINTC_ISR                          
0     00338a4d  _SCIRXINTB_ISR                          
0     00338a57  _SCIRXINTA_ISR                          
0     00338a61  _RTOSINT_ISR                            
0     00338a6b  _PIE_RESERVED                           
0     00338a75  _NMI_ISR                                
0     00338a7f  _MXINTB_ISR                             
0     00338a89  _MXINTA_ISR                             
0     00338a93  _MRINTB_ISR                             
0     00338a9d  _MRINTA_ISR                             
0     00338aa7  _LVF_ISR                                
0     00338ab1  _LUF_ISR                                
0     00338abb  _INT14_ISR                              
0     00338ac5  _INT13_ISR                              
0     00338acf  _ILLEGAL_ISR                            
0     00338ad9  _I2CINT2A_ISR                           
0     00338ae3  _I2CINT1A_ISR                           
0     00338aed  _EQEP2_INT_ISR                          
0     00338af7  _EQEP1_INT_ISR                          
0     00338b01  _EPWM6_TZINT_ISR                        
0     00338b0b  _EPWM6_INT_ISR                          
0     00338b15  _EPWM5_TZINT_ISR                        
0     00338b1f  _EPWM5_INT_ISR                          
0     00338b29  _EPWM4_TZINT_ISR                        
0     00338b33  _EPWM4_INT_ISR                          
0     00338b3d  _EPWM3_TZINT_ISR                        
0     00338b47  _EPWM3_INT_ISR                          
0     00338b51  _EPWM2_TZINT_ISR                        
0     00338b5b  _EPWM2_INT_ISR                          
0     00338b65  _EPWM1_TZINT_ISR                        
0     00338b6f  _EPWM1_INT_ISR                          
0     00338b79  _EMUINT_ISR                             
0     00338b83  _ECAP6_INT_ISR                          
0     00338b8d  _ECAP5_INT_ISR                          
0     00338b97  _ECAP4_INT_ISR                          
0     00338ba1  _ECAP3_INT_ISR                          
0     00338bab  _ECAP2_INT_ISR                          
0     00338bb5  _ECAP1_INT_ISR                          
[...]
0     00338c23  _DATALOG_ISR                            
0     00338c2d  _ADCINT_ISR                             
0     00338c37  _Config_Default_Parameter               
0     00338d48  _APP_Main_Save_SysInfo                  
0     00338dad  _Load_Parameter_From_Flash              
0     00338e2c  _Config_PowerOn_Parameter               
0     00338e43  _Clear_All_Fault                        
0     00338e66  _APP_Main_Init                          
0     00338e93  _BackGroundTask                         
0     00338ee2  _ForeGroundTask                         
0     00338f0e  _APP_Main_Poll                          
0     00338f13  _APP_Main_SysinfoSavePoll               
0     00338f26  _USART_Callback                         
0     00338f68  _Uart_Write                             
0     00338fb6  _Uart_UnregisterReceiveCharCallback     
0     00338fc5  _Uart_SetWriteOverCallback              
0     00338fd4  _Uart_RegisterReceiveReadyCharCallback  
0     00338fe2  _Uart_RegisterReceiveCharCallback       
0     00338ff0  _Uart_Read                              
0     00339008  _InitScicGpio                           
0     00339097  _InitScibGpio                           
0     003390b1  _InitSciaGpio                           
0     003390cd  _Uart_Init                              
0     003391c1  _Uart_EmptyReadBuffer                   
0     003391e6  _Uart_AvailableBytes                    
0     003391fe  _InitEPwm3Example                       
0     00339254  _InitEPwm2Example                       
0     003392aa  _InitEPwm1Example                       
0     0033930d  _BFL_SCR_Init                           
0     003393b6  _BFL_SCRT_Pluse_Transmit                
0     0033943e  _BFL_SCRR_Have_Signal                   
0     0033947f  _BFL_VCB_Relay_Set_As_Switch_No_Ctrl    
0     003394be  _BFL_VCB_Seurity_Init                   
0     00339556  _BFL_VCB_Relay_Set_As_Switch_Opened     
0     003395a9  _BFL_VCB_Set_As_Switch_Opened           
0     003395b6  _BFL_VCB_Set_As_Switch_No_Ctrl          
0     003395bb  _BFL_VCB_Relay_Set_As_Switch_Closed     
0     0033960e  _BFL_VCB_Set_As_Switch_Closed           
0     0033961c  _BFL_VCB_SW_To_String                   
0     0033963c  _BFL_VCB_STATE_To_String                
0     0033964a  _BFL_VCB_Relay_Get_Setting_State        
0     00339657  _BFL_VCB_Get_Setting_State              
0     00339664  _BFL_VCB_Get_Actual_State               
0     00339686  _BFL_VCB_CTRL_STATE_To_String           
0     00339699  _B3_Check_Minor_Fault_Exist             
0     00339814  _B3_Check_SCR_Serious_Fault             
0     003398ae  _scicTxFifoIsr                          
0     003398e5  _scicRxFifoIsr                          
0     0033995f  _scibTxFifoIsr                          
0     00339996  _scibRxFifoIsr                          
0     00339a0e  _sciaTxFifoIsr                          
0     00339a45  _sciaRxFifoIsr                          
0     00339aaf  _Flash_ReadSR1                          
0     00339adb  _Flash_Wait_Busy                        
0     00339af8  _Flash_Write_Enable                     
0     00339b25  _CHIP_W25Q128_Erase_One_Sector          
0     00339b6b  _w25q128_write_page_no_erase            
0     00339bb5  _CHIP_W25Q128_Write                     
0     00339c14  _CHIP_W25Q128_Read                      
0     00339c58  _CHIP_W25Q128_Init                      
0     00339c63  _xMBRTUTransmitFSM                      
0     00339c96  _xMBRTUTimerT35Expired                  
0     00339cb7  _xMBRTUReceiveFSM                       
0     00339cf2  _eMBRTUReceive                          
0     00339d18  _eMBRTUSend                             
0     00339d46  _eMBRTUStop                             
0     00339d54  _eMBRTUStart                            
0     00339d6a  _eMBRTUInit                             
0     00339d91  _spi_xmit                               
0     00339d95  _spi_init                               
0     00339da2  _InitSpiGpio                            
0     00339da2  _InitSpiaGpio                           
0     00339dce  _HDL_SPI_WriteRead                      
0     00339e1f  _HDL_SPI_Write                          
0     00339e50  _HDL_SPI_Read                           
0     00339e85  _HDL_SPI_Init                           
0     00339eb5  __nop                                   
0     00339eb6  _enable_ePWM4                           
0     00339ec3  _config_ePWM4_to_generate_ADCSOCA_      
0     00339ef8  _config_ePWM4_to_generate_ADCSOCA       
0     00339f09  _config_DMA                             
0     00339f46  _config_ADC                             
0     00339f89  _BFL_Measure_ReadReady                  
0     00339f8f  _BFL_Measure_Read                       
0     00339fb0  _BFL_Measure_Init                       
0     00339fcd  LL$$DIV                                 
0     0033a009  LL$$MOD                                 
0     0033a043  ULL$$DIV                                
0     0033a072  ULL$$MOD                                
0     0033a0d4  _B3_SysAutoMode_DeltaPoll               
0     0033a1d3  _ServiceDog                             
0     0033a1dd  _DisableDog                             
0     0033a1e5  _InitPll                                
0     0033a232  _InitPeripheralClocks                   
0     0033a298  _InitSysCtrl                            
0     0033a2a1  _CsmUnlock                              
0     0033a2cf  _B1_Measure_Poll                        
0     0033a38d  _B1_Measure_Init                        
0     0033a3c4  _InitTzGpio                             
0     0033a401  _InitEPwmSyncGpio                       
0     0033a41c  _InitEPwm1Gpio                          
0     0033a432  _InitEPwm2Gpio                          
0     0033a448  _InitEPwm3Gpio                          
0     0033a460  _InitEPwm4Gpio                          
0     0033a478  _InitEPwm5Gpio                          
0     0033a48e  _InitEPwm6Gpio                          
0     0033a4a4  _InitEPwmGpio                           
0     0033a4b1  _InitEPwm                               
0     0033a4b2  _HDL_CPU_Time_StopHardTimer             
0     0033a4ec  _HDL_CPU_Time_StartHardTimer            
0     0033a504  _HDL_CPU_Time_SetCPUTickCallback        
0     0033a508  _HDL_CPU_Time_ResetUsTick               
0     0033a50e  _HDL_CPU_Time_ResetTick                 
0     0033a513  _HDL_CPU_Time_Init                      
0     0033a563  _HDL_CPU_Time_GetUsTick                 
0     0033a56a  _HDL_CPU_Time_GetTick                   
0     0033a574  _HDL_CPU_Time_DelayUs                   
0     0033a586  _HDL_CPU_Time_DelayMs                   
0     0033a5a9  _B2_CmdCutOffCapacitors_Exec            
0     0033a62c  _B2_CmdCutOffCapacitors_Exec_Solution   
0     0033a66b  _cqueue_out                             
0     0033a69a  _cqueue_in                              
0     0033a6d1  _cqueue_enqueue                         
0     0033a6f6  _cqueue_dequeue                         
0     0033a719  _cqueue_create                          
0     0033a731  _B1_CapacitanceTemperatureMeasure_Poll  
0     0033a7d8  _B1_CapacitanceTemperatureMeasure_Init  
0     0033a7f0  _eMBFuncReadWriteMultipleHoldingRegister
0     0033a845  _eMBFuncWriteHoldingRegister            
0     0033a85a  _eMBFuncWriteMultipleHoldingRegister    
0     0033a883  _eMBFuncReadHoldingRegister             
0     0033a8aa  _BFL_RS485_Take_Bus                     
0     0033a8b8  _BFL_RS485_Write                        
0     0033a8ce  _BFL_RS485_Take_Bus_RS4852              
0     0033a8d3  _BFL_RS485_Take_Bus_RS4851              
0     0033a8d8  _BFL_RS485_Release_Bus_RS4852           
0     0033a8dd  _BFL_RS485_Release_Bus_RS4851           
0     0033a8e2  _BFL_RS485_Release_Bus                  
0     0033a8f0  _BFL_RS485_Read                         
0     0033a8fe  _BFL_RS485_Init                         
0     0033a949  FD$$ADD                                 
0     0033a9e5  __system_post_cinit                     
0     0033a9e6  _eMBRegCoilsCB                          
0     0033aa4c  _eMBRegHoldingCB                        
0     0033aa7d  _eMBFuncWriteMultipleCoils              
0     0033aab3  _eMBFuncWriteCoil                       
0     0033aadd  _eMBFuncReadCoils                       
0     0033ab11  _cpu_timer2_isr                         
0     0033ab51  _cpu_timer1_isr                         
0     0033ab65  _cpu_timer0_isr                         
0     0033ab9f  FD$$DIV                                 
0     0033ac2a  FS$$DIV                                 
0     0033acc0  _B2_CmdBypassCapacitors_Exec            
0     0033ad35  FD$$MPY                                 
0     0033adb8  _epwm3_isr                              
0     0033ade3  _epwm2_isr                              
0     0033ae0e  _epwm1_isr                              
0     0033ae39  _fmin                                   
0     0033ae39  _fminf                                  
0     0033ae72  _fmax                                   
0     0033ae72  _fmaxf                                  
0     0033aeae  _B2_CmdMakeCapacitorsWork_Exec          
0     0033af1a  _B1_VCBStatus_Update                    
0     0033af54  _B1_VCBStatusGet_Init                   
0     0033af5d  _B1_VCBStatusGet_DeltaPoll              
0     0033af7e  _eMBPoll                                
0     0033afd8  _BFL_Buzz_Toggle                        
0     0033afdd  _BFL_Buzz_SetTrigLevel                  
0     0033afe1  _BFL_Buzz_On                            
0     0033aff0  _BFL_Buzz_Off                           
0     0033afff  _BFL_Buzz_IsOff                         
0     0033b011  _BFL_Buzz_Init                          
0     0033b031  _CANA_ISR                               
0     0033b08a  _average_filter_update                  
0     0033b0bf  _average_filter_init                    
0     0033b0e1  _c_int00                                
0     0033b137  _eMBFuncReadDiscreteInputs              
0     0033b189  _BFL_Button_IsPressed                   
0     0033b193  _BFL_Button_Init                        
0     0033b1d4  _BFL_DebugPin_Toggle                    
0     0033b1e2  _BFL_DebugPin_Set                       
0     0033b1f0  _BFL_DebugPin_Reset                     
0     0033b1fe  _BFL_DebugPin_Init                      
0     0033b21d  _period_query                           
0     0033b23f  _period_query_user                      
0     0033b252  _period_query_user_us                   
0     0033b265  _eMBFuncReadInputRegister               
0     0033b2a1  _B1_SysModeGet_Init                     
0     0033b2a4  _B1_SysModeGet_DeltaPoll                
0     0033b2d9  _InitCpuTimers                          
0     0033b30e  _vMBPortSerialEnable                    
0     0033b330  _EnterCriticalSection                   
0     0033b334  _ExitCriticalSection                    
0     0033b338  _serialReceiveOneByteISR                
0     0033b33d  _serialSentOneByteISR                   
0     0033b342  _xMBUtilGetBits                         
0     0033b35e  _prveMBError2Exception                  
0     0033b36c  FD$$CMP                                 
0     0033b396  L$$DIV                                  
0     0033b3a5  L$$MOD                                  
0     0033b3b3  UL$$DIV                                 
0     0033b3ba  UL$$MOD                                 
0     0033b3c0  _usMBCRC16                              
0     0033b3e9  C$$EXIT                                 
0     0033b3e9  _abort                                  
0     0033b3eb  _exit                                   
0     0033b412  _InitPieCtrl                            
0     0033b431  _EnableInterrupts                       
0     0033b43a  _sqrt                                   
0     0033b43a  _sqrtf                                  
0     0033b461  _copy_in                                
0     0033b485  FD$$TOI                                 
0     0033b4a6  _main                                   
0     0033b4c6  FD$$TOL                                 
0     0033b4e5  LL$$CMP                                 
0     0033b4f7  ULL$$CMP                                
0     0033b503  I$$TOFD                                 
0     0033b520  _memcpy                                 
0     0033b53d  _async_delay                            
0     0033b559  FS$$TOFD                                
0     0033b575  L$$TOFD                                 
0     0033b591  _prolog_c28x_1                          
0     0033b595  _prolog_c28x_2                          
0     0033b59d  _prolog_c28x_3                          
0     0033b5aa  LL$$AND                                 
0     0033b5b2  LL$$OR                                  
0     0033b5ba  LL$$XOR                                 
0     0033b5c2  _InitAdc                                
0     0033b5d6  _CRC16_Modbus                           
0     0033b5e9  _eMBFuncReportSlaveID                   
0     0033b5fb  __args_main                             
0     0033b60d  _InitPieVectTable                       
0     0033b61e  _CheckConditionDurationMet              
0     0033b62f  FD$$SUB                                 
0     0033b63d  _epilog_c28x_1                          
0     0033b641  _epilog_c28x_2                          
0     0033b649  U$$DIV                                  
0     0033b64e  U$$MOD                                  
0     0033b654  _B3_SysManualMode_DeltaPoll             
0     0033b65d  FD$$NEG                                 
0     0033b66e  _memset                                 
0     0033b675  _prvvTIMERExpiredISR                    
0     0033b67a  __system_pre_init                       
0     0033b67c  ___etext__                              
0     0033b67c  etext                                   
0     0033b87c  _PieVectTableInit                       
0     0033b97c  _s_CRCHi                                
0     0033ba7c  _s_CRCLo                                
0     0033bc48  _usRegInputStart                        
0     0033bc49  _usRegHoldingStart                      
0     0033bc4a  ___cinit__                              
0     0033bc4a  cinit                                   
0     0033fff6  code_start                              
0     00380080  _ADC_cal                                
1     00000400  __stack                                 
1     00000800  __STACK_END                             
1     00000880  _DevEmuRegs                             
1     00000a80  _FlashRegs                              
1     00000ae0  _CsmRegs                                
1     00000b00  _AdcMirror                              
1     00000b20  _XintfRegs                              
1     00000c00  _CpuTimer0Regs                          
1     00000c08  _CpuTimer1Regs                          
1     00000c10  _CpuTimer2Regs                          
1     00000ce0  _PieCtrlRegs                            
1     00000d00  _PieVectTable                           
1     00001000  _DmaRegs                                
1     00005000  _McbspaRegs                             
1     00005040  _McbspbRegs                             
1     00006000  _ECanaRegs                              
1     00006040  _ECanaLAMRegs                           
1     00006080  _ECanaMOTSRegs                          
1     000060c0  _ECanaMOTORegs                          
1     00006100  _ECanaMboxes                            
1     00006200  _ECanbRegs                              
1     00006240  _ECanbLAMRegs                           
1     00006280  _ECanbMOTSRegs                          
1     000062c0  _ECanbMOTORegs                          
1     00006300  _ECanbMboxes                            
1     00006800  _EPwm1Regs                              
1     00006840  _EPwm2Regs                              
1     00006880  _EPwm3Regs                              
1     000068c0  _EPwm4Regs                              
1     00006900  _EPwm5Regs                              
1     00006940  _EPwm6Regs                              
1     00006a00  _ECap1Regs                              
1     00006a20  _ECap2Regs                              
1     00006a40  _ECap3Regs                              
1     00006a60  _ECap4Regs                              
1     00006a80  _ECap5Regs                              
1     00006aa0  _ECap6Regs                              
1     00006b00  _EQep1Regs                              
1     00006b40  _EQep2Regs                              
1     00006f80  _GpioCtrlRegs                           
1     00006fc0  _GpioDataRegs                           
1     00006fe0  _GpioIntRegs                            
1     00007010  _SysCtrlRegs                            
1     00007040  _SpiaRegs                               
1     00007050  _SciaRegs                               
1     00007070  _XIntruptRegs                           
1     00007100  _AdcRegs                                
1     00007750  _ScibRegs                               
1     00007770  _ScicRegs                               
1     00007900  _I2caRegs                               
1     0000c002  _g_pSysInfo                             
1     0000c004  _g_backGroundTaskMaxRuningTimeUS        
1     0000c006  _g_A                                    
1     0000c008  _g_B                                    
1     0000c040  _g_AppMainInfo                          
1     0000c540  _ucRTUBuf                               
1     0000c700  __gCOMList                              
1     0000c7b6  _can_rx_msg                             
1     0000c920  _pxMBFrameCBByteReceived                
1     0000c922  _pxMBFrameCBTransmitterEmpty            
1     0000c924  _pxMBPortCBTimerExpired                 
1     0000c926  _pxMBFrameCBReceiveFSMCur               
1     0000c928  _pxMBFrameCBTransmitFSMCur              
1     0000c92c  _epwm1_info                             
1     0000c932  _epwm2_info                             
1     0000c938  _epwm3_info                             
1     0000c990  _CpuTimer0                              
1     0000c998  _CpuTimer1                              
1     0000c9a0  _CpuTimer2                              
1     0000c9be  __lock                                  
1     0000ca00  _usRegHoldingBuf                        
1     0000ca40  _usRegInputBuf                          
1     0000ca7c  __unlock                                
1     0000ca7e  _ucRegCoilsBuf                          
1     0000cab0  _g_vcb_list                             
1     0000cabc  _DMADest                                
1     0000cabe  _DMASource                              
1     0000cacc  ___TI_enable_exit_profile_output        
1     0000cace  ___TI_cleanup_ptr                       
1     0000cad0  ___TI_dtors_ptr                         
1     0000cad2  _ucRegDiscreteBuf                       
1     0000cad7  _boolRegHoldingChanged                  
1     0000cada  _errno                                  
1     0000cb00  _DMABuf1                                
1     0033fff8  _CsmPwl                                 
1     00380090  _PartIdRegs                             
abs   000000e4  _RamfuncsLoadSize                       
abs   00000400  __STACK_SIZE                            
abs   ffffffff  ___TI_pprof_out_hndl                    
abs   ffffffff  ___TI_prof_data_size                    
abs   ffffffff  ___TI_prof_data_start                   
abs   ffffffff  ___binit__                              
abs   ffffffff  ___c_args__                             
abs   ffffffff  ___pinit__                              
abs   ffffffff  binit                                   
abs   ffffffff  pinit                                   

[476 symbols]
