******************************************************************************
             TMS320C2000 Linker PC v22.6.1                     
******************************************************************************
>> Linked Sat May 18 00:21:45 2024

OUTPUT FILE NAME:   <Example_2833xCpuTimer.out>
ENTRY POINT SYMBOL: "code_start"  address: 00000000


MEMORY CONFIGURATION

         name            origin    length      used     unused   attr    fill
----------------------  --------  ---------  --------  --------  ----  --------
PAGE 0:
  BEGIN                 00000000   00000002  00000002  00000000  RWIX
  RAMM0                 00000050   000003b0  00000000  000003b0  RWIX
  RAML0                 00008000   00001000  0000014e  00000eb2  RWIX
  RAML1                 00009000   00001000  00001000  00000000  RWIX
  RAML2                 0000a000   00001000  00001000  00000000  RWIX
  RAML3                 0000b000   00001000  0000098c  00000674  RWIX
  ZONE7A                00200000   0000fc00  00000000  0000fc00  RWIX
  CSM_RSVD              0033ff80   00000076  00000000  00000076  RWIX
  CSM_PWL               0033fff8   00000008  00000000  00000008  RWIX
  ADC_CAL               00380080   00000009  00000007  00000002  RWIX
  IQTABLES              003fe000   00000b50  00000000  00000b50  RWIX
  IQTABLES2             003feb50   0000008c  00000000  0000008c  RWIX
  FPUTABLES             003febdc   000006a0  00000000  000006a0  RWIX
  BOOTROM               003ff27c   00000d44  00000000  00000d44  RWIX
  RESET                 003fffc0   00000002  00000000  00000002  RWIX

PAGE 1:
  BOOT_RSVD             00000002   0000004e  00000000  0000004e  RWIX
  RAMM1                 00000400   00000400  00000200  00000200  RWIX
  DEV_EMU               00000880   00000180  000000d0  000000b0  RWIX
  FLASH_REGS            00000a80   00000060  00000008  00000058  RWIX
  CSM                   00000ae0   00000010  00000010  00000000  RWIX
  ADC_MIRROR            00000b00   00000010  00000010  00000000  RWIX
  XINTF                 00000b20   00000020  0000001e  00000002  RWIX
  CPU_TIMER0            00000c00   00000008  00000008  00000000  RWIX
  CPU_TIMER1            00000c08   00000008  00000008  00000000  RWIX
  CPU_TIMER2            00000c10   00000008  00000008  00000000  RWIX
  PIE_CTRL              00000ce0   00000020  0000001a  00000006  RWIX
  PIE_VECT              00000d00   00000100  00000100  00000000  RWIX
  DMA                   00001000   00000200  000000e0  00000120  RWIX
  MCBSPA                00005000   00000040  00000025  0000001b  RWIX
  MCBSPB                00005040   00000040  00000025  0000001b  RWIX
  ECANA                 00006000   00000040  00000034  0000000c  RWIX
  ECANA_LAM             00006040   00000040  00000040  00000000  RWIX
  ECANA_MOTS            00006080   00000040  00000040  00000000  RWIX
  ECANA_MOTO            000060c0   00000040  00000040  00000000  RWIX
  ECANA_MBOX            00006100   00000100  00000100  00000000  RWIX
  ECANB                 00006200   00000040  00000034  0000000c  RWIX
  ECANB_LAM             00006240   00000040  00000040  00000000  RWIX
  ECANB_MOTS            00006280   00000040  00000040  00000000  RWIX
  ECANB_MOTO            000062c0   00000040  00000040  00000000  RWIX
  ECANB_MBOX            00006300   00000100  00000100  00000000  RWIX
  EPWM1                 00006800   00000022  00000022  00000000  RWIX
  EPWM2                 00006840   00000022  00000022  00000000  RWIX
  EPWM3                 00006880   00000022  00000022  00000000  RWIX
  EPWM4                 000068c0   00000022  00000022  00000000  RWIX
  EPWM5                 00006900   00000022  00000022  00000000  RWIX
  EPWM6                 00006940   00000022  00000022  00000000  RWIX
  ECAP1                 00006a00   00000020  00000020  00000000  RWIX
  ECAP2                 00006a20   00000020  00000020  00000000  RWIX
  ECAP3                 00006a40   00000020  00000020  00000000  RWIX
  ECAP4                 00006a60   00000020  00000020  00000000  RWIX
  ECAP5                 00006a80   00000020  00000020  00000000  RWIX
  ECAP6                 00006aa0   00000020  00000020  00000000  RWIX
  EQEP1                 00006b00   00000040  00000040  00000000  RWIX
  EQEP2                 00006b40   00000040  00000040  00000000  RWIX
  GPIOCTRL              00006f80   00000040  0000002e  00000012  RWIX
  GPIODAT               00006fc0   00000020  00000020  00000000  RWIX
  GPIOINT               00006fe0   00000020  0000000a  00000016  RWIX
  SYSTEM                00007010   00000020  00000020  00000000  RWIX
  SPIA                  00007040   00000010  00000010  00000000  RWIX
  SCIA                  00007050   00000010  00000010  00000000  RWIX
  XINTRUPT              00007070   00000010  00000010  00000000  RWIX
  ADC                   00007100   00000020  0000001e  00000002  RWIX
  SCIB                  00007750   00000010  00000010  00000000  RWIX
  SCIC                  00007770   00000010  00000010  00000000  RWIX
  I2CA                  00007900   00000040  00000022  0000001e  RWIX
  RAML4                 0000c000   00001000  00000aa3  0000055d  RWIX
  RAML5                 0000d000   00001000  000005ba  00000a46  RWIX
  RAML6                 0000e000   00001000  00000000  00001000  RWIX
  RAML7                 0000f000   00001000  00000000  00001000  RWIX
  ZONE7B                0020fc00   00000400  00000000  00000400  RWIX
  CSM_PWL               0033fff8   00000008  00000008  00000000  RWIX
  PARTID                00380090   00000001  00000001  00000000  RWIX


SECTION ALLOCATION MAP

 output                                  attributes/
section   page    origin      length       input sections
--------  ----  ----------  ----------   ----------------
codestart 
*          0    00000000    00000002     
                  00000000    00000002     DSP2833x_CodeStartBranch.obj (codestart)

.TI.ramfunc 
*          0    0000814a    00000004     
                  0000814a    00000004     DSP2833x_usDelay.obj (.TI.ramfunc)

.cinit     0    00008000    0000014a     
                  00008000    00000096     HDL_Uart.obj (.cinit:__gCOMList)
                  00008096    0000002b     <whole-program> (.cinit:_xFuncHandlers$27)
                  000080c1    00000024     <whole-program> (.cinit)
                  000080e5    0000000e     rts2800_fpu32.lib : exit.c.obj (.cinit)
                  000080f3    0000000d     HDL_CPU_Time.obj (.cinit)
                  00008100    0000000b     <whole-program> (.cinit:_usRegInputBuf)
                  0000810b    00000005     <whole-program> (.cinit:__lock)
                  00008110    00000005     <whole-program> (.cinit:__unlock)
                  00008115    00000005     period_query.obj (.cinit:_period_last_exe_tick_table)
                  0000811a    00000005     <whole-program> (.cinit:_ucRegCoilsBuf)
                  0000811f    00000005     <whole-program> (.cinit:_ucRegDiscreteBuf)
                  00008124    00000004     BFL_Buzz.obj (.cinit)
                  00008128    00000004     BFL_Measure.obj (.cinit)
                  0000812c    00000004     HDL_Uart.obj (.cinit:_m_Com1RxBuf)
                  00008130    00000004     HDL_Uart.obj (.cinit:_m_Com1TxBuf)
                  00008134    00000004     HDL_Uart.obj (.cinit:_m_Com2RxBuf)
                  00008138    00000004     HDL_Uart.obj (.cinit:_m_Com2TxBuf)
                  0000813c    00000004     HDL_Uart.obj (.cinit:_m_Com3RxBuf)
                  00008140    00000004     HDL_Uart.obj (.cinit:_m_Com3TxBuf)
                  00008144    00000004     <whole-program> (.cinit:_usRegHoldingBuf)
                  00008148    00000002     --HOLE-- [fill = 0]

.pinit     0    00008000    00000000     UNINITIALIZED

.stack     1    00000400    00000200     UNINITIALIZED
                  00000400    00000200     --HOLE--

DevEmuRegsFile 
*          1    00000880    000000d0     UNINITIALIZED
                  00000880    000000d0     DSP2833x_GlobalVariableDefs.obj (DevEmuRegsFile)

FlashRegsFile 
*          1    00000a80    00000008     UNINITIALIZED
                  00000a80    00000008     DSP2833x_GlobalVariableDefs.obj (FlashRegsFile)

CsmRegsFile 
*          1    00000ae0    00000010     UNINITIALIZED
                  00000ae0    00000010     DSP2833x_GlobalVariableDefs.obj (CsmRegsFile)

AdcMirrorFile 
*          1    00000b00    00000010     UNINITIALIZED
                  00000b00    00000010     DSP2833x_GlobalVariableDefs.obj (AdcMirrorFile)

XintfRegsFile 
*          1    00000b20    0000001e     UNINITIALIZED
                  00000b20    0000001e     DSP2833x_GlobalVariableDefs.obj (XintfRegsFile)

CpuTimer0RegsFile 
*          1    00000c00    00000008     UNINITIALIZED
                  00000c00    00000008     DSP2833x_GlobalVariableDefs.obj (CpuTimer0RegsFile)

CpuTimer1RegsFile 
*          1    00000c08    00000008     UNINITIALIZED
                  00000c08    00000008     DSP2833x_GlobalVariableDefs.obj (CpuTimer1RegsFile)

CpuTimer2RegsFile 
*          1    00000c10    00000008     UNINITIALIZED
                  00000c10    00000008     DSP2833x_GlobalVariableDefs.obj (CpuTimer2RegsFile)

PieCtrlRegsFile 
*          1    00000ce0    0000001a     UNINITIALIZED
                  00000ce0    0000001a     DSP2833x_GlobalVariableDefs.obj (PieCtrlRegsFile)

ECanaMOTSRegsFile 
*          1    00006080    00000040     UNINITIALIZED
                  00006080    00000040     DSP2833x_GlobalVariableDefs.obj (ECanaMOTSRegsFile)

ECanaMOTORegsFile 
*          1    000060c0    00000040     UNINITIALIZED
                  000060c0    00000040     DSP2833x_GlobalVariableDefs.obj (ECanaMOTORegsFile)

ECanbMOTSRegsFile 
*          1    00006280    00000040     UNINITIALIZED
                  00006280    00000040     DSP2833x_GlobalVariableDefs.obj (ECanbMOTSRegsFile)

ECanbMOTORegsFile 
*          1    000062c0    00000040     UNINITIALIZED
                  000062c0    00000040     DSP2833x_GlobalVariableDefs.obj (ECanbMOTORegsFile)

.econst    1    0000d000    000005ba     
                  0000d000    00000100     mbcrc.obj (.econst:.string:_aucCRCHi$32)
                  0000d100    00000100     mbcrc.obj (.econst:.string:_aucCRCLo$32)
                  0000d200    00000100     DSP2833x_PieVect.obj (.econst:_PieVectTableInit)
                  0000d300    00000100     crc.obj (.econst:_s_CRCHi)
                  0000d400    00000100     crc.obj (.econst:_s_CRCLo)
                  0000d500    0000005b     BFL_VCB.obj (.econst:.string)
                  0000d55b    00000001     --HOLE-- [fill = 0]
                  0000d55c    00000026     rts2800_fpu32.lib : _printfi.c.obj (.econst:.string)
                  0000d582    0000001c                       : _printfi.c.obj (.econst)
                  0000d59e    00000010     <whole-program> (.econst)
                  0000d5ae    00000008     B1_CapacitanceTemperatureMeasure.obj (.econst:_request_cmd$4)
                  0000d5b6    00000002     APP_Main.obj (.econst)
                  0000d5b8    00000002     mbcb.obj (.econst)

DMARAML4   1    0000c000    000003c0     UNINITIALIZED
                  0000c000    000003c0     BFL_Measure.obj (DMARAML4)

.reset     0    003fffc0    00000002     DSECT
                  003fffc0    00000002     rts2800_fpu32.lib : boot28.asm.obj (.reset)

csm_rsvd   0    0033ff80    00000000     DSECT

csmpasswds 
*          0    0033fff8    00000000     DSECT

.adc_cal   0    00380080    00000007     NOLOAD SECTION
                  00380080    00000007     DSP2833x_ADC_cal.obj (.adc_cal)

PieVectTableFile 
*          1    00000d00    00000100     UNINITIALIZED
                  00000d00    00000100     DSP2833x_GlobalVariableDefs.obj (PieVectTableFile)

DmaRegsFile 
*          1    00001000    000000e0     UNINITIALIZED
                  00001000    000000e0     DSP2833x_GlobalVariableDefs.obj (DmaRegsFile)

McbspaRegsFile 
*          1    00005000    00000025     UNINITIALIZED
                  00005000    00000025     DSP2833x_GlobalVariableDefs.obj (McbspaRegsFile)

McbspbRegsFile 
*          1    00005040    00000025     UNINITIALIZED
                  00005040    00000025     DSP2833x_GlobalVariableDefs.obj (McbspbRegsFile)

ECanaRegsFile 
*          1    00006000    00000034     UNINITIALIZED
                  00006000    00000034     DSP2833x_GlobalVariableDefs.obj (ECanaRegsFile)

ECanaLAMRegsFile 
*          1    00006040    00000040     UNINITIALIZED
                  00006040    00000040     DSP2833x_GlobalVariableDefs.obj (ECanaLAMRegsFile)

ECanaMboxesFile 
*          1    00006100    00000100     UNINITIALIZED
                  00006100    00000100     DSP2833x_GlobalVariableDefs.obj (ECanaMboxesFile)

ECanbRegsFile 
*          1    00006200    00000034     UNINITIALIZED
                  00006200    00000034     DSP2833x_GlobalVariableDefs.obj (ECanbRegsFile)

ECanbLAMRegsFile 
*          1    00006240    00000040     UNINITIALIZED
                  00006240    00000040     DSP2833x_GlobalVariableDefs.obj (ECanbLAMRegsFile)

ECanbMboxesFile 
*          1    00006300    00000100     UNINITIALIZED
                  00006300    00000100     DSP2833x_GlobalVariableDefs.obj (ECanbMboxesFile)

EPwm1RegsFile 
*          1    00006800    00000022     UNINITIALIZED
                  00006800    00000022     DSP2833x_GlobalVariableDefs.obj (EPwm1RegsFile)

EPwm2RegsFile 
*          1    00006840    00000022     UNINITIALIZED
                  00006840    00000022     DSP2833x_GlobalVariableDefs.obj (EPwm2RegsFile)

EPwm3RegsFile 
*          1    00006880    00000022     UNINITIALIZED
                  00006880    00000022     DSP2833x_GlobalVariableDefs.obj (EPwm3RegsFile)

EPwm4RegsFile 
*          1    000068c0    00000022     UNINITIALIZED
                  000068c0    00000022     DSP2833x_GlobalVariableDefs.obj (EPwm4RegsFile)

EPwm5RegsFile 
*          1    00006900    00000022     UNINITIALIZED
                  00006900    00000022     DSP2833x_GlobalVariableDefs.obj (EPwm5RegsFile)

EPwm6RegsFile 
*          1    00006940    00000022     UNINITIALIZED
                  00006940    00000022     DSP2833x_GlobalVariableDefs.obj (EPwm6RegsFile)

ECap1RegsFile 
*          1    00006a00    00000020     UNINITIALIZED
                  00006a00    00000020     DSP2833x_GlobalVariableDefs.obj (ECap1RegsFile)

ECap2RegsFile 
*          1    00006a20    00000020     UNINITIALIZED
                  00006a20    00000020     DSP2833x_GlobalVariableDefs.obj (ECap2RegsFile)

ECap3RegsFile 
*          1    00006a40    00000020     UNINITIALIZED
                  00006a40    00000020     DSP2833x_GlobalVariableDefs.obj (ECap3RegsFile)

ECap4RegsFile 
*          1    00006a60    00000020     UNINITIALIZED
                  00006a60    00000020     DSP2833x_GlobalVariableDefs.obj (ECap4RegsFile)

ECap5RegsFile 
*          1    00006a80    00000020     UNINITIALIZED
                  00006a80    00000020     DSP2833x_GlobalVariableDefs.obj (ECap5RegsFile)

ECap6RegsFile 
*          1    00006aa0    00000020     UNINITIALIZED
                  00006aa0    00000020     DSP2833x_GlobalVariableDefs.obj (ECap6RegsFile)

EQep1RegsFile 
*          1    00006b00    00000040     UNINITIALIZED
                  00006b00    00000040     DSP2833x_GlobalVariableDefs.obj (EQep1RegsFile)

EQep2RegsFile 
*          1    00006b40    00000040     UNINITIALIZED
                  00006b40    00000040     DSP2833x_GlobalVariableDefs.obj (EQep2RegsFile)

GpioCtrlRegsFile 
*          1    00006f80    0000002e     UNINITIALIZED
                  00006f80    0000002e     DSP2833x_GlobalVariableDefs.obj (GpioCtrlRegsFile)

GpioDataRegsFile 
*          1    00006fc0    00000020     UNINITIALIZED
                  00006fc0    00000020     DSP2833x_GlobalVariableDefs.obj (GpioDataRegsFile)

GpioIntRegsFile 
*          1    00006fe0    0000000a     UNINITIALIZED
                  00006fe0    0000000a     DSP2833x_GlobalVariableDefs.obj (GpioIntRegsFile)

SysCtrlRegsFile 
*          1    00007010    00000020     UNINITIALIZED
                  00007010    00000020     DSP2833x_GlobalVariableDefs.obj (SysCtrlRegsFile)

SpiaRegsFile 
*          1    00007040    00000010     UNINITIALIZED
                  00007040    00000010     DSP2833x_GlobalVariableDefs.obj (SpiaRegsFile)

SciaRegsFile 
*          1    00007050    00000010     UNINITIALIZED
                  00007050    00000010     DSP2833x_GlobalVariableDefs.obj (SciaRegsFile)

XIntruptRegsFile 
*          1    00007070    00000010     UNINITIALIZED
                  00007070    00000010     DSP2833x_GlobalVariableDefs.obj (XIntruptRegsFile)

AdcRegsFile 
*          1    00007100    0000001e     UNINITIALIZED
                  00007100    0000001e     DSP2833x_GlobalVariableDefs.obj (AdcRegsFile)

ScibRegsFile 
*          1    00007750    00000010     UNINITIALIZED
                  00007750    00000010     DSP2833x_GlobalVariableDefs.obj (ScibRegsFile)

ScicRegsFile 
*          1    00007770    00000010     UNINITIALIZED
                  00007770    00000010     DSP2833x_GlobalVariableDefs.obj (ScicRegsFile)

I2caRegsFile 
*          1    00007900    00000022     UNINITIALIZED
                  00007900    00000022     DSP2833x_GlobalVariableDefs.obj (I2caRegsFile)

CsmPwlFile 
*          1    0033fff8    00000008     UNINITIALIZED
                  0033fff8    00000008     DSP2833x_GlobalVariableDefs.obj (CsmPwlFile)

PartIdRegsFile 
*          1    00380090    00000001     UNINITIALIZED
                  00380090    00000001     DSP2833x_GlobalVariableDefs.obj (PartIdRegsFile)

.text.1    0    00009000    00001000     
                  00009000    000003a1     BFL_SCR.obj (.text)
                  000093a1    00000377     DSP2833x_DMA.obj (.text)
                  00009718    00000316     DSP2833x_DefaultIsr.obj (.text:retain)
                  00009a2e    00000294     HDL_Uart.obj (.text)
                  00009cc2    00000284     BFL_VCB.obj (.text)
                  00009f46    000000ba     mbfuncholding.obj (.text)

.text.2    0    0000a000    00001000     
                  0000a000    00000215     HDL_Uart.obj (.text:retain)
                  0000a215    00000143     APP_Main.obj (.text)
                  0000a358    0000012e     mbrtu.obj (.text)
                  0000a486    00000125     HDL_SPI.obj (.text)
                  0000a5ab    00000001     rts2800_fpu32.lib : _lock.c.obj (.text)
                  0000a5ac    00000117     BFL_Measure.obj (.text)
                  0000a6c3    00000107     rts2800_fpu32.lib : ll_div28.asm.obj (.text)
                  0000a7ca    000000fc     DSP2833x_SysCtrl.obj (.text)
                  0000a8c6    000000f2     HDL_CPU_Time.obj (.text)
                  0000a9b8    000000ee     DSP2833x_EPwm.obj (.text)
                  0000aaa6    000000be     B1_Measure.obj (.text)
                  0000ab64    000000b4     BFL_RS485.obj (.text)
                  0000ac18    000000b4     BFL_Measure.obj (.text:retain)
                  0000accc    0000009c     BFL_SCR.obj (.text:retain)
                  0000ad68    0000009c     rts2800_fpu32.lib : fd_add28.asm.obj (.text)
                  0000ae04    00000099     B1_CapacitanceTemperatureMeasure.obj (.text)
                  0000ae9d    00000001     rts2800_fpu32.lib : startup.c.obj (.text)
                  0000ae9e    00000097     mbcb.obj (.text)
                  0000af35    00000094     mbfunccoils.obj (.text)
                  0000afc9    00000037     B1_ModbusRTUSlaver.obj (.text)

.text.3    0    0000b000    0000098c     
                  0000b000    0000008e     HDL_CPU_Time.obj (.text:retain)
                  0000b08e    0000008b     rts2800_fpu32.lib : fd_div28.asm.obj (.text)
                  0000b119    00000088                       : fs_div28.asm.obj (.text)
                  0000b1a1    00000083                       : fd_mpy28.asm.obj (.text)
                  0000b224    0000006c     cqueue.obj (.text)
                  0000b290    00000063     B0_DeltaPoll.obj (.text)
                  0000b2f3    0000005a     mb.obj (.text)
                  0000b34d    00000059     BFL_Buzz.obj (.text)
                  0000b3a6    00000059     HDL_CAN.obj (.text:retain)
                  0000b3ff    00000057     average_filter.obj (.text)
                  0000b456    00000056     rts2800_fpu32.lib : boot28.asm.obj (.text)
                  0000b4ac    00000054     BFL_DebugPin.obj (.text)
                  0000b500    00000052     mbfuncdisc.obj (.text)
                  0000b552    0000004b     BFL_Button.obj (.text)
                  0000b59d    0000003c     mbfuncinput.obj (.text)
                  0000b5d9    00000035     period_query.obj (.text)
                  0000b60e    00000034     portserial.obj (.text)
                  0000b642    00000033     DSP2833x_CpuTimers.obj (.text)
                  0000b675    00000032     B1_VCBStatusGet.obj (.text)
                  0000b6a7    0000002a     mbutils.obj (.text)
                  0000b6d1    0000002a     rts2800_fpu32.lib : fd_cmp28.asm.obj (.text)
                  0000b6fb    0000002a                       : l_div28.asm.obj (.text)
                  0000b725    00000029     mbcrc.obj (.text)
                  0000b74e    00000029     rts2800_fpu32.lib : exit.c.obj (.text)
                  0000b777    00000028     DSP2833x_PieCtrl.obj (.text)
                  0000b79f    00000001     --HOLE-- [fill = 0]
                  0000b7a0    00000027     rts2800_fpu32.lib : e_sqrtf.c.obj (.text)
                  0000b7c7    00000024                       : cpy_tbl.c.obj (.text)
                  0000b7eb    00000021                       : fd_toi28.asm.obj (.text)
                  0000b80c    0000001f                       : fd_tol28.asm.obj (.text)
                  0000b82b    0000001e                       : ll_cmp28.asm.obj (.text)
                  0000b849    0000001d                       : i_tofd28.asm.obj (.text)
                  0000b866    0000001c                       : fs_tofdfpu32.asm.obj (.text)
                  0000b882    0000001c                       : l_tofd28.asm.obj (.text)
                  0000b89e    0000001c                       : memcpy.c.obj (.text)
                  0000b8ba    00000019                       : prolog28.asm.obj (.text)
                  0000b8d3    00000018                       : ll_aox28.asm.obj (.text)
                  0000b8eb    00000014     DSP2833x_Adc.obj (.text)
                  0000b8ff    00000014     main.obj (.text)
                  0000b913    00000012     mbfuncother.obj (.text)
                  0000b925    00000012     rts2800_fpu32.lib : args_main.c.obj (.text)
                  0000b937    00000011     DSP2833x_PieVect.obj (.text)
                  0000b948    0000000e     rts2800_fpu32.lib : fd_sub28.asm.obj (.text)
                  0000b956    0000000c                       : epilog28.asm.obj (.text)
                  0000b962    0000000b                       : u_div28.asm.obj (.text)
                  0000b96d    00000009                       : fd_neg28.asm.obj (.text)
                  0000b976    00000008     DSP2833x_CodeStartBranch.obj (.text)
                  0000b97e    00000007     rts2800_fpu32.lib : memset.c.obj (.text)
                  0000b985    00000005     porttimer.obj (.text)
                  0000b98a    00000002     rts2800_fpu32.lib : pre_init.c.obj (.text)

.ebss      1    0000c3c0    000006e3     UNINITIALIZED
                  0000c3c0    000001d4     APP_Main.obj (.ebss)
                  0000c594    00000020     mbfuncother.obj (.ebss:_ucMBSlaveID$25)
                  0000c5b4    0000000a     HDL_CAN.obj (.ebss)
                  0000c5be    00000002     B1_CapacitanceTemperatureMeasure.obj (.ebss)
                  0000c5c0    00000100     mbrtu.obj (.ebss:_ucRTUBuf)
                  0000c6c0    000000a0     BFL_Measure.obj (.ebss:_AdcVoltRMSFilterBuf)
                  0000c760    00000020     mbcb.obj (.ebss:_usRegHoldingBuf)
                  0000c780    00000096     HDL_Uart.obj (.ebss:__gCOMList)
                  0000c816    0000001c     mb.obj (.ebss)
                  0000c832    0000000a     BFL_VCB.obj (.ebss:_g_vcb_list)
                  0000c83c    00000004     B0_DeltaPoll.obj (.ebss)
                  0000c840    00000080     BFL_Measure.obj (.ebss:_AdcVoltRMSFilter)
                  0000c8c0    00000050     HDL_Uart.obj (.ebss:_m_Com1RxBuf)
                  0000c910    00000018     DSP2833x_CpuTimers.obj (.ebss)
                  0000c928    00000016     period_query.obj (.ebss:_period_last_exe_tick_table)
                  0000c93e    00000002     B1_ModbusRTUSlaver.obj (.ebss)
                  0000c940    00000050     HDL_Uart.obj (.ebss:_m_Com2RxBuf)
                  0000c990    00000012     BFL_SCR.obj (.ebss)
                  0000c9a2    00000010     BFL_Measure.obj (.ebss:_AdcAvg)
                  0000c9b2    00000008     mbcb.obj (.ebss:_usRegInputBuf)
                  0000c9ba    00000006     BFL_Measure.obj (.ebss)
                  0000c9c0    00000050     HDL_Uart.obj (.ebss:_m_Com3RxBuf)
                  0000ca10    00000010     BFL_Measure.obj (.ebss:_AdcRMS)
                  0000ca20    00000010     BFL_Measure.obj (.ebss:_AdcVoltAvg)
                  0000ca30    00000010     BFL_Measure.obj (.ebss:_AdcVoltRMS)
                  0000ca40    00000040     mb.obj (.ebss:_xFuncHandlers$27)
                  0000ca80    00000006     HDL_CPU_Time.obj (.ebss)
                  0000ca86    00000006     mbrtu.obj (.ebss)
                  0000ca8c    00000006     rts2800_fpu32.lib : exit.c.obj (.ebss)
                  0000ca92    00000002                       : _lock.c.obj (.ebss:__lock)
                  0000ca94    00000002                       : _lock.c.obj (.ebss:__unlock)
                  0000ca96    00000002     mbcb.obj (.ebss:_ucRegCoilsBuf)
                  0000ca98    00000002     mbcb.obj (.ebss:_ucRegDiscreteBuf)
                  0000ca9a    00000002     portevent.obj (.ebss)
                  0000ca9c    00000001     BFL_Buzz.obj (.ebss)
                  0000ca9d    00000001     HDL_Uart.obj (.ebss:_m_Com1TxBuf)
                  0000ca9e    00000001     HDL_Uart.obj (.ebss:_m_Com2TxBuf)
                  0000ca9f    00000001     HDL_Uart.obj (.ebss:_m_Com3TxBuf)
                  0000caa0    00000001     mbfuncother.obj (.ebss)
                  0000caa1    00000001     porttimer.obj (.ebss)
                  0000caa2    00000001     rts2800_fpu32.lib : errno.c.obj (.ebss)

MODULE SUMMARY

       Module                                   code    initialized data   uninitialized data
       ------                                   ----    ----------------   ------------------
    .\
       DSP2833x_GlobalVariableDefs.obj          0       0                  2679              
       DSP2833x_DMA.obj                         887     0                  0                 
       DSP2833x_DefaultIsr.obj                  790     0                  0                 
       DSP2833x_PieVect.obj                     17      256                0                 
       DSP2833x_SysCtrl.obj                     252     0                  0                 
       DSP2833x_EPwm.obj                        238     0                  0                 
       DSP2833x_CpuTimers.obj                   51      0                  24                
       DSP2833x_PieCtrl.obj                     40      0                  0                 
       DSP2833x_Adc.obj                         20      0                  0                 
       DSP2833x_CodeStartBranch.obj             10      0                  0                 
       DSP2833x_ADC_cal.obj                     7       0                  0                 
       DSP2833x_usDelay.obj                     4       0                  0                 
    +--+----------------------------------------+-------+------------------+--------------------+
       Total:                                   2316    256                2703              
                                                                                             
    .\APP\
       APP_Main.obj                             323     2                  468               
       B1_Measure.obj                           190     0                  0                 
       B1_CapacitanceTemperatureMeasure.obj     153     8                  2                 
       B0_DeltaPoll.obj                         99      0                  4                 
       B1_ModbusRTUSlaver.obj                   55      0                  2                 
       B1_VCBStatusGet.obj                      50      0                  0                 
    +--+----------------------------------------+-------+------------------+--------------------+
       Total:                                   870     10                 476               
                                                                                             
    .\Application\
       main.obj                                 20      0                  0                 
    +--+----------------------------------------+-------+------------------+--------------------+
       Total:                                   20      0                  0                 
                                                                                             
    .\BFL\
       BFL_Measure.obj                          459     4                  1318              
       BFL_SCR.obj                              1085    0                  18                
       BFL_VCB.obj                              644     91                 10                
       BFL_RS485.obj                            180     0                  0                 
       BFL_Buzz.obj                             89      4                  1                 
       BFL_DebugPin.obj                         84      0                  0                 
       period_query.obj                         53      5                  22                
       BFL_Button.obj                           75      0                  0                 
    +--+----------------------------------------+-------+------------------+--------------------+
       Total:                                   2669    104                1369              
                                                                                             
    .\HDL\
       HDL_Uart.obj                             1193    174                393               
       HDL_CPU_Time.obj                         384     13                 6                 
       HDL_SPI.obj                              293     0                  0                 
       HDL_CAN.obj                              89      0                  10                
    +--+----------------------------------------+-------+------------------+--------------------+
       Total:                                   1959    187                409               
                                                                                             
    .\LIB\
       crc.obj                                  0       512                0                 
       cqueue.obj                               108     0                  0                 
       average_filter.obj                       87      0                  0                 
    +--+----------------------------------------+-------+------------------+--------------------+
       Total:                                   195     512                0                 
                                                                                             
    .\freemodbus\
       mb.obj                                   90      0                  92                
    +--+----------------------------------------+-------+------------------+--------------------+
       Total:                                   90      0                  92                
                                                                                             
    .\freemodbus\functions\
       mbfuncholding.obj                        186     0                  0                 
       mbfunccoils.obj                          148     0                  0                 
       mbfuncdisc.obj                           82      0                  0                 
       mbfuncinput.obj                          60      0                  0                 
       mbfuncother.obj                          18      0                  33                
       mbutils.obj                              42      0                  0                 
    +--+----------------------------------------+-------+------------------+--------------------+
       Total:                                   536     0                  33                
                                                                                             
    .\freemodbus\port\
       mbcb.obj                                 151     2                  44                
       portserial.obj                           52      0                  0                 
       porttimer.obj                            5       0                  1                 
       portevent.obj                            0       0                  2                 
    +--+----------------------------------------+-------+------------------+--------------------+
       Total:                                   208     2                  47                
                                                                                             
    .\freemodbus\rtu\
       mbrtu.obj                                302     0                  262               
       mbcrc.obj                                41      512                0                 
    +--+----------------------------------------+-------+------------------+--------------------+
       Total:                                   343     512                262               
                                                                                             
    C:\Users\liuyu\AppData\Local\Temp\
       {1D5B630D-9047-4BAC-95AC-A2EB456D1078}   0       130                0                 
    +--+----------------------------------------+-------+------------------+--------------------+
       Total:                                   0       130                0                 
                                                                                             
    C:/ti/ccstheia131/ccs/tools/compiler/ti-cgt-c2000_22.6.1A23259/lib/rts2800_fpu32.lib
       ll_div28.asm.obj                         263     0                  0                 
       fd_add28.asm.obj                         156     0                  0                 
       fd_div28.asm.obj                         139     0                  0                 
       fs_div28.asm.obj                         136     0                  0                 
       fd_mpy28.asm.obj                         131     0                  0                 
       boot28.asm.obj                           86      0                  0                 
       _printfi.c.obj                           0       66                 0                 
       exit.c.obj                               41      14                 6                 
       fd_cmp28.asm.obj                         42      0                  0                 
       l_div28.asm.obj                          42      0                  0                 
       e_sqrtf.c.obj                            39      0                  0                 
       cpy_tbl.c.obj                            36      0                  0                 
       fd_toi28.asm.obj                         33      0                  0                 
       fd_tol28.asm.obj                         31      0                  0                 
       ll_cmp28.asm.obj                         30      0                  0                 
       i_tofd28.asm.obj                         29      0                  0                 
       fs_tofdfpu32.asm.obj                     28      0                  0                 
       l_tofd28.asm.obj                         28      0                  0                 
       memcpy.c.obj                             28      0                  0                 
       prolog28.asm.obj                         25      0                  0                 
       ll_aox28.asm.obj                         24      0                  0                 
       args_main.c.obj                          18      0                  0                 
       fd_sub28.asm.obj                         14      0                  0                 
       epilog28.asm.obj                         12      0                  0                 
       u_div28.asm.obj                          11      0                  0                 
       fd_neg28.asm.obj                         9       0                  0                 
       memset.c.obj                             7       0                  0                 
       _lock.c.obj                              1       0                  4                 
       pre_init.c.obj                           2       0                  0                 
       errno.c.obj                              0       0                  1                 
       startup.c.obj                            1       0                  0                 
    +--+----------------------------------------+-------+------------------+--------------------+
       Total:                                   1442    80                 11                
                                                                                             
       Stack:                                   0       0                  512               
    +--+----------------------------------------+-------+------------------+--------------------+
       Grand Total:                             10648   1793               5914              


GLOBAL DATA SYMBOLS: SORTED BY DATA PAGE

address     data page           name
--------    ----------------    ----
00000400      10 (00000400)     __stack

00000880      22 (00000880)     _DevEmuRegs

00000a80      2a (00000a80)     _FlashRegs

00000ae0      2b (00000ac0)     _CsmRegs

00000b00      2c (00000b00)     _AdcMirror
00000b20      2c (00000b00)     _XintfRegs

00000c00      30 (00000c00)     _CpuTimer0Regs
00000c08      30 (00000c00)     _CpuTimer1Regs
00000c10      30 (00000c00)     _CpuTimer2Regs

00000ce0      33 (00000cc0)     _PieCtrlRegs

00000d00      34 (00000d00)     _PieVectTable

00001000      40 (00001000)     _DmaRegs

00005000     140 (00005000)     _McbspaRegs

00005040     141 (00005040)     _McbspbRegs

00006000     180 (00006000)     _ECanaRegs

00006040     181 (00006040)     _ECanaLAMRegs

00006080     182 (00006080)     _ECanaMOTSRegs

000060c0     183 (000060c0)     _ECanaMOTORegs

00006100     184 (00006100)     _ECanaMboxes

00006200     188 (00006200)     _ECanbRegs

00006240     189 (00006240)     _ECanbLAMRegs

00006280     18a (00006280)     _ECanbMOTSRegs

000062c0     18b (000062c0)     _ECanbMOTORegs

00006300     18c (00006300)     _ECanbMboxes

00006800     1a0 (00006800)     _EPwm1Regs

00006840     1a1 (00006840)     _EPwm2Regs

00006880     1a2 (00006880)     _EPwm3Regs

000068c0     1a3 (000068c0)     _EPwm4Regs

00006900     1a4 (00006900)     _EPwm5Regs

00006940     1a5 (00006940)     _EPwm6Regs

00006a00     1a8 (00006a00)     _ECap1Regs
00006a20     1a8 (00006a00)     _ECap2Regs

00006a40     1a9 (00006a40)     _ECap3Regs
00006a60     1a9 (00006a40)     _ECap4Regs

00006a80     1aa (00006a80)     _ECap5Regs
00006aa0     1aa (00006a80)     _ECap6Regs

00006b00     1ac (00006b00)     _EQep1Regs

00006b40     1ad (00006b40)     _EQep2Regs

00006f80     1be (00006f80)     _GpioCtrlRegs

00006fc0     1bf (00006fc0)     _GpioDataRegs
00006fe0     1bf (00006fc0)     _GpioIntRegs

00007010     1c0 (00007000)     _SysCtrlRegs

00007040     1c1 (00007040)     _SpiaRegs
00007050     1c1 (00007040)     _SciaRegs
00007070     1c1 (00007040)     _XIntruptRegs

00007100     1c4 (00007100)     _AdcRegs

00007750     1dd (00007740)     _ScibRegs
00007770     1dd (00007740)     _ScicRegs

00007900     1e4 (00007900)     _I2caRegs

0000c000     300 (0000c000)     _DMABuf1

0000c3c0     30f (0000c3c0)     _g_AppMainInfo

0000c5b4     316 (0000c580)     _can_rx_msg

0000c5c0     317 (0000c5c0)     _ucRTUBuf

0000c760     31d (0000c740)     _usRegHoldingBuf

0000c780     31e (0000c780)     __gCOMList

0000c826     320 (0000c800)     _pxMBFrameCBByteReceived
0000c828     320 (0000c800)     _pxMBFrameCBTransmitterEmpty
0000c82a     320 (0000c800)     _pxMBPortCBTimerExpired
0000c82c     320 (0000c800)     _pxMBFrameCBReceiveFSMCur
0000c82e     320 (0000c800)     _pxMBFrameCBTransmitFSMCur
0000c832     320 (0000c800)     _g_vcb_list

0000c910     324 (0000c900)     _CpuTimer0
0000c918     324 (0000c900)     _CpuTimer1
0000c920     324 (0000c900)     _CpuTimer2

0000c990     326 (0000c980)     _epwm1_info
0000c996     326 (0000c980)     _epwm2_info
0000c99c     326 (0000c980)     _epwm3_info
0000c9b2     326 (0000c980)     _usRegInputBuf
0000c9bc     326 (0000c980)     _DMADest
0000c9be     326 (0000c980)     _DMASource

0000ca8c     32a (0000ca80)     ___TI_enable_exit_profile_output
0000ca8e     32a (0000ca80)     ___TI_cleanup_ptr
0000ca90     32a (0000ca80)     ___TI_dtors_ptr
0000ca92     32a (0000ca80)     __lock
0000ca94     32a (0000ca80)     __unlock
0000ca96     32a (0000ca80)     _ucRegCoilsBuf
0000ca98     32a (0000ca80)     _ucRegDiscreteBuf
0000caa2     32a (0000ca80)     _errno

0000d200     348 (0000d200)     _PieVectTableInit

0000d300     34c (0000d300)     _s_CRCHi

0000d400     350 (0000d400)     _s_CRCLo

0000d5b6     356 (0000d580)     _g_pSysInfo
0000d5b8     356 (0000d580)     _usRegInputStart
0000d5b9     356 (0000d580)     _usRegHoldingStart

0033fff8    cfff (0033ffc0)     _CsmPwl

00380090    e002 (00380080)     _PartIdRegs


GLOBAL SYMBOLS: SORTED ALPHABETICALLY BY Name 

page  address   name                                    
----  -------   ----                                    
abs   ffffffff  .text                                   
0     0000b74e  C$$EXIT                                 
0     0000ad68  FD$$ADD                                 
0     0000b6d1  FD$$CMP                                 
0     0000b08e  FD$$DIV                                 
0     0000b1a1  FD$$MPY                                 
0     0000b96d  FD$$NEG                                 
0     0000b948  FD$$SUB                                 
0     0000b7eb  FD$$TOI                                 
0     0000b80c  FD$$TOL                                 
0     0000b119  FS$$DIV                                 
0     0000b866  FS$$TOFD                                
0     0000b849  I$$TOFD                                 
0     0000b6fb  L$$DIV                                  
0     0000b70a  L$$MOD                                  
0     0000b882  L$$TOFD                                 
0     0000b8d3  LL$$AND                                 
0     0000b82b  LL$$CMP                                 
0     0000a6c3  LL$$DIV                                 
0     0000a6ff  LL$$MOD                                 
0     0000b8db  LL$$OR                                  
0     0000b8e3  LL$$XOR                                 
0     0000b962  U$$DIV                                  
0     0000b967  U$$MOD                                  
0     0000b718  UL$$DIV                                 
0     0000b71f  UL$$MOD                                 
0     0000b83d  ULL$$CMP                                
0     0000a739  ULL$$DIV                                
0     0000a768  ULL$$MOD                                
0     00009a24  _ADCINT_ISR                             
0     00380080  _ADC_cal                                
0     0000a2e9  _APP_Main_Init                          
0     0000a23d  _APP_Main_Poll                          
1     00000b00  _AdcMirror                              
1     00007100  _AdcRegs                                
0     0000b290  _B0_DeltaPollCallback                   
0     0000ae04  _B1_CapacitanceTemperatureMeasure_Poll  
0     0000aaa6  _B1_Measure_Poll                        
0     0000afc9  _B1_ModbusRTUSlaver_Init                
0     0000b675  _B1_VCBStatus_Update                    
0     0000b552  _BFL_Button_Init                        
0     0000b586  _BFL_Button_IsPressed                   
0     0000b34d  _BFL_Buzz_Init                          
0     0000b380  _BFL_Buzz_IsOff                         
0     0000b35d  _BFL_Buzz_Off                           
0     0000b371  _BFL_Buzz_On                            
0     0000b39f  _BFL_Buzz_SetTrigLevel                  
0     0000b36c  _BFL_Buzz_Toggle                        
0     0000b4ac  _BFL_DebugPin_Init                      
0     0000b4d8  _BFL_DebugPin_Reset                     
0     0000b4c4  _BFL_DebugPin_Set                       
0     0000b4ec  _BFL_DebugPin_Toggle                    
0     0000a6a6  _BFL_Measure_Init                       
0     0000a685  _BFL_Measure_Read                       
0     0000a67f  _BFL_Measure_ReadReady                  
0     0000aba0  _BFL_RS485_Init                         
0     0000ac03  _BFL_RS485_Read                         
0     0000ab75  _BFL_RS485_Release_Bus                  
0     0000ab8b  _BFL_RS485_Release_Bus_RS4851           
0     0000ab98  _BFL_RS485_Release_Bus_RS4852           
0     0000ab64  _BFL_RS485_Take_Bus                     
0     0000ab86  _BFL_RS485_Take_Bus_RS4851              
0     0000ab93  _BFL_RS485_Take_Bus_RS4852              
0     0000abe8  _BFL_RS485_Write                        
0     00009077  _BFL_SCRR_Have_Signal                   
0     000092b9  _BFL_SCRT_Pluse_Transmit                
0     00009000  _BFL_SCR_Init                           
0     00009cfb  _BFL_VCB_CTRL_STATE_To_String           
0     00009f0f  _BFL_VCB_Get_Actual_State               
0     00009eff  _BFL_VCB_Get_Setting_State              
0     00009ec6  _BFL_VCB_Relay_Get_Setting_State        
0     00009e05  _BFL_VCB_Relay_Set_As_Switch_Closed     
0     00009e68  _BFL_VCB_Relay_Set_As_Switch_No_Ctrl    
0     00009da2  _BFL_VCB_Relay_Set_As_Switch_Opened     
0     00009ce5  _BFL_VCB_STATE_To_String                
0     00009cc2  _BFL_VCB_SW_To_String                   
0     00009ed6  _BFL_VCB_Set_As_Switch_Closed           
0     00009ef7  _BFL_VCB_Set_As_Switch_No_Ctrl          
0     00009ee7  _BFL_VCB_Set_As_Switch_Opened           
0     00009d11  _BFL_VCB_Seurity_Init                   
0     0000a215  _BackGroundTask                         
0     0000b3a6  _CANA_ISR                               
0     0000a246  _Config_Default_Parameter               
1     0000c910  _CpuTimer0                              
1     00000c00  _CpuTimer0Regs                          
1     0000c918  _CpuTimer1                              
1     00000c08  _CpuTimer1Regs                          
1     0000c920  _CpuTimer2                              
1     00000c10  _CpuTimer2Regs                          
1     0033fff8  _CsmPwl                                 
1     00000ae0  _CsmRegs                                
0     0000a898  _CsmUnlock                              
0     00009a1a  _DATALOG_ISR                            
0     00009a10  _DINTCH1_ISR                            
0     00009a06  _DINTCH2_ISR                            
0     000099fc  _DINTCH3_ISR                            
0     000099f2  _DINTCH4_ISR                            
0     000099e8  _DINTCH5_ISR                            
0     000099de  _DINTCH6_ISR                            
1     0000c000  _DMABuf1                                
0     0000970e  _DMACH1AddrConfig                       
0     00009705  _DMACH1BurstConfig                      
0     000096a2  _DMACH1ModeConfig                       
0     00009699  _DMACH1TransferConfig                   
0     0000968f  _DMACH1WrapConfig                       
0     00009685  _DMACH2AddrConfig                       
0     0000967c  _DMACH2BurstConfig                      
0     00009619  _DMACH2ModeConfig                       
0     00009610  _DMACH2TransferConfig                   
0     00009606  _DMACH2WrapConfig                       
0     000095fc  _DMACH3AddrConfig                       
0     000095f3  _DMACH3BurstConfig                      
0     00009590  _DMACH3ModeConfig                       
0     00009587  _DMACH3TransferConfig                   
0     0000957d  _DMACH3WrapConfig                       
0     00009573  _DMACH4AddrConfig                       
0     0000956a  _DMACH4BurstConfig                      
0     00009505  _DMACH4ModeConfig                       
0     000094fc  _DMACH4TransferConfig                   
0     000094f2  _DMACH4WrapConfig                       
0     000094e8  _DMACH5AddrConfig                       
0     000094df  _DMACH5BurstConfig                      
0     0000947a  _DMACH5ModeConfig                       
0     00009471  _DMACH5TransferConfig                   
0     00009467  _DMACH5WrapConfig                       
0     0000945d  _DMACH6AddrConfig                       
0     00009454  _DMACH6BurstConfig                      
0     000093ef  _DMACH6ModeConfig                       
0     000093e6  _DMACH6TransferConfig                   
0     000093dc  _DMACH6WrapConfig                       
1     0000c9bc  _DMADest                                
0     000093d1  _DMAInitialize                          
1     0000c9be  _DMASource                              
0     0000814a  _DSP28x_usDelay                         
1     00000880  _DevEmuRegs                             
0     0000a7d4  _DisableDog                             
1     00001000  _DmaRegs                                
0     000099d4  _ECAN0INTA_ISR                          
0     000099ca  _ECAN0INTB_ISR                          
0     000099c0  _ECAN1INTA_ISR                          
0     000099b6  _ECAN1INTB_ISR                          
0     000099ac  _ECAP1_INT_ISR                          
0     000099a2  _ECAP2_INT_ISR                          
0     00009998  _ECAP3_INT_ISR                          
0     0000998e  _ECAP4_INT_ISR                          
0     00009984  _ECAP5_INT_ISR                          
0     0000997a  _ECAP6_INT_ISR                          
1     00006040  _ECanaLAMRegs                           
1     000060c0  _ECanaMOTORegs                          
1     00006080  _ECanaMOTSRegs                          
1     00006100  _ECanaMboxes                            
1     00006000  _ECanaRegs                              
1     00006240  _ECanbLAMRegs                           
1     000062c0  _ECanbMOTORegs                          
1     00006280  _ECanbMOTSRegs                          
1     00006300  _ECanbMboxes                            
1     00006200  _ECanbRegs                              
1     00006a00  _ECap1Regs                              
1     00006a20  _ECap2Regs                              
1     00006a40  _ECap3Regs                              
1     00006a60  _ECap4Regs                              
1     00006a80  _ECap5Regs                              
1     00006aa0  _ECap6Regs                              
0     00009970  _EMUINT_ISR                             
0     00009966  _EPWM1_INT_ISR                          
0     0000995c  _EPWM1_TZINT_ISR                        
0     00009952  _EPWM2_INT_ISR                          
0     00009948  _EPWM2_TZINT_ISR                        
0     0000993e  _EPWM3_INT_ISR                          
0     00009934  _EPWM3_TZINT_ISR                        
0     0000992a  _EPWM4_INT_ISR                          
0     00009920  _EPWM4_TZINT_ISR                        
0     00009916  _EPWM5_INT_ISR                          
0     0000990c  _EPWM5_TZINT_ISR                        
0     00009902  _EPWM6_INT_ISR                          
0     000098f8  _EPWM6_TZINT_ISR                        
1     00006800  _EPwm1Regs                              
1     00006840  _EPwm2Regs                              
1     00006880  _EPwm3Regs                              
1     000068c0  _EPwm4Regs                              
1     00006900  _EPwm5Regs                              
1     00006940  _EPwm6Regs                              
0     000098ee  _EQEP1_INT_ISR                          
0     000098e4  _EQEP2_INT_ISR                          
1     00006b00  _EQep1Regs                              
1     00006b40  _EQep2Regs                              
0     0000b796  _EnableInterrupts                       
0     0000b630  _EnterCriticalSection                   
0     0000b634  _ExitCriticalSection                    
1     00000a80  _FlashRegs                              
1     00006f80  _GpioCtrlRegs                           
1     00006fc0  _GpioDataRegs                           
1     00006fe0  _GpioIntRegs                            
0     0000a9a3  _HDL_CPU_Time_DelayMs                   
0     0000a991  _HDL_CPU_Time_DelayUs                   
0     0000a987  _HDL_CPU_Time_GetTick                   
0     0000a980  _HDL_CPU_Time_GetUsTick                 
0     0000a930  _HDL_CPU_Time_Init                      
0     0000a92b  _HDL_CPU_Time_ResetTick                 
0     0000a925  _HDL_CPU_Time_ResetUsTick               
0     0000a921  _HDL_CPU_Time_SetCPUTickCallback        
0     0000a906  _HDL_CPU_Time_StartHardTimer            
0     0000a8c6  _HDL_CPU_Time_StopHardTimer             
0     0000a57a  _HDL_SPI_Init                           
0     0000a545  _HDL_SPI_Read                           
0     0000a514  _HDL_SPI_Write                          
0     0000a4c3  _HDL_SPI_WriteRead                      
0     000098da  _I2CINT1A_ISR                           
0     000098d0  _I2CINT2A_ISR                           
1     00007900  _I2caRegs                               
0     000098c6  _ILLEGAL_ISR                            
0     000098bc  _INT13_ISR                              
0     000098b2  _INT14_ISR                              
0     0000b8eb  _InitAdc                                
0     0000b642  _InitCpuTimers                          
0     0000aaa5  _InitEPwm                               
0     000090c4  _InitEPwm1Example                       
0     0000aa10  _InitEPwm1Gpio                          
0     00009167  _InitEPwm2Example                       
0     0000aa26  _InitEPwm2Gpio                          
0     000091f3  _InitEPwm3Example                       
0     0000aa3c  _InitEPwm3Gpio                          
0     0000aa54  _InitEPwm4Gpio                          
0     0000aa6c  _InitEPwm5Gpio                          
0     0000aa82  _InitEPwm6Gpio                          
0     0000aa98  _InitEPwmGpio                           
0     0000a9f5  _InitEPwmSyncGpio                       
0     0000a829  _InitPeripheralClocks                   
0     0000b777  _InitPieCtrl                            
0     0000b937  _InitPieVectTable                       
0     0000a7dc  _InitPll                                
0     00009b79  _InitSciaGpio                           
0     00009b5f  _InitScibGpio                           
0     00009ad2  _InitScicGpio                           
0     0000a497  _InitSpiGpio                            
0     0000a497  _InitSpiaGpio                           
0     0000a88f  _InitSysCtrl                            
0     0000a9b8  _InitTzGpio                             
0     000098a8  _LUF_ISR                                
0     0000989e  _LVF_ISR                                
0     00009894  _MRINTA_ISR                             
0     0000988a  _MRINTB_ISR                             
0     00009880  _MXINTA_ISR                             
0     00009876  _MXINTB_ISR                             
1     00005000  _McbspaRegs                             
1     00005040  _McbspbRegs                             
0     0000986c  _NMI_ISR                                
0     00009862  _PIE_RESERVED                           
1     00380090  _PartIdRegs                             
1     00000ce0  _PieCtrlRegs                            
1     00000d00  _PieVectTable                           
1     0000d200  _PieVectTableInit                       
0     00009858  _RTOSINT_ISR                            
0     0000984e  _SCIRXINTA_ISR                          
0     00009844  _SCIRXINTB_ISR                          
0     0000983a  _SCIRXINTC_ISR                          
0     00009830  _SCITXINTA_ISR                          
0     00009826  _SCITXINTB_ISR                          
0     0000981c  _SCITXINTC_ISR                          
0     00009812  _SEQ1INT_ISR                            
0     00009808  _SEQ2INT_ISR                            
0     000097fe  _SPIRXINTA_ISR                          
0     000097f4  _SPITXINTA_ISR                          
1     00007050  _SciaRegs                               
1     00007750  _ScibRegs                               
1     00007770  _ScicRegs                               
0     0000a7ca  _ServiceDog                             
1     00007040  _SpiaRegs                               
0     000093c9  _StartDMACH1                            
0     000093c1  _StartDMACH2                            
0     000093b9  _StartDMACH3                            
0     000093b1  _StartDMACH4                            
0     000093a9  _StartDMACH5                            
0     000093a1  _StartDMACH6                            
1     00007010  _SysCtrlRegs                            
0     000097ea  _TINT0_ISR                              
0     000097e0  _USER10_ISR                             
0     000097d6  _USER11_ISR                             
0     000097cc  _USER12_ISR                             
0     000097c2  _USER1_ISR                              
0     000097b8  _USER2_ISR                              
0     000097ae  _USER3_ISR                              
0     000097a4  _USER4_ISR                              
0     0000979a  _USER5_ISR                              
0     00009790  _USER6_ISR                              
0     00009786  _USER7_ISR                              
0     0000977c  _USER8_ISR                              
0     00009772  _USER9_ISR                              
0     00009caa  _Uart_AvailableBytes                    
0     00009c85  _Uart_EmptyReadBuffer                   
0     00009b95  _Uart_Init                              
0     00009aba  _Uart_Read                              
0     00009aac  _Uart_RegisterReceiveCharCallback       
0     00009a9e  _Uart_RegisterReceiveReadyCharCallback  
0     00009a8f  _Uart_SetWriteOverCallback              
0     00009a80  _Uart_UnregisterReceiveCharCallback     
0     00009a2e  _Uart_Write                             
0     00009768  _WAKEINT_ISR                            
0     0000975e  _XINT1_ISR                              
0     00009754  _XINT2_ISR                              
0     0000974a  _XINT3_ISR                              
0     00009740  _XINT4_ISR                              
0     00009736  _XINT5_ISR                              
0     0000972c  _XINT6_ISR                              
0     00009722  _XINT7_ISR                              
1     00007070  _XIntruptRegs                           
1     00000b20  _XintfRegs                              
1     00000600  __STACK_END                             
abs   00000200  __STACK_SIZE                            
1     0000ca8e  ___TI_cleanup_ptr                       
1     0000ca90  ___TI_dtors_ptr                         
1     0000ca8c  ___TI_enable_exit_profile_output        
abs   ffffffff  ___TI_pprof_out_hndl                    
abs   ffffffff  ___TI_prof_data_size                    
abs   ffffffff  ___TI_prof_data_start                   
abs   ffffffff  ___binit__                              
abs   ffffffff  ___c_args__                             
0     00008000  ___cinit__                              
abs   ffffffff  ___etext__                              
abs   ffffffff  ___pinit__                              
abs   ffffffff  ___text__                               
0     0000b925  __args_main                             
1     0000c780  __gCOMList                              
1     0000ca92  __lock                                  
0     0000a5ab  __nop                                   
1     00000400  __stack                                 
0     0000ae9d  __system_post_cinit                     
0     0000b98a  __system_pre_init                       
1     0000ca94  __unlock                                
0     0000b74e  _abort                                  
0     0000b434  _average_filter_init                    
0     0000b3ff  _average_filter_update                  
0     0000b456  _c_int00                                
1     0000c5b4  _can_rx_msg                             
0     0000a63c  _config_ADC                             
0     0000a5ff  _config_DMA                             
0     0000a5ee  _config_ePWM4_to_generate_ADCSOCA       
0     0000a5b9  _config_ePWM4_to_generate_ADCSOCA_      
0     0000b7c7  _copy_in                                
0     0000b054  _cpu_timer0_isr                         
0     0000b040  _cpu_timer1_isr                         
0     0000b000  _cpu_timer2_isr                         
0     0000b278  _cqueue_create                          
0     0000b253  _cqueue_enqueue                         
0     0000b224  _cqueue_out                             
0     0000af95  _eMBFuncReadCoils                       
0     0000b500  _eMBFuncReadDiscreteInputs              
0     00009fd9  _eMBFuncReadHoldingRegister             
0     0000b59d  _eMBFuncReadInputRegister               
0     00009f46  _eMBFuncReadWriteMultipleHoldingRegister
0     0000b913  _eMBFuncReportSlaveID                   
0     0000af6b  _eMBFuncWriteCoil                       
0     00009f9b  _eMBFuncWriteHoldingRegister            
0     0000af35  _eMBFuncWriteMultipleCoils              
0     00009fb0  _eMBFuncWriteMultipleHoldingRegister    
0     0000b2f3  _eMBPoll                                
0     0000a45f  _eMBRTUInit                             
0     0000a3e7  _eMBRTUReceive                          
0     0000a40d  _eMBRTUSend                             
0     0000a449  _eMBRTUStart                            
0     0000a43b  _eMBRTUStop                             
0     0000ae9e  _eMBRegCoilsCB                          
0     0000af04  _eMBRegHoldingCB                        
0     0000a5ac  _enable_ePWM4                           
0     0000b956  _epilog_c28x_1                          
0     0000b95a  _epilog_c28x_2                          
1     0000c990  _epwm1_info                             
0     0000accc  _epwm1_isr                              
1     0000c996  _epwm2_info                             
0     0000ad00  _epwm2_isr                              
1     0000c99c  _epwm3_info                             
0     0000ad34  _epwm3_isr                              
1     0000caa2  _errno                                  
0     0000b750  _exit                                   
1     0000c3c0  _g_AppMainInfo                          
1     0000d5b6  _g_pSysInfo                             
1     0000c832  _g_vcb_list                             
0     0000ac18  _local_DINTCH1_ISR                      
0     0000b8ff  _main                                   
0     0000b89e  _memcpy                                 
0     0000b97e  _memset                                 
0     0000b5d9  _period_query                           
0     0000b5fb  _period_query_user                      
0     0000b8ba  _prolog_c28x_1                          
0     0000b8be  _prolog_c28x_2                          
0     0000b8c6  _prolog_c28x_3                          
0     0000b6c3  _prveMBError2Exception                  
0     0000b985  _prvvTIMERExpiredISR                    
1     0000c826  _pxMBFrameCBByteReceived                
1     0000c82c  _pxMBFrameCBReceiveFSMCur               
1     0000c82e  _pxMBFrameCBTransmitFSMCur              
1     0000c828  _pxMBFrameCBTransmitterEmpty            
1     0000c82a  _pxMBPortCBTimerExpired                 
0     00009718  _rsvd_ISR                               
1     0000d300  _s_CRCHi                                
1     0000d400  _s_CRCLo                                
0     0000a1b1  _sciaRxFifoIsr                          
0     0000a16c  _sciaTxFifoIsr                          
0     0000a0ff  _scibRxFifoIsr                          
0     0000a0b7  _scibTxFifoIsr                          
0     0000a048  _scicRxFifoIsr                          
0     0000a000  _scicTxFifoIsr                          
0     0000b638  _serialReceiveOneByteISR                
0     0000b63d  _serialSentOneByteISR                   
0     0000a48a  _spi_init                               
0     0000a486  _spi_xmit                               
0     0000b7a0  _sqrt                                   
0     0000b7a0  _sqrtf                                  
1     0000c5c0  _ucRTUBuf                               
1     0000ca96  _ucRegCoilsBuf                          
1     0000ca98  _ucRegDiscreteBuf                       
0     0000b725  _usMBCRC16                              
1     0000c760  _usRegHoldingBuf                        
1     0000d5b9  _usRegHoldingStart                      
1     0000c9b2  _usRegInputBuf                          
1     0000d5b8  _usRegInputStart                        
0     0000b60e  _vMBPortSerialEnable                    
0     0000a3ac  _xMBRTUReceiveFSM                       
0     0000a38b  _xMBRTUTimerT35Expired                  
0     0000a358  _xMBRTUTransmitFSM                      
0     0000b6a7  _xMBUtilGetBits                         
abs   ffffffff  binit                                   
0     00008000  cinit                                   
0     00000000  code_start                              
abs   ffffffff  etext                                   
abs   ffffffff  pinit                                   


GLOBAL SYMBOLS: SORTED BY Symbol Address 

page  address   name                                    
----  -------   ----                                    
0     00000000  code_start                              
0     00008000  ___cinit__                              
0     00008000  cinit                                   
0     0000814a  _DSP28x_usDelay                         
0     00009000  _BFL_SCR_Init                           
0     00009077  _BFL_SCRR_Have_Signal                   
0     000090c4  _InitEPwm1Example                       
0     00009167  _InitEPwm2Example                       
0     000091f3  _InitEPwm3Example                       
0     000092b9  _BFL_SCRT_Pluse_Transmit                
0     000093a1  _StartDMACH6                            
0     000093a9  _StartDMACH5                            
0     000093b1  _StartDMACH4                            
0     000093b9  _StartDMACH3                            
0     000093c1  _StartDMACH2                            
0     000093c9  _StartDMACH1                            
0     000093d1  _DMAInitialize                          
0     000093dc  _DMACH6WrapConfig                       
0     000093e6  _DMACH6TransferConfig                   
0     000093ef  _DMACH6ModeConfig                       
0     00009454  _DMACH6BurstConfig                      
0     0000945d  _DMACH6AddrConfig                       
0     00009467  _DMACH5WrapConfig                       
0     00009471  _DMACH5TransferConfig                   
0     0000947a  _DMACH5ModeConfig                       
0     000094df  _DMACH5BurstConfig                      
0     000094e8  _DMACH5AddrConfig                       
0     000094f2  _DMACH4WrapConfig                       
0     000094fc  _DMACH4TransferConfig                   
0     00009505  _DMACH4ModeConfig                       
0     0000956a  _DMACH4BurstConfig                      
0     00009573  _DMACH4AddrConfig                       
0     0000957d  _DMACH3WrapConfig                       
0     00009587  _DMACH3TransferConfig                   
0     00009590  _DMACH3ModeConfig                       
0     000095f3  _DMACH3BurstConfig                      
0     000095fc  _DMACH3AddrConfig                       
0     00009606  _DMACH2WrapConfig                       
0     00009610  _DMACH2TransferConfig                   
0     00009619  _DMACH2ModeConfig                       
0     0000967c  _DMACH2BurstConfig                      
0     00009685  _DMACH2AddrConfig                       
0     0000968f  _DMACH1WrapConfig                       
0     00009699  _DMACH1TransferConfig                   
0     000096a2  _DMACH1ModeConfig                       
0     00009705  _DMACH1BurstConfig                      
0     0000970e  _DMACH1AddrConfig                       
0     00009718  _rsvd_ISR                               
0     00009722  _XINT7_ISR                              
0     0000972c  _XINT6_ISR                              
0     00009736  _XINT5_ISR                              
0     00009740  _XINT4_ISR                              
0     0000974a  _XINT3_ISR                              
0     00009754  _XINT2_ISR                              
0     0000975e  _XINT1_ISR                              
0     00009768  _WAKEINT_ISR                            
0     00009772  _USER9_ISR                              
0     0000977c  _USER8_ISR                              
0     00009786  _USER7_ISR                              
0     00009790  _USER6_ISR                              
0     0000979a  _USER5_ISR                              
0     000097a4  _USER4_ISR                              
0     000097ae  _USER3_ISR                              
0     000097b8  _USER2_ISR                              
0     000097c2  _USER1_ISR                              
0     000097cc  _USER12_ISR                             
0     000097d6  _USER11_ISR                             
0     000097e0  _USER10_ISR                             
0     000097ea  _TINT0_ISR                              
0     000097f4  _SPITXINTA_ISR                          
0     000097fe  _SPIRXINTA_ISR                          
0     00009808  _SEQ2INT_ISR                            
0     00009812  _SEQ1INT_ISR                            
0     0000981c  _SCITXINTC_ISR                          
0     00009826  _SCITXINTB_ISR                          
0     00009830  _SCITXINTA_ISR                          
0     0000983a  _SCIRXINTC_ISR                          
0     00009844  _SCIRXINTB_ISR                          
0     0000984e  _SCIRXINTA_ISR                          
0     00009858  _RTOSINT_ISR                            
0     00009862  _PIE_RESERVED                           
0     0000986c  _NMI_ISR                                
0     00009876  _MXINTB_ISR                             
0     00009880  _MXINTA_ISR                             
0     0000988a  _MRINTB_ISR                             
0     00009894  _MRINTA_ISR                             
0     0000989e  _LVF_ISR                                
0     000098a8  _LUF_ISR                                
0     000098b2  _INT14_ISR                              
0     000098bc  _INT13_ISR                              
0     000098c6  _ILLEGAL_ISR                            
0     000098d0  _I2CINT2A_ISR                           
0     000098da  _I2CINT1A_ISR                           
0     000098e4  _EQEP2_INT_ISR                          
0     000098ee  _EQEP1_INT_ISR                          
0     000098f8  _EPWM6_TZINT_ISR                        
0     00009902  _EPWM6_INT_ISR                          
0     0000990c  _EPWM5_TZINT_ISR                        
0     00009916  _EPWM5_INT_ISR                          
0     00009920  _EPWM4_TZINT_ISR                        
0     0000992a  _EPWM4_INT_ISR                          
0     00009934  _EPWM3_TZINT_ISR                        
0     0000993e  _EPWM3_INT_ISR                          
0     00009948  _EPWM2_TZINT_ISR                        
0     00009952  _EPWM2_INT_ISR                          
0     0000995c  _EPWM1_TZINT_ISR                        
0     00009966  _EPWM1_INT_ISR                          
0     00009970  _EMUINT_ISR                             
0     0000997a  _ECAP6_INT_ISR                          
0     00009984  _ECAP5_INT_ISR                          
0     0000998e  _ECAP4_INT_ISR                          
0     00009998  _ECAP3_INT_ISR                          
0     000099a2  _ECAP2_INT_ISR                          
0     000099ac  _ECAP1_INT_ISR                          
0     000099b6  _ECAN1INTB_ISR                          
0     000099c0  _ECAN1INTA_ISR                          
0     000099ca  _ECAN0INTB_ISR                          
0     000099d4  _ECAN0INTA_ISR                          
0     000099de  _DINTCH6_ISR                            
0     000099e8  _DINTCH5_ISR                            
0     000099f2  _DINTCH4_ISR                            
0     000099fc  _DINTCH3_ISR                            
0     00009a06  _DINTCH2_ISR                            
0     00009a10  _DINTCH1_ISR                            
0     00009a1a  _DATALOG_ISR                            
0     00009a24  _ADCINT_ISR                             
0     00009a2e  _Uart_Write                             
0     00009a80  _Uart_UnregisterReceiveCharCallback     
0     00009a8f  _Uart_SetWriteOverCallback              
0     00009a9e  _Uart_RegisterReceiveReadyCharCallback  
0     00009aac  _Uart_RegisterReceiveCharCallback       
0     00009aba  _Uart_Read                              
0     00009ad2  _InitScicGpio                           
0     00009b5f  _InitScibGpio                           
0     00009b79  _InitSciaGpio                           
0     00009b95  _Uart_Init                              
0     00009c85  _Uart_EmptyReadBuffer                   
0     00009caa  _Uart_AvailableBytes                    
0     00009cc2  _BFL_VCB_SW_To_String                   
0     00009ce5  _BFL_VCB_STATE_To_String                
0     00009cfb  _BFL_VCB_CTRL_STATE_To_String           
0     00009d11  _BFL_VCB_Seurity_Init                   
0     00009da2  _BFL_VCB_Relay_Set_As_Switch_Opened     
0     00009e05  _BFL_VCB_Relay_Set_As_Switch_Closed     
0     00009e68  _BFL_VCB_Relay_Set_As_Switch_No_Ctrl    
0     00009ec6  _BFL_VCB_Relay_Get_Setting_State        
0     00009ed6  _BFL_VCB_Set_As_Switch_Closed           
0     00009ee7  _BFL_VCB_Set_As_Switch_Opened           
0     00009ef7  _BFL_VCB_Set_As_Switch_No_Ctrl          
0     00009eff  _BFL_VCB_Get_Setting_State              
0     00009f0f  _BFL_VCB_Get_Actual_State               
0     00009f46  _eMBFuncReadWriteMultipleHoldingRegister
0     00009f9b  _eMBFuncWriteHoldingRegister            
0     00009fb0  _eMBFuncWriteMultipleHoldingRegister    
0     00009fd9  _eMBFuncReadHoldingRegister             
0     0000a000  _scicTxFifoIsr                          
0     0000a048  _scicRxFifoIsr                          
0     0000a0b7  _scibTxFifoIsr                          
0     0000a0ff  _scibRxFifoIsr                          
0     0000a16c  _sciaTxFifoIsr                          
0     0000a1b1  _sciaRxFifoIsr                          
0     0000a215  _BackGroundTask                         
0     0000a23d  _APP_Main_Poll                          
0     0000a246  _Config_Default_Parameter               
0     0000a2e9  _APP_Main_Init                          
0     0000a358  _xMBRTUTransmitFSM                      
0     0000a38b  _xMBRTUTimerT35Expired                  
0     0000a3ac  _xMBRTUReceiveFSM                       
0     0000a3e7  _eMBRTUReceive                          
0     0000a40d  _eMBRTUSend                             
0     0000a43b  _eMBRTUStop                             
0     0000a449  _eMBRTUStart                            
0     0000a45f  _eMBRTUInit                             
0     0000a486  _spi_xmit                               
0     0000a48a  _spi_init                               
0     0000a497  _InitSpiGpio                            
0     0000a497  _InitSpiaGpio                           
0     0000a4c3  _HDL_SPI_WriteRead                      
0     0000a514  _HDL_SPI_Write                          
0     0000a545  _HDL_SPI_Read                           
0     0000a57a  _HDL_SPI_Init                           
0     0000a5ab  __nop                                   
0     0000a5ac  _enable_ePWM4                           
0     0000a5b9  _config_ePWM4_to_generate_ADCSOCA_      
0     0000a5ee  _config_ePWM4_to_generate_ADCSOCA       
0     0000a5ff  _config_DMA                             
0     0000a63c  _config_ADC                             
0     0000a67f  _BFL_Measure_ReadReady                  
0     0000a685  _BFL_Measure_Read                       
0     0000a6a6  _BFL_Measure_Init                       
0     0000a6c3  LL$$DIV                                 
0     0000a6ff  LL$$MOD                                 
0     0000a739  ULL$$DIV                                
0     0000a768  ULL$$MOD                                
0     0000a7ca  _ServiceDog                             
0     0000a7d4  _DisableDog                             
0     0000a7dc  _InitPll                                
0     0000a829  _InitPeripheralClocks                   
0     0000a88f  _InitSysCtrl                            
0     0000a898  _CsmUnlock                              
0     0000a8c6  _HDL_CPU_Time_StopHardTimer             
0     0000a906  _HDL_CPU_Time_StartHardTimer            
0     0000a921  _HDL_CPU_Time_SetCPUTickCallback        
0     0000a925  _HDL_CPU_Time_ResetUsTick               
0     0000a92b  _HDL_CPU_Time_ResetTick                 
0     0000a930  _HDL_CPU_Time_Init                      
0     0000a980  _HDL_CPU_Time_GetUsTick                 
0     0000a987  _HDL_CPU_Time_GetTick                   
0     0000a991  _HDL_CPU_Time_DelayUs                   
0     0000a9a3  _HDL_CPU_Time_DelayMs                   
0     0000a9b8  _InitTzGpio                             
0     0000a9f5  _InitEPwmSyncGpio                       
0     0000aa10  _InitEPwm1Gpio                          
0     0000aa26  _InitEPwm2Gpio                          
0     0000aa3c  _InitEPwm3Gpio                          
0     0000aa54  _InitEPwm4Gpio                          
0     0000aa6c  _InitEPwm5Gpio                          
0     0000aa82  _InitEPwm6Gpio                          
0     0000aa98  _InitEPwmGpio                           
0     0000aaa5  _InitEPwm                               
0     0000aaa6  _B1_Measure_Poll                        
0     0000ab64  _BFL_RS485_Take_Bus                     
0     0000ab75  _BFL_RS485_Release_Bus                  
0     0000ab86  _BFL_RS485_Take_Bus_RS4851              
0     0000ab8b  _BFL_RS485_Release_Bus_RS4851           
0     0000ab93  _BFL_RS485_Take_Bus_RS4852              
0     0000ab98  _BFL_RS485_Release_Bus_RS4852           
0     0000aba0  _BFL_RS485_Init                         
0     0000abe8  _BFL_RS485_Write                        
0     0000ac03  _BFL_RS485_Read                         
0     0000ac18  _local_DINTCH1_ISR                      
0     0000accc  _epwm1_isr                              
0     0000ad00  _epwm2_isr                              
0     0000ad34  _epwm3_isr                              
0     0000ad68  FD$$ADD                                 
0     0000ae04  _B1_CapacitanceTemperatureMeasure_Poll  
0     0000ae9d  __system_post_cinit                     
0     0000ae9e  _eMBRegCoilsCB                          
0     0000af04  _eMBRegHoldingCB                        
0     0000af35  _eMBFuncWriteMultipleCoils              
0     0000af6b  _eMBFuncWriteCoil                       
0     0000af95  _eMBFuncReadCoils                       
0     0000afc9  _B1_ModbusRTUSlaver_Init                
0     0000b000  _cpu_timer2_isr                         
0     0000b040  _cpu_timer1_isr                         
0     0000b054  _cpu_timer0_isr                         
0     0000b08e  FD$$DIV                                 
0     0000b119  FS$$DIV                                 
0     0000b1a1  FD$$MPY                                 
0     0000b224  _cqueue_out                             
0     0000b253  _cqueue_enqueue                         
0     0000b278  _cqueue_create                          
0     0000b290  _B0_DeltaPollCallback                   
0     0000b2f3  _eMBPoll                                
0     0000b34d  _BFL_Buzz_Init                          
0     0000b35d  _BFL_Buzz_Off                           
0     0000b36c  _BFL_Buzz_Toggle                        
0     0000b371  _BFL_Buzz_On                            
0     0000b380  _BFL_Buzz_IsOff                         
0     0000b39f  _BFL_Buzz_SetTrigLevel                  
0     0000b3a6  _CANA_ISR                               
0     0000b3ff  _average_filter_update                  
0     0000b434  _average_filter_init                    
0     0000b456  _c_int00                                
0     0000b4ac  _BFL_DebugPin_Init                      
0     0000b4c4  _BFL_DebugPin_Set                       
0     0000b4d8  _BFL_DebugPin_Reset                     
0     0000b4ec  _BFL_DebugPin_Toggle                    
0     0000b500  _eMBFuncReadDiscreteInputs              
0     0000b552  _BFL_Button_Init                        
0     0000b586  _BFL_Button_IsPressed                   
0     0000b59d  _eMBFuncReadInputRegister               
0     0000b5d9  _period_query                           
0     0000b5fb  _period_query_user                      
0     0000b60e  _vMBPortSerialEnable                    
0     0000b630  _EnterCriticalSection                   
0     0000b634  _ExitCriticalSection                    
0     0000b638  _serialReceiveOneByteISR                
0     0000b63d  _serialSentOneByteISR                   
0     0000b642  _InitCpuTimers                          
0     0000b675  _B1_VCBStatus_Update                    
0     0000b6a7  _xMBUtilGetBits                         
0     0000b6c3  _prveMBError2Exception                  
0     0000b6d1  FD$$CMP                                 
0     0000b6fb  L$$DIV                                  
0     0000b70a  L$$MOD                                  
0     0000b718  UL$$DIV                                 
0     0000b71f  UL$$MOD                                 
0     0000b725  _usMBCRC16                              
0     0000b74e  C$$EXIT                                 
0     0000b74e  _abort                                  
0     0000b750  _exit                                   
0     0000b777  _InitPieCtrl                            
0     0000b796  _EnableInterrupts                       
0     0000b7a0  _sqrt                                   
0     0000b7a0  _sqrtf                                  
0     0000b7c7  _copy_in                                
0     0000b7eb  FD$$TOI                                 
0     0000b80c  FD$$TOL                                 
0     0000b82b  LL$$CMP                                 
0     0000b83d  ULL$$CMP                                
0     0000b849  I$$TOFD                                 
0     0000b866  FS$$TOFD                                
0     0000b882  L$$TOFD                                 
0     0000b89e  _memcpy                                 
0     0000b8ba  _prolog_c28x_1                          
0     0000b8be  _prolog_c28x_2                          
0     0000b8c6  _prolog_c28x_3                          
0     0000b8d3  LL$$AND                                 
0     0000b8db  LL$$OR                                  
0     0000b8e3  LL$$XOR                                 
0     0000b8eb  _InitAdc                                
0     0000b8ff  _main                                   
0     0000b913  _eMBFuncReportSlaveID                   
0     0000b925  __args_main                             
0     0000b937  _InitPieVectTable                       
0     0000b948  FD$$SUB                                 
0     0000b956  _epilog_c28x_1                          
0     0000b95a  _epilog_c28x_2                          
0     0000b962  U$$DIV                                  
0     0000b967  U$$MOD                                  
0     0000b96d  FD$$NEG                                 
0     0000b97e  _memset                                 
0     0000b985  _prvvTIMERExpiredISR                    
0     0000b98a  __system_pre_init                       
0     00380080  _ADC_cal                                
1     00000400  __stack                                 
1     00000600  __STACK_END                             
1     00000880  _DevEmuRegs                             
1     00000a80  _FlashRegs                              
1     00000ae0  _CsmRegs                                
1     00000b00  _AdcMirror                              
1     00000b20  _XintfRegs                              
1     00000c00  _CpuTimer0Regs                          
1     00000c08  _CpuTimer1Regs                          
1     00000c10  _CpuTimer2Regs                          
1     00000ce0  _PieCtrlRegs                            
1     00000d00  _PieVectTable                           
1     00001000  _DmaRegs                                
1     00005000  _McbspaRegs                             
1     00005040  _McbspbRegs                             
1     00006000  _ECanaRegs                              
1     00006040  _ECanaLAMRegs                           
1     00006080  _ECanaMOTSRegs                          
1     000060c0  _ECanaMOTORegs                          
1     00006100  _ECanaMboxes                            
1     00006200  _ECanbRegs                              
1     00006240  _ECanbLAMRegs                           
1     00006280  _ECanbMOTSRegs                          
1     000062c0  _ECanbMOTORegs                          
1     00006300  _ECanbMboxes                            
1     00006800  _EPwm1Regs                              
1     00006840  _EPwm2Regs                              
1     00006880  _EPwm3Regs                              
1     000068c0  _EPwm4Regs                              
1     00006900  _EPwm5Regs                              
1     00006940  _EPwm6Regs                              
1     00006a00  _ECap1Regs                              
1     00006a20  _ECap2Regs                              
1     00006a40  _ECap3Regs                              
1     00006a60  _ECap4Regs                              
1     00006a80  _ECap5Regs                              
1     00006aa0  _ECap6Regs                              
1     00006b00  _EQep1Regs                              
1     00006b40  _EQep2Regs                              
1     00006f80  _GpioCtrlRegs                           
1     00006fc0  _GpioDataRegs                           
1     00006fe0  _GpioIntRegs                            
1     00007010  _SysCtrlRegs                            
1     00007040  _SpiaRegs                               
1     00007050  _SciaRegs                               
1     00007070  _XIntruptRegs                           
1     00007100  _AdcRegs                                
1     00007750  _ScibRegs                               
1     00007770  _ScicRegs                               
1     00007900  _I2caRegs                               
1     0000c000  _DMABuf1                                
1     0000c3c0  _g_AppMainInfo                          
1     0000c5b4  _can_rx_msg                             
1     0000c5c0  _ucRTUBuf                               
1     0000c760  _usRegHoldingBuf                        
1     0000c780  __gCOMList                              
1     0000c826  _pxMBFrameCBByteReceived                
1     0000c828  _pxMBFrameCBTransmitterEmpty            
1     0000c82a  _pxMBPortCBTimerExpired                 
1     0000c82c  _pxMBFrameCBReceiveFSMCur               
1     0000c82e  _pxMBFrameCBTransmitFSMCur              
1     0000c832  _g_vcb_list                             
1     0000c910  _CpuTimer0                              
1     0000c918  _CpuTimer1                              
1     0000c920  _CpuTimer2                              
1     0000c990  _epwm1_info                             
1     0000c996  _epwm2_info                             
1     0000c99c  _epwm3_info                             
1     0000c9b2  _usRegInputBuf                          
1     0000c9bc  _DMADest                                
1     0000c9be  _DMASource                              
1     0000ca8c  ___TI_enable_exit_profile_output        
1     0000ca8e  ___TI_cleanup_ptr                       
1     0000ca90  ___TI_dtors_ptr                         
1     0000ca92  __lock                                  
1     0000ca94  __unlock                                
1     0000ca96  _ucRegCoilsBuf                          
1     0000ca98  _ucRegDiscreteBuf                       
1     0000caa2  _errno                                  
1     0000d200  _PieVectTableInit                       
1     0000d300  _s_CRCHi                                
1     0000d400  _s_CRCLo                                
1     0000d5b6  _g_pSysInfo                             
1     0000d5b8  _usRegInputStart                        
1     0000d5b9  _usRegHoldingStart                      
1     0033fff8  _CsmPwl                                 
1     00380090  _PartIdRegs                             
abs   00000200  __STACK_SIZE                            
abs   ffffffff  .text                                   
abs   ffffffff  ___TI_pprof_out_hndl                    
abs   ffffffff  ___TI_prof_data_size                    
abs   ffffffff  ___TI_prof_data_start                   
abs   ffffffff  ___binit__                              
abs   ffffffff  ___c_args__                             
abs   ffffffff  ___etext__                              
abs   ffffffff  ___pinit__                              
abs   ffffffff  ___text__                               
abs   ffffffff  binit                                   
abs   ffffffff  etext                                   
abs   ffffffff  pinit                                   

[426 symbols]
