******************************************************************************
             TMS320C2000 Linker PC v22.6.1                     
******************************************************************************
>> Linked Fri May 10 17:31:46 2024

OUTPUT FILE NAME:   <Example_2833xCpuTimer.out>
ENTRY POINT SYMBOL: "code_start"  address: 00000000


MEMORY CONFIGURATION

         name            origin    length      used     unused   attr    fill
----------------------  --------  ---------  --------  --------  ----  --------
PAGE 0:
  BEGIN                 00000000   00000002  00000002  00000000  RWIX
  RAMM0                 00000050   000003b0  00000000  000003b0  RWIX
  RAML0                 00008000   00001000  0000002f  00000fd1  RWIX
  RAML1                 00009000   00001000  00001000  00000000  RWIX
  RAML2                 0000a000   00001000  00000fff  00000001  RWIX
  RAML3                 0000b000   00001000  00000b8c  00000474  RWIX
  ZONE7A                00200000   0000fc00  00000000  0000fc00  RWIX
  CSM_RSVD              0033ff80   00000076  00000000  00000076  RWIX
  CSM_PWL               0033fff8   00000008  00000000  00000008  RWIX
  ADC_CAL               00380080   00000009  00000007  00000002  RWIX
  IQTABLES              003fe000   00000b50  00000000  00000b50  RWIX
  IQTABLES2             003feb50   0000008c  00000000  0000008c  RWIX
  FPUTABLES             003febdc   000006a0  00000000  000006a0  RWIX
  BOOTROM               003ff27c   00000d44  00000000  00000d44  RWIX
  RESET                 003fffc0   00000002  00000000  00000002  RWIX

PAGE 1:
  BOOT_RSVD             00000002   0000004e  00000000  0000004e  RWIX
  RAMM1                 00000400   00000400  00000200  00000200  RWIX
  DEV_EMU               00000880   00000180  000000d0  000000b0  RWIX
  FLASH_REGS            00000a80   00000060  00000008  00000058  RWIX
  CSM                   00000ae0   00000010  00000010  00000000  RWIX
  ADC_MIRROR            00000b00   00000010  00000010  00000000  RWIX
  XINTF                 00000b20   00000020  0000001e  00000002  RWIX
  CPU_TIMER0            00000c00   00000008  00000008  00000000  RWIX
  CPU_TIMER1            00000c08   00000008  00000008  00000000  RWIX
  CPU_TIMER2            00000c10   00000008  00000008  00000000  RWIX
  PIE_CTRL              00000ce0   00000020  0000001a  00000006  RWIX
  PIE_VECT              00000d00   00000100  00000100  00000000  RWIX
  DMA                   00001000   00000200  000000e0  00000120  RWIX
  MCBSPA                00005000   00000040  00000025  0000001b  RWIX
  MCBSPB                00005040   00000040  00000025  0000001b  RWIX
  ECANA                 00006000   00000040  00000034  0000000c  RWIX
  ECANA_LAM             00006040   00000040  00000040  00000000  RWIX
  ECANA_MOTS            00006080   00000040  00000040  00000000  RWIX
  ECANA_MOTO            000060c0   00000040  00000040  00000000  RWIX
  ECANA_MBOX            00006100   00000100  00000100  00000000  RWIX
  ECANB                 00006200   00000040  00000034  0000000c  RWIX
  ECANB_LAM             00006240   00000040  00000040  00000000  RWIX
  ECANB_MOTS            00006280   00000040  00000040  00000000  RWIX
  ECANB_MOTO            000062c0   00000040  00000040  00000000  RWIX
  ECANB_MBOX            00006300   00000100  00000100  00000000  RWIX
  EPWM1                 00006800   00000022  00000022  00000000  RWIX
  EPWM2                 00006840   00000022  00000022  00000000  RWIX
  EPWM3                 00006880   00000022  00000022  00000000  RWIX
  EPWM4                 000068c0   00000022  00000022  00000000  RWIX
  EPWM5                 00006900   00000022  00000022  00000000  RWIX
  EPWM6                 00006940   00000022  00000022  00000000  RWIX
  ECAP1                 00006a00   00000020  00000020  00000000  RWIX
  ECAP2                 00006a20   00000020  00000020  00000000  RWIX
  ECAP3                 00006a40   00000020  00000020  00000000  RWIX
  ECAP4                 00006a60   00000020  00000020  00000000  RWIX
  ECAP5                 00006a80   00000020  00000020  00000000  RWIX
  ECAP6                 00006aa0   00000020  00000020  00000000  RWIX
  EQEP1                 00006b00   00000040  00000040  00000000  RWIX
  EQEP2                 00006b40   00000040  00000040  00000000  RWIX
  GPIOCTRL              00006f80   00000040  0000002e  00000012  RWIX
  GPIODAT               00006fc0   00000020  00000020  00000000  RWIX
  GPIOINT               00006fe0   00000020  0000000a  00000016  RWIX
  SYSTEM                00007010   00000020  00000020  00000000  RWIX
  SPIA                  00007040   00000010  00000010  00000000  RWIX
  SCIA                  00007050   00000010  00000010  00000000  RWIX
  XINTRUPT              00007070   00000010  00000010  00000000  RWIX
  ADC                   00007100   00000020  0000001e  00000002  RWIX
  SCIB                  00007750   00000010  00000010  00000000  RWIX
  SCIC                  00007770   00000010  00000010  00000000  RWIX
  I2CA                  00007900   00000040  00000022  0000001e  RWIX
  RAML4                 0000c000   00001000  000005bc  00000a44  RWIX
  RAML5                 0000d000   00001000  000002c4  00000d3c  RWIX
  RAML6                 0000e000   00001000  00000000  00001000  RWIX
  RAML7                 0000f000   00001000  00000000  00001000  RWIX
  ZONE7B                0020fc00   00000400  00000000  00000400  RWIX
  CSM_PWL               0033fff8   00000008  00000008  00000000  RWIX
  PARTID                00380090   00000001  00000001  00000000  RWIX


SECTION ALLOCATION MAP

 output                                  attributes/
section   page    origin      length       input sections
--------  ----  ----------  ----------   ----------------
codestart 
*          0    00000000    00000002     
                  00000000    00000002     DSP2833x_CodeStartBranch.obj (codestart)

.TI.ramfunc 
*          0    0000802b    00000004     
                  0000802b    00000004     DSP2833x_usDelay.obj (.TI.ramfunc)

.cinit     0    00008000    0000002b     
                  00008000    0000000e     rts2800_fpu32.lib : exit.c.obj (.cinit)
                  0000800e    00000009     HDL_CPU_Time.obj (.cinit)
                  00008017    00000005     rts2800_fpu32.lib : _lock.c.obj (.cinit:__lock)
                  0000801c    00000005                       : _lock.c.obj (.cinit:__unlock)
                  00008021    00000004     BFL_Buzz.obj (.cinit)
                  00008025    00000004     rts2800_fpu32.lib : errno.c.obj (.cinit)
                  00008029    00000002     --HOLE-- [fill = 0]

.pinit     0    00008000    00000000     UNINITIALIZED

.stack     1    00000400    00000200     UNINITIALIZED
                  00000400    00000200     --HOLE--

DevEmuRegsFile 
*          1    00000880    000000d0     UNINITIALIZED
                  00000880    000000d0     DSP2833x_GlobalVariableDefs.obj (DevEmuRegsFile)

FlashRegsFile 
*          1    00000a80    00000008     UNINITIALIZED
                  00000a80    00000008     DSP2833x_GlobalVariableDefs.obj (FlashRegsFile)

CsmRegsFile 
*          1    00000ae0    00000010     UNINITIALIZED
                  00000ae0    00000010     DSP2833x_GlobalVariableDefs.obj (CsmRegsFile)

AdcMirrorFile 
*          1    00000b00    00000010     UNINITIALIZED
                  00000b00    00000010     DSP2833x_GlobalVariableDefs.obj (AdcMirrorFile)

XintfRegsFile 
*          1    00000b20    0000001e     UNINITIALIZED
                  00000b20    0000001e     DSP2833x_GlobalVariableDefs.obj (XintfRegsFile)

CpuTimer0RegsFile 
*          1    00000c00    00000008     UNINITIALIZED
                  00000c00    00000008     DSP2833x_GlobalVariableDefs.obj (CpuTimer0RegsFile)

CpuTimer1RegsFile 
*          1    00000c08    00000008     UNINITIALIZED
                  00000c08    00000008     DSP2833x_GlobalVariableDefs.obj (CpuTimer1RegsFile)

CpuTimer2RegsFile 
*          1    00000c10    00000008     UNINITIALIZED
                  00000c10    00000008     DSP2833x_GlobalVariableDefs.obj (CpuTimer2RegsFile)

PieCtrlRegsFile 
*          1    00000ce0    0000001a     UNINITIALIZED
                  00000ce0    0000001a     DSP2833x_GlobalVariableDefs.obj (PieCtrlRegsFile)

ECanaMOTSRegsFile 
*          1    00006080    00000040     UNINITIALIZED
                  00006080    00000040     DSP2833x_GlobalVariableDefs.obj (ECanaMOTSRegsFile)

ECanaMOTORegsFile 
*          1    000060c0    00000040     UNINITIALIZED
                  000060c0    00000040     DSP2833x_GlobalVariableDefs.obj (ECanaMOTORegsFile)

ECanbMOTSRegsFile 
*          1    00006280    00000040     UNINITIALIZED
                  00006280    00000040     DSP2833x_GlobalVariableDefs.obj (ECanbMOTSRegsFile)

ECanbMOTORegsFile 
*          1    000062c0    00000040     UNINITIALIZED
                  000062c0    00000040     DSP2833x_GlobalVariableDefs.obj (ECanbMOTORegsFile)

.econst    1    0000d000    000002c4     
                  0000d000    00000101     rts2800_fpu32.lib : ctype.c.obj (.econst:.string:__ctypes_)
                  0000d101    00000001     CHIP_W25Q128.obj (.econst:_$P$T2$3)
                  0000d102    00000100     DSP2833x_PieVect.obj (.econst:_PieVectTableInit)
                  0000d202    00000032     rts2800_fpu32.lib : e_powf.c.obj (.econst)
                  0000d234    00000026                       : _printfi.c.obj (.econst:.string)
                  0000d25a    0000001c                       : _printfi.c.obj (.econst)
                  0000d276    0000001c                       : s_scalbn.c.obj (.econst)
                  0000d292    00000008                       : s_frexp.c.obj (.econst)
                  0000d29a    00000006     CHIP_W25Q128.obj (.econst:_$P$T3$4)
                  0000d2a0    00000006     CHIP_W25Q128.obj (.econst:_$P$T5$6)
                  0000d2a6    00000006     rts2800_fpu32.lib : s_scalbnf.c.obj (.econst)
                  0000d2ac    00000004     CHIP_W25Q128.obj (.econst:_$P$T4$5)
                  0000d2b0    00000004     CHIP_W25Q128.obj (.econst:_$P$T6$7)
                  0000d2b4    00000004     rts2800_fpu32.lib : e_powf.c.obj (.econst:_bp)
                  0000d2b8    00000004                       : e_powf.c.obj (.econst:_dp_h)
                  0000d2bc    00000004                       : e_powf.c.obj (.econst:_dp_l)
                  0000d2c0    00000002     CHIP_W25Q128.obj (.econst:_$P$T0$1)
                  0000d2c2    00000002     CHIP_W25Q128.obj (.econst:_$P$T1$2)

DMARAML4   1    0000c000    00000400     UNINITIALIZED
                  0000c000    00000400     BFL_Measure.obj (DMARAML4)

.reset     0    003fffc0    00000002     DSECT
                  003fffc0    00000002     rts2800_fpu32.lib : boot28.asm.obj (.reset)

csm_rsvd   0    0033ff80    00000000     DSECT

csmpasswds 
*          0    0033fff8    00000000     DSECT

.adc_cal   0    00380080    00000007     NOLOAD SECTION
                  00380080    00000007     DSP2833x_ADC_cal.obj (.adc_cal)

PieVectTableFile 
*          1    00000d00    00000100     UNINITIALIZED
                  00000d00    00000100     DSP2833x_GlobalVariableDefs.obj (PieVectTableFile)

DmaRegsFile 
*          1    00001000    000000e0     UNINITIALIZED
                  00001000    000000e0     DSP2833x_GlobalVariableDefs.obj (DmaRegsFile)

McbspaRegsFile 
*          1    00005000    00000025     UNINITIALIZED
                  00005000    00000025     DSP2833x_GlobalVariableDefs.obj (McbspaRegsFile)

McbspbRegsFile 
*          1    00005040    00000025     UNINITIALIZED
                  00005040    00000025     DSP2833x_GlobalVariableDefs.obj (McbspbRegsFile)

ECanaRegsFile 
*          1    00006000    00000034     UNINITIALIZED
                  00006000    00000034     DSP2833x_GlobalVariableDefs.obj (ECanaRegsFile)

ECanaLAMRegsFile 
*          1    00006040    00000040     UNINITIALIZED
                  00006040    00000040     DSP2833x_GlobalVariableDefs.obj (ECanaLAMRegsFile)

ECanaMboxesFile 
*          1    00006100    00000100     UNINITIALIZED
                  00006100    00000100     DSP2833x_GlobalVariableDefs.obj (ECanaMboxesFile)

ECanbRegsFile 
*          1    00006200    00000034     UNINITIALIZED
                  00006200    00000034     DSP2833x_GlobalVariableDefs.obj (ECanbRegsFile)

ECanbLAMRegsFile 
*          1    00006240    00000040     UNINITIALIZED
                  00006240    00000040     DSP2833x_GlobalVariableDefs.obj (ECanbLAMRegsFile)

ECanbMboxesFile 
*          1    00006300    00000100     UNINITIALIZED
                  00006300    00000100     DSP2833x_GlobalVariableDefs.obj (ECanbMboxesFile)

EPwm1RegsFile 
*          1    00006800    00000022     UNINITIALIZED
                  00006800    00000022     DSP2833x_GlobalVariableDefs.obj (EPwm1RegsFile)

EPwm2RegsFile 
*          1    00006840    00000022     UNINITIALIZED
                  00006840    00000022     DSP2833x_GlobalVariableDefs.obj (EPwm2RegsFile)

EPwm3RegsFile 
*          1    00006880    00000022     UNINITIALIZED
                  00006880    00000022     DSP2833x_GlobalVariableDefs.obj (EPwm3RegsFile)

EPwm4RegsFile 
*          1    000068c0    00000022     UNINITIALIZED
                  000068c0    00000022     DSP2833x_GlobalVariableDefs.obj (EPwm4RegsFile)

EPwm5RegsFile 
*          1    00006900    00000022     UNINITIALIZED
                  00006900    00000022     DSP2833x_GlobalVariableDefs.obj (EPwm5RegsFile)

EPwm6RegsFile 
*          1    00006940    00000022     UNINITIALIZED
                  00006940    00000022     DSP2833x_GlobalVariableDefs.obj (EPwm6RegsFile)

ECap1RegsFile 
*          1    00006a00    00000020     UNINITIALIZED
                  00006a00    00000020     DSP2833x_GlobalVariableDefs.obj (ECap1RegsFile)

ECap2RegsFile 
*          1    00006a20    00000020     UNINITIALIZED
                  00006a20    00000020     DSP2833x_GlobalVariableDefs.obj (ECap2RegsFile)

ECap3RegsFile 
*          1    00006a40    00000020     UNINITIALIZED
                  00006a40    00000020     DSP2833x_GlobalVariableDefs.obj (ECap3RegsFile)

ECap4RegsFile 
*          1    00006a60    00000020     UNINITIALIZED
                  00006a60    00000020     DSP2833x_GlobalVariableDefs.obj (ECap4RegsFile)

ECap5RegsFile 
*          1    00006a80    00000020     UNINITIALIZED
                  00006a80    00000020     DSP2833x_GlobalVariableDefs.obj (ECap5RegsFile)

ECap6RegsFile 
*          1    00006aa0    00000020     UNINITIALIZED
                  00006aa0    00000020     DSP2833x_GlobalVariableDefs.obj (ECap6RegsFile)

EQep1RegsFile 
*          1    00006b00    00000040     UNINITIALIZED
                  00006b00    00000040     DSP2833x_GlobalVariableDefs.obj (EQep1RegsFile)

EQep2RegsFile 
*          1    00006b40    00000040     UNINITIALIZED
                  00006b40    00000040     DSP2833x_GlobalVariableDefs.obj (EQep2RegsFile)

GpioCtrlRegsFile 
*          1    00006f80    0000002e     UNINITIALIZED
                  00006f80    0000002e     DSP2833x_GlobalVariableDefs.obj (GpioCtrlRegsFile)

GpioDataRegsFile 
*          1    00006fc0    00000020     UNINITIALIZED
                  00006fc0    00000020     DSP2833x_GlobalVariableDefs.obj (GpioDataRegsFile)

GpioIntRegsFile 
*          1    00006fe0    0000000a     UNINITIALIZED
                  00006fe0    0000000a     DSP2833x_GlobalVariableDefs.obj (GpioIntRegsFile)

SysCtrlRegsFile 
*          1    00007010    00000020     UNINITIALIZED
                  00007010    00000020     DSP2833x_GlobalVariableDefs.obj (SysCtrlRegsFile)

SpiaRegsFile 
*          1    00007040    00000010     UNINITIALIZED
                  00007040    00000010     DSP2833x_GlobalVariableDefs.obj (SpiaRegsFile)

SciaRegsFile 
*          1    00007050    00000010     UNINITIALIZED
                  00007050    00000010     DSP2833x_GlobalVariableDefs.obj (SciaRegsFile)

XIntruptRegsFile 
*          1    00007070    00000010     UNINITIALIZED
                  00007070    00000010     DSP2833x_GlobalVariableDefs.obj (XIntruptRegsFile)

AdcRegsFile 
*          1    00007100    0000001e     UNINITIALIZED
                  00007100    0000001e     DSP2833x_GlobalVariableDefs.obj (AdcRegsFile)

ScibRegsFile 
*          1    00007750    00000010     UNINITIALIZED
                  00007750    00000010     DSP2833x_GlobalVariableDefs.obj (ScibRegsFile)

ScicRegsFile 
*          1    00007770    00000010     UNINITIALIZED
                  00007770    00000010     DSP2833x_GlobalVariableDefs.obj (ScicRegsFile)

I2caRegsFile 
*          1    00007900    00000022     UNINITIALIZED
                  00007900    00000022     DSP2833x_GlobalVariableDefs.obj (I2caRegsFile)

CsmPwlFile 
*          1    0033fff8    00000008     UNINITIALIZED
                  0033fff8    00000008     DSP2833x_GlobalVariableDefs.obj (CsmPwlFile)

PartIdRegsFile 
*          1    00380090    00000001     UNINITIALIZED
                  00380090    00000001     DSP2833x_GlobalVariableDefs.obj (PartIdRegsFile)

.text.1    0    00009000    00001000     
                  00009000    000006d0     rts2800_fpu32.lib : _printfi.c.obj (.text)
                  000096d0    000005f5                       : _printfi.c.obj (.text:__TI_printfi)
                  00009cc5    00000316     DSP2833x_DefaultIsr.obj (.text:retain)
                  00009fdb    00000024     rts2800_fpu32.lib : cpy_tbl.c.obj (.text)
                  00009fff    00000001                       : startup.c.obj (.text)

.text.2    0    0000a000    00000fff     
                  0000a000    000003e9     DSP2833x_DMA.obj (.text)
                  0000a3e9    0000038c     rts2800_fpu32.lib : e_powf.c.obj (.text)
                  0000a775    000001e8     CHIP_W25Q128.obj (.text)
                  0000a95d    00000194     HDL_Uart.obj (.text)
                  0000aaf1    0000018a     HDL_Uart.obj (.text:retain)
                  0000ac7b    00000124     HDL_SPI.obj (.text)
                  0000ad9f    0000010e     BFL_Measure.obj (.text:retain)
                  0000aead    0000010d     HDL_CPU_Time.obj (.text)
                  0000afba    0000003c     APP_Main.obj (.text)
                  0000aff6    00000009     rts2800_fpu32.lib : _lock.c.obj (.text)

.text.3    0    0000b000    00000b8c     
                  0000b000    00000107     rts2800_fpu32.lib : ll_div28.asm.obj (.text)
                  0000b107    000000f9     BFL_Measure.obj (.text)
                  0000b200    000000f7     DSP2833x_SysCtrl.obj (.text)
                  0000b2f7    000000a9     rts2800_fpu32.lib : s_scalbn.c.obj (.text)
                  0000b3a0    0000009c                       : fd_add28.asm.obj (.text)
                  0000b43c    0000008f     HDL_CPU_Time.obj (.text:retain)
                  0000b4cb    0000008b     rts2800_fpu32.lib : fd_div28.asm.obj (.text)
                  0000b556    00000088                       : fs_div28.asm.obj (.text)
                  0000b5de    00000083                       : fd_mpy28.asm.obj (.text)
                  0000b661    00000074     DSP2833x_CpuTimers.obj (.text)
                  0000b6d5    0000005a     BFL_Buzz.obj (.text)
                  0000b72f    0000005a     rts2800_fpu32.lib : s_frexp.c.obj (.text)
                  0000b789    00000058                       : s_scalbnf.c.obj (.text)
                  0000b7e1    00000057                       : vsnprintf.c.obj (.text)
                  0000b838    00000056                       : boot28.asm.obj (.text)
                  0000b88e    00000031                       : atoi.c.obj (.text)
                  0000b8bf    00000030                       : _ltoa.c.obj (.text)
                  0000b8ef    0000002a                       : fd_cmp28.asm.obj (.text)
                  0000b919    0000002a                       : l_div28.asm.obj (.text)
                  0000b943    00000029                       : exit.c.obj (.text)
                  0000b96c    00000028     DSP2833x_PieCtrl.obj (.text)
                  0000b994    00000027     rts2800_fpu32.lib : e_sqrtf.c.obj (.text)
                  0000b9bb    00000024                       : s_copysign.c.obj (.text)
                  0000b9df    00000021                       : fd_toi28.asm.obj (.text)
                  0000ba00    00000020     DSP2833x_PieVect.obj (.text)
                  0000ba20    0000001f     rts2800_fpu32.lib : fd_tol28.asm.obj (.text)
                  0000ba3f    0000001e                       : ll_cmp28.asm.obj (.text)
                  0000ba5d    0000001d                       : i_tofd28.asm.obj (.text)
                  0000ba7a    0000001d                       : memcpy.c.obj (.text)
                  0000ba97    0000001c                       : fs_tofdfpu32.asm.obj (.text)
                  0000bab3    0000001c                       : l_tofd28.asm.obj (.text)
                  0000bacf    00000018                       : ll_aox28.asm.obj (.text)
                  0000bae7    00000014     DSP2833x_Adc.obj (.text)
                  0000bafb    00000014     main.obj (.text)
                  0000bb0f    00000012     rts2800_fpu32.lib : args_main.c.obj (.text)
                  0000bb21    00000011                       : s_copysignf.c.obj (.text)
                  0000bb32    00000010                       : memccpy.c.obj (.text)
                  0000bb42    0000000e                       : fd_sub28.asm.obj (.text)
                  0000bb50    0000000c                       : strchr.c.obj (.text)
                  0000bb5c    00000009                       : fd_neg28.asm.obj (.text)
                  0000bb65    00000009                       : wcslen.c.obj (.text)
                  0000bb6e    00000008     DSP2833x_CodeStartBranch.obj (.text)
                  0000bb76    00000008     rts2800_fpu32.lib : strlen.c.obj (.text)
                  0000bb7e    00000007                       : memset.c.obj (.text)
                  0000bb85    00000005                       : strcpy.c.obj (.text)
                  0000bb8a    00000002                       : pre_init.c.obj (.text)

.ebss      1    0000c400    000001bc     UNINITIALIZED
                  0000c400    00000101     APP_Main.obj (.ebss:_buffer)
                  0000c501    00000001     BFL_Buzz.obj (.ebss)
                  0000c502    00000018     DSP2833x_CpuTimers.obj (.ebss)
                  0000c51a    00000010     BFL_Measure.obj (.ebss:_AdcAvg)
                  0000c52a    00000010     BFL_Measure.obj (.ebss:_AdcRMS)
                  0000c53a    00000006     HDL_CPU_Time.obj (.ebss)
                  0000c540    00000010     BFL_Measure.obj (.ebss:_AdcRMSE)
                  0000c550    00000010     BFL_Measure.obj (.ebss:_AdcVoltAvg)
                  0000c560    00000010     BFL_Measure.obj (.ebss:_AdcVoltRMS)
                  0000c570    00000010     BFL_Measure.obj (.ebss:_AdcVoltRMSE)
                  0000c580    00000008     HDL_Uart.obj (.ebss:_rdataA)
                  0000c588    00000008     HDL_Uart.obj (.ebss:_rdataB)
                  0000c590    00000008     HDL_Uart.obj (.ebss:_rdataC)
                  0000c598    00000008     HDL_Uart.obj (.ebss:_sdataA)
                  0000c5a0    00000008     HDL_Uart.obj (.ebss:_sdataC)
                  0000c5a8    00000006     rts2800_fpu32.lib : exit.c.obj (.ebss)
                  0000c5ae    00000004     BFL_Measure.obj (.ebss)
                  0000c5b2    00000003     HDL_Uart.obj (.ebss)
                  0000c5b5    00000002     APP_Main.obj (.ebss)
                  0000c5b7    00000001     rts2800_fpu32.lib : errno.c.obj (.ebss)
                  0000c5b8    00000002                       : _lock.c.obj (.ebss:__lock)
                  0000c5ba    00000002                       : _lock.c.obj (.ebss:__unlock)

MODULE SUMMARY

       Module                            code    initialized data   uninitialized data
       ------                            ----    ----------------   ------------------
    .\
       DSP2833x_GlobalVariableDefs.obj   0       0                  2679              
       DSP2833x_DMA.obj                  1001    0                  0                 
       DSP2833x_DefaultIsr.obj           790     0                  0                 
       DSP2833x_PieVect.obj              32      256                0                 
       DSP2833x_SysCtrl.obj              247     0                  0                 
       DSP2833x_CpuTimers.obj            116     0                  24                
       DSP2833x_PieCtrl.obj              40      0                  0                 
       DSP2833x_Adc.obj                  20      0                  0                 
       DSP2833x_CodeStartBranch.obj      10      0                  0                 
       DSP2833x_ADC_cal.obj              7       0                  0                 
       DSP2833x_usDelay.obj              4       0                  0                 
    +--+---------------------------------+-------+------------------+--------------------+
       Total:                            2267    256                2703              
                                                                                      
    .\APP\
       APP_Main.obj                      60      0                  259               
    +--+---------------------------------+-------+------------------+--------------------+
       Total:                            60      0                  259               
                                                                                      
    .\Application\
       main.obj                          20      0                  0                 
    +--+---------------------------------+-------+------------------+--------------------+
       Total:                            20      0                  0                 
                                                                                      
    .\BFL\
       BFL_Measure.obj                   519     0                  1124              
       BFL_Buzz.obj                      90      4                  1                 
    +--+---------------------------------+-------+------------------+--------------------+
       Total:                            609     4                  1125              
                                                                                      
    .\CHIP\
       CHIP_W25Q128.obj                  488     25                 0                 
    +--+---------------------------------+-------+------------------+--------------------+
       Total:                            488     25                 0                 
                                                                                      
    .\HDL\
       HDL_Uart.obj                      798     0                  43                
       HDL_CPU_Time.obj                  412     9                  6                 
       HDL_SPI.obj                       292     0                  0                 
    +--+---------------------------------+-------+------------------+--------------------+
       Total:                            1502    9                  49                
                                                                                      
    C:/ti/ccs1260/ccs/tools/compiler/ti-cgt-c2000_22.6.1.LTS/lib/rts2800_fpu32.lib
       _printfi.c.obj                    3269    66                 0                 
       e_powf.c.obj                      908     62                 0                 
       ll_div28.asm.obj                  263     0                  0                 
       ctype.c.obj                       0       257                0                 
       s_scalbn.c.obj                    169     28                 0                 
       fd_add28.asm.obj                  156     0                  0                 
       fd_div28.asm.obj                  139     0                  0                 
       fs_div28.asm.obj                  136     0                  0                 
       fd_mpy28.asm.obj                  131     0                  0                 
       s_frexp.c.obj                     90      8                  0                 
       s_scalbnf.c.obj                   88      6                  0                 
       vsnprintf.c.obj                   87      0                  0                 
       boot28.asm.obj                    86      0                  0                 
       exit.c.obj                        41      14                 6                 
       atoi.c.obj                        49      0                  0                 
       _ltoa.c.obj                       48      0                  0                 
       fd_cmp28.asm.obj                  42      0                  0                 
       l_div28.asm.obj                   42      0                  0                 
       e_sqrtf.c.obj                     39      0                  0                 
       cpy_tbl.c.obj                     36      0                  0                 
       s_copysign.c.obj                  36      0                  0                 
       fd_toi28.asm.obj                  33      0                  0                 
       fd_tol28.asm.obj                  31      0                  0                 
       ll_cmp28.asm.obj                  30      0                  0                 
       i_tofd28.asm.obj                  29      0                  0                 
       memcpy.c.obj                      29      0                  0                 
       fs_tofdfpu32.asm.obj              28      0                  0                 
       l_tofd28.asm.obj                  28      0                  0                 
       ll_aox28.asm.obj                  24      0                  0                 
       _lock.c.obj                       9       10                 4                 
       args_main.c.obj                   18      0                  0                 
       s_copysignf.c.obj                 17      0                  0                 
       memccpy.c.obj                     16      0                  0                 
       fd_sub28.asm.obj                  14      0                  0                 
       strchr.c.obj                      12      0                  0                 
       fd_neg28.asm.obj                  9       0                  0                 
       wcslen.c.obj                      9       0                  0                 
       strlen.c.obj                      8       0                  0                 
       memset.c.obj                      7       0                  0                 
       errno.c.obj                       0       4                  1                 
       strcpy.c.obj                      5       0                  0                 
       pre_init.c.obj                    2       0                  0                 
       startup.c.obj                     1       0                  0                 
    +--+---------------------------------+-------+------------------+--------------------+
       Total:                            6214    455                11                
                                                                                      
       Stack:                            0       0                  512               
    +--+---------------------------------+-------+------------------+--------------------+
       Grand Total:                      11160   749                4659              


GLOBAL DATA SYMBOLS: SORTED BY DATA PAGE

address     data page           name
--------    ----------------    ----
00000400      10 (00000400)     __stack

00000880      22 (00000880)     _DevEmuRegs

00000a80      2a (00000a80)     _FlashRegs

00000ae0      2b (00000ac0)     _CsmRegs

00000b00      2c (00000b00)     _AdcMirror
00000b20      2c (00000b00)     _XintfRegs

00000c00      30 (00000c00)     _CpuTimer0Regs
00000c08      30 (00000c00)     _CpuTimer1Regs
00000c10      30 (00000c00)     _CpuTimer2Regs

00000ce0      33 (00000cc0)     _PieCtrlRegs

00000d00      34 (00000d00)     _PieVectTable

00001000      40 (00001000)     _DmaRegs

00005000     140 (00005000)     _McbspaRegs

00005040     141 (00005040)     _McbspbRegs

00006000     180 (00006000)     _ECanaRegs

00006040     181 (00006040)     _ECanaLAMRegs

00006080     182 (00006080)     _ECanaMOTSRegs

000060c0     183 (000060c0)     _ECanaMOTORegs

00006100     184 (00006100)     _ECanaMboxes

00006200     188 (00006200)     _ECanbRegs

00006240     189 (00006240)     _ECanbLAMRegs

00006280     18a (00006280)     _ECanbMOTSRegs

000062c0     18b (000062c0)     _ECanbMOTORegs

00006300     18c (00006300)     _ECanbMboxes

00006800     1a0 (00006800)     _EPwm1Regs

00006840     1a1 (00006840)     _EPwm2Regs

00006880     1a2 (00006880)     _EPwm3Regs

000068c0     1a3 (000068c0)     _EPwm4Regs

00006900     1a4 (00006900)     _EPwm5Regs

00006940     1a5 (00006940)     _EPwm6Regs

00006a00     1a8 (00006a00)     _ECap1Regs
00006a20     1a8 (00006a00)     _ECap2Regs

00006a40     1a9 (00006a40)     _ECap3Regs
00006a60     1a9 (00006a40)     _ECap4Regs

00006a80     1aa (00006a80)     _ECap5Regs
00006aa0     1aa (00006a80)     _ECap6Regs

00006b00     1ac (00006b00)     _EQep1Regs

00006b40     1ad (00006b40)     _EQep2Regs

00006f80     1be (00006f80)     _GpioCtrlRegs

00006fc0     1bf (00006fc0)     _GpioDataRegs
00006fe0     1bf (00006fc0)     _GpioIntRegs

00007010     1c0 (00007000)     _SysCtrlRegs

00007040     1c1 (00007040)     _SpiaRegs
00007050     1c1 (00007040)     _SciaRegs
00007070     1c1 (00007040)     _XIntruptRegs

00007100     1c4 (00007100)     _AdcRegs

00007750     1dd (00007740)     _ScibRegs
00007770     1dd (00007740)     _ScicRegs

00007900     1e4 (00007900)     _I2caRegs

0000c000     300 (0000c000)     _DMABuf1

0000c502     314 (0000c500)     _CpuTimer0
0000c50a     314 (0000c500)     _CpuTimer1
0000c512     314 (0000c500)     _CpuTimer2
0000c51a     314 (0000c500)     _AdcAvg
0000c52a     314 (0000c500)     _AdcRMS

0000c540     315 (0000c540)     _AdcRMSE
0000c550     315 (0000c540)     _AdcVoltAvg
0000c560     315 (0000c540)     _AdcVoltRMS
0000c570     315 (0000c540)     _AdcVoltRMSE

0000c580     316 (0000c580)     _rdataA
0000c588     316 (0000c580)     _rdataB
0000c590     316 (0000c580)     _rdataC
0000c598     316 (0000c580)     _sdataA
0000c5a0     316 (0000c580)     _sdataC
0000c5a8     316 (0000c580)     ___TI_enable_exit_profile_output
0000c5aa     316 (0000c580)     ___TI_cleanup_ptr
0000c5ac     316 (0000c580)     ___TI_dtors_ptr
0000c5ae     316 (0000c580)     _DMADest
0000c5b0     316 (0000c580)     _DMASource
0000c5b2     316 (0000c580)     _rdata_pointA
0000c5b3     316 (0000c580)     _rdata_pointB
0000c5b4     316 (0000c580)     _rdata_pointC
0000c5b5     316 (0000c580)     _sdata
0000c5b6     316 (0000c580)     _rdata
0000c5b7     316 (0000c580)     _errno
0000c5b8     316 (0000c580)     __lock
0000c5ba     316 (0000c580)     __unlock

0000d000     340 (0000d000)     __ctypes_

0000d102     344 (0000d100)     _PieVectTableInit

0033fff8    cfff (0033ffc0)     _CsmPwl

00380090    e002 (00380080)     _PartIdRegs


GLOBAL SYMBOLS: SORTED ALPHABETICALLY BY Name 

page  address   name                                   
----  -------   ----                                   
abs   ffffffff  .text                                  
0     0000b943  C$$EXIT                                
0     0000b3a0  FD$$ADD                                
0     0000b8ef  FD$$CMP                                
0     0000b4cb  FD$$DIV                                
0     0000b5de  FD$$MPY                                
0     0000bb5c  FD$$NEG                                
0     0000bb42  FD$$SUB                                
0     0000b9df  FD$$TOI                                
0     0000ba20  FD$$TOL                                
0     0000b556  FS$$DIV                                
0     0000ba97  FS$$TOFD                               
0     0000ba5d  I$$TOFD                                
0     0000b919  L$$DIV                                 
0     0000b928  L$$MOD                                 
0     0000bab3  L$$TOFD                                
0     0000bacf  LL$$AND                                
0     0000ba3f  LL$$CMP                                
0     0000b000  LL$$DIV                                
0     0000b03c  LL$$MOD                                
0     0000bad7  LL$$OR                                 
0     0000badf  LL$$XOR                                
0     0000b936  UL$$DIV                                
0     0000b93d  UL$$MOD                                
0     0000ba51  ULL$$CMP                               
0     0000b076  ULL$$DIV                               
0     0000b0a5  ULL$$MOD                               
0     00009dab  _ADCINT_ISR                            
0     00380080  _ADC_cal                               
0     0000afd8  _APP_Main_Init                         
0     0000aff1  _APP_Main_Poll                         
1     0000c51a  _AdcAvg                                
1     00000b00  _AdcMirror                             
1     0000c52a  _AdcRMS                                
1     0000c540  _AdcRMSE                               
1     00007100  _AdcRegs                               
1     0000c550  _AdcVoltAvg                            
1     0000c560  _AdcVoltRMS                            
1     0000c570  _AdcVoltRMSE                           
0     0000b6d5  _BFL_Buzz_Init                         
0     0000b709  _BFL_Buzz_IsOff                        
0     0000b6e6  _BFL_Buzz_Off                          
0     0000b6fa  _BFL_Buzz_On                           
0     0000b728  _BFL_Buzz_SetTrigLevel                 
0     0000b6f5  _BFL_Buzz_Toggle                       
0     0000b107  _BFL_Measure_Init                      
0     0000a898  _CHIP_W25Q128_Erase_One_Sector         
0     0000a84d  _CHIP_W25Q128_Init                     
0     0000a858  _CHIP_W25Q128_Read                     
0     0000a81d  _CHIP_W25Q128_Read_ID                  
0     0000a92a  _CHIP_W25Q128_Write_One_Sector_No_Erase
0     0000a94e  _CHIP_W25q128_Write_One_Sector         
0     0000b69a  _ConfigCpuTimer                        
1     0000c502  _CpuTimer0                             
1     00000c00  _CpuTimer0Regs                         
1     0000c50a  _CpuTimer1                             
1     00000c08  _CpuTimer1Regs                         
1     0000c512  _CpuTimer2                             
1     00000c10  _CpuTimer2Regs                         
1     0033fff8  _CsmPwl                                
1     00000ae0  _CsmRegs                               
0     0000b2c6  _CsmUnlock                             
0     00009cd9  _DATALOG_ISR                           
0     00009ecd  _DINTCH1_ISR                           
0     00009ed7  _DINTCH2_ISR                           
0     00009ee1  _DINTCH3_ISR                           
0     00009eeb  _DINTCH4_ISR                           
0     00009ef5  _DINTCH5_ISR                           
0     00009eff  _DINTCH6_ISR                           
1     0000c000  _DMABuf1                               
0     0000a00b  _DMACH1AddrConfig                      
0     0000a01b  _DMACH1BurstConfig                     
0     0000a04e  _DMACH1ModeConfig                      
0     0000a02b  _DMACH1TransferConfig                  
0     0000a03b  _DMACH1WrapConfig                      
0     0000a0b0  _DMACH2AddrConfig                      
0     0000a0c0  _DMACH2BurstConfig                     
0     0000a0f3  _DMACH2ModeConfig                      
0     0000a0d0  _DMACH2TransferConfig                  
0     0000a0e0  _DMACH2WrapConfig                      
0     0000a155  _DMACH3AddrConfig                      
0     0000a165  _DMACH3BurstConfig                     
0     0000a198  _DMACH3ModeConfig                      
0     0000a175  _DMACH3TransferConfig                  
0     0000a185  _DMACH3WrapConfig                      
0     0000a1fa  _DMACH4AddrConfig                      
0     0000a20a  _DMACH4BurstConfig                     
0     0000a23d  _DMACH4ModeConfig                      
0     0000a21a  _DMACH4TransferConfig                  
0     0000a22a  _DMACH4WrapConfig                      
0     0000a29f  _DMACH5AddrConfig                      
0     0000a2af  _DMACH5BurstConfig                     
0     0000a2e2  _DMACH5ModeConfig                      
0     0000a2bf  _DMACH5TransferConfig                  
0     0000a2cf  _DMACH5WrapConfig                      
0     0000a344  _DMACH6AddrConfig                      
0     0000a354  _DMACH6BurstConfig                     
0     0000a387  _DMACH6ModeConfig                      
0     0000a364  _DMACH6TransferConfig                  
0     0000a374  _DMACH6WrapConfig                      
1     0000c5ae  _DMADest                               
0     0000a000  _DMAInitialize                         
1     0000c5b0  _DMASource                             
0     0000802b  _DSP28x_usDelay                        
0     0000afba  _Debug_Printf                          
1     00000880  _DevEmuRegs                            
0     0000b213  _DisableDog                            
1     00001000  _DmaRegs                               
0     00009f59  _ECAN0INTA_ISR                         
0     00009f6d  _ECAN0INTB_ISR                         
0     00009f63  _ECAN1INTA_ISR                         
0     00009f77  _ECAN1INTB_ISR                         
0     00009e41  _ECAP1_INT_ISR                         
0     00009e4b  _ECAP2_INT_ISR                         
0     00009e55  _ECAP3_INT_ISR                         
0     00009e5f  _ECAP4_INT_ISR                         
0     00009e69  _ECAP5_INT_ISR                         
0     00009e73  _ECAP6_INT_ISR                         
1     00006040  _ECanaLAMRegs                          
1     000060c0  _ECanaMOTORegs                         
1     00006080  _ECanaMOTSRegs                         
1     00006100  _ECanaMboxes                           
1     00006000  _ECanaRegs                             
1     00006240  _ECanbLAMRegs                          
1     000062c0  _ECanbMOTORegs                         
1     00006280  _ECanbMOTSRegs                         
1     00006300  _ECanbMboxes                           
1     00006200  _ECanbRegs                             
1     00006a00  _ECap1Regs                             
1     00006a20  _ECap2Regs                             
1     00006a40  _ECap3Regs                             
1     00006a60  _ECap4Regs                             
1     00006a80  _ECap5Regs                             
1     00006aa0  _ECap6Regs                             
0     00009ced  _EMUINT_ISR                            
0     00009e05  _EPWM1_INT_ISR                         
0     00009dc9  _EPWM1_TZINT_ISR                       
0     00009e0f  _EPWM2_INT_ISR                         
0     00009dd3  _EPWM2_TZINT_ISR                       
0     00009e19  _EPWM3_INT_ISR                         
0     00009ddd  _EPWM3_TZINT_ISR                       
0     00009e23  _EPWM4_INT_ISR                         
0     00009de7  _EPWM4_TZINT_ISR                       
0     00009e2d  _EPWM5_INT_ISR                         
0     00009df1  _EPWM5_TZINT_ISR                       
0     00009e37  _EPWM6_INT_ISR                         
0     00009dfb  _EPWM6_TZINT_ISR                       
1     00006800  _EPwm1Regs                             
1     00006840  _EPwm2Regs                             
1     00006880  _EPwm3Regs                             
1     000068c0  _EPwm4Regs                             
1     00006900  _EPwm5Regs                             
1     00006940  _EPwm6Regs                             
0     00009e7d  _EQEP1_INT_ISR                         
0     00009e87  _EQEP2_INT_ISR                         
1     00006b00  _EQep1Regs                             
1     00006b40  _EQep2Regs                             
0     0000b98b  _EnableInterrupts                      
1     00000a80  _FlashRegs                             
0     0000a775  _Flash_ReadSR1                         
0     0000a7a1  _Flash_ReadSR2                         
0     0000a7cd  _Flash_Wait_Busy                       
0     0000a7f1  _Flash_Write_Enable                    
1     00006f80  _GpioCtrlRegs                          
1     00006fc0  _GpioDataRegs                          
1     00006fe0  _GpioIntRegs                           
0     0000af7b  _HDL_CPU_Time_DelayMs                  
0     0000af6d  _HDL_CPU_Time_DelayUs                  
0     0000af54  _HDL_CPU_Time_GetTick                  
0     0000af5d  _HDL_CPU_Time_GetUsTick                
0     0000af0c  _HDL_CPU_Time_Init                     
0     0000af58  _HDL_CPU_Time_ResetTick                
0     0000af67  _HDL_CPU_Time_ResetUsTick              
0     0000af89  _HDL_CPU_Time_SetCPUTickCallback       
0     0000af91  _HDL_CPU_Time_StartHardTimer           
0     0000afaf  _HDL_CPU_Time_StopHardTimer            
0     0000acb8  _HDL_SPI_Init                          
0     0000ad6d  _HDL_SPI_Read                          
0     0000ad39  _HDL_SPI_Write                         
0     0000ace7  _HDL_SPI_WriteRead                     
0     00009f09  _I2CINT1A_ISR                          
0     00009f13  _I2CINT2A_ISR                          
1     00007900  _I2caRegs                              
0     00009d01  _ILLEGAL_ISR                           
0     00009cc5  _INT13_ISR                             
0     00009ccf  _INT14_ISR                             
0     0000bae7  _InitAdc                               
0     0000b661  _InitCpuTimers                         
0     0000b26b  _InitPeripheralClocks                  
0     0000b96c  _InitPieCtrl                           
0     0000ba00  _InitPieVectTable                      
0     0000b21b  _InitPll                               
0     0000aaae  _InitSciaGpio                          
0     0000aac3  _InitScibGpio                          
0     0000aad9  _InitScicGpio                          
0     0000ac7b  _InitSpiGpio                           
0     0000ac7e  _InitSpiaGpio                          
0     0000b200  _InitSysCtrl                           
0     00009fbd  _LUF_ISR                               
0     00009fb3  _LVF_ISR                               
0     00009eb9  _MRINTA_ISR                            
0     00009ea5  _MRINTB_ISR                            
0     00009ec3  _MXINTA_ISR                            
0     00009eaf  _MXINTB_ISR                            
1     00005000  _McbspaRegs                            
1     00005040  _McbspbRegs                            
0     00009cf7  _NMI_ISR                               
0     00009fc7  _PIE_RESERVED                          
1     00380090  _PartIdRegs                            
1     00000ce0  _PieCtrlRegs                           
1     00000d00  _PieVectTable                          
1     0000d102  _PieVectTableInit                      
0     00009ce3  _RTOSINT_ISR                           
0     00009f31  _SCIRXINTA_ISR                         
0     00009f45  _SCIRXINTB_ISR                         
0     00009f1d  _SCIRXINTC_ISR                         
0     00009f3b  _SCITXINTA_ISR                         
0     00009f4f  _SCITXINTB_ISR                         
0     00009f27  _SCITXINTC_ISR                         
0     00009d83  _SEQ1INT_ISR                           
0     00009d8d  _SEQ2INT_ISR                           
0     00009e91  _SPIRXINTA_ISR                         
0     00009e9b  _SPITXINTA_ISR                         
1     00007050  _SciaRegs                              
1     00007750  _ScibRegs                              
1     00007770  _ScicRegs                              
0     0000b209  _ServiceDog                            
1     00007040  _SpiaRegs                              
0     0000a0a8  _StartDMACH1                           
0     0000a14d  _StartDMACH2                           
0     0000a1f2  _StartDMACH3                           
0     0000a297  _StartDMACH4                           
0     0000a33c  _StartDMACH5                           
0     0000a3e1  _StartDMACH6                           
1     00007010  _SysCtrlRegs                           
0     00009db5  _TINT0_ISR                             
0     00009d65  _USER10_ISR                            
0     00009d6f  _USER11_ISR                            
0     00009d79  _USER12_ISR                            
0     00009d0b  _USER1_ISR                             
0     00009d15  _USER2_ISR                             
0     00009d1f  _USER3_ISR                             
0     00009d29  _USER4_ISR                             
0     00009d33  _USER5_ISR                             
0     00009d3d  _USER6_ISR                             
0     00009d47  _USER7_ISR                             
0     00009d51  _USER8_ISR                             
0     00009d5b  _USER9_ISR                             
0     0000a9ec  _Uart_Init                             
0     0000aa5c  _Uart_Write                            
0     00009dbf  _WAKEINT_ISR                           
0     00009d97  _XINT1_ISR                             
0     00009da1  _XINT2_ISR                             
0     00009f81  _XINT3_ISR                             
0     00009f8b  _XINT4_ISR                             
0     00009f95  _XINT5_ISR                             
0     00009f9f  _XINT6_ISR                             
0     00009fa9  _XINT7_ISR                             
1     00007070  _XIntruptRegs                          
1     00000b20  _XintfRegs                             
1     00000600  __STACK_END                            
abs   00000200  __STACK_SIZE                           
1     0000c5aa  ___TI_cleanup_ptr                      
1     0000c5ac  ___TI_dtors_ptr                        
1     0000c5a8  ___TI_enable_exit_profile_output       
0     0000b8bf  ___TI_ltoa                             
abs   ffffffff  ___TI_pprof_out_hndl                   
0     00009b40  ___TI_printfi                          
abs   ffffffff  ___TI_prof_data_size                   
abs   ffffffff  ___TI_prof_data_start                  
abs   ffffffff  ___binit__                             
abs   ffffffff  ___c_args__                            
0     00008000  ___cinit__                             
abs   ffffffff  ___etext__                             
abs   ffffffff  ___pinit__                             
abs   ffffffff  ___text__                              
0     0000bb0f  __args_main                            
1     0000d000  __ctypes_                              
1     0000c5b8  __lock                                 
0     0000affe  __nop                                  
0     0000affa  __register_lock                        
0     0000aff6  __register_unlock                      
1     00000400  __stack                                
0     00009fff  __system_post_cinit                    
0     0000bb8a  __system_pre_init                      
1     0000c5ba  __unlock                               
0     0000b943  _abort                                 
0     0000b88e  _atoi                                  
0     0000b838  _c_int00                               
0     0000b177  _config_ADC                            
0     0000b1b7  _config_DMA                            
0     0000b142  _config_ePWM1_to_generate_ADCSOCA      
0     0000b112  _config_ePWM1_to_generate_ADCSOCA_     
0     0000b15e  _config_ePWM2_to_generate_ADCSOCB      
0     00009fdb  _copy_in                               
0     0000bb21  _copysign                              
0     0000bb21  _copysignf                             
0     0000b9bb  _copysignl                             
0     0000b43c  _cpu_timer0_isr                        
0     0000b476  _cpu_timer1_isr                        
0     0000b48a  _cpu_timer2_isr                        
0     0000b153  _enable_ePWM1                          
1     0000c5b7  _errno                                 
0     0000aaef  _error                                 
0     0000b945  _exit                                  
0     0000b72f  _frexpl                                
0     0000b789  _ldexp                                 
0     0000b789  _ldexpf                                
0     0000b2f7  _ldexpl                                
0     0000ad9f  _local_DINTCH1_ISR                     
0     0000bafb  _main                                  
0     0000bb32  _memccpy                               
0     0000ba7a  _memcpy                                
0     0000bb7e  _memset                                
0     0000a3e9  _pow                                   
0     0000a3e9  _powf                                  
1     0000c5b6  _rdata                                 
1     0000c580  _rdataA                                
1     0000c588  _rdataB                                
1     0000c590  _rdataC                                
1     0000c5b2  _rdata_pointA                          
1     0000c5b3  _rdata_pointB                          
1     0000c5b4  _rdata_pointC                          
0     00009fd1  _rsvd_ISR                              
0     0000b789  _scalbn                                
0     0000b789  _scalbnf                               
0     0000b2f7  _scalbnl                               
0     0000ab2a  _sciaRxFifoIsr                         
0     0000aaf1  _sciaTxFifoIsr                         
0     0000aba2  _scibRxFifoIsr                         
0     0000ab8b  _scibTxFifoIsr                         
0     0000ac1a  _scicRxFifoIsr                         
0     0000abe1  _scicTxFifoIsr                         
1     0000c5b5  _sdata                                 
1     0000c598  _sdataA                                
1     0000c5a0  _sdataC                                
0     0000aca4  _spi_init                              
0     0000acb1  _spi_xmit                              
0     0000b994  _sqrt                                  
0     0000b994  _sqrtf                                 
0     0000bb50  _strchr                                
0     0000bb85  _strcpy                                
0     0000bb76  _strlen                                
0     0000b7e1  _vsnprintf                             
0     0000a8e2  _w25q128_write_page_no_erase           
0     0000bb65  _wcslen                                
abs   ffffffff  binit                                  
0     00008000  cinit                                  
0     00000000  code_start                             
abs   ffffffff  etext                                  
abs   ffffffff  pinit                                  


GLOBAL SYMBOLS: SORTED BY Symbol Address 

page  address   name                                   
----  -------   ----                                   
0     00000000  code_start                             
0     00008000  ___cinit__                             
0     00008000  cinit                                  
0     0000802b  _DSP28x_usDelay                        
0     00009b40  ___TI_printfi                          
0     00009cc5  _INT13_ISR                             
0     00009ccf  _INT14_ISR                             
0     00009cd9  _DATALOG_ISR                           
0     00009ce3  _RTOSINT_ISR                           
0     00009ced  _EMUINT_ISR                            
0     00009cf7  _NMI_ISR                               
0     00009d01  _ILLEGAL_ISR                           
0     00009d0b  _USER1_ISR                             
0     00009d15  _USER2_ISR                             
0     00009d1f  _USER3_ISR                             
0     00009d29  _USER4_ISR                             
0     00009d33  _USER5_ISR                             
0     00009d3d  _USER6_ISR                             
0     00009d47  _USER7_ISR                             
0     00009d51  _USER8_ISR                             
0     00009d5b  _USER9_ISR                             
0     00009d65  _USER10_ISR                            
0     00009d6f  _USER11_ISR                            
0     00009d79  _USER12_ISR                            
0     00009d83  _SEQ1INT_ISR                           
0     00009d8d  _SEQ2INT_ISR                           
0     00009d97  _XINT1_ISR                             
0     00009da1  _XINT2_ISR                             
0     00009dab  _ADCINT_ISR                            
0     00009db5  _TINT0_ISR                             
0     00009dbf  _WAKEINT_ISR                           
0     00009dc9  _EPWM1_TZINT_ISR                       
0     00009dd3  _EPWM2_TZINT_ISR                       
0     00009ddd  _EPWM3_TZINT_ISR                       
0     00009de7  _EPWM4_TZINT_ISR                       
0     00009df1  _EPWM5_TZINT_ISR                       
0     00009dfb  _EPWM6_TZINT_ISR                       
0     00009e05  _EPWM1_INT_ISR                         
0     00009e0f  _EPWM2_INT_ISR                         
0     00009e19  _EPWM3_INT_ISR                         
0     00009e23  _EPWM4_INT_ISR                         
0     00009e2d  _EPWM5_INT_ISR                         
0     00009e37  _EPWM6_INT_ISR                         
0     00009e41  _ECAP1_INT_ISR                         
0     00009e4b  _ECAP2_INT_ISR                         
0     00009e55  _ECAP3_INT_ISR                         
0     00009e5f  _ECAP4_INT_ISR                         
0     00009e69  _ECAP5_INT_ISR                         
0     00009e73  _ECAP6_INT_ISR                         
0     00009e7d  _EQEP1_INT_ISR                         
0     00009e87  _EQEP2_INT_ISR                         
0     00009e91  _SPIRXINTA_ISR                         
0     00009e9b  _SPITXINTA_ISR                         
0     00009ea5  _MRINTB_ISR                            
0     00009eaf  _MXINTB_ISR                            
0     00009eb9  _MRINTA_ISR                            
0     00009ec3  _MXINTA_ISR                            
0     00009ecd  _DINTCH1_ISR                           
0     00009ed7  _DINTCH2_ISR                           
0     00009ee1  _DINTCH3_ISR                           
0     00009eeb  _DINTCH4_ISR                           
0     00009ef5  _DINTCH5_ISR                           
0     00009eff  _DINTCH6_ISR                           
0     00009f09  _I2CINT1A_ISR                          
0     00009f13  _I2CINT2A_ISR                          
0     00009f1d  _SCIRXINTC_ISR                         
0     00009f27  _SCITXINTC_ISR                         
0     00009f31  _SCIRXINTA_ISR                         
0     00009f3b  _SCITXINTA_ISR                         
0     00009f45  _SCIRXINTB_ISR                         
0     00009f4f  _SCITXINTB_ISR                         
0     00009f59  _ECAN0INTA_ISR                         
0     00009f63  _ECAN1INTA_ISR                         
0     00009f6d  _ECAN0INTB_ISR                         
0     00009f77  _ECAN1INTB_ISR                         
0     00009f81  _XINT3_ISR                             
0     00009f8b  _XINT4_ISR                             
0     00009f95  _XINT5_ISR                             
0     00009f9f  _XINT6_ISR                             
0     00009fa9  _XINT7_ISR                             
0     00009fb3  _LVF_ISR                               
0     00009fbd  _LUF_ISR                               
0     00009fc7  _PIE_RESERVED                          
0     00009fd1  _rsvd_ISR                              
0     00009fdb  _copy_in                               
0     00009fff  __system_post_cinit                    
0     0000a000  _DMAInitialize                         
0     0000a00b  _DMACH1AddrConfig                      
0     0000a01b  _DMACH1BurstConfig                     
0     0000a02b  _DMACH1TransferConfig                  
0     0000a03b  _DMACH1WrapConfig                      
0     0000a04e  _DMACH1ModeConfig                      
0     0000a0a8  _StartDMACH1                           
0     0000a0b0  _DMACH2AddrConfig                      
0     0000a0c0  _DMACH2BurstConfig                     
0     0000a0d0  _DMACH2TransferConfig                  
0     0000a0e0  _DMACH2WrapConfig                      
0     0000a0f3  _DMACH2ModeConfig                      
0     0000a14d  _StartDMACH2                           
0     0000a155  _DMACH3AddrConfig                      
0     0000a165  _DMACH3BurstConfig                     
0     0000a175  _DMACH3TransferConfig                  
0     0000a185  _DMACH3WrapConfig                      
0     0000a198  _DMACH3ModeConfig                      
0     0000a1f2  _StartDMACH3                           
0     0000a1fa  _DMACH4AddrConfig                      
0     0000a20a  _DMACH4BurstConfig                     
0     0000a21a  _DMACH4TransferConfig                  
0     0000a22a  _DMACH4WrapConfig                      
0     0000a23d  _DMACH4ModeConfig                      
0     0000a297  _StartDMACH4                           
0     0000a29f  _DMACH5AddrConfig                      
0     0000a2af  _DMACH5BurstConfig                     
0     0000a2bf  _DMACH5TransferConfig                  
0     0000a2cf  _DMACH5WrapConfig                      
0     0000a2e2  _DMACH5ModeConfig                      
0     0000a33c  _StartDMACH5                           
0     0000a344  _DMACH6AddrConfig                      
0     0000a354  _DMACH6BurstConfig                     
0     0000a364  _DMACH6TransferConfig                  
0     0000a374  _DMACH6WrapConfig                      
0     0000a387  _DMACH6ModeConfig                      
0     0000a3e1  _StartDMACH6                           
0     0000a3e9  _pow                                   
0     0000a3e9  _powf                                  
0     0000a775  _Flash_ReadSR1                         
0     0000a7a1  _Flash_ReadSR2                         
0     0000a7cd  _Flash_Wait_Busy                       
0     0000a7f1  _Flash_Write_Enable                    
0     0000a81d  _CHIP_W25Q128_Read_ID                  
0     0000a84d  _CHIP_W25Q128_Init                     
0     0000a858  _CHIP_W25Q128_Read                     
0     0000a898  _CHIP_W25Q128_Erase_One_Sector         
0     0000a8e2  _w25q128_write_page_no_erase           
0     0000a92a  _CHIP_W25Q128_Write_One_Sector_No_Erase
0     0000a94e  _CHIP_W25q128_Write_One_Sector         
0     0000a9ec  _Uart_Init                             
0     0000aa5c  _Uart_Write                            
0     0000aaae  _InitSciaGpio                          
0     0000aac3  _InitScibGpio                          
0     0000aad9  _InitScicGpio                          
0     0000aaef  _error                                 
0     0000aaf1  _sciaTxFifoIsr                         
0     0000ab2a  _sciaRxFifoIsr                         
0     0000ab8b  _scibTxFifoIsr                         
0     0000aba2  _scibRxFifoIsr                         
0     0000abe1  _scicTxFifoIsr                         
0     0000ac1a  _scicRxFifoIsr                         
0     0000ac7b  _InitSpiGpio                           
0     0000ac7e  _InitSpiaGpio                          
0     0000aca4  _spi_init                              
0     0000acb1  _spi_xmit                              
0     0000acb8  _HDL_SPI_Init                          
0     0000ace7  _HDL_SPI_WriteRead                     
0     0000ad39  _HDL_SPI_Write                         
0     0000ad6d  _HDL_SPI_Read                          
0     0000ad9f  _local_DINTCH1_ISR                     
0     0000af0c  _HDL_CPU_Time_Init                     
0     0000af54  _HDL_CPU_Time_GetTick                  
0     0000af58  _HDL_CPU_Time_ResetTick                
0     0000af5d  _HDL_CPU_Time_GetUsTick                
0     0000af67  _HDL_CPU_Time_ResetUsTick              
0     0000af6d  _HDL_CPU_Time_DelayUs                  
0     0000af7b  _HDL_CPU_Time_DelayMs                  
0     0000af89  _HDL_CPU_Time_SetCPUTickCallback       
0     0000af91  _HDL_CPU_Time_StartHardTimer           
0     0000afaf  _HDL_CPU_Time_StopHardTimer            
0     0000afba  _Debug_Printf                          
0     0000afd8  _APP_Main_Init                         
0     0000aff1  _APP_Main_Poll                         
0     0000aff6  __register_unlock                      
0     0000affa  __register_lock                        
0     0000affe  __nop                                  
0     0000b000  LL$$DIV                                
0     0000b03c  LL$$MOD                                
0     0000b076  ULL$$DIV                               
0     0000b0a5  ULL$$MOD                               
0     0000b107  _BFL_Measure_Init                      
0     0000b112  _config_ePWM1_to_generate_ADCSOCA_     
0     0000b142  _config_ePWM1_to_generate_ADCSOCA      
0     0000b153  _enable_ePWM1                          
0     0000b15e  _config_ePWM2_to_generate_ADCSOCB      
0     0000b177  _config_ADC                            
0     0000b1b7  _config_DMA                            
0     0000b200  _InitSysCtrl                           
0     0000b209  _ServiceDog                            
0     0000b213  _DisableDog                            
0     0000b21b  _InitPll                               
0     0000b26b  _InitPeripheralClocks                  
0     0000b2c6  _CsmUnlock                             
0     0000b2f7  _ldexpl                                
0     0000b2f7  _scalbnl                               
0     0000b3a0  FD$$ADD                                
0     0000b43c  _cpu_timer0_isr                        
0     0000b476  _cpu_timer1_isr                        
0     0000b48a  _cpu_timer2_isr                        
0     0000b4cb  FD$$DIV                                
0     0000b556  FS$$DIV                                
0     0000b5de  FD$$MPY                                
0     0000b661  _InitCpuTimers                         
0     0000b69a  _ConfigCpuTimer                        
0     0000b6d5  _BFL_Buzz_Init                         
0     0000b6e6  _BFL_Buzz_Off                          
0     0000b6f5  _BFL_Buzz_Toggle                       
0     0000b6fa  _BFL_Buzz_On                           
0     0000b709  _BFL_Buzz_IsOff                        
0     0000b728  _BFL_Buzz_SetTrigLevel                 
0     0000b72f  _frexpl                                
0     0000b789  _ldexp                                 
0     0000b789  _ldexpf                                
0     0000b789  _scalbn                                
0     0000b789  _scalbnf                               
0     0000b7e1  _vsnprintf                             
0     0000b838  _c_int00                               
0     0000b88e  _atoi                                  
0     0000b8bf  ___TI_ltoa                             
0     0000b8ef  FD$$CMP                                
0     0000b919  L$$DIV                                 
0     0000b928  L$$MOD                                 
0     0000b936  UL$$DIV                                
0     0000b93d  UL$$MOD                                
0     0000b943  C$$EXIT                                
0     0000b943  _abort                                 
0     0000b945  _exit                                  
0     0000b96c  _InitPieCtrl                           
0     0000b98b  _EnableInterrupts                      
0     0000b994  _sqrt                                  
0     0000b994  _sqrtf                                 
0     0000b9bb  _copysignl                             
0     0000b9df  FD$$TOI                                
0     0000ba00  _InitPieVectTable                      
0     0000ba20  FD$$TOL                                
0     0000ba3f  LL$$CMP                                
0     0000ba51  ULL$$CMP                               
0     0000ba5d  I$$TOFD                                
0     0000ba7a  _memcpy                                
0     0000ba97  FS$$TOFD                               
0     0000bab3  L$$TOFD                                
0     0000bacf  LL$$AND                                
0     0000bad7  LL$$OR                                 
0     0000badf  LL$$XOR                                
0     0000bae7  _InitAdc                               
0     0000bafb  _main                                  
0     0000bb0f  __args_main                            
0     0000bb21  _copysign                              
0     0000bb21  _copysignf                             
0     0000bb32  _memccpy                               
0     0000bb42  FD$$SUB                                
0     0000bb50  _strchr                                
0     0000bb5c  FD$$NEG                                
0     0000bb65  _wcslen                                
0     0000bb76  _strlen                                
0     0000bb7e  _memset                                
0     0000bb85  _strcpy                                
0     0000bb8a  __system_pre_init                      
0     00380080  _ADC_cal                               
1     00000400  __stack                                
1     00000600  __STACK_END                            
1     00000880  _DevEmuRegs                            
1     00000a80  _FlashRegs                             
1     00000ae0  _CsmRegs                               
1     00000b00  _AdcMirror                             
1     00000b20  _XintfRegs                             
1     00000c00  _CpuTimer0Regs                         
1     00000c08  _CpuTimer1Regs                         
1     00000c10  _CpuTimer2Regs                         
1     00000ce0  _PieCtrlRegs                           
1     00000d00  _PieVectTable                          
1     00001000  _DmaRegs                               
1     00005000  _McbspaRegs                            
1     00005040  _McbspbRegs                            
1     00006000  _ECanaRegs                             
1     00006040  _ECanaLAMRegs                          
1     00006080  _ECanaMOTSRegs                         
1     000060c0  _ECanaMOTORegs                         
1     00006100  _ECanaMboxes                           
1     00006200  _ECanbRegs                             
1     00006240  _ECanbLAMRegs                          
1     00006280  _ECanbMOTSRegs                         
1     000062c0  _ECanbMOTORegs                         
1     00006300  _ECanbMboxes                           
1     00006800  _EPwm1Regs                             
1     00006840  _EPwm2Regs                             
1     00006880  _EPwm3Regs                             
1     000068c0  _EPwm4Regs                             
1     00006900  _EPwm5Regs                             
1     00006940  _EPwm6Regs                             
1     00006a00  _ECap1Regs                             
1     00006a20  _ECap2Regs                             
1     00006a40  _ECap3Regs                             
1     00006a60  _ECap4Regs                             
1     00006a80  _ECap5Regs                             
1     00006aa0  _ECap6Regs                             
1     00006b00  _EQep1Regs                             
1     00006b40  _EQep2Regs                             
1     00006f80  _GpioCtrlRegs                          
1     00006fc0  _GpioDataRegs                          
1     00006fe0  _GpioIntRegs                           
1     00007010  _SysCtrlRegs                           
1     00007040  _SpiaRegs                              
1     00007050  _SciaRegs                              
1     00007070  _XIntruptRegs                          
1     00007100  _AdcRegs                               
1     00007750  _ScibRegs                              
1     00007770  _ScicRegs                              
1     00007900  _I2caRegs                              
1     0000c000  _DMABuf1                               
1     0000c502  _CpuTimer0                             
1     0000c50a  _CpuTimer1                             
1     0000c512  _CpuTimer2                             
1     0000c51a  _AdcAvg                                
1     0000c52a  _AdcRMS                                
1     0000c540  _AdcRMSE                               
1     0000c550  _AdcVoltAvg                            
1     0000c560  _AdcVoltRMS                            
1     0000c570  _AdcVoltRMSE                           
1     0000c580  _rdataA                                
1     0000c588  _rdataB                                
1     0000c590  _rdataC                                
1     0000c598  _sdataA                                
1     0000c5a0  _sdataC                                
1     0000c5a8  ___TI_enable_exit_profile_output       
1     0000c5aa  ___TI_cleanup_ptr                      
1     0000c5ac  ___TI_dtors_ptr                        
1     0000c5ae  _DMADest                               
1     0000c5b0  _DMASource                             
1     0000c5b2  _rdata_pointA                          
1     0000c5b3  _rdata_pointB                          
1     0000c5b4  _rdata_pointC                          
1     0000c5b5  _sdata                                 
1     0000c5b6  _rdata                                 
1     0000c5b7  _errno                                 
1     0000c5b8  __lock                                 
1     0000c5ba  __unlock                               
1     0000d000  __ctypes_                              
1     0000d102  _PieVectTableInit                      
1     0033fff8  _CsmPwl                                
1     00380090  _PartIdRegs                            
abs   00000200  __STACK_SIZE                           
abs   ffffffff  .text                                  
abs   ffffffff  ___TI_pprof_out_hndl                   
abs   ffffffff  ___TI_prof_data_size                   
abs   ffffffff  ___TI_prof_data_start                  
abs   ffffffff  ___binit__                             
abs   ffffffff  ___c_args__                            
abs   ffffffff  ___etext__                             
abs   ffffffff  ___pinit__                             
abs   ffffffff  ___text__                              
abs   ffffffff  binit                                  
abs   ffffffff  etext                                  
abs   ffffffff  pinit                                  

[351 symbols]
