******************************************************************************
             TMS320C2000 Linker PC v22.6.1                     
******************************************************************************
>> Linked Mon May 20 17:55:21 2024

OUTPUT FILE NAME:   <Example_2833xCpuTimer.out>
ENTRY POINT SYMBOL: "code_start"  address: 00000000


MEMORY CONFIGURATION

         name            origin    length      used     unused   attr    fill
----------------------  --------  ---------  --------  --------  ----  --------
PAGE 0:
  BEGIN                 00000000   00000002  00000002  00000000  RWIX
  RAMM0                 00000050   000003b0  00000000  000003b0  RWIX
  RAML0                 00008000   00001000  00000fff  00000001  RWIX
  RAML1                 00009000   00001000  00001000  00000000  RWIX
  RAML2                 0000a000   00001000  00001000  00000000  RWIX
  RAML3                 0000b000   00001000  00000210  00000df0  RWIX
  ZONE7A                00200000   0000fc00  00000000  0000fc00  RWIX
  CSM_RSVD              0033ff80   00000076  00000000  00000076  RWIX
  CSM_PWL               0033fff8   00000008  00000000  00000008  RWIX
  ADC_CAL               00380080   00000009  00000007  00000002  RWIX
  IQTABLES              003fe000   00000b50  00000000  00000b50  RWIX
  IQTABLES2             003feb50   0000008c  00000000  0000008c  RWIX
  FPUTABLES             003febdc   000006a0  00000000  000006a0  RWIX
  BOOTROM               003ff27c   00000d44  00000000  00000d44  RWIX
  RESET                 003fffc0   00000002  00000000  00000002  RWIX

PAGE 1:
  BOOT_RSVD             00000002   0000004e  00000000  0000004e  RWIX
  RAMM1                 00000400   00000400  00000400  00000000  RWIX
  DEV_EMU               00000880   00000180  000000d0  000000b0  RWIX
  FLASH_REGS            00000a80   00000060  00000008  00000058  RWIX
  CSM                   00000ae0   00000010  00000010  00000000  RWIX
  ADC_MIRROR            00000b00   00000010  00000010  00000000  RWIX
  XINTF                 00000b20   00000020  0000001e  00000002  RWIX
  CPU_TIMER0            00000c00   00000008  00000008  00000000  RWIX
  CPU_TIMER1            00000c08   00000008  00000008  00000000  RWIX
  CPU_TIMER2            00000c10   00000008  00000008  00000000  RWIX
  PIE_CTRL              00000ce0   00000020  0000001a  00000006  RWIX
  PIE_VECT              00000d00   00000100  00000100  00000000  RWIX
  DMA                   00001000   00000200  000000e0  00000120  RWIX
  MCBSPA                00005000   00000040  00000025  0000001b  RWIX
  MCBSPB                00005040   00000040  00000025  0000001b  RWIX
  ECANA                 00006000   00000040  00000034  0000000c  RWIX
  ECANA_LAM             00006040   00000040  00000040  00000000  RWIX
  ECANA_MOTS            00006080   00000040  00000040  00000000  RWIX
  ECANA_MOTO            000060c0   00000040  00000040  00000000  RWIX
  ECANA_MBOX            00006100   00000100  00000100  00000000  RWIX
  ECANB                 00006200   00000040  00000034  0000000c  RWIX
  ECANB_LAM             00006240   00000040  00000040  00000000  RWIX
  ECANB_MOTS            00006280   00000040  00000040  00000000  RWIX
  ECANB_MOTO            000062c0   00000040  00000040  00000000  RWIX
  ECANB_MBOX            00006300   00000100  00000100  00000000  RWIX
  EPWM1                 00006800   00000022  00000022  00000000  RWIX
  EPWM2                 00006840   00000022  00000022  00000000  RWIX
  EPWM3                 00006880   00000022  00000022  00000000  RWIX
  EPWM4                 000068c0   00000022  00000022  00000000  RWIX
  EPWM5                 00006900   00000022  00000022  00000000  RWIX
  EPWM6                 00006940   00000022  00000022  00000000  RWIX
  ECAP1                 00006a00   00000020  00000020  00000000  RWIX
  ECAP2                 00006a20   00000020  00000020  00000000  RWIX
  ECAP3                 00006a40   00000020  00000020  00000000  RWIX
  ECAP4                 00006a60   00000020  00000020  00000000  RWIX
  ECAP5                 00006a80   00000020  00000020  00000000  RWIX
  ECAP6                 00006aa0   00000020  00000020  00000000  RWIX
  EQEP1                 00006b00   00000040  00000040  00000000  RWIX
  EQEP2                 00006b40   00000040  00000040  00000000  RWIX
  GPIOCTRL              00006f80   00000040  0000002e  00000012  RWIX
  GPIODAT               00006fc0   00000020  00000020  00000000  RWIX
  GPIOINT               00006fe0   00000020  0000000a  00000016  RWIX
  SYSTEM                00007010   00000020  00000020  00000000  RWIX
  SPIA                  00007040   00000010  00000010  00000000  RWIX
  SCIA                  00007050   00000010  00000010  00000000  RWIX
  XINTRUPT              00007070   00000010  00000010  00000000  RWIX
  ADC                   00007100   00000020  0000001e  00000002  RWIX
  SCIB                  00007750   00000010  00000010  00000000  RWIX
  SCIC                  00007770   00000010  00000010  00000000  RWIX
  I2CA                  00007900   00000040  00000022  0000001e  RWIX
  RAML4                 0000c000   00001000  00000cf1  0000030f  RWIX
  RAML5                 0000d000   00001000  000005c8  00000a38  RWIX
  RAML6                 0000e000   00001000  00000000  00001000  RWIX
  RAML7                 0000f000   00001000  00000000  00001000  RWIX
  ZONE7B                0020fc00   00000400  00000000  00000400  RWIX
  CSM_PWL               0033fff8   00000008  00000008  00000000  RWIX
  PARTID                00380090   00000001  00000001  00000000  RWIX


SECTION ALLOCATION MAP

 output                                  attributes/
section   page    origin      length       input sections
--------  ----  ----------  ----------   ----------------
codestart 
*          0    00000000    00000002     
                  00000000    00000002     DSP2833x_CodeStartBranch.obj (codestart)

.TI.ramfunc 
*          0    00008157    00000004     
                  00008157    00000004     DSP2833x_usDelay.obj (.TI.ramfunc)

.cinit     0    00008000    00000157     
                  00008000    00000096     HDL_Uart.obj (.cinit:__gCOMList)
                  00008096    0000002b     <whole-program> (.cinit:_xFuncHandlers$30)
                  000080c1    0000001c     APP_Main.obj (.cinit)
                  000080dd    00000016     <whole-program> (.cinit)
                  000080f3    0000000e     rts2800_fpu32.lib : exit.c.obj (.cinit)
                  00008101    0000000d     HDL_CPU_Time.obj (.cinit)
                  0000810e    0000000b     <whole-program> (.cinit:_usRegInputBuf)
                  00008119    00000005     <whole-program> (.cinit:__lock)
                  0000811e    00000005     <whole-program> (.cinit:__unlock)
                  00008123    00000005     <whole-program> (.cinit:_ucRegCoilsBuf)
                  00008128    00000005     <whole-program> (.cinit:_ucRegDiscreteBuf)
                  0000812d    00000004     BFL_Buzz.obj (.cinit)
                  00008131    00000004     BFL_Measure.obj (.cinit)
                  00008135    00000004     <whole-program> (.cinit:_g_pageBuf$17)
                  00008139    00000004     HDL_Uart.obj (.cinit:_m_Com1RxBuf)
                  0000813d    00000004     HDL_Uart.obj (.cinit:_m_Com1TxBuf)
                  00008141    00000004     HDL_Uart.obj (.cinit:_m_Com2RxBuf)
                  00008145    00000004     HDL_Uart.obj (.cinit:_m_Com2TxBuf)
                  00008149    00000004     HDL_Uart.obj (.cinit:_m_Com3RxBuf)
                  0000814d    00000004     HDL_Uart.obj (.cinit:_m_Com3TxBuf)
                  00008151    00000004     <whole-program> (.cinit:_usRegHoldingBuf)
                  00008155    00000002     --HOLE-- [fill = 0]

.pinit     0    00008000    00000000     UNINITIALIZED

.stack     1    00000400    00000400     UNINITIALIZED
                  00000400    00000400     --HOLE--

DevEmuRegsFile 
*          1    00000880    000000d0     UNINITIALIZED
                  00000880    000000d0     DSP2833x_GlobalVariableDefs.obj (DevEmuRegsFile)

FlashRegsFile 
*          1    00000a80    00000008     UNINITIALIZED
                  00000a80    00000008     DSP2833x_GlobalVariableDefs.obj (FlashRegsFile)

CsmRegsFile 
*          1    00000ae0    00000010     UNINITIALIZED
                  00000ae0    00000010     DSP2833x_GlobalVariableDefs.obj (CsmRegsFile)

AdcMirrorFile 
*          1    00000b00    00000010     UNINITIALIZED
                  00000b00    00000010     DSP2833x_GlobalVariableDefs.obj (AdcMirrorFile)

XintfRegsFile 
*          1    00000b20    0000001e     UNINITIALIZED
                  00000b20    0000001e     DSP2833x_GlobalVariableDefs.obj (XintfRegsFile)

CpuTimer0RegsFile 
*          1    00000c00    00000008     UNINITIALIZED
                  00000c00    00000008     DSP2833x_GlobalVariableDefs.obj (CpuTimer0RegsFile)

CpuTimer1RegsFile 
*          1    00000c08    00000008     UNINITIALIZED
                  00000c08    00000008     DSP2833x_GlobalVariableDefs.obj (CpuTimer1RegsFile)

CpuTimer2RegsFile 
*          1    00000c10    00000008     UNINITIALIZED
                  00000c10    00000008     DSP2833x_GlobalVariableDefs.obj (CpuTimer2RegsFile)

PieCtrlRegsFile 
*          1    00000ce0    0000001a     UNINITIALIZED
                  00000ce0    0000001a     DSP2833x_GlobalVariableDefs.obj (PieCtrlRegsFile)

ECanaMOTSRegsFile 
*          1    00006080    00000040     UNINITIALIZED
                  00006080    00000040     DSP2833x_GlobalVariableDefs.obj (ECanaMOTSRegsFile)

ECanaMOTORegsFile 
*          1    000060c0    00000040     UNINITIALIZED
                  000060c0    00000040     DSP2833x_GlobalVariableDefs.obj (ECanaMOTORegsFile)

ECanbMOTSRegsFile 
*          1    00006280    00000040     UNINITIALIZED
                  00006280    00000040     DSP2833x_GlobalVariableDefs.obj (ECanbMOTSRegsFile)

ECanbMOTORegsFile 
*          1    000062c0    00000040     UNINITIALIZED
                  000062c0    00000040     DSP2833x_GlobalVariableDefs.obj (ECanbMOTORegsFile)

.econst    1    0000d000    000005c8     
                  0000d000    00000100     mbcrc.obj (.econst:.string:_aucCRCHi$35)
                  0000d100    00000100     mbcrc.obj (.econst:.string:_aucCRCLo$35)
                  0000d200    00000100     DSP2833x_PieVect.obj (.econst:_PieVectTableInit)
                  0000d300    00000100     crc.obj (.econst:_s_CRCHi)
                  0000d400    00000100     crc.obj (.econst:_s_CRCLo)
                  0000d500    0000005b     BFL_VCB.obj (.econst:.string)
                  0000d55b    00000001     CHIP_W25Q128.obj (.econst:_$P$T2$3$17)
                  0000d55c    00000026     rts2800_fpu32.lib : _printfi.c.obj (.econst:.string)
                  0000d582    0000001c                       : _printfi.c.obj (.econst)
                  0000d59e    00000010     <whole-program> (.econst)
                  0000d5ae    00000008     B1_CapacitanceTemperatureMeasure.obj (.econst:_request_cmd$2)
                  0000d5b6    00000006     CHIP_W25Q128.obj (.econst:_$P$T5$6$17)
                  0000d5bc    00000004     CHIP_W25Q128.obj (.econst:_$P$T4$5$17)
                  0000d5c0    00000004     CHIP_W25Q128.obj (.econst:_$P$T6$7$17)
                  0000d5c4    00000002     CHIP_W25Q128.obj (.econst:_$P$T0$1$17)
                  0000d5c6    00000002     mbcb.obj (.econst)

DMARAML4   1    0000c000    000003c0     UNINITIALIZED
                  0000c000    000003c0     BFL_Measure.obj (DMARAML4)

.reset     0    003fffc0    00000002     DSECT
                  003fffc0    00000002     rts2800_fpu32.lib : boot28.asm.obj (.reset)

csm_rsvd   0    0033ff80    00000000     DSECT

csmpasswds 
*          0    0033fff8    00000000     DSECT

.adc_cal   0    00380080    00000007     NOLOAD SECTION
                  00380080    00000007     DSP2833x_ADC_cal.obj (.adc_cal)

PieVectTableFile 
*          1    00000d00    00000100     UNINITIALIZED
                  00000d00    00000100     DSP2833x_GlobalVariableDefs.obj (PieVectTableFile)

DmaRegsFile 
*          1    00001000    000000e0     UNINITIALIZED
                  00001000    000000e0     DSP2833x_GlobalVariableDefs.obj (DmaRegsFile)

McbspaRegsFile 
*          1    00005000    00000025     UNINITIALIZED
                  00005000    00000025     DSP2833x_GlobalVariableDefs.obj (McbspaRegsFile)

McbspbRegsFile 
*          1    00005040    00000025     UNINITIALIZED
                  00005040    00000025     DSP2833x_GlobalVariableDefs.obj (McbspbRegsFile)

ECanaRegsFile 
*          1    00006000    00000034     UNINITIALIZED
                  00006000    00000034     DSP2833x_GlobalVariableDefs.obj (ECanaRegsFile)

ECanaLAMRegsFile 
*          1    00006040    00000040     UNINITIALIZED
                  00006040    00000040     DSP2833x_GlobalVariableDefs.obj (ECanaLAMRegsFile)

ECanaMboxesFile 
*          1    00006100    00000100     UNINITIALIZED
                  00006100    00000100     DSP2833x_GlobalVariableDefs.obj (ECanaMboxesFile)

ECanbRegsFile 
*          1    00006200    00000034     UNINITIALIZED
                  00006200    00000034     DSP2833x_GlobalVariableDefs.obj (ECanbRegsFile)

ECanbLAMRegsFile 
*          1    00006240    00000040     UNINITIALIZED
                  00006240    00000040     DSP2833x_GlobalVariableDefs.obj (ECanbLAMRegsFile)

ECanbMboxesFile 
*          1    00006300    00000100     UNINITIALIZED
                  00006300    00000100     DSP2833x_GlobalVariableDefs.obj (ECanbMboxesFile)

EPwm1RegsFile 
*          1    00006800    00000022     UNINITIALIZED
                  00006800    00000022     DSP2833x_GlobalVariableDefs.obj (EPwm1RegsFile)

EPwm2RegsFile 
*          1    00006840    00000022     UNINITIALIZED
                  00006840    00000022     DSP2833x_GlobalVariableDefs.obj (EPwm2RegsFile)

EPwm3RegsFile 
*          1    00006880    00000022     UNINITIALIZED
                  00006880    00000022     DSP2833x_GlobalVariableDefs.obj (EPwm3RegsFile)

EPwm4RegsFile 
*          1    000068c0    00000022     UNINITIALIZED
                  000068c0    00000022     DSP2833x_GlobalVariableDefs.obj (EPwm4RegsFile)

EPwm5RegsFile 
*          1    00006900    00000022     UNINITIALIZED
                  00006900    00000022     DSP2833x_GlobalVariableDefs.obj (EPwm5RegsFile)

EPwm6RegsFile 
*          1    00006940    00000022     UNINITIALIZED
                  00006940    00000022     DSP2833x_GlobalVariableDefs.obj (EPwm6RegsFile)

ECap1RegsFile 
*          1    00006a00    00000020     UNINITIALIZED
                  00006a00    00000020     DSP2833x_GlobalVariableDefs.obj (ECap1RegsFile)

ECap2RegsFile 
*          1    00006a20    00000020     UNINITIALIZED
                  00006a20    00000020     DSP2833x_GlobalVariableDefs.obj (ECap2RegsFile)

ECap3RegsFile 
*          1    00006a40    00000020     UNINITIALIZED
                  00006a40    00000020     DSP2833x_GlobalVariableDefs.obj (ECap3RegsFile)

ECap4RegsFile 
*          1    00006a60    00000020     UNINITIALIZED
                  00006a60    00000020     DSP2833x_GlobalVariableDefs.obj (ECap4RegsFile)

ECap5RegsFile 
*          1    00006a80    00000020     UNINITIALIZED
                  00006a80    00000020     DSP2833x_GlobalVariableDefs.obj (ECap5RegsFile)

ECap6RegsFile 
*          1    00006aa0    00000020     UNINITIALIZED
                  00006aa0    00000020     DSP2833x_GlobalVariableDefs.obj (ECap6RegsFile)

EQep1RegsFile 
*          1    00006b00    00000040     UNINITIALIZED
                  00006b00    00000040     DSP2833x_GlobalVariableDefs.obj (EQep1RegsFile)

EQep2RegsFile 
*          1    00006b40    00000040     UNINITIALIZED
                  00006b40    00000040     DSP2833x_GlobalVariableDefs.obj (EQep2RegsFile)

GpioCtrlRegsFile 
*          1    00006f80    0000002e     UNINITIALIZED
                  00006f80    0000002e     DSP2833x_GlobalVariableDefs.obj (GpioCtrlRegsFile)

GpioDataRegsFile 
*          1    00006fc0    00000020     UNINITIALIZED
                  00006fc0    00000020     DSP2833x_GlobalVariableDefs.obj (GpioDataRegsFile)

GpioIntRegsFile 
*          1    00006fe0    0000000a     UNINITIALIZED
                  00006fe0    0000000a     DSP2833x_GlobalVariableDefs.obj (GpioIntRegsFile)

SysCtrlRegsFile 
*          1    00007010    00000020     UNINITIALIZED
                  00007010    00000020     DSP2833x_GlobalVariableDefs.obj (SysCtrlRegsFile)

SpiaRegsFile 
*          1    00007040    00000010     UNINITIALIZED
                  00007040    00000010     DSP2833x_GlobalVariableDefs.obj (SpiaRegsFile)

SciaRegsFile 
*          1    00007050    00000010     UNINITIALIZED
                  00007050    00000010     DSP2833x_GlobalVariableDefs.obj (SciaRegsFile)

XIntruptRegsFile 
*          1    00007070    00000010     UNINITIALIZED
                  00007070    00000010     DSP2833x_GlobalVariableDefs.obj (XIntruptRegsFile)

AdcRegsFile 
*          1    00007100    0000001e     UNINITIALIZED
                  00007100    0000001e     DSP2833x_GlobalVariableDefs.obj (AdcRegsFile)

ScibRegsFile 
*          1    00007750    00000010     UNINITIALIZED
                  00007750    00000010     DSP2833x_GlobalVariableDefs.obj (ScibRegsFile)

ScicRegsFile 
*          1    00007770    00000010     UNINITIALIZED
                  00007770    00000010     DSP2833x_GlobalVariableDefs.obj (ScicRegsFile)

I2caRegsFile 
*          1    00007900    00000022     UNINITIALIZED
                  00007900    00000022     DSP2833x_GlobalVariableDefs.obj (I2caRegsFile)

CsmPwlFile 
*          1    0033fff8    00000008     UNINITIALIZED
                  0033fff8    00000008     DSP2833x_GlobalVariableDefs.obj (CsmPwlFile)

PartIdRegsFile 
*          1    00380090    00000001     UNINITIALIZED
                  00380090    00000001     DSP2833x_GlobalVariableDefs.obj (PartIdRegsFile)

.text.1    0    0000815c    00000ea4     
                  0000815c    00000377     DSP2833x_DMA.obj (.text)
                  000084d3    00000316     DSP2833x_DefaultIsr.obj (.text:retain)
                  000087e9    000002b0     APP_Main.obj (.text)
                  00008a99    00000294     HDL_Uart.obj (.text)
                  00008d2d    00000281     BFL_SCR.obj (.text)
                  00008fae    00000052     mbfuncdisc.obj (.text)

.text.2    0    00009000    00001000     
                  00009000    0000021a     BFL_VCB.obj (.text)
                  0000921a    00000215     B3_FaultDetect.obj (.text)
                  0000942f    00000215     HDL_Uart.obj (.text:retain)
                  00009644    000001b4     CHIP_W25Q128.obj (.text)
                  000097f8    0000012e     mbrtu.obj (.text)
                  00009926    00000124     HDL_SPI.obj (.text)
                  00009a4a    00000117     BFL_Measure.obj (.text)
                  00009b61    00000107     rts2800_fpu32.lib : ll_div28.asm.obj (.text)
                  00009c68    000000ff     B3_SysAutoMode.obj (.text)
                  00009d67    000000fc     DSP2833x_SysCtrl.obj (.text)
                  00009e63    000000f5     B1_Measure.obj (.text)
                  00009f58    0000009f     BFL_RS485.obj (.text)
                  00009ff7    00000009     B3_SysManualMode.obj (.text)

.text.3    0    0000a000    00001000     
                  0000a000    000000ee     DSP2833x_EPwm.obj (.text)
                  0000a0ee    000000ec     HDL_CPU_Time.obj (.text)
                  0000a1da    000000d0     B2_CmdCutOffCapacitors.obj (.text)
                  0000a2aa    000000c3     B1_CapacitanceTemperatureMeasure.obj (.text)
                  0000a36d    000000ba     mbfuncholding.obj (.text)
                  0000a427    00000001     rts2800_fpu32.lib : _lock.c.obj (.text)
                  0000a428    000000b4     BFL_Measure.obj (.text:retain)
                  0000a4dc    0000009c     rts2800_fpu32.lib : fd_add28.asm.obj (.text)
                  0000a578    00000097     mbcb.obj (.text)
                  0000a60f    00000094     mbfunccoils.obj (.text)
                  0000a6a3    0000008e     HDL_CPU_Time.obj (.text:retain)
                  0000a731    0000008b     rts2800_fpu32.lib : fd_div28.asm.obj (.text)
                  0000a7bc    00000088                       : fs_div28.asm.obj (.text)
                  0000a844    00000083     B2_CmdBypassCapacitors.obj (.text)
                  0000a8c7    00000083     rts2800_fpu32.lib : fd_mpy28.asm.obj (.text)
                  0000a94a    00000081     BFL_SCR.obj (.text:retain)
                  0000a9cb    00000072     rts2800_fpu32.lib : ti_fmax.c.obj (.text)
                  0000aa3d    0000006f     B2_CmdMakeCapacitorsWork.obj (.text)
                  0000aaac    0000006c     cqueue.obj (.text)
                  0000ab18    00000064     B1_VCBStatusGet.obj (.text)
                  0000ab7c    0000005a     mb.obj (.text)
                  0000abd6    00000059     BFL_Buzz.obj (.text)
                  0000ac2f    00000059     HDL_CAN.obj (.text:retain)
                  0000ac88    00000057     average_filter.obj (.text)
                  0000acdf    00000056     rts2800_fpu32.lib : boot28.asm.obj (.text)
                  0000ad35    0000004b     BFL_Button.obj (.text)
                  0000ad80    00000049     BFL_DebugPin.obj (.text)
                  0000adc9    00000045     B1_ModbusRTUSlaver.obj (.text)
                  0000ae0e    0000003c     mbfuncinput.obj (.text)
                  0000ae4a    00000038     B1_SysModeGet.obj (.text)
                  0000ae82    00000035     DSP2833x_CpuTimers.obj (.text)
                  0000aeb7    00000034     portserial.obj (.text)
                  0000aeeb    0000002a     mbutils.obj (.text)
                  0000af15    0000002a     rts2800_fpu32.lib : fd_cmp28.asm.obj (.text)
                  0000af3f    0000002a                       : l_div28.asm.obj (.text)
                  0000af69    00000029     mbcrc.obj (.text)
                  0000af92    00000029     rts2800_fpu32.lib : exit.c.obj (.text)
                  0000afbb    00000028     DSP2833x_PieCtrl.obj (.text)
                  0000afe3    0000001d     rts2800_fpu32.lib : i_tofd28.asm.obj (.text)

.text.4    0    0000b000    00000210     
                  0000b000    00000027     rts2800_fpu32.lib : e_sqrtf.c.obj (.text)
                  0000b027    00000024                       : cpy_tbl.c.obj (.text)
                  0000b04b    00000021                       : fd_toi28.asm.obj (.text)
                  0000b06c    0000001f                       : fd_tol28.asm.obj (.text)
                  0000b08b    0000001e                       : ll_cmp28.asm.obj (.text)
                  0000b0a9    0000001c     async_delay.obj (.text)
                  0000b0c5    0000001c     rts2800_fpu32.lib : fs_tofdfpu32.asm.obj (.text)
                  0000b0e1    0000001c                       : l_tofd28.asm.obj (.text)
                  0000b0fd    0000001c                       : memcpy.c.obj (.text)
                  0000b119    00000019                       : prolog28.asm.obj (.text)
                  0000b132    00000018                       : ll_aox28.asm.obj (.text)
                  0000b14a    00000014     DSP2833x_Adc.obj (.text)
                  0000b15e    00000014     main.obj (.text)
                  0000b172    00000013     crc.obj (.text)
                  0000b185    00000012     mbfuncother.obj (.text)
                  0000b197    00000012     rts2800_fpu32.lib : args_main.c.obj (.text)
                  0000b1a9    00000011     DSP2833x_PieVect.obj (.text)
                  0000b1ba    00000011     state_duration_timer.obj (.text)
                  0000b1cb    0000000e     rts2800_fpu32.lib : fd_sub28.asm.obj (.text)
                  0000b1d9    0000000c                       : epilog28.asm.obj (.text)
                  0000b1e5    0000000b                       : u_div28.asm.obj (.text)
                  0000b1f0    00000009                       : fd_neg28.asm.obj (.text)
                  0000b1f9    00000008     DSP2833x_CodeStartBranch.obj (.text)
                  0000b201    00000007     rts2800_fpu32.lib : memset.c.obj (.text)
                  0000b208    00000005     porttimer.obj (.text)
                  0000b20d    00000002     rts2800_fpu32.lib : pre_init.c.obj (.text)
                  0000b20f    00000001                       : startup.c.obj (.text)

.ebss      1    0000c3c0    00000931     UNINITIALIZED
                  0000c3c0    0000033c     APP_Main.obj (.ebss)
                  0000c6fc    00000002     B1_CapacitanceTemperatureMeasure.obj (.ebss)
                  0000c6fe    00000002     B1_ModbusRTUSlaver.obj (.ebss)
                  0000c700    00000100     CHIP_W25Q128.obj (.ebss:_g_pageBuf$17)
                  0000c800    00000100     mbrtu.obj (.ebss:_ucRTUBuf)
                  0000c900    000000a0     BFL_Measure.obj (.ebss:_AdcVoltRMSFilterBuf)
                  0000c9a0    00000020     mbfuncother.obj (.ebss:_ucMBSlaveID$28)
                  0000c9c0    00000096     HDL_Uart.obj (.ebss:__gCOMList)
                  0000ca56    00000020     mbcb.obj (.ebss:_usRegHoldingBuf)
                  0000ca76    0000000a     HDL_CAN.obj (.ebss)
                  0000ca80    00000080     BFL_Measure.obj (.ebss:_AdcVoltRMSFilter)
                  0000cb00    00000050     HDL_Uart.obj (.ebss:_m_Com1RxBuf)
                  0000cb50    0000001c     mb.obj (.ebss)
                  0000cb6c    00000012     BFL_SCR.obj (.ebss)
                  0000cb7e    00000002     rts2800_fpu32.lib : _lock.c.obj (.ebss:__lock)
                  0000cb80    00000050     HDL_Uart.obj (.ebss:_m_Com2RxBuf)
                  0000cbd0    00000018     DSP2833x_CpuTimers.obj (.ebss)
                  0000cbe8    00000010     BFL_Measure.obj (.ebss:_AdcAvg)
                  0000cbf8    00000008     mbcb.obj (.ebss:_usRegInputBuf)
                  0000cc00    00000050     HDL_Uart.obj (.ebss:_m_Com3RxBuf)
                  0000cc50    00000010     BFL_Measure.obj (.ebss:_AdcRMS)
                  0000cc60    00000010     BFL_Measure.obj (.ebss:_AdcVoltAvg)
                  0000cc70    00000010     BFL_Measure.obj (.ebss:_AdcVoltRMS)
                  0000cc80    00000040     mb.obj (.ebss:_xFuncHandlers$30)
                  0000ccc0    0000000a     BFL_VCB.obj (.ebss:_g_vcb_list)
                  0000ccca    00000006     BFL_Measure.obj (.ebss)
                  0000ccd0    00000006     HDL_CPU_Time.obj (.ebss)
                  0000ccd6    00000006     mbrtu.obj (.ebss)
                  0000ccdc    00000006     rts2800_fpu32.lib : exit.c.obj (.ebss)
                  0000cce2    00000002                       : _lock.c.obj (.ebss:__unlock)
                  0000cce4    00000002     mbcb.obj (.ebss:_ucRegCoilsBuf)
                  0000cce6    00000002     mbcb.obj (.ebss:_ucRegDiscreteBuf)
                  0000cce8    00000002     portevent.obj (.ebss)
                  0000ccea    00000001     BFL_Buzz.obj (.ebss)
                  0000cceb    00000001     HDL_Uart.obj (.ebss:_m_Com1TxBuf)
                  0000ccec    00000001     HDL_Uart.obj (.ebss:_m_Com2TxBuf)
                  0000cced    00000001     HDL_Uart.obj (.ebss:_m_Com3TxBuf)
                  0000ccee    00000001     mbfuncother.obj (.ebss)
                  0000ccef    00000001     porttimer.obj (.ebss)
                  0000ccf0    00000001     rts2800_fpu32.lib : errno.c.obj (.ebss)

MODULE SUMMARY

       Module                                   code    initialized data   uninitialized data
       ------                                   ----    ----------------   ------------------
    .\
       DSP2833x_GlobalVariableDefs.obj          0       0                  2679              
       DSP2833x_DMA.obj                         887     0                  0                 
       DSP2833x_DefaultIsr.obj                  790     0                  0                 
       DSP2833x_PieVect.obj                     17      256                0                 
       DSP2833x_SysCtrl.obj                     252     0                  0                 
       DSP2833x_EPwm.obj                        238     0                  0                 
       DSP2833x_CpuTimers.obj                   53      0                  24                
       DSP2833x_PieCtrl.obj                     40      0                  0                 
       DSP2833x_Adc.obj                         20      0                  0                 
       DSP2833x_CodeStartBranch.obj             10      0                  0                 
       DSP2833x_ADC_cal.obj                     7       0                  0                 
       DSP2833x_usDelay.obj                     4       0                  0                 
    +--+----------------------------------------+-------+------------------+--------------------+
       Total:                                   2318    256                2703              
                                                                                             
    .\APP\
       APP_Main.obj                             688     28                 828               
       B3_FaultDetect.obj                       533     0                  0                 
       B3_SysAutoMode.obj                       255     0                  0                 
       B1_Measure.obj                           245     0                  0                 
       B2_CmdCutOffCapacitors.obj               208     0                  0                 
       B1_CapacitanceTemperatureMeasure.obj     195     8                  2                 
       B2_CmdBypassCapacitors.obj               131     0                  0                 
       B2_CmdMakeCapacitorsWork.obj             111     0                  0                 
       B1_VCBStatusGet.obj                      100     0                  0                 
       B1_ModbusRTUSlaver.obj                   69      0                  2                 
       B1_SysModeGet.obj                        56      0                  0                 
       B3_SysManualMode.obj                     9       0                  0                 
    +--+----------------------------------------+-------+------------------+--------------------+
       Total:                                   2600    36                 832               
                                                                                             
    .\Application\
       main.obj                                 20      0                  0                 
    +--+----------------------------------------+-------+------------------+--------------------+
       Total:                                   20      0                  0                 
                                                                                             
    .\BFL\
       BFL_Measure.obj                          459     4                  1318              
       BFL_SCR.obj                              770     0                  18                
       BFL_VCB.obj                              538     91                 10                
       BFL_RS485.obj                            159     0                  0                 
       BFL_Buzz.obj                             89      4                  1                 
       BFL_Button.obj                           75      0                  0                 
       BFL_DebugPin.obj                         73      0                  0                 
       async_delay.obj                          28      0                  0                 
       state_duration_timer.obj                 17      0                  0                 
    +--+----------------------------------------+-------+------------------+--------------------+
       Total:                                   2208    99                 1347              
                                                                                             
    .\CHIP\
       CHIP_W25Q128.obj                         436     17                 256               
    +--+----------------------------------------+-------+------------------+--------------------+
       Total:                                   436     17                 256               
                                                                                             
    .\HDL\
       HDL_Uart.obj                             1193    174                393               
       HDL_CPU_Time.obj                         378     13                 6                 
       HDL_SPI.obj                              292     0                  0                 
       HDL_CAN.obj                              89      0                  10                
    +--+----------------------------------------+-------+------------------+--------------------+
       Total:                                   1952    187                409               
                                                                                             
    .\LIB\
       crc.obj                                  19      512                0                 
       cqueue.obj                               108     0                  0                 
       average_filter.obj                       87      0                  0                 
    +--+----------------------------------------+-------+------------------+--------------------+
       Total:                                   214     512                0                 
                                                                                             
    .\freemodbus\
       mb.obj                                   90      0                  92                
    +--+----------------------------------------+-------+------------------+--------------------+
       Total:                                   90      0                  92                
                                                                                             
    .\freemodbus\functions\
       mbfuncholding.obj                        186     0                  0                 
       mbfunccoils.obj                          148     0                  0                 
       mbfuncdisc.obj                           82      0                  0                 
       mbfuncinput.obj                          60      0                  0                 
       mbfuncother.obj                          18      0                  33                
       mbutils.obj                              42      0                  0                 
    +--+----------------------------------------+-------+------------------+--------------------+
       Total:                                   536     0                  33                
                                                                                             
    .\freemodbus\port\
       mbcb.obj                                 151     2                  44                
       portserial.obj                           52      0                  0                 
       porttimer.obj                            5       0                  1                 
       portevent.obj                            0       0                  2                 
    +--+----------------------------------------+-------+------------------+--------------------+
       Total:                                   208     2                  47                
                                                                                             
    .\freemodbus\rtu\
       mbrtu.obj                                302     0                  262               
       mbcrc.obj                                41      512                0                 
    +--+----------------------------------------+-------+------------------+--------------------+
       Total:                                   343     512                262               
                                                                                             
    C:\Users\liuyu\AppData\Local\Temp\
       {2D05E865-5026-4088-89F9-8A146F0480F1}   0       120                0                 
    +--+----------------------------------------+-------+------------------+--------------------+
       Total:                                   0       120                0                 
                                                                                             
    C:/ti/ccs1260/ccs/tools/compiler/ti-cgt-c2000_22.6.1.LTS/lib/rts2800_fpu32.lib
       ll_div28.asm.obj                         263     0                  0                 
       fd_add28.asm.obj                         156     0                  0                 
       fd_div28.asm.obj                         139     0                  0                 
       fs_div28.asm.obj                         136     0                  0                 
       fd_mpy28.asm.obj                         131     0                  0                 
       ti_fmax.c.obj                            114     0                  0                 
       boot28.asm.obj                           86      0                  0                 
       _printfi.c.obj                           0       66                 0                 
       exit.c.obj                               41      14                 6                 
       fd_cmp28.asm.obj                         42      0                  0                 
       l_div28.asm.obj                          42      0                  0                 
       e_sqrtf.c.obj                            39      0                  0                 
       cpy_tbl.c.obj                            36      0                  0                 
       fd_toi28.asm.obj                         33      0                  0                 
       fd_tol28.asm.obj                         31      0                  0                 
       ll_cmp28.asm.obj                         30      0                  0                 
       i_tofd28.asm.obj                         29      0                  0                 
       fs_tofdfpu32.asm.obj                     28      0                  0                 
       l_tofd28.asm.obj                         28      0                  0                 
       memcpy.c.obj                             28      0                  0                 
       prolog28.asm.obj                         25      0                  0                 
       ll_aox28.asm.obj                         24      0                  0                 
       args_main.c.obj                          18      0                  0                 
       fd_sub28.asm.obj                         14      0                  0                 
       epilog28.asm.obj                         12      0                  0                 
       u_div28.asm.obj                          11      0                  0                 
       fd_neg28.asm.obj                         9       0                  0                 
       memset.c.obj                             7       0                  0                 
       _lock.c.obj                              1       0                  4                 
       pre_init.c.obj                           2       0                  0                 
       errno.c.obj                              0       0                  1                 
       startup.c.obj                            1       0                  0                 
    +--+----------------------------------------+-------+------------------+--------------------+
       Total:                                   1556    80                 11                
                                                                                             
       Stack:                                   0       0                  1024              
    +--+----------------------------------------+-------+------------------+--------------------+
       Grand Total:                             12481   1821               7016              


GLOBAL DATA SYMBOLS: SORTED BY DATA PAGE

address     data page           name
--------    ----------------    ----
00000400      10 (00000400)     __stack

00000880      22 (00000880)     _DevEmuRegs

00000a80      2a (00000a80)     _FlashRegs

00000ae0      2b (00000ac0)     _CsmRegs

00000b00      2c (00000b00)     _AdcMirror
00000b20      2c (00000b00)     _XintfRegs

00000c00      30 (00000c00)     _CpuTimer0Regs
00000c08      30 (00000c00)     _CpuTimer1Regs
00000c10      30 (00000c00)     _CpuTimer2Regs

00000ce0      33 (00000cc0)     _PieCtrlRegs

00000d00      34 (00000d00)     _PieVectTable

00001000      40 (00001000)     _DmaRegs

00005000     140 (00005000)     _McbspaRegs

00005040     141 (00005040)     _McbspbRegs

00006000     180 (00006000)     _ECanaRegs

00006040     181 (00006040)     _ECanaLAMRegs

00006080     182 (00006080)     _ECanaMOTSRegs

000060c0     183 (000060c0)     _ECanaMOTORegs

00006100     184 (00006100)     _ECanaMboxes

00006200     188 (00006200)     _ECanbRegs

00006240     189 (00006240)     _ECanbLAMRegs

00006280     18a (00006280)     _ECanbMOTSRegs

000062c0     18b (000062c0)     _ECanbMOTORegs

00006300     18c (00006300)     _ECanbMboxes

00006800     1a0 (00006800)     _EPwm1Regs

00006840     1a1 (00006840)     _EPwm2Regs

00006880     1a2 (00006880)     _EPwm3Regs

000068c0     1a3 (000068c0)     _EPwm4Regs

00006900     1a4 (00006900)     _EPwm5Regs

00006940     1a5 (00006940)     _EPwm6Regs

00006a00     1a8 (00006a00)     _ECap1Regs
00006a20     1a8 (00006a00)     _ECap2Regs

00006a40     1a9 (00006a40)     _ECap3Regs
00006a60     1a9 (00006a40)     _ECap4Regs

00006a80     1aa (00006a80)     _ECap5Regs
00006aa0     1aa (00006a80)     _ECap6Regs

00006b00     1ac (00006b00)     _EQep1Regs

00006b40     1ad (00006b40)     _EQep2Regs

00006f80     1be (00006f80)     _GpioCtrlRegs

00006fc0     1bf (00006fc0)     _GpioDataRegs
00006fe0     1bf (00006fc0)     _GpioIntRegs

00007010     1c0 (00007000)     _SysCtrlRegs

00007040     1c1 (00007040)     _SpiaRegs
00007050     1c1 (00007040)     _SciaRegs
00007070     1c1 (00007040)     _XIntruptRegs

00007100     1c4 (00007100)     _AdcRegs

00007750     1dd (00007740)     _ScibRegs
00007770     1dd (00007740)     _ScicRegs

00007900     1e4 (00007900)     _I2caRegs

0000c000     300 (0000c000)     _DMABuf1

0000c3c2     30f (0000c3c0)     _g_pSysInfo

0000c400     310 (0000c400)     _g_AppMainInfo

0000c800     320 (0000c800)     _ucRTUBuf

0000c9c0     327 (0000c9c0)     __gCOMList

0000ca56     329 (0000ca40)     _usRegHoldingBuf
0000ca76     329 (0000ca40)     _can_rx_msg

0000cb60     32d (0000cb40)     _pxMBFrameCBByteReceived
0000cb62     32d (0000cb40)     _pxMBFrameCBTransmitterEmpty
0000cb64     32d (0000cb40)     _pxMBPortCBTimerExpired
0000cb66     32d (0000cb40)     _pxMBFrameCBReceiveFSMCur
0000cb68     32d (0000cb40)     _pxMBFrameCBTransmitFSMCur
0000cb6c     32d (0000cb40)     _epwm1_info
0000cb72     32d (0000cb40)     _epwm2_info
0000cb78     32d (0000cb40)     _epwm3_info
0000cb7e     32d (0000cb40)     __lock

0000cbd0     32f (0000cbc0)     _CpuTimer0
0000cbd8     32f (0000cbc0)     _CpuTimer1
0000cbe0     32f (0000cbc0)     _CpuTimer2
0000cbf8     32f (0000cbc0)     _usRegInputBuf

0000ccc0     333 (0000ccc0)     _g_vcb_list
0000cccc     333 (0000ccc0)     _DMADest
0000ccce     333 (0000ccc0)     _DMASource
0000ccdc     333 (0000ccc0)     ___TI_enable_exit_profile_output
0000ccde     333 (0000ccc0)     ___TI_cleanup_ptr
0000cce0     333 (0000ccc0)     ___TI_dtors_ptr
0000cce2     333 (0000ccc0)     __unlock
0000cce4     333 (0000ccc0)     _ucRegCoilsBuf
0000cce6     333 (0000ccc0)     _ucRegDiscreteBuf
0000ccf0     333 (0000ccc0)     _errno

0000d200     348 (0000d200)     _PieVectTableInit

0000d300     34c (0000d300)     _s_CRCHi

0000d400     350 (0000d400)     _s_CRCLo

0000d5c6     357 (0000d5c0)     _usRegInputStart
0000d5c7     357 (0000d5c0)     _usRegHoldingStart

0033fff8    cfff (0033ffc0)     _CsmPwl

00380090    e002 (00380080)     _PartIdRegs


GLOBAL SYMBOLS: SORTED ALPHABETICALLY BY Name 

page  address   name                                    
----  -------   ----                                    
abs   ffffffff  .text                                   
0     0000af92  C$$EXIT                                 
0     0000a4dc  FD$$ADD                                 
0     0000af15  FD$$CMP                                 
0     0000a731  FD$$DIV                                 
0     0000a8c7  FD$$MPY                                 
0     0000b1f0  FD$$NEG                                 
0     0000b1cb  FD$$SUB                                 
0     0000b04b  FD$$TOI                                 
0     0000b06c  FD$$TOL                                 
0     0000a7bc  FS$$DIV                                 
0     0000b0c5  FS$$TOFD                                
0     0000afe3  I$$TOFD                                 
0     0000af3f  L$$DIV                                  
0     0000af4e  L$$MOD                                  
0     0000b0e1  L$$TOFD                                 
0     0000b132  LL$$AND                                 
0     0000b08b  LL$$CMP                                 
0     00009b61  LL$$DIV                                 
0     00009b9d  LL$$MOD                                 
0     0000b13a  LL$$OR                                  
0     0000b142  LL$$XOR                                 
0     0000b1e5  U$$DIV                                  
0     0000b1ea  U$$MOD                                  
0     0000af5c  UL$$DIV                                 
0     0000af63  UL$$MOD                                 
0     0000b09d  ULL$$CMP                                
0     00009bd7  ULL$$DIV                                
0     00009c06  ULL$$MOD                                
0     000087df  _ADCINT_ISR                             
0     00380080  _ADC_cal                                
0     00008a06  _APP_Main_Init                          
0     00008a94  _APP_Main_Poll                          
0     000088ed  _APP_Main_Save_SysInfo                  
1     00000b00  _AdcMirror                              
1     00007100  _AdcRegs                                
0     0000a355  _B1_CapacitanceTemperatureMeasure_Init  
0     0000a2aa  _B1_CapacitanceTemperatureMeasure_Poll  
0     00009f21  _B1_Measure_Init                        
0     00009e63  _B1_Measure_Poll                        
0     0000add7  _B1_ModbusRTUSlaver_Init                
0     0000adc9  _B1_ModbusRTUSlaver_Poll                
0     0000ae4d  _B1_SysModeGet_DeltaPoll                
0     0000ae4a  _B1_SysModeGet_Init                     
0     0000ab5b  _B1_VCBStatusGet_DeltaPoll              
0     0000ab52  _B1_VCBStatusGet_Init                   
0     0000ab18  _B1_VCBStatus_Update                    
0     0000a852  _B2_CmdBypassCapacitors_Exec            
0     0000a1e8  _B2_CmdCutOffCapacitors_Exec            
0     0000a26b  _B2_CmdCutOffCapacitors_Exec_Solution   
0     0000aa40  _B2_CmdMakeCapacitorsWork_Exec          
0     0000921a  _B3_Check_Minor_Fault_Exist             
0     00009395  _B3_Check_SCR_Serious_Fault             
0     00009c68  _B3_SysAutoMode_DeltaPoll               
0     00009ff7  _B3_SysManualMode_DeltaPoll             
0     0000ad3f  _BFL_Button_Init                        
0     0000ad35  _BFL_Button_IsPressed                   
0     0000ac0f  _BFL_Buzz_Init                          
0     0000abfd  _BFL_Buzz_IsOff                         
0     0000abee  _BFL_Buzz_Off                           
0     0000abdf  _BFL_Buzz_On                            
0     0000abdb  _BFL_Buzz_SetTrigLevel                  
0     0000abd6  _BFL_Buzz_Toggle                        
0     0000adaa  _BFL_DebugPin_Init                      
0     0000ad9c  _BFL_DebugPin_Reset                     
0     0000ad8e  _BFL_DebugPin_Set                       
0     0000ad80  _BFL_DebugPin_Toggle                    
0     00009b44  _BFL_Measure_Init                       
0     00009b23  _BFL_Measure_Read                       
0     00009b1d  _BFL_Measure_ReadReady                  
0     00009fac  _BFL_RS485_Init                         
0     00009f9e  _BFL_RS485_Read                         
0     00009f90  _BFL_RS485_Release_Bus                  
0     00009f8b  _BFL_RS485_Release_Bus_RS4851           
0     00009f86  _BFL_RS485_Release_Bus_RS4852           
0     00009f58  _BFL_RS485_Take_Bus                     
0     00009f81  _BFL_RS485_Take_Bus_RS4851              
0     00009f7c  _BFL_RS485_Take_Bus_RS4852              
0     00009f66  _BFL_RS485_Write                        
0     00008f6d  _BFL_SCRR_Have_Signal                   
0     00008ee5  _BFL_SCRT_Pluse_Transmit                
0     00008e3c  _BFL_SCR_Init                           
0     00009207  _BFL_VCB_CTRL_STATE_To_String           
0     000091e5  _BFL_VCB_Get_Actual_State               
0     000091d8  _BFL_VCB_Get_Setting_State              
0     000091cb  _BFL_VCB_Relay_Get_Setting_State        
0     0000913c  _BFL_VCB_Relay_Set_As_Switch_Closed     
0     00009000  _BFL_VCB_Relay_Set_As_Switch_No_Ctrl    
0     000090d7  _BFL_VCB_Relay_Set_As_Switch_Opened     
0     000091bd  _BFL_VCB_STATE_To_String                
0     0000919d  _BFL_VCB_SW_To_String                   
0     0000918f  _BFL_VCB_Set_As_Switch_Closed           
0     00009137  _BFL_VCB_Set_As_Switch_No_Ctrl          
0     0000912a  _BFL_VCB_Set_As_Switch_Opened           
0     0000903f  _BFL_VCB_Seurity_Init                   
0     00008a33  _BackGroundTask                         
0     0000ac2f  _CANA_ISR                               
0     000096ba  _CHIP_W25Q128_Erase_One_Sector          
0     000097ed  _CHIP_W25Q128_Init                      
0     000097a9  _CHIP_W25Q128_Read                      
0     0000974a  _CHIP_W25Q128_Write                     
0     0000b172  _CRC16_Modbus                           
0     0000b1ba  _CheckConditionDurationMet              
0     000089e3  _Clear_All_Fault                        
0     000087e9  _Config_Default_Parameter               
0     000089cc  _Config_PowerOn_Parameter               
1     0000cbd0  _CpuTimer0                              
1     00000c00  _CpuTimer0Regs                          
1     0000cbd8  _CpuTimer1                              
1     00000c08  _CpuTimer1Regs                          
1     0000cbe0  _CpuTimer2                              
1     00000c10  _CpuTimer2Regs                          
1     0033fff8  _CsmPwl                                 
1     00000ae0  _CsmRegs                                
0     00009e35  _CsmUnlock                              
0     000087d5  _DATALOG_ISR                            
0     000087cb  _DINTCH1_ISR                            
0     000087c1  _DINTCH2_ISR                            
0     000087b7  _DINTCH3_ISR                            
0     000087ad  _DINTCH4_ISR                            
0     000087a3  _DINTCH5_ISR                            
0     00008799  _DINTCH6_ISR                            
1     0000c000  _DMABuf1                                
0     000084c9  _DMACH1AddrConfig                       
0     000084c0  _DMACH1BurstConfig                      
0     0000845d  _DMACH1ModeConfig                       
0     00008454  _DMACH1TransferConfig                   
0     0000844a  _DMACH1WrapConfig                       
0     00008440  _DMACH2AddrConfig                       
0     00008437  _DMACH2BurstConfig                      
0     000083d4  _DMACH2ModeConfig                       
0     000083cb  _DMACH2TransferConfig                   
0     000083c1  _DMACH2WrapConfig                       
0     000083b7  _DMACH3AddrConfig                       
0     000083ae  _DMACH3BurstConfig                      
0     0000834b  _DMACH3ModeConfig                       
0     00008342  _DMACH3TransferConfig                   
0     00008338  _DMACH3WrapConfig                       
0     0000832e  _DMACH4AddrConfig                       
0     00008325  _DMACH4BurstConfig                      
0     000082c0  _DMACH4ModeConfig                       
0     000082b7  _DMACH4TransferConfig                   
0     000082ad  _DMACH4WrapConfig                       
0     000082a3  _DMACH5AddrConfig                       
0     0000829a  _DMACH5BurstConfig                      
0     00008235  _DMACH5ModeConfig                       
0     0000822c  _DMACH5TransferConfig                   
0     00008222  _DMACH5WrapConfig                       
0     00008218  _DMACH6AddrConfig                       
0     0000820f  _DMACH6BurstConfig                      
0     000081aa  _DMACH6ModeConfig                       
0     000081a1  _DMACH6TransferConfig                   
0     00008197  _DMACH6WrapConfig                       
1     0000cccc  _DMADest                                
0     0000818c  _DMAInitialize                          
1     0000ccce  _DMASource                              
0     00008157  _DSP28x_usDelay                         
1     00000880  _DevEmuRegs                             
0     00009d71  _DisableDog                             
1     00001000  _DmaRegs                                
0     0000878f  _ECAN0INTA_ISR                          
0     00008785  _ECAN0INTB_ISR                          
0     0000877b  _ECAN1INTA_ISR                          
0     00008771  _ECAN1INTB_ISR                          
0     00008767  _ECAP1_INT_ISR                          
0     0000875d  _ECAP2_INT_ISR                          
0     00008753  _ECAP3_INT_ISR                          
0     00008749  _ECAP4_INT_ISR                          
0     0000873f  _ECAP5_INT_ISR                          
0     00008735  _ECAP6_INT_ISR                          
1     00006040  _ECanaLAMRegs                           
1     000060c0  _ECanaMOTORegs                          
1     00006080  _ECanaMOTSRegs                          
1     00006100  _ECanaMboxes                            
1     00006000  _ECanaRegs                              
1     00006240  _ECanbLAMRegs                           
1     000062c0  _ECanbMOTORegs                          
1     00006280  _ECanbMOTSRegs                          
1     00006300  _ECanbMboxes                            
1     00006200  _ECanbRegs                              
1     00006a00  _ECap1Regs                              
1     00006a20  _ECap2Regs                              
1     00006a40  _ECap3Regs                              
1     00006a60  _ECap4Regs                              
1     00006a80  _ECap5Regs                              
1     00006aa0  _ECap6Regs                              
0     0000872b  _EMUINT_ISR                             
0     00008721  _EPWM1_INT_ISR                          
0     00008717  _EPWM1_TZINT_ISR                        
0     0000870d  _EPWM2_INT_ISR                          
0     00008703  _EPWM2_TZINT_ISR                        
0     000086f9  _EPWM3_INT_ISR                          
0     000086ef  _EPWM3_TZINT_ISR                        
0     000086e5  _EPWM4_INT_ISR                          
0     000086db  _EPWM4_TZINT_ISR                        
0     000086d1  _EPWM5_INT_ISR                          
0     000086c7  _EPWM5_TZINT_ISR                        
0     000086bd  _EPWM6_INT_ISR                          
0     000086b3  _EPWM6_TZINT_ISR                        
1     00006800  _EPwm1Regs                              
1     00006840  _EPwm2Regs                              
1     00006880  _EPwm3Regs                              
1     000068c0  _EPwm4Regs                              
1     00006900  _EPwm5Regs                              
1     00006940  _EPwm6Regs                              
0     000086a9  _EQEP1_INT_ISR                          
0     0000869f  _EQEP2_INT_ISR                          
1     00006b00  _EQep1Regs                              
1     00006b40  _EQep2Regs                              
0     0000afda  _EnableInterrupts                       
0     0000aed9  _EnterCriticalSection                   
0     0000aedd  _ExitCriticalSection                    
1     00000a80  _FlashRegs                              
0     00009644  _Flash_ReadSR1                          
0     00009670  _Flash_Wait_Busy                        
0     0000968d  _Flash_Write_Enable                     
0     00008a5f  _ForeGroundTask                         
1     00006f80  _GpioCtrlRegs                           
1     00006fc0  _GpioDataRegs                           
1     00006fe0  _GpioIntRegs                            
0     0000a1c5  _HDL_CPU_Time_DelayMs                   
0     0000a1b3  _HDL_CPU_Time_DelayUs                   
0     0000a1a9  _HDL_CPU_Time_GetTick                   
0     0000a1a2  _HDL_CPU_Time_GetUsTick                 
0     0000a152  _HDL_CPU_Time_Init                      
0     0000a14d  _HDL_CPU_Time_ResetTick                 
0     0000a147  _HDL_CPU_Time_ResetUsTick               
0     0000a143  _HDL_CPU_Time_SetCPUTickCallback        
0     0000a128  _HDL_CPU_Time_StartHardTimer            
0     0000a0ee  _HDL_CPU_Time_StopHardTimer             
0     00009a1a  _HDL_SPI_Init                           
0     000099e5  _HDL_SPI_Read                           
0     000099b4  _HDL_SPI_Write                          
0     00009963  _HDL_SPI_WriteRead                      
0     00008695  _I2CINT1A_ISR                           
0     0000868b  _I2CINT2A_ISR                           
1     00007900  _I2caRegs                               
0     00008681  _ILLEGAL_ISR                            
0     00008677  _INT13_ISR                              
0     0000866d  _INT14_ISR                              
0     0000b14a  _InitAdc                                
0     0000ae82  _InitCpuTimers                          
0     0000a0ed  _InitEPwm                               
0     00008dd9  _InitEPwm1Example                       
0     0000a058  _InitEPwm1Gpio                          
0     00008d83  _InitEPwm2Example                       
0     0000a06e  _InitEPwm2Gpio                          
0     00008d2d  _InitEPwm3Example                       
0     0000a084  _InitEPwm3Gpio                          
0     0000a09c  _InitEPwm4Gpio                          
0     0000a0b4  _InitEPwm5Gpio                          
0     0000a0ca  _InitEPwm6Gpio                          
0     0000a0e0  _InitEPwmGpio                           
0     0000a03d  _InitEPwmSyncGpio                       
0     00009dc6  _InitPeripheralClocks                   
0     0000afbb  _InitPieCtrl                            
0     0000b1a9  _InitPieVectTable                       
0     00009d79  _InitPll                                
0     00008be4  _InitSciaGpio                           
0     00008bca  _InitScibGpio                           
0     00008b3d  _InitScicGpio                           
0     00009937  _InitSpiGpio                            
0     00009937  _InitSpiaGpio                           
0     00009e2c  _InitSysCtrl                            
0     0000a000  _InitTzGpio                             
0     00008663  _LUF_ISR                                
0     00008659  _LVF_ISR                                
0     00008952  _Load_Parameter_From_Flash              
0     0000864f  _MRINTA_ISR                             
0     00008645  _MRINTB_ISR                             
0     0000863b  _MXINTA_ISR                             
0     00008631  _MXINTB_ISR                             
1     00005000  _McbspaRegs                             
1     00005040  _McbspbRegs                             
0     00008627  _NMI_ISR                                
0     0000861d  _PIE_RESERVED                           
1     00380090  _PartIdRegs                             
1     00000ce0  _PieCtrlRegs                            
1     00000d00  _PieVectTable                           
1     0000d200  _PieVectTableInit                       
0     00008613  _RTOSINT_ISR                            
0     00008609  _SCIRXINTA_ISR                          
0     000085ff  _SCIRXINTB_ISR                          
0     000085f5  _SCIRXINTC_ISR                          
0     000085eb  _SCITXINTA_ISR                          
0     000085e1  _SCITXINTB_ISR                          
0     000085d7  _SCITXINTC_ISR                          
0     000085cd  _SEQ1INT_ISR                            
0     000085c3  _SEQ2INT_ISR                            
0     000085b9  _SPIRXINTA_ISR                          
0     000085af  _SPITXINTA_ISR                          
1     00007050  _SciaRegs                               
1     00007750  _ScibRegs                               
1     00007770  _ScicRegs                               
0     00009d67  _ServiceDog                             
1     00007040  _SpiaRegs                               
0     00008184  _StartDMACH1                            
0     0000817c  _StartDMACH2                            
0     00008174  _StartDMACH3                            
0     0000816c  _StartDMACH4                            
0     00008164  _StartDMACH5                            
0     0000815c  _StartDMACH6                            
1     00007010  _SysCtrlRegs                            
0     000085a5  _TINT0_ISR                              
0     0000859b  _USER10_ISR                             
0     00008591  _USER11_ISR                             
0     00008587  _USER12_ISR                             
0     0000857d  _USER1_ISR                              
0     00008573  _USER2_ISR                              
0     00008569  _USER3_ISR                              
0     0000855f  _USER4_ISR                              
0     00008555  _USER5_ISR                              
0     0000854b  _USER6_ISR                              
0     00008541  _USER7_ISR                              
0     00008537  _USER8_ISR                              
0     0000852d  _USER9_ISR                              
0     00008d15  _Uart_AvailableBytes                    
0     00008cf0  _Uart_EmptyReadBuffer                   
0     00008c00  _Uart_Init                              
0     00008b25  _Uart_Read                              
0     00008b17  _Uart_RegisterReceiveCharCallback       
0     00008b09  _Uart_RegisterReceiveReadyCharCallback  
0     00008afa  _Uart_SetWriteOverCallback              
0     00008aeb  _Uart_UnregisterReceiveCharCallback     
0     00008a99  _Uart_Write                             
0     00008523  _WAKEINT_ISR                            
0     00008519  _XINT1_ISR                              
0     0000850f  _XINT2_ISR                              
0     00008505  _XINT3_ISR                              
0     000084fb  _XINT4_ISR                              
0     000084f1  _XINT5_ISR                              
0     000084e7  _XINT6_ISR                              
0     000084dd  _XINT7_ISR                              
1     00007070  _XIntruptRegs                           
1     00000b20  _XintfRegs                              
1     00000800  __STACK_END                             
abs   00000400  __STACK_SIZE                            
1     0000ccde  ___TI_cleanup_ptr                       
1     0000cce0  ___TI_dtors_ptr                         
1     0000ccdc  ___TI_enable_exit_profile_output        
abs   ffffffff  ___TI_pprof_out_hndl                    
abs   ffffffff  ___TI_prof_data_size                    
abs   ffffffff  ___TI_prof_data_start                   
abs   ffffffff  ___binit__                              
abs   ffffffff  ___c_args__                             
0     00008000  ___cinit__                              
abs   ffffffff  ___etext__                              
abs   ffffffff  ___pinit__                              
abs   ffffffff  ___text__                               
0     0000b197  __args_main                             
1     0000c9c0  __gCOMList                              
1     0000cb7e  __lock                                  
0     0000a427  __nop                                   
1     00000400  __stack                                 
0     0000b20f  __system_post_cinit                     
0     0000b20d  __system_pre_init                       
1     0000cce2  __unlock                                
0     0000af92  _abort                                  
0     0000b0a9  _async_delay                            
0     0000acbd  _average_filter_init                    
0     0000ac88  _average_filter_update                  
0     0000acdf  _c_int00                                
1     0000ca76  _can_rx_msg                             
0     00009ada  _config_ADC                             
0     00009a9d  _config_DMA                             
0     00009a8c  _config_ePWM4_to_generate_ADCSOCA       
0     00009a57  _config_ePWM4_to_generate_ADCSOCA_      
0     0000b027  _copy_in                                
0     0000a6f7  _cpu_timer0_isr                         
0     0000a6e3  _cpu_timer1_isr                         
0     0000a6a3  _cpu_timer2_isr                         
0     0000ab00  _cqueue_create                          
0     0000aadb  _cqueue_enqueue                         
0     0000aaac  _cqueue_out                             
0     0000a66f  _eMBFuncReadCoils                       
0     00008fae  _eMBFuncReadDiscreteInputs              
0     0000a400  _eMBFuncReadHoldingRegister             
0     0000ae0e  _eMBFuncReadInputRegister               
0     0000a36d  _eMBFuncReadWriteMultipleHoldingRegister
0     0000b185  _eMBFuncReportSlaveID                   
0     0000a645  _eMBFuncWriteCoil                       
0     0000a3c2  _eMBFuncWriteHoldingRegister            
0     0000a60f  _eMBFuncWriteMultipleCoils              
0     0000a3d7  _eMBFuncWriteMultipleHoldingRegister    
0     0000ab7c  _eMBPoll                                
0     000098ff  _eMBRTUInit                             
0     00009887  _eMBRTUReceive                          
0     000098ad  _eMBRTUSend                             
0     000098e9  _eMBRTUStart                            
0     000098db  _eMBRTUStop                             
0     0000a578  _eMBRegCoilsCB                          
0     0000a5de  _eMBRegHoldingCB                        
0     00009a4a  _enable_ePWM4                           
0     0000b1d9  _epilog_c28x_1                          
0     0000b1dd  _epilog_c28x_2                          
1     0000cb6c  _epwm1_info                             
0     0000a9a0  _epwm1_isr                              
1     0000cb72  _epwm2_info                             
0     0000a975  _epwm2_isr                              
1     0000cb78  _epwm3_info                             
0     0000a94a  _epwm3_isr                              
1     0000ccf0  _errno                                  
0     0000af94  _exit                                   
0     0000aa04  _fmax                                   
0     0000aa04  _fmaxf                                  
0     0000a9cb  _fmin                                   
0     0000a9cb  _fminf                                  
1     0000c400  _g_AppMainInfo                          
1     0000c3c2  _g_pSysInfo                             
1     0000ccc0  _g_vcb_list                             
0     0000a428  _local_DINTCH1_ISR                      
0     0000b15e  _main                                   
0     0000b0fd  _memcpy                                 
0     0000b201  _memset                                 
0     0000b119  _prolog_c28x_1                          
0     0000b11d  _prolog_c28x_2                          
0     0000b125  _prolog_c28x_3                          
0     0000af07  _prveMBError2Exception                  
0     0000b208  _prvvTIMERExpiredISR                    
1     0000cb60  _pxMBFrameCBByteReceived                
1     0000cb66  _pxMBFrameCBReceiveFSMCur               
1     0000cb68  _pxMBFrameCBTransmitFSMCur              
1     0000cb62  _pxMBFrameCBTransmitterEmpty            
1     0000cb64  _pxMBPortCBTimerExpired                 
0     000084d3  _rsvd_ISR                               
1     0000d300  _s_CRCHi                                
1     0000d400  _s_CRCLo                                
0     000095e0  _sciaRxFifoIsr                          
0     0000959b  _sciaTxFifoIsr                          
0     0000952e  _scibRxFifoIsr                          
0     000094e6  _scibTxFifoIsr                          
0     00009477  _scicRxFifoIsr                          
0     0000942f  _scicTxFifoIsr                          
0     0000aee1  _serialReceiveOneByteISR                
0     0000aee6  _serialSentOneByteISR                   
0     0000992a  _spi_init                               
0     00009926  _spi_xmit                               
0     0000b000  _sqrt                                   
0     0000b000  _sqrtf                                  
1     0000c800  _ucRTUBuf                               
1     0000cce4  _ucRegCoilsBuf                          
1     0000cce6  _ucRegDiscreteBuf                       
0     0000af69  _usMBCRC16                              
1     0000ca56  _usRegHoldingBuf                        
1     0000d5c7  _usRegHoldingStart                      
1     0000cbf8  _usRegInputBuf                          
1     0000d5c6  _usRegInputStart                        
0     0000aeb7  _vMBPortSerialEnable                    
0     00009700  _w25q128_write_page_no_erase            
0     0000984c  _xMBRTUReceiveFSM                       
0     0000982b  _xMBRTUTimerT35Expired                  
0     000097f8  _xMBRTUTransmitFSM                      
0     0000aeeb  _xMBUtilGetBits                         
abs   ffffffff  binit                                   
0     00008000  cinit                                   
0     00000000  code_start                              
abs   ffffffff  etext                                   
abs   ffffffff  pinit                                   


GLOBAL SYMBOLS: SORTED BY Symbol Address 

page  address   name                                    
----  -------   ----                                    
0     00000000  code_start                              
0     00008000  ___cinit__                              
0     00008000  cinit                                   
0     00008157  _DSP28x_usDelay                         
0     0000815c  _StartDMACH6                            
0     00008164  _StartDMACH5                            
0     0000816c  _StartDMACH4                            
0     00008174  _StartDMACH3                            
0     0000817c  _StartDMACH2                            
0     00008184  _StartDMACH1                            
0     0000818c  _DMAInitialize                          
0     00008197  _DMACH6WrapConfig                       
0     000081a1  _DMACH6TransferConfig                   
0     000081aa  _DMACH6ModeConfig                       
0     0000820f  _DMACH6BurstConfig                      
0     00008218  _DMACH6AddrConfig                       
0     00008222  _DMACH5WrapConfig                       
0     0000822c  _DMACH5TransferConfig                   
0     00008235  _DMACH5ModeConfig                       
0     0000829a  _DMACH5BurstConfig                      
0     000082a3  _DMACH5AddrConfig                       
0     000082ad  _DMACH4WrapConfig                       
0     000082b7  _DMACH4TransferConfig                   
0     000082c0  _DMACH4ModeConfig                       
0     00008325  _DMACH4BurstConfig                      
0     0000832e  _DMACH4AddrConfig                       
0     00008338  _DMACH3WrapConfig                       
0     00008342  _DMACH3TransferConfig                   
0     0000834b  _DMACH3ModeConfig                       
0     000083ae  _DMACH3BurstConfig                      
0     000083b7  _DMACH3AddrConfig                       
0     000083c1  _DMACH2WrapConfig                       
0     000083cb  _DMACH2TransferConfig                   
0     000083d4  _DMACH2ModeConfig                       
0     00008437  _DMACH2BurstConfig                      
0     00008440  _DMACH2AddrConfig                       
0     0000844a  _DMACH1WrapConfig                       
0     00008454  _DMACH1TransferConfig                   
0     0000845d  _DMACH1ModeConfig                       
0     000084c0  _DMACH1BurstConfig                      
0     000084c9  _DMACH1AddrConfig                       
0     000084d3  _rsvd_ISR                               
0     000084dd  _XINT7_ISR                              
0     000084e7  _XINT6_ISR                              
0     000084f1  _XINT5_ISR                              
0     000084fb  _XINT4_ISR                              
0     00008505  _XINT3_ISR                              
0     0000850f  _XINT2_ISR                              
0     00008519  _XINT1_ISR                              
0     00008523  _WAKEINT_ISR                            
0     0000852d  _USER9_ISR                              
0     00008537  _USER8_ISR                              
0     00008541  _USER7_ISR                              
0     0000854b  _USER6_ISR                              
0     00008555  _USER5_ISR                              
0     0000855f  _USER4_ISR                              
0     00008569  _USER3_ISR                              
0     00008573  _USER2_ISR                              
0     0000857d  _USER1_ISR                              
0     00008587  _USER12_ISR                             
0     00008591  _USER11_ISR                             
0     0000859b  _USER10_ISR                             
0     000085a5  _TINT0_ISR                              
0     000085af  _SPITXINTA_ISR                          
0     000085b9  _SPIRXINTA_ISR                          
0     000085c3  _SEQ2INT_ISR                            
0     000085cd  _SEQ1INT_ISR                            
0     000085d7  _SCITXINTC_ISR                          
0     000085e1  _SCITXINTB_ISR                          
0     000085eb  _SCITXINTA_ISR                          
0     000085f5  _SCIRXINTC_ISR                          
0     000085ff  _SCIRXINTB_ISR                          
0     00008609  _SCIRXINTA_ISR                          
0     00008613  _RTOSINT_ISR                            
0     0000861d  _PIE_RESERVED                           
0     00008627  _NMI_ISR                                
0     00008631  _MXINTB_ISR                             
0     0000863b  _MXINTA_ISR                             
0     00008645  _MRINTB_ISR                             
0     0000864f  _MRINTA_ISR                             
0     00008659  _LVF_ISR                                
0     00008663  _LUF_ISR                                
0     0000866d  _INT14_ISR                              
0     00008677  _INT13_ISR                              
0     00008681  _ILLEGAL_ISR                            
0     0000868b  _I2CINT2A_ISR                           
0     00008695  _I2CINT1A_ISR                           
0     0000869f  _EQEP2_INT_ISR                          
0     000086a9  _EQEP1_INT_ISR                          
0     000086b3  _EPWM6_TZINT_ISR                        
0     000086bd  _EPWM6_INT_ISR                          
0     000086c7  _EPWM5_TZINT_ISR                        
0     000086d1  _EPWM5_INT_ISR                          
0     000086db  _EPWM4_TZINT_ISR                        
0     000086e5  _EPWM4_INT_ISR                          
0     000086ef  _EPWM3_TZINT_ISR                        
0     000086f9  _EPWM3_INT_ISR                          
0     00008703  _EPWM2_TZINT_ISR                        
0     0000870d  _EPWM2_INT_ISR                          
0     00008717  _EPWM1_TZINT_ISR                        
0     00008721  _EPWM1_INT_ISR                          
0     0000872b  _EMUINT_ISR                             
0     00008735  _ECAP6_INT_ISR                          
0     0000873f  _ECAP5_INT_ISR                          
0     00008749  _ECAP4_INT_ISR                          
0     00008753  _ECAP3_INT_ISR                          
0     0000875d  _ECAP2_INT_ISR                          
0     00008767  _ECAP1_INT_ISR                          
0     00008771  _ECAN1INTB_ISR                          
0     0000877b  _ECAN1INTA_ISR                          
0     00008785  _ECAN0INTB_ISR                          
0     0000878f  _ECAN0INTA_ISR                          
0     00008799  _DINTCH6_ISR                            
0     000087a3  _DINTCH5_ISR                            
0     000087ad  _DINTCH4_ISR                            
0     000087b7  _DINTCH3_ISR                            
0     000087c1  _DINTCH2_ISR                            
0     000087cb  _DINTCH1_ISR                            
0     000087d5  _DATALOG_ISR                            
0     000087df  _ADCINT_ISR                             
0     000087e9  _Config_Default_Parameter               
0     000088ed  _APP_Main_Save_SysInfo                  
0     00008952  _Load_Parameter_From_Flash              
0     000089cc  _Config_PowerOn_Parameter               
0     000089e3  _Clear_All_Fault                        
0     00008a06  _APP_Main_Init                          
0     00008a33  _BackGroundTask                         
0     00008a5f  _ForeGroundTask                         
0     00008a94  _APP_Main_Poll                          
0     00008a99  _Uart_Write                             
0     00008aeb  _Uart_UnregisterReceiveCharCallback     
0     00008afa  _Uart_SetWriteOverCallback              
0     00008b09  _Uart_RegisterReceiveReadyCharCallback  
0     00008b17  _Uart_RegisterReceiveCharCallback       
0     00008b25  _Uart_Read                              
0     00008b3d  _InitScicGpio                           
0     00008bca  _InitScibGpio                           
0     00008be4  _InitSciaGpio                           
0     00008c00  _Uart_Init                              
0     00008cf0  _Uart_EmptyReadBuffer                   
0     00008d15  _Uart_AvailableBytes                    
0     00008d2d  _InitEPwm3Example                       
0     00008d83  _InitEPwm2Example                       
0     00008dd9  _InitEPwm1Example                       
0     00008e3c  _BFL_SCR_Init                           
0     00008ee5  _BFL_SCRT_Pluse_Transmit                
0     00008f6d  _BFL_SCRR_Have_Signal                   
0     00008fae  _eMBFuncReadDiscreteInputs              
0     00009000  _BFL_VCB_Relay_Set_As_Switch_No_Ctrl    
0     0000903f  _BFL_VCB_Seurity_Init                   
0     000090d7  _BFL_VCB_Relay_Set_As_Switch_Opened     
0     0000912a  _BFL_VCB_Set_As_Switch_Opened           
0     00009137  _BFL_VCB_Set_As_Switch_No_Ctrl          
0     0000913c  _BFL_VCB_Relay_Set_As_Switch_Closed     
0     0000918f  _BFL_VCB_Set_As_Switch_Closed           
0     0000919d  _BFL_VCB_SW_To_String                   
0     000091bd  _BFL_VCB_STATE_To_String                
0     000091cb  _BFL_VCB_Relay_Get_Setting_State        
0     000091d8  _BFL_VCB_Get_Setting_State              
0     000091e5  _BFL_VCB_Get_Actual_State               
0     00009207  _BFL_VCB_CTRL_STATE_To_String           
0     0000921a  _B3_Check_Minor_Fault_Exist             
0     00009395  _B3_Check_SCR_Serious_Fault             
0     0000942f  _scicTxFifoIsr                          
0     00009477  _scicRxFifoIsr                          
0     000094e6  _scibTxFifoIsr                          
0     0000952e  _scibRxFifoIsr                          
0     0000959b  _sciaTxFifoIsr                          
0     000095e0  _sciaRxFifoIsr                          
0     00009644  _Flash_ReadSR1                          
0     00009670  _Flash_Wait_Busy                        
0     0000968d  _Flash_Write_Enable                     
0     000096ba  _CHIP_W25Q128_Erase_One_Sector          
0     00009700  _w25q128_write_page_no_erase            
0     0000974a  _CHIP_W25Q128_Write                     
0     000097a9  _CHIP_W25Q128_Read                      
0     000097ed  _CHIP_W25Q128_Init                      
0     000097f8  _xMBRTUTransmitFSM                      
0     0000982b  _xMBRTUTimerT35Expired                  
0     0000984c  _xMBRTUReceiveFSM                       
0     00009887  _eMBRTUReceive                          
0     000098ad  _eMBRTUSend                             
0     000098db  _eMBRTUStop                             
0     000098e9  _eMBRTUStart                            
0     000098ff  _eMBRTUInit                             
0     00009926  _spi_xmit                               
0     0000992a  _spi_init                               
0     00009937  _InitSpiGpio                            
0     00009937  _InitSpiaGpio                           
0     00009963  _HDL_SPI_WriteRead                      
0     000099b4  _HDL_SPI_Write                          
0     000099e5  _HDL_SPI_Read                           
0     00009a1a  _HDL_SPI_Init                           
0     00009a4a  _enable_ePWM4                           
0     00009a57  _config_ePWM4_to_generate_ADCSOCA_      
0     00009a8c  _config_ePWM4_to_generate_ADCSOCA       
0     00009a9d  _config_DMA                             
0     00009ada  _config_ADC                             
0     00009b1d  _BFL_Measure_ReadReady                  
0     00009b23  _BFL_Measure_Read                       
0     00009b44  _BFL_Measure_Init                       
0     00009b61  LL$$DIV                                 
0     00009b9d  LL$$MOD                                 
0     00009bd7  ULL$$DIV                                
0     00009c06  ULL$$MOD                                
0     00009c68  _B3_SysAutoMode_DeltaPoll               
0     00009d67  _ServiceDog                             
0     00009d71  _DisableDog                             
0     00009d79  _InitPll                                
0     00009dc6  _InitPeripheralClocks                   
0     00009e2c  _InitSysCtrl                            
0     00009e35  _CsmUnlock                              
0     00009e63  _B1_Measure_Poll                        
0     00009f21  _B1_Measure_Init                        
0     00009f58  _BFL_RS485_Take_Bus                     
0     00009f66  _BFL_RS485_Write                        
0     00009f7c  _BFL_RS485_Take_Bus_RS4852              
0     00009f81  _BFL_RS485_Take_Bus_RS4851              
0     00009f86  _BFL_RS485_Release_Bus_RS4852           
0     00009f8b  _BFL_RS485_Release_Bus_RS4851           
0     00009f90  _BFL_RS485_Release_Bus                  
0     00009f9e  _BFL_RS485_Read                         
0     00009fac  _BFL_RS485_Init                         
0     00009ff7  _B3_SysManualMode_DeltaPoll             
0     0000a000  _InitTzGpio                             
0     0000a03d  _InitEPwmSyncGpio                       
0     0000a058  _InitEPwm1Gpio                          
0     0000a06e  _InitEPwm2Gpio                          
0     0000a084  _InitEPwm3Gpio                          
0     0000a09c  _InitEPwm4Gpio                          
0     0000a0b4  _InitEPwm5Gpio                          
0     0000a0ca  _InitEPwm6Gpio                          
0     0000a0e0  _InitEPwmGpio                           
0     0000a0ed  _InitEPwm                               
0     0000a0ee  _HDL_CPU_Time_StopHardTimer             
0     0000a128  _HDL_CPU_Time_StartHardTimer            
0     0000a143  _HDL_CPU_Time_SetCPUTickCallback        
0     0000a147  _HDL_CPU_Time_ResetUsTick               
0     0000a14d  _HDL_CPU_Time_ResetTick                 
0     0000a152  _HDL_CPU_Time_Init                      
0     0000a1a2  _HDL_CPU_Time_GetUsTick                 
0     0000a1a9  _HDL_CPU_Time_GetTick                   
0     0000a1b3  _HDL_CPU_Time_DelayUs                   
0     0000a1c5  _HDL_CPU_Time_DelayMs                   
0     0000a1e8  _B2_CmdCutOffCapacitors_Exec            
0     0000a26b  _B2_CmdCutOffCapacitors_Exec_Solution   
0     0000a2aa  _B1_CapacitanceTemperatureMeasure_Poll  
0     0000a355  _B1_CapacitanceTemperatureMeasure_Init  
0     0000a36d  _eMBFuncReadWriteMultipleHoldingRegister
0     0000a3c2  _eMBFuncWriteHoldingRegister            
0     0000a3d7  _eMBFuncWriteMultipleHoldingRegister    
0     0000a400  _eMBFuncReadHoldingRegister             
0     0000a427  __nop                                   
0     0000a428  _local_DINTCH1_ISR                      
0     0000a4dc  FD$$ADD                                 
0     0000a578  _eMBRegCoilsCB                          
0     0000a5de  _eMBRegHoldingCB                        
0     0000a60f  _eMBFuncWriteMultipleCoils              
0     0000a645  _eMBFuncWriteCoil                       
0     0000a66f  _eMBFuncReadCoils                       
0     0000a6a3  _cpu_timer2_isr                         
0     0000a6e3  _cpu_timer1_isr                         
0     0000a6f7  _cpu_timer0_isr                         
0     0000a731  FD$$DIV                                 
0     0000a7bc  FS$$DIV                                 
0     0000a852  _B2_CmdBypassCapacitors_Exec            
0     0000a8c7  FD$$MPY                                 
0     0000a94a  _epwm3_isr                              
0     0000a975  _epwm2_isr                              
0     0000a9a0  _epwm1_isr                              
0     0000a9cb  _fmin                                   
0     0000a9cb  _fminf                                  
0     0000aa04  _fmax                                   
0     0000aa04  _fmaxf                                  
0     0000aa40  _B2_CmdMakeCapacitorsWork_Exec          
0     0000aaac  _cqueue_out                             
0     0000aadb  _cqueue_enqueue                         
0     0000ab00  _cqueue_create                          
0     0000ab18  _B1_VCBStatus_Update                    
0     0000ab52  _B1_VCBStatusGet_Init                   
0     0000ab5b  _B1_VCBStatusGet_DeltaPoll              
0     0000ab7c  _eMBPoll                                
0     0000abd6  _BFL_Buzz_Toggle                        
0     0000abdb  _BFL_Buzz_SetTrigLevel                  
0     0000abdf  _BFL_Buzz_On                            
0     0000abee  _BFL_Buzz_Off                           
0     0000abfd  _BFL_Buzz_IsOff                         
0     0000ac0f  _BFL_Buzz_Init                          
0     0000ac2f  _CANA_ISR                               
0     0000ac88  _average_filter_update                  
0     0000acbd  _average_filter_init                    
0     0000acdf  _c_int00                                
0     0000ad35  _BFL_Button_IsPressed                   
0     0000ad3f  _BFL_Button_Init                        
0     0000ad80  _BFL_DebugPin_Toggle                    
0     0000ad8e  _BFL_DebugPin_Set                       
0     0000ad9c  _BFL_DebugPin_Reset                     
0     0000adaa  _BFL_DebugPin_Init                      
0     0000adc9  _B1_ModbusRTUSlaver_Poll                
0     0000add7  _B1_ModbusRTUSlaver_Init                
0     0000ae0e  _eMBFuncReadInputRegister               
0     0000ae4a  _B1_SysModeGet_Init                     
0     0000ae4d  _B1_SysModeGet_DeltaPoll                
0     0000ae82  _InitCpuTimers                          
0     0000aeb7  _vMBPortSerialEnable                    
0     0000aed9  _EnterCriticalSection                   
0     0000aedd  _ExitCriticalSection                    
0     0000aee1  _serialReceiveOneByteISR                
0     0000aee6  _serialSentOneByteISR                   
0     0000aeeb  _xMBUtilGetBits                         
0     0000af07  _prveMBError2Exception                  
0     0000af15  FD$$CMP                                 
0     0000af3f  L$$DIV                                  
0     0000af4e  L$$MOD                                  
0     0000af5c  UL$$DIV                                 
0     0000af63  UL$$MOD                                 
0     0000af69  _usMBCRC16                              
0     0000af92  C$$EXIT                                 
0     0000af92  _abort                                  
0     0000af94  _exit                                   
0     0000afbb  _InitPieCtrl                            
0     0000afda  _EnableInterrupts                       
0     0000afe3  I$$TOFD                                 
0     0000b000  _sqrt                                   
0     0000b000  _sqrtf                                  
0     0000b027  _copy_in                                
0     0000b04b  FD$$TOI                                 
0     0000b06c  FD$$TOL                                 
0     0000b08b  LL$$CMP                                 
0     0000b09d  ULL$$CMP                                
0     0000b0a9  _async_delay                            
0     0000b0c5  FS$$TOFD                                
0     0000b0e1  L$$TOFD                                 
0     0000b0fd  _memcpy                                 
0     0000b119  _prolog_c28x_1                          
0     0000b11d  _prolog_c28x_2                          
0     0000b125  _prolog_c28x_3                          
0     0000b132  LL$$AND                                 
0     0000b13a  LL$$OR                                  
0     0000b142  LL$$XOR                                 
0     0000b14a  _InitAdc                                
0     0000b15e  _main                                   
0     0000b172  _CRC16_Modbus                           
0     0000b185  _eMBFuncReportSlaveID                   
0     0000b197  __args_main                             
0     0000b1a9  _InitPieVectTable                       
0     0000b1ba  _CheckConditionDurationMet              
0     0000b1cb  FD$$SUB                                 
0     0000b1d9  _epilog_c28x_1                          
0     0000b1dd  _epilog_c28x_2                          
0     0000b1e5  U$$DIV                                  
0     0000b1ea  U$$MOD                                  
0     0000b1f0  FD$$NEG                                 
0     0000b201  _memset                                 
0     0000b208  _prvvTIMERExpiredISR                    
0     0000b20d  __system_pre_init                       
0     0000b20f  __system_post_cinit                     
0     00380080  _ADC_cal                                
1     00000400  __stack                                 
1     00000800  __STACK_END                             
1     00000880  _DevEmuRegs                             
1     00000a80  _FlashRegs                              
1     00000ae0  _CsmRegs                                
1     00000b00  _AdcMirror                              
1     00000b20  _XintfRegs                              
1     00000c00  _CpuTimer0Regs                          
1     00000c08  _CpuTimer1Regs                          
1     00000c10  _CpuTimer2Regs                          
1     00000ce0  _PieCtrlRegs                            
1     00000d00  _PieVectTable                           
1     00001000  _DmaRegs                                
1     00005000  _McbspaRegs                             
1     00005040  _McbspbRegs                             
1     00006000  _ECanaRegs                              
1     00006040  _ECanaLAMRegs                           
1     00006080  _ECanaMOTSRegs                          
1     000060c0  _ECanaMOTORegs                          
1     00006100  _ECanaMboxes                            
1     00006200  _ECanbRegs                              
1     00006240  _ECanbLAMRegs                           
1     00006280  _ECanbMOTSRegs                          
1     000062c0  _ECanbMOTORegs                          
1     00006300  _ECanbMboxes                            
1     00006800  _EPwm1Regs                              
1     00006840  _EPwm2Regs                              
1     00006880  _EPwm3Regs                              
1     000068c0  _EPwm4Regs                              
1     00006900  _EPwm5Regs                              
1     00006940  _EPwm6Regs                              
1     00006a00  _ECap1Regs                              
1     00006a20  _ECap2Regs                              
1     00006a40  _ECap3Regs                              
1     00006a60  _ECap4Regs                              
1     00006a80  _ECap5Regs                              
1     00006aa0  _ECap6Regs                              
1     00006b00  _EQep1Regs                              
1     00006b40  _EQep2Regs                              
1     00006f80  _GpioCtrlRegs                           
1     00006fc0  _GpioDataRegs                           
1     00006fe0  _GpioIntRegs                            
1     00007010  _SysCtrlRegs                            
1     00007040  _SpiaRegs                               
1     00007050  _SciaRegs                               
1     00007070  _XIntruptRegs                           
1     00007100  _AdcRegs                                
1     00007750  _ScibRegs                               
1     00007770  _ScicRegs                               
1     00007900  _I2caRegs                               
1     0000c000  _DMABuf1                                
1     0000c3c2  _g_pSysInfo                             
1     0000c400  _g_AppMainInfo                          
1     0000c800  _ucRTUBuf                               
1     0000c9c0  __gCOMList                              
1     0000ca56  _usRegHoldingBuf                        
1     0000ca76  _can_rx_msg                             
1     0000cb60  _pxMBFrameCBByteReceived                
1     0000cb62  _pxMBFrameCBTransmitterEmpty            
1     0000cb64  _pxMBPortCBTimerExpired                 
1     0000cb66  _pxMBFrameCBReceiveFSMCur               
1     0000cb68  _pxMBFrameCBTransmitFSMCur              
1     0000cb6c  _epwm1_info                             
1     0000cb72  _epwm2_info                             
1     0000cb78  _epwm3_info                             
1     0000cb7e  __lock                                  
1     0000cbd0  _CpuTimer0                              
1     0000cbd8  _CpuTimer1                              
1     0000cbe0  _CpuTimer2                              
1     0000cbf8  _usRegInputBuf                          
1     0000ccc0  _g_vcb_list                             
1     0000cccc  _DMADest                                
1     0000ccce  _DMASource                              
1     0000ccdc  ___TI_enable_exit_profile_output        
1     0000ccde  ___TI_cleanup_ptr                       
1     0000cce0  ___TI_dtors_ptr                         
1     0000cce2  __unlock                                
1     0000cce4  _ucRegCoilsBuf                          
1     0000cce6  _ucRegDiscreteBuf                       
1     0000ccf0  _errno                                  
1     0000d200  _PieVectTableInit                       
1     0000d300  _s_CRCHi                                
1     0000d400  _s_CRCLo                                
1     0000d5c6  _usRegInputStart                        
1     0000d5c7  _usRegHoldingStart                      
1     0033fff8  _CsmPwl                                 
1     00380090  _PartIdRegs                             
abs   00000400  __STACK_SIZE                            
abs   ffffffff  .text                                   
abs   ffffffff  ___TI_pprof_out_hndl                    
abs   ffffffff  ___TI_prof_data_size                    
abs   ffffffff  ___TI_prof_data_start                   
abs   ffffffff  ___binit__                              
abs   ffffffff  ___c_args__                             
abs   ffffffff  ___etext__                              
abs   ffffffff  ___pinit__                              
abs   ffffffff  ___text__                               
abs   ffffffff  binit                                   
abs   ffffffff  etext                                   
abs   ffffffff  pinit                                   

[458 symbols]
