******************************************************************************
             TMS320C2000 Linker PC v22.6.1                     
******************************************************************************
>> Linked Thu Jun 27 23:41:20 2024

OUTPUT FILE NAME:   <Example_2833xCpuTimer.out>
ENTRY POINT SYMBOL: "code_start"  address: 0033fff6


MEMORY CONFIGURATION

         name            origin    length      used     unused   attr    fill
----------------------  --------  ---------  --------  --------  ----  --------
PAGE 0:
  ZONE0                 00004000   00001000  00000000  00001000  RWIX
  RAML0                 00008000   00001000  000001a4  00000e5c  RWIX
  RAML1                 00009000   00001000  00000000  00001000  RWIX
  RAML2                 0000a000   00001000  00000000  00001000  RWIX
  RAML3                 0000b000   00001000  00000000  00001000  RWIX
  ZONE6                 00100000   00100000  00000000  00100000  RWIX
  ZONE7A                00200000   0000fc00  00000000  0000fc00  RWIX
  FLASHH                00300000   00008000  00000000  00008000  RWIX
  FLASHG                00308000   00008000  00000000  00008000  RWIX
  FLASHF                00310000   00008000  00000000  00008000  RWIX
  FLASHE                00318000   00008000  00000000  00008000  RWIX
  FLASHD                00320000   00008000  000001a4  00007e5c  RWIX
  FLASHC                00328000   00008000  00000000  00008000  RWIX
  FLASHA                00338000   00007f80  0000469f  000038e1  RWIX
  CSM_RSVD              0033ff80   00000076  00000000  00000076  RWIX
  BEGIN                 0033fff6   00000002  00000002  00000000  RWIX
  CSM_PWL               0033fff8   00000008  00000000  00000008  RWIX
  ADC_CAL               00380080   00000009  00000007  00000002  RWIX
  OTP                   00380400   00000400  00000000  00000400  RWIX
  IQTABLES              003fe000   00000b50  00000000  00000b50  RWIX
  IQTABLES2             003feb50   0000008c  00000000  0000008c  RWIX
  FPUTABLES             003febdc   000006a0  00000000  000006a0  RWIX
  ROM                   003ff27c   00000d44  00000000  00000d44  RWIX
  RESET                 003fffc0   00000002  00000000  00000002  RWIX
  VECTORS               003fffc2   0000003e  00000000  0000003e  RWIX

PAGE 1:
  BOOT_RSVD             00000000   00000050  00000000  00000050  RWIX
  RAMM0                 00000050   000003b0  00000000  000003b0  RWIX
  RAMM1                 00000400   00000400  00000400  00000000  RWIX
  DEV_EMU               00000880   00000180  000000d0  000000b0  RWIX
  FLASH_REGS            00000a80   00000060  00000008  00000058  RWIX
  CSM                   00000ae0   00000010  00000010  00000000  RWIX
  ADC_MIRROR            00000b00   00000010  00000010  00000000  RWIX
  XINTF                 00000b20   00000020  0000001e  00000002  RWIX
  CPU_TIMER0            00000c00   00000008  00000008  00000000  RWIX
  CPU_TIMER1            00000c08   00000008  00000008  00000000  RWIX
  CPU_TIMER2            00000c10   00000008  00000008  00000000  RWIX
  PIE_CTRL              00000ce0   00000020  0000001a  00000006  RWIX
  PIE_VECT              00000d00   00000100  00000100  00000000  RWIX
  DMA                   00001000   00000200  000000e0  00000120  RWIX
  MCBSPA                00005000   00000040  00000025  0000001b  RWIX
  MCBSPB                00005040   00000040  00000025  0000001b  RWIX
  ECANA                 00006000   00000040  00000034  0000000c  RWIX
  ECANA_LAM             00006040   00000040  00000040  00000000  RWIX
  ECANA_MOTS            00006080   00000040  00000040  00000000  RWIX
  ECANA_MOTO            000060c0   00000040  00000040  00000000  RWIX
  ECANA_MBOX            00006100   00000100  00000100  00000000  RWIX
  ECANB                 00006200   00000040  00000034  0000000c  RWIX
  ECANB_LAM             00006240   00000040  00000040  00000000  RWIX
  ECANB_MOTS            00006280   00000040  00000040  00000000  RWIX
  ECANB_MOTO            000062c0   00000040  00000040  00000000  RWIX
  ECANB_MBOX            00006300   00000100  00000100  00000000  RWIX
  EPWM1                 00006800   00000022  00000022  00000000  RWIX
  EPWM2                 00006840   00000022  00000022  00000000  RWIX
  EPWM3                 00006880   00000022  00000022  00000000  RWIX
  EPWM4                 000068c0   00000022  00000022  00000000  RWIX
  EPWM5                 00006900   00000022  00000022  00000000  RWIX
  EPWM6                 00006940   00000022  00000022  00000000  RWIX
  ECAP1                 00006a00   00000020  00000020  00000000  RWIX
  ECAP2                 00006a20   00000020  00000020  00000000  RWIX
  ECAP3                 00006a40   00000020  00000020  00000000  RWIX
  ECAP4                 00006a60   00000020  00000020  00000000  RWIX
  ECAP5                 00006a80   00000020  00000020  00000000  RWIX
  ECAP6                 00006aa0   00000020  00000020  00000000  RWIX
  EQEP1                 00006b00   00000040  00000040  00000000  RWIX
  EQEP2                 00006b40   00000040  00000040  00000000  RWIX
  GPIOCTRL              00006f80   00000040  0000002e  00000012  RWIX
  GPIODAT               00006fc0   00000020  00000020  00000000  RWIX
  GPIOINT               00006fe0   00000020  0000000a  00000016  RWIX
  SYSTEM                00007010   00000020  00000020  00000000  RWIX
  SPIA                  00007040   00000010  00000010  00000000  RWIX
  SCIA                  00007050   00000010  00000010  00000000  RWIX
  XINTRUPT              00007070   00000010  00000010  00000000  RWIX
  ADC                   00007100   00000020  0000001e  00000002  RWIX
  SCIB                  00007750   00000010  00000010  00000000  RWIX
  SCIC                  00007770   00000010  00000010  00000000  RWIX
  I2CA                  00007900   00000040  00000022  0000001e  RWIX
  RAML4                 0000c000   00001000  00001000  00000000  RWIX
  RAML5                 0000d000   00001000  000000e7  00000f19  RWIX
  RAML6                 0000e000   00001000  00000000  00001000  RWIX
  RAML7                 0000f000   00001000  00000000  00001000  RWIX
  ZONE7B                0020fc00   00000400  00000000  00000400  RWIX
  FLASHB                00330000   00008000  00000000  00008000  RWIX
  CSM_PWL               0033fff8   00000008  00000008  00000000  RWIX
  PARTID                00380090   00000001  00000001  00000000  RWIX


SECTION ALLOCATION MAP

 output                                  attributes/
section   page    origin      length       input sections
--------  ----  ----------  ----------   ----------------
.TI.ramfunc 
*          0    00320000    000001a4     RUN ADDR = 00008000
                  00320000    00000183     BFL_Measure.obj (.TI.ramfunc:retain)
                  00320183    0000001d     DSP2833x_SysCtrl.obj (.TI.ramfunc)
                  003201a0    00000004     DSP2833x_usDelay.obj (.TI.ramfunc)

.cinit     0    0033c4f0    00000197     
                  0033c4f0    00000096     HDL_Uart.obj (.cinit:__gCOMList)
                  0033c586    00000064     <whole-program> (.cinit)
                  0033c5ea    0000002b     <whole-program> (.cinit:_xFuncHandlers$33)
                  0033c615    0000000e     rts2800_fpu32.lib : exit.c.obj (.cinit)
                  0033c623    0000000d     HDL_CPU_Time.obj (.cinit)
                  0033c630    0000000a     HDL_IWDG.obj (.cinit)
                  0033c63a    00000009     B2_CmdBypassCapacitors.obj (.cinit)
                  0033c643    00000005     <whole-program> (.cinit:__lock)
                  0033c648    00000005     <whole-program> (.cinit:__unlock)
                  0033c64d    00000004     B3_SysAutoMode.obj (.cinit)
                  0033c651    00000004     BFL_Buzz.obj (.cinit)
                  0033c655    00000004     BFL_Measure.obj (.cinit)
                  0033c659    00000004     <whole-program> (.cinit:_g_pageBuf$18)
                  0033c65d    00000004     HDL_Uart.obj (.cinit:_m_Com1RxBuf)
                  0033c661    00000004     HDL_Uart.obj (.cinit:_m_Com1TxBuf)
                  0033c665    00000004     HDL_Uart.obj (.cinit:_m_Com2RxBuf)
                  0033c669    00000004     HDL_Uart.obj (.cinit:_m_Com2TxBuf)
                  0033c66d    00000004     HDL_Uart.obj (.cinit:_m_Com3RxBuf)
                  0033c671    00000004     HDL_Uart.obj (.cinit:_m_Com3TxBuf)
                  0033c675    00000004     <whole-program> (.cinit:_ucRegCoilsBuf)
                  0033c679    00000004     <whole-program> (.cinit:_ucRegDiscreteBuf)
                  0033c67d    00000004     <whole-program> (.cinit:_usRegHoldingBuf)
                  0033c681    00000004     <whole-program> (.cinit:_usRegInputBuf)
                  0033c685    00000002     --HOLE-- [fill = 0]

DevEmuRegsFile 
*          1    00000880    000000d0     UNINITIALIZED
                  00000880    000000d0     DSP2833x_GlobalVariableDefs.obj (DevEmuRegsFile)

FlashRegsFile 
*          1    00000a80    00000008     UNINITIALIZED
                  00000a80    00000008     DSP2833x_GlobalVariableDefs.obj (FlashRegsFile)

CsmRegsFile 
*          1    00000ae0    00000010     UNINITIALIZED
                  00000ae0    00000010     DSP2833x_GlobalVariableDefs.obj (CsmRegsFile)

AdcMirrorFile 
*          1    00000b00    00000010     UNINITIALIZED
                  00000b00    00000010     DSP2833x_GlobalVariableDefs.obj (AdcMirrorFile)

XintfRegsFile 
*          1    00000b20    0000001e     UNINITIALIZED
                  00000b20    0000001e     DSP2833x_GlobalVariableDefs.obj (XintfRegsFile)

CpuTimer0RegsFile 
*          1    00000c00    00000008     UNINITIALIZED
                  00000c00    00000008     DSP2833x_GlobalVariableDefs.obj (CpuTimer0RegsFile)

CpuTimer1RegsFile 
*          1    00000c08    00000008     UNINITIALIZED
                  00000c08    00000008     DSP2833x_GlobalVariableDefs.obj (CpuTimer1RegsFile)

CpuTimer2RegsFile 
*          1    00000c10    00000008     UNINITIALIZED
                  00000c10    00000008     DSP2833x_GlobalVariableDefs.obj (CpuTimer2RegsFile)

PieCtrlRegsFile 
*          1    00000ce0    0000001a     UNINITIALIZED
                  00000ce0    0000001a     DSP2833x_GlobalVariableDefs.obj (PieCtrlRegsFile)

PieVectTableFile 
*          1    00000d00    00000100     UNINITIALIZED
                  00000d00    00000100     DSP2833x_GlobalVariableDefs.obj (PieVectTableFile)

DmaRegsFile 
*          1    00001000    000000e0     UNINITIALIZED
                  00001000    000000e0     DSP2833x_GlobalVariableDefs.obj (DmaRegsFile)

McbspaRegsFile 
*          1    00005000    00000025     UNINITIALIZED
                  00005000    00000025     DSP2833x_GlobalVariableDefs.obj (McbspaRegsFile)

McbspbRegsFile 
*          1    00005040    00000025     UNINITIALIZED
                  00005040    00000025     DSP2833x_GlobalVariableDefs.obj (McbspbRegsFile)

ECanaRegsFile 
*          1    00006000    00000034     UNINITIALIZED
                  00006000    00000034     DSP2833x_GlobalVariableDefs.obj (ECanaRegsFile)

ECanaLAMRegsFile 
*          1    00006040    00000040     UNINITIALIZED
                  00006040    00000040     DSP2833x_GlobalVariableDefs.obj (ECanaLAMRegsFile)

ECanaMOTSRegsFile 
*          1    00006080    00000040     UNINITIALIZED
                  00006080    00000040     DSP2833x_GlobalVariableDefs.obj (ECanaMOTSRegsFile)

ECanaMOTORegsFile 
*          1    000060c0    00000040     UNINITIALIZED
                  000060c0    00000040     DSP2833x_GlobalVariableDefs.obj (ECanaMOTORegsFile)

ECanaMboxesFile 
*          1    00006100    00000100     UNINITIALIZED
                  00006100    00000100     DSP2833x_GlobalVariableDefs.obj (ECanaMboxesFile)

ECanbRegsFile 
*          1    00006200    00000034     UNINITIALIZED
                  00006200    00000034     DSP2833x_GlobalVariableDefs.obj (ECanbRegsFile)

ECanbLAMRegsFile 
*          1    00006240    00000040     UNINITIALIZED
                  00006240    00000040     DSP2833x_GlobalVariableDefs.obj (ECanbLAMRegsFile)

ECanbMOTSRegsFile 
*          1    00006280    00000040     UNINITIALIZED
                  00006280    00000040     DSP2833x_GlobalVariableDefs.obj (ECanbMOTSRegsFile)

ECanbMOTORegsFile 
*          1    000062c0    00000040     UNINITIALIZED
                  000062c0    00000040     DSP2833x_GlobalVariableDefs.obj (ECanbMOTORegsFile)

ECanbMboxesFile 
*          1    00006300    00000100     UNINITIALIZED
                  00006300    00000100     DSP2833x_GlobalVariableDefs.obj (ECanbMboxesFile)

EPwm1RegsFile 
*          1    00006800    00000022     UNINITIALIZED
                  00006800    00000022     DSP2833x_GlobalVariableDefs.obj (EPwm1RegsFile)

EPwm2RegsFile 
*          1    00006840    00000022     UNINITIALIZED
                  00006840    00000022     DSP2833x_GlobalVariableDefs.obj (EPwm2RegsFile)

EPwm3RegsFile 
*          1    00006880    00000022     UNINITIALIZED
                  00006880    00000022     DSP2833x_GlobalVariableDefs.obj (EPwm3RegsFile)

EPwm4RegsFile 
*          1    000068c0    00000022     UNINITIALIZED
                  000068c0    00000022     DSP2833x_GlobalVariableDefs.obj (EPwm4RegsFile)

EPwm5RegsFile 
*          1    00006900    00000022     UNINITIALIZED
                  00006900    00000022     DSP2833x_GlobalVariableDefs.obj (EPwm5RegsFile)

EPwm6RegsFile 
*          1    00006940    00000022     UNINITIALIZED
                  00006940    00000022     DSP2833x_GlobalVariableDefs.obj (EPwm6RegsFile)

ECap1RegsFile 
*          1    00006a00    00000020     UNINITIALIZED
                  00006a00    00000020     DSP2833x_GlobalVariableDefs.obj (ECap1RegsFile)

ECap2RegsFile 
*          1    00006a20    00000020     UNINITIALIZED
                  00006a20    00000020     DSP2833x_GlobalVariableDefs.obj (ECap2RegsFile)

ECap3RegsFile 
*          1    00006a40    00000020     UNINITIALIZED
                  00006a40    00000020     DSP2833x_GlobalVariableDefs.obj (ECap3RegsFile)

ECap4RegsFile 
*          1    00006a60    00000020     UNINITIALIZED
                  00006a60    00000020     DSP2833x_GlobalVariableDefs.obj (ECap4RegsFile)

ECap5RegsFile 
*          1    00006a80    00000020     UNINITIALIZED
                  00006a80    00000020     DSP2833x_GlobalVariableDefs.obj (ECap5RegsFile)

ECap6RegsFile 
*          1    00006aa0    00000020     UNINITIALIZED
                  00006aa0    00000020     DSP2833x_GlobalVariableDefs.obj (ECap6RegsFile)

EQep1RegsFile 
*          1    00006b00    00000040     UNINITIALIZED
                  00006b00    00000040     DSP2833x_GlobalVariableDefs.obj (EQep1RegsFile)

EQep2RegsFile 
*          1    00006b40    00000040     UNINITIALIZED
                  00006b40    00000040     DSP2833x_GlobalVariableDefs.obj (EQep2RegsFile)

GpioCtrlRegsFile 
*          1    00006f80    0000002e     UNINITIALIZED
                  00006f80    0000002e     DSP2833x_GlobalVariableDefs.obj (GpioCtrlRegsFile)

GpioDataRegsFile 
*          1    00006fc0    00000020     UNINITIALIZED
                  00006fc0    00000020     DSP2833x_GlobalVariableDefs.obj (GpioDataRegsFile)

GpioIntRegsFile 
*          1    00006fe0    0000000a     UNINITIALIZED
                  00006fe0    0000000a     DSP2833x_GlobalVariableDefs.obj (GpioIntRegsFile)

SysCtrlRegsFile 
*          1    00007010    00000020     UNINITIALIZED
                  00007010    00000020     DSP2833x_GlobalVariableDefs.obj (SysCtrlRegsFile)

SpiaRegsFile 
*          1    00007040    00000010     UNINITIALIZED
                  00007040    00000010     DSP2833x_GlobalVariableDefs.obj (SpiaRegsFile)

SciaRegsFile 
*          1    00007050    00000010     UNINITIALIZED
                  00007050    00000010     DSP2833x_GlobalVariableDefs.obj (SciaRegsFile)

XIntruptRegsFile 
*          1    00007070    00000010     UNINITIALIZED
                  00007070    00000010     DSP2833x_GlobalVariableDefs.obj (XIntruptRegsFile)

AdcRegsFile 
*          1    00007100    0000001e     UNINITIALIZED
                  00007100    0000001e     DSP2833x_GlobalVariableDefs.obj (AdcRegsFile)

ScibRegsFile 
*          1    00007750    00000010     UNINITIALIZED
                  00007750    00000010     DSP2833x_GlobalVariableDefs.obj (ScibRegsFile)

ScicRegsFile 
*          1    00007770    00000010     UNINITIALIZED
                  00007770    00000010     DSP2833x_GlobalVariableDefs.obj (ScicRegsFile)

I2caRegsFile 
*          1    00007900    00000022     UNINITIALIZED
                  00007900    00000022     DSP2833x_GlobalVariableDefs.obj (I2caRegsFile)

CsmPwlFile 
*          1    0033fff8    00000008     UNINITIALIZED
                  0033fff8    00000008     DSP2833x_GlobalVariableDefs.obj (CsmPwlFile)

PartIdRegsFile 
*          1    00380090    00000001     UNINITIALIZED
                  00380090    00000001     DSP2833x_GlobalVariableDefs.obj (PartIdRegsFile)

.pinit     0    00338000    00000000     UNINITIALIZED

.text      0    00338000    00003f26     
                  00338000    00000721     B1_ModbusRTUSlaver.obj (.text)
                  00338721    00000383     DSP2833x_DMA.obj (.text)
                  00338aa4    00000370     APP_Main.obj (.text)
                  00338e14    00000316     DSP2833x_DefaultIsr.obj (.text:retain)
                  0033912a    000002e8     HDL_Uart.obj (.text)
                  00339412    00000265     BFL_SCR.obj (.text)
                  00339677    00000228     B3_RTUPush.obj (.text)
                  0033989f    0000021b     BFL_VCB.obj (.text)
                  00339aba    00000207     B3_FaultDetect.obj (.text)
                  00339cc1    000001fa     HDL_Uart.obj (.text:retain)
                  00339ebb    0000017e     CHIP_W25Q128.obj (.text)
                  0033a039    0000013f     B2_CmdBypassCapacitors.obj (.text)
                  0033a178    00000137     mbcb.obj (.text)
                  0033a2af    00000001     rts2800_fpu32.lib : _lock.c.obj (.text)
                  0033a2b0    00000135     BFL_Measure.obj (.text)
                  0033a3e5    0000012d     mbrtu.obj (.text)
                  0033a512    0000012b     HDL_SPI.obj (.text)
                  0033a63d    0000011d     B2_CmdCutOffCapacitors.obj (.text)
                  0033a75a    00000119     B2_EventRecord.obj (.text)
                  0033a873    00000107     rts2800_fpu32.lib : ll_div28.asm.obj (.text)
                  0033a97a    000000fc     DSP2833x_SysCtrl.obj (.text)
                  0033aa76    000000ee     DSP2833x_EPwm.obj (.text)
                  0033ab64    000000e9     HDL_CPU_Time.obj (.text)
                  0033ac4d    000000e8     B1_Measure.obj (.text)
                  0033ad35    000000d2     B2_CmdMakeCapacitorsWork.obj (.text)
                  0033ae07    000000d2     cqueue.obj (.text)
                  0033aed9    000000d1     B3_SysAutoMode.obj (.text)
                  0033afaa    000000c7     mbcrc.obj (.text)
                  0033b071    000000c0     mbfuncholding.obj (.text)
                  0033b131    000000ae     B1_CapacitanceTemperatureMeasure.obj (.text)
                  0033b1df    000000a1     BFL_RS485.obj (.text)
                  0033b280    0000009c     rts2800_fpu32.lib : fd_add28.asm.obj (.text)
                  0033b31c    00000095     mbfunccoils.obj (.text)
                  0033b3b1    00000090     mbfuncinput.obj (.text)
                  0033b441    0000008e     HDL_CPU_Time.obj (.text:retain)
                  0033b4cf    0000008b     rts2800_fpu32.lib : fd_div28.asm.obj (.text)
                  0033b55a    00000088                       : fs_div28.asm.obj (.text)
                  0033b5e2    00000083                       : fd_mpy28.asm.obj (.text)
                  0033b665    00000078     BFL_SCR.obj (.text:retain)
                  0033b6dd    00000077     average_filter.obj (.text)
                  0033b754    00000072     rts2800_fpu32.lib : ti_fmax.c.obj (.text)
                  0033b7c6    0000005e     mb.obj (.text)
                  0033b824    0000005d     B1_VCBStatusGet.obj (.text)
                  0033b881    00000059     BFL_Buzz.obj (.text)
                  0033b8da    00000059     HDL_CAN.obj (.text:retain)
                  0033b933    00000056     rts2800_fpu32.lib : boot28.asm.obj (.text)
                  0033b989    00000054     HDL_RTC.obj (.text)
                  0033b9dd    0000004b     BFL_Button.obj (.text)
                  0033ba28    0000004b     crc.obj (.text)
                  0033ba73    00000049     BFL_DebugPin.obj (.text)
                  0033babc    00000048     mbfuncdisc.obj (.text)
                  0033bb04    00000046     HDL_IWDG.obj (.text)
                  0033bb4a    00000035     B1_SysModeGet.obj (.text)
                  0033bb7f    00000035     DSP2833x_CpuTimers.obj (.text)
                  0033bbb4    00000034     portserial.obj (.text)
                  0033bbe8    00000032     datetime.obj (.text)
                  0033bc1a    0000002a     mbutils.obj (.text)
                  0033bc44    0000002a     rts2800_fpu32.lib : fd_cmp28.asm.obj (.text)
                  0033bc6e    0000002a                       : l_div28.asm.obj (.text)
                  0033bc98    00000029                       : exit.c.obj (.text)
                  0033bcc1    00000028     DSP2833x_PieCtrl.obj (.text)
                  0033bce9    00000001     rts2800_fpu32.lib : startup.c.obj (.text)
                  0033bcea    00000027                       : e_sqrtf.c.obj (.text)
                  0033bd11    00000025     HDL_IWDG.obj (.text:retain)
                  0033bd36    00000024     rts2800_fpu32.lib : cpy_tbl.c.obj (.text)
                  0033bd5a    00000021                       : fd_toi28.asm.obj (.text)
                  0033bd7b    00000020     main.obj (.text)
                  0033bd9b    0000001f     rts2800_fpu32.lib : fd_tol28.asm.obj (.text)
                  0033bdba    0000001e     async_delay.obj (.text)
                  0033bdd8    0000001e     rts2800_fpu32.lib : ll_cmp28.asm.obj (.text)
                  0033bdf6    0000001d                       : i_tofd28.asm.obj (.text)
                  0033be13    0000001d                       : memcpy.c.obj (.text)
                  0033be30    0000001c                       : fs_tofdfpu32.asm.obj (.text)
                  0033be4c    0000001c                       : l_tofd28.asm.obj (.text)
                  0033be68    00000018                       : ll_aox28.asm.obj (.text)
                  0033be80    00000014     DSP2833x_Adc.obj (.text)
                  0033be94    00000013     period_query.obj (.text)
                  0033bea7    00000012     mbfuncother.obj (.text)
                  0033beb9    00000012     rts2800_fpu32.lib : args_main.c.obj (.text)
                  0033becb    00000012     state_duration_timer.obj (.text)
                  0033bedd    00000011     DSP2833x_PieVect.obj (.text)
                  0033beee    0000000e     rts2800_fpu32.lib : fd_sub28.asm.obj (.text)
                  0033befc    0000000b                       : u_div28.asm.obj (.text)
                  0033bf07    00000009                       : fd_neg28.asm.obj (.text)
                  0033bf10    00000008     DSP2833x_CodeStartBranch.obj (.text)
                  0033bf18    00000007     rts2800_fpu32.lib : memset.c.obj (.text)
                  0033bf1f    00000005     porttimer.obj (.text)
                  0033bf24    00000002     rts2800_fpu32.lib : pre_init.c.obj (.text)

codestart 
*          0    0033fff6    00000002     
                  0033fff6    00000002     DSP2833x_CodeStartBranch.obj (codestart)

.stack     1    00000400    00000400     UNINITIALIZED
                  00000400    00000400     --HOLE--

.econst    0    0033bf26    000005ca     
                  0033bf26    00000100     mbcrc.obj (.econst:.string:_aucCRCHi$38)
                  0033c026    00000100     mbcrc.obj (.econst:.string:_aucCRCLo$38)
                  0033c126    00000100     DSP2833x_PieVect.obj (.econst:_PieVectTableInit)
                  0033c226    00000100     crc.obj (.econst:_s_CRCHi)
                  0033c326    00000100     crc.obj (.econst:_s_CRCLo)
                  0033c426    0000005b     BFL_VCB.obj (.econst:.string)
                  0033c481    00000001     CHIP_W25Q128.obj (.econst:_$P$T2$3$18)
                  0033c482    00000026     rts2800_fpu32.lib : _printfi.c.obj (.econst:.string)
                  0033c4a8    0000001c                       : _printfi.c.obj (.econst)
                  0033c4c4    00000010     <whole-program> (.econst)
                  0033c4d4    00000008     B1_CapacitanceTemperatureMeasure.obj (.econst:_request_cmd$3)
                  0033c4dc    00000006     CHIP_W25Q128.obj (.econst:_$P$T5$6$18)
                  0033c4e2    00000004     CHIP_W25Q128.obj (.econst:_$P$T4$5$18)
                  0033c4e6    00000004     CHIP_W25Q128.obj (.econst:_$P$T6$7$18)
                  0033c4ea    00000002     HDL_RTC.obj (.econst)
                  0033c4ec    00000002     CHIP_W25Q128.obj (.econst:_$P$T0$1$18)
                  0033c4ee    00000002     mbcb.obj (.econst)

.switch    0    0033c688    00000018     
                  0033c688    00000018     <whole-program> (.switch:_B3_RTUPush_Poll)

DMARAML4   1    0000c000    000003c0     UNINITIALIZED
                  0000c000    000003c0     BFL_Measure.obj (DMARAML4)

.reset     0    003fffc0    00000002     DSECT
                  003fffc0    00000002     rts2800_fpu32.lib : boot28.asm.obj (.reset)

vectors    0    003fffc2    00000000     DSECT

.adc_cal   0    00380080    00000007     NOLOAD SECTION
                  00380080    00000007     DSP2833x_ADC_cal.obj (.adc_cal)

.ebss.1    1    0000c3c0    00000c40     UNINITIALIZED
                  0000c3c0    00000378     APP_Main.obj (.ebss)
                  0000c738    00000006     B2_CmdBypassCapacitors.obj (.ebss)
                  0000c73e    00000002     B1_CapacitanceTemperatureMeasure.obj (.ebss)
                  0000c740    00000104     B2_EventRecord.obj (.ebss:_g_B2_EventRecord_WriteQueueBuffer$9)
                  0000c844    0000003c     mbcb.obj (.ebss:_usRegInputBuf)
                  0000c880    00000100     CHIP_W25Q128.obj (.ebss:_g_pageBuf$18)
                  0000c980    00000100     HDL_Uart.obj (.ebss:_m_Com2TxBuf)
                  0000ca80    00000100     HDL_Uart.obj (.ebss:_m_Com3TxBuf)
                  0000cb80    00000100     mbrtu.obj (.ebss:_ucRTUBuf)
                  0000cc80    000000a0     BFL_Measure.obj (.ebss:_AdcVoltRMSFilterBuf)
                  0000cd20    00000020     HDL_Uart.obj (.ebss:_m_Com1TxBuf)
                  0000cd40    00000096     HDL_Uart.obj (.ebss:__gCOMList)
                  0000cdd6    00000020     mbfuncother.obj (.ebss:_ucMBSlaveID$31)
                  0000cdf6    0000000a     HDL_CAN.obj (.ebss)
                  0000ce00    00000080     BFL_Measure.obj (.ebss:_AdcVoltRMSFilter)
                  0000ce80    00000050     HDL_Uart.obj (.ebss:_m_Com1RxBuf)
                  0000ced0    0000001c     mb.obj (.ebss)
                  0000ceec    00000012     BFL_SCR.obj (.ebss)
                  0000cefe    00000002     B1_Measure.obj (.ebss)
                  0000cf00    00000050     HDL_Uart.obj (.ebss:_m_Com2RxBuf)
                  0000cf50    00000018     DSP2833x_CpuTimers.obj (.ebss)
                  0000cf68    00000017     B2_EventRecord.obj (.ebss:_g_B2_EventRecord_WriteQueueEventDisbale$9)
                  0000cf7f    00000001     B3_SysAutoMode.obj (.ebss)
                  0000cf80    00000050     HDL_Uart.obj (.ebss:_m_Com3RxBuf)
                  0000cfd0    00000010     BFL_Measure.obj (.ebss:_AdcAvg)
                  0000cfe0    00000010     BFL_Measure.obj (.ebss:_AdcRMS)
                  0000cff0    00000010     BFL_Measure.obj (.ebss:_AdcVoltAvg)

.ebss.2    1    0000d000    000000e7     UNINITIALIZED
                  0000d000    00000046     mbcb.obj (.ebss:_usRegHoldingBuf)
                  0000d046    00000010     BFL_Measure.obj (.ebss:_AdcVoltRMS)
                  0000d056    0000000e     B2_EventRecord.obj (.ebss)
                  0000d064    0000000a     BFL_VCB.obj (.ebss:_g_vcb_list)
                  0000d06e    00000006     BFL_Measure.obj (.ebss)
                  0000d074    00000006     HDL_CPU_Time.obj (.ebss)
                  0000d07a    00000006     HDL_RTC.obj (.ebss)
                  0000d080    00000040     mb.obj (.ebss:_xFuncHandlers$33)
                  0000d0c0    00000006     mbrtu.obj (.ebss)
                  0000d0c6    00000006     rts2800_fpu32.lib : exit.c.obj (.ebss)
                  0000d0cc    00000004     B1_ModbusRTUSlaver.obj (.ebss)
                  0000d0d0    00000004     B3_RTUPush.obj (.ebss)
                  0000d0d4    00000004     HDL_IWDG.obj (.ebss)
                  0000d0d8    00000002     rts2800_fpu32.lib : _lock.c.obj (.ebss:__lock)
                  0000d0da    00000002                       : _lock.c.obj (.ebss:__unlock)
                  0000d0dc    00000002     mbcb.obj (.ebss:_ucRegCoilsBuf)
                  0000d0de    00000002     mbcb.obj (.ebss:_ucRegDiscreteBuf)
                  0000d0e0    00000002     portevent.obj (.ebss)
                  0000d0e2    00000001     BFL_Buzz.obj (.ebss)
                  0000d0e3    00000001     mbcb.obj (.ebss)
                  0000d0e4    00000001     mbfuncother.obj (.ebss)
                  0000d0e5    00000001     porttimer.obj (.ebss)
                  0000d0e6    00000001     rts2800_fpu32.lib : errno.c.obj (.ebss)

MODULE SUMMARY

       Module                                   code    initialized data   uninitialized data
       ------                                   ----    ----------------   ------------------
    .\
       DSP2833x_GlobalVariableDefs.obj          0       0                  2679              
       DSP2833x_DMA.obj                         899     0                  0                 
       DSP2833x_DefaultIsr.obj                  790     0                  0                 
       DSP2833x_SysCtrl.obj                     310     0                  0                 
       DSP2833x_PieVect.obj                     17      256                0                 
       DSP2833x_EPwm.obj                        238     0                  0                 
       DSP2833x_CpuTimers.obj                   53      0                  24                
       DSP2833x_PieCtrl.obj                     40      0                  0                 
       DSP2833x_Adc.obj                         20      0                  0                 
       DSP2833x_CodeStartBranch.obj             10      0                  0                 
       DSP2833x_usDelay.obj                     8       0                  0                 
       DSP2833x_ADC_cal.obj                     7       0                  0                 
    +--+----------------------------------------+-------+------------------+--------------------+
       Total:                                   2392    256                2703              
                                                                                             
    .\APP\
       B1_ModbusRTUSlaver.obj                   1825    0                  4                 
       APP_Main.obj                             880     0                  888               
       B2_EventRecord.obj                       281     0                  297               
       B3_RTUPush.obj                           552     0                  4                 
       B3_FaultDetect.obj                       519     0                  0                 
       B2_CmdBypassCapacitors.obj               319     9                  6                 
       B2_CmdCutOffCapacitors.obj               285     0                  0                 
       B1_Measure.obj                           232     0                  2                 
       B3_SysAutoMode.obj                       209     4                  1                 
       B2_CmdMakeCapacitorsWork.obj             210     0                  0                 
       B1_CapacitanceTemperatureMeasure.obj     174     8                  2                 
       B1_VCBStatusGet.obj                      93      0                  0                 
       B1_SysModeGet.obj                        53      0                  0                 
    +--+----------------------------------------+-------+------------------+--------------------+
       Total:                                   5632    21                 1204              
                                                                                             
    .\Application\
       main.obj                                 32      0                  0                 
    +--+----------------------------------------+-------+------------------+--------------------+
       Total:                                   32      0                  0                 
                                                                                             
    .\BFL\
       BFL_Measure.obj                          1083    4                  1318              
       BFL_SCR.obj                              733     0                  18                
       BFL_VCB.obj                              539     91                 10                
       BFL_RS485.obj                            161     0                  0                 
       BFL_Buzz.obj                             89      4                  1                 
       BFL_Button.obj                           75      0                  0                 
       BFL_DebugPin.obj                         73      0                  0                 
       datetime.obj                             50      0                  0                 
       async_delay.obj                          30      0                  0                 
       period_query.obj                         19      0                  0                 
       state_duration_timer.obj                 18      0                  0                 
    +--+----------------------------------------+-------+------------------+--------------------+
       Total:                                   2870    99                 1347              
                                                                                             
    .\CHIP\
       CHIP_W25Q128.obj                         382     17                 256               
    +--+----------------------------------------+-------+------------------+--------------------+
       Total:                                   382     17                 256               
                                                                                             
    .\HDL\
       HDL_Uart.obj                             1250    174                934               
       HDL_CPU_Time.obj                         375     13                 6                 
       HDL_SPI.obj                              299     0                  0                 
       HDL_IWDG.obj                             107     10                 4                 
       HDL_CAN.obj                              89      0                  10                
       HDL_RTC.obj                              84      2                  6                 
    +--+----------------------------------------+-------+------------------+--------------------+
       Total:                                   2204    199                960               
                                                                                             
    .\LIB\
       crc.obj                                  75      512                0                 
       cqueue.obj                               210     0                  0                 
       average_filter.obj                       119     0                  0                 
    +--+----------------------------------------+-------+------------------+--------------------+
       Total:                                   404     512                0                 
                                                                                             
    .\freemodbus\
       mb.obj                                   94      0                  92                
    +--+----------------------------------------+-------+------------------+--------------------+
       Total:                                   94      0                  92                
                                                                                             
    .\freemodbus\functions\
       mbfuncholding.obj                        192     0                  0                 
       mbfunccoils.obj                          149     0                  0                 
       mbfuncinput.obj                          144     0                  0                 
       mbfuncdisc.obj                           72      0                  0                 
       mbfuncother.obj                          18      0                  33                
       mbutils.obj                              42      0                  0                 
    +--+----------------------------------------+-------+------------------+--------------------+
       Total:                                   617     0                  33                
                                                                                             
    .\freemodbus\port\
       mbcb.obj                                 311     2                  135               
       portserial.obj                           52      0                  0                 
       porttimer.obj                            5       0                  1                 
       portevent.obj                            0       0                  2                 
    +--+----------------------------------------+-------+------------------+--------------------+
       Total:                                   368     2                  138               
                                                                                             
    .\freemodbus\rtu\
       mbcrc.obj                                199     512                0                 
       mbrtu.obj                                301     0                  262               
    +--+----------------------------------------+-------+------------------+--------------------+
       Total:                                   500     512                262               
                                                                                             
    C:\Users\liuyu\AppData\Local\Temp\
       {6879B98E-BB30-4CD6-A570-2A824079712F}   0       213                0                 
    +--+----------------------------------------+-------+------------------+--------------------+
       Total:                                   0       213                0                 
                                                                                             
    C:/ti/ccstheia140/ccs/tools/compiler/ti-cgt-c2000_22.6.1A23259/lib/rts2800_fpu32.lib
       ll_div28.asm.obj                         263     0                  0                 
       fd_add28.asm.obj                         156     0                  0                 
       fd_div28.asm.obj                         139     0                  0                 
       fs_div28.asm.obj                         136     0                  0                 
       fd_mpy28.asm.obj                         131     0                  0                 
       ti_fmax.c.obj                            114     0                  0                 
       boot28.asm.obj                           86      0                  0                 
       _printfi.c.obj                           0       66                 0                 
       exit.c.obj                               41      14                 6                 
       fd_cmp28.asm.obj                         42      0                  0                 
       l_div28.asm.obj                          42      0                  0                 
       e_sqrtf.c.obj                            39      0                  0                 
       cpy_tbl.c.obj                            36      0                  0                 
       fd_toi28.asm.obj                         33      0                  0                 
       fd_tol28.asm.obj                         31      0                  0                 
       ll_cmp28.asm.obj                         30      0                  0                 
       i_tofd28.asm.obj                         29      0                  0                 
       memcpy.c.obj                             29      0                  0                 
       fs_tofdfpu32.asm.obj                     28      0                  0                 
       l_tofd28.asm.obj                         28      0                  0                 
       ll_aox28.asm.obj                         24      0                  0                 
       args_main.c.obj                          18      0                  0                 
       fd_sub28.asm.obj                         14      0                  0                 
       u_div28.asm.obj                          11      0                  0                 
       fd_neg28.asm.obj                         9       0                  0                 
       memset.c.obj                             7       0                  0                 
       _lock.c.obj                              1       0                  4                 
       pre_init.c.obj                           2       0                  0                 
       errno.c.obj                              0       0                  1                 
       startup.c.obj                            1       0                  0                 
    +--+----------------------------------------+-------+------------------+--------------------+
       Total:                                   1520    80                 11                
                                                                                             
       Stack:                                   0       0                  1024              
    +--+----------------------------------------+-------+------------------+--------------------+
       Grand Total:                             17015   1911               8030              


GLOBAL DATA SYMBOLS: SORTED BY DATA PAGE

address     data page           name
--------    ----------------    ----
00000400      10 (00000400)     __stack

00000880      22 (00000880)     _DevEmuRegs

00000a80      2a (00000a80)     _FlashRegs

00000ae0      2b (00000ac0)     _CsmRegs

00000b00      2c (00000b00)     _AdcMirror
00000b20      2c (00000b00)     _XintfRegs

00000c00      30 (00000c00)     _CpuTimer0Regs
00000c08      30 (00000c00)     _CpuTimer1Regs
00000c10      30 (00000c00)     _CpuTimer2Regs

00000ce0      33 (00000cc0)     _PieCtrlRegs

00000d00      34 (00000d00)     _PieVectTable

00001000      40 (00001000)     _DmaRegs

00005000     140 (00005000)     _McbspaRegs

00005040     141 (00005040)     _McbspbRegs

00006000     180 (00006000)     _ECanaRegs

00006040     181 (00006040)     _ECanaLAMRegs

00006080     182 (00006080)     _ECanaMOTSRegs

000060c0     183 (000060c0)     _ECanaMOTORegs

00006100     184 (00006100)     _ECanaMboxes

00006200     188 (00006200)     _ECanbRegs

00006240     189 (00006240)     _ECanbLAMRegs

00006280     18a (00006280)     _ECanbMOTSRegs

000062c0     18b (000062c0)     _ECanbMOTORegs

00006300     18c (00006300)     _ECanbMboxes

00006800     1a0 (00006800)     _EPwm1Regs

00006840     1a1 (00006840)     _EPwm2Regs

00006880     1a2 (00006880)     _EPwm3Regs

000068c0     1a3 (000068c0)     _EPwm4Regs

00006900     1a4 (00006900)     _EPwm5Regs

00006940     1a5 (00006940)     _EPwm6Regs

00006a00     1a8 (00006a00)     _ECap1Regs
00006a20     1a8 (00006a00)     _ECap2Regs

00006a40     1a9 (00006a40)     _ECap3Regs
00006a60     1a9 (00006a40)     _ECap4Regs

00006a80     1aa (00006a80)     _ECap5Regs
00006aa0     1aa (00006a80)     _ECap6Regs

00006b00     1ac (00006b00)     _EQep1Regs

00006b40     1ad (00006b40)     _EQep2Regs

00006f80     1be (00006f80)     _GpioCtrlRegs

00006fc0     1bf (00006fc0)     _GpioDataRegs
00006fe0     1bf (00006fc0)     _GpioIntRegs

00007010     1c0 (00007000)     _SysCtrlRegs

00007040     1c1 (00007040)     _SpiaRegs
00007050     1c1 (00007040)     _SciaRegs
00007070     1c1 (00007040)     _XIntruptRegs

00007100     1c4 (00007100)     _AdcRegs

00007750     1dd (00007740)     _ScibRegs
00007770     1dd (00007740)     _ScicRegs

00007900     1e4 (00007900)     _I2caRegs

0000c000     300 (0000c000)     _DMABuf1

0000c3c2     30f (0000c3c0)     _g_pSysInfo
0000c3c4     30f (0000c3c0)     _g_backGroundTaskMaxRuningTimeUS
0000c3c6     30f (0000c3c0)     _g_backGroundTaskRuningTimeUS
0000c3c8     30f (0000c3c0)     _g_A
0000c3ca     30f (0000c3c0)     _g_B

0000c400     310 (0000c400)     _g_AppMainInfo

0000c738     31c (0000c700)     _SCRT_Fault1
0000c73a     31c (0000c700)     _scrtFb1
0000c73c     31c (0000c700)     _s_t1

0000c844     321 (0000c840)     _usRegInputBuf

0000cb80     32e (0000cb80)     _ucRTUBuf

0000cd40     335 (0000cd40)     __gCOMList

0000cdf6     337 (0000cdc0)     _can_rx_msg

0000cee0     33b (0000cec0)     _pxMBFrameCBByteReceived
0000cee2     33b (0000cec0)     _pxMBFrameCBTransmitterEmpty
0000cee4     33b (0000cec0)     _pxMBPortCBTimerExpired
0000cee6     33b (0000cec0)     _pxMBFrameCBReceiveFSMCur
0000cee8     33b (0000cec0)     _pxMBFrameCBTransmitFSMCur
0000ceec     33b (0000cec0)     _epwm1_info
0000cef2     33b (0000cec0)     _epwm2_info
0000cef8     33b (0000cec0)     _epwm3_info

0000cf50     33d (0000cf40)     _CpuTimer0
0000cf58     33d (0000cf40)     _CpuTimer1
0000cf60     33d (0000cf40)     _CpuTimer2
0000cf7f     33d (0000cf40)     _debugVar

0000d000     340 (0000d000)     _usRegHoldingBuf

0000d064     341 (0000d040)     _g_vcb_list
0000d070     341 (0000d040)     _DMADest
0000d072     341 (0000d040)     _DMASource

0000d0c6     343 (0000d0c0)     ___TI_enable_exit_profile_output
0000d0c8     343 (0000d0c0)     ___TI_cleanup_ptr
0000d0ca     343 (0000d0c0)     ___TI_dtors_ptr
0000d0d8     343 (0000d0c0)     __lock
0000d0da     343 (0000d0c0)     __unlock
0000d0dc     343 (0000d0c0)     _ucRegCoilsBuf
0000d0de     343 (0000d0c0)     _ucRegDiscreteBuf
0000d0e3     343 (0000d0c0)     _boolRegHoldingChanged
0000d0e6     343 (0000d0c0)     _errno

0033c126    cf04 (0033c100)     _PieVectTableInit

0033c226    cf08 (0033c200)     _s_CRCHi

0033c326    cf0c (0033c300)     _s_CRCLo

0033c4ee    cf13 (0033c4c0)     _usRegInputStart
0033c4ef    cf13 (0033c4c0)     _usRegHoldingStart

0033fff8    cfff (0033ffc0)     _CsmPwl

00380090    e002 (00380080)     _PartIdRegs


GLOBAL SYMBOLS: SORTED ALPHABETICALLY BY Name 

page  address   name                                    
----  -------   ----                                    
0     00338000  .text                                   
0     0033bc98  C$$EXIT                                 
0     0033b280  FD$$ADD                                 
0     0033bc44  FD$$CMP                                 
0     0033b4cf  FD$$DIV                                 
0     0033b5e2  FD$$MPY                                 
0     0033bf07  FD$$NEG                                 
0     0033beee  FD$$SUB                                 
0     0033bd5a  FD$$TOI                                 
0     0033bd9b  FD$$TOL                                 
0     0033b55a  FS$$DIV                                 
0     0033be30  FS$$TOFD                                
0     0033bdf6  I$$TOFD                                 
0     0033bc6e  L$$DIV                                  
0     0033bc7d  L$$MOD                                  
0     0033be4c  L$$TOFD                                 
0     0033be68  LL$$AND                                 
0     0033bdd8  LL$$CMP                                 
0     0033a873  LL$$DIV                                 
0     0033a8af  LL$$MOD                                 
0     0033be70  LL$$OR                                  
0     0033be78  LL$$XOR                                 
0     0033befc  U$$DIV                                  
0     0033bf01  U$$MOD                                  
0     0033bc8b  UL$$DIV                                 
0     0033bc92  UL$$MOD                                 
0     0033bdea  ULL$$CMP                                
0     0033a8e9  ULL$$DIV                                
0     0033a918  ULL$$MOD                                
0     00339120  _ADCINT_ISR                             
0     00380080  _ADC_cal                                
0     00338d09  _APP_Main_Init                          
0     00338c88  _APP_Main_Poll                          
0     00338b82  _APP_Main_Save_SysInfo                  
1     00000b00  _AdcMirror                              
1     00007100  _AdcRegs                                
0     0033b131  _B1_CapacitanceTemperatureMeasure_Poll  
0     0033ac4d  _B1_Measure_Poll                        
0     003386f7  _B1_ModbusRTUSlaver_Poll                
0     0033bb4a  _B1_SysModeGet_DeltaPoll                
0     0033b85e  _B1_VCBStatusGet_DeltaPoll              
0     0033b824  _B1_VCBStatus_Update                    
0     0033a079  _B2_CmdBypassCapacitors_Exec            
0     0033a122  _B2_CmdBypassCapacitors_Exec_Solution   
0     0033a050  _B2_CmdBypassCapacitors_Test            
0     0033a654  _B2_CmdCutOffCapacitors_Exec            
0     0033a705  _B2_CmdCutOffCapacitors_Exec_Solution   
0     0033ad38  _B2_CmdMakeCapacitorsWork_Exec          
0     0033adc1  _B2_CmdMakeCapacitorsWork_Exec_Solution 
0     0033a75a  _B2_EventRecord_Create                  
0     0033a842  _B2_EventRecord_Write                   
0     00339af9  _B3_Check_Minor_Fault_Exist             
0     00339aba  _B3_Check_SCR_Serious_Fault             
0     00339677  _B3_RTUPush_Poll                        
0     0033aef2  _B3_SysAutoMode_DeltaPoll               
0     0033b9e7  _BFL_Button_Init                        
0     0033b9dd  _BFL_Button_IsPressed                   
0     0033b8ba  _BFL_Buzz_Init                          
0     0033b8a8  _BFL_Buzz_IsOff                         
0     0033b899  _BFL_Buzz_Off                           
0     0033b88a  _BFL_Buzz_On                            
0     0033b886  _BFL_Buzz_SetTrigLevel                  
0     0033b881  _BFL_Buzz_Toggle                        
0     0033ba9d  _BFL_DebugPin_Init                      
0     0033ba8f  _BFL_DebugPin_Reset                     
0     0033ba81  _BFL_DebugPin_Set                       
0     0033ba73  _BFL_DebugPin_Toggle                    
0     0033a3c6  _BFL_Measure_Init                       
0     0033a392  _BFL_Measure_Read                       
0     0033a38c  _BFL_Measure_ReadReady                  
0     0033b233  _BFL_RS485_Init                         
0     0033b225  _BFL_RS485_Read                         
0     0033b217  _BFL_RS485_Release_Bus                  
0     0033b212  _BFL_RS485_Release_Bus_RS4851           
0     0033b20d  _BFL_RS485_Release_Bus_RS4852           
0     0033b1df  _BFL_RS485_Take_Bus                     
0     0033b208  _BFL_RS485_Take_Bus_RS4851              
0     0033b203  _BFL_RS485_Take_Bus_RS4852              
0     0033b1ed  _BFL_RS485_Write                        
0     00339637  _BFL_SCRR_Have_Signal                   
0     00339636  _BFL_SCRT_Pluse_Set                     
0     003395a6  _BFL_SCRT_Pluse_Transmit                
0     003394f8  _BFL_SCR_Init                           
0     00339aa7  _BFL_VCB_CTRL_STATE_To_String           
0     00339a84  _BFL_VCB_Get_Actual_State               
0     00339a77  _BFL_VCB_Get_Setting_State              
0     00339a6a  _BFL_VCB_Relay_Get_Setting_State        
0     003399db  _BFL_VCB_Relay_Set_As_Switch_Closed     
0     0033989f  _BFL_VCB_Relay_Set_As_Switch_No_Ctrl    
0     00339976  _BFL_VCB_Relay_Set_As_Switch_Opened     
0     00339a5c  _BFL_VCB_STATE_To_String                
0     00339a3c  _BFL_VCB_SW_To_String                   
0     00339a2e  _BFL_VCB_Set_As_Switch_Closed           
0     003399d6  _BFL_VCB_Set_As_Switch_No_Ctrl          
0     003399c9  _BFL_VCB_Set_As_Switch_Opened           
0     003398de  _BFL_VCB_Seurity_Init                   
0     00338be4  _BackGroundTask                         
0     0033b8da  _CANA_ISR                               
0     00339f31  _CHIP_W25Q128_Erase_One_Sector          
0     00339ff3  _CHIP_W25Q128_Read                      
0     00339fc9  _CHIP_W25Q128_Write                     
0     0033ba28  _CRC16_Modbus                           
0     0033becb  _CheckConditionDurationMet              
0     00338aa4  _Config_Default_Parameter               
1     0000cf50  _CpuTimer0                              
1     00000c00  _CpuTimer0Regs                          
1     0000cf58  _CpuTimer1                              
1     00000c08  _CpuTimer1Regs                          
1     0000cf60  _CpuTimer2                              
1     00000c10  _CpuTimer2Regs                          
1     0033fff8  _CsmPwl                                 
1     00000ae0  _CsmRegs                                
0     0033aa48  _CsmUnlock                              
0     00339116  _DATALOG_ISR                            
0     0033910c  _DINTCH1_ISR                            
0     00339102  _DINTCH2_ISR                            
0     003390f8  _DINTCH3_ISR                            
0     003390ee  _DINTCH4_ISR                            
0     003390e4  _DINTCH5_ISR                            
0     003390da  _DINTCH6_ISR                            
1     0000c000  _DMABuf1                                
0     00338a9a  _DMACH1AddrConfig                       
0     00338a91  _DMACH1BurstConfig                      
0     00338a2c  _DMACH1ModeConfig                       
0     00338a23  _DMACH1TransferConfig                   
0     00338a19  _DMACH1WrapConfig                       
0     00338a0f  _DMACH2AddrConfig                       
0     00338a06  _DMACH2BurstConfig                      
0     003389a1  _DMACH2ModeConfig                       
0     00338998  _DMACH2TransferConfig                   
0     0033898e  _DMACH2WrapConfig                       
0     00338984  _DMACH3AddrConfig                       
0     0033897b  _DMACH3BurstConfig                      
0     00338916  _DMACH3ModeConfig                       
0     0033890d  _DMACH3TransferConfig                   
0     00338903  _DMACH3WrapConfig                       
0     003388f9  _DMACH4AddrConfig                       
0     003388f0  _DMACH4BurstConfig                      
0     00338889  _DMACH4ModeConfig                       
0     00338880  _DMACH4TransferConfig                   
0     00338876  _DMACH4WrapConfig                       
0     0033886c  _DMACH5AddrConfig                       
0     00338863  _DMACH5BurstConfig                      
0     003387fc  _DMACH5ModeConfig                       
0     003387f3  _DMACH5TransferConfig                   
0     003387e9  _DMACH5WrapConfig                       
0     003387df  _DMACH6AddrConfig                       
0     003387d6  _DMACH6BurstConfig                      
0     0033876f  _DMACH6ModeConfig                       
0     00338766  _DMACH6TransferConfig                   
0     0033875c  _DMACH6WrapConfig                       
1     0000d070  _DMADest                                
0     00338751  _DMAInitialize                          
1     0000d072  _DMASource                              
0     000081a0  _DSP28x_usDelay                         
0     0033aed9  _DebugTest                              
1     00000880  _DevEmuRegs                             
0     0033a984  _DisableDog                             
1     00001000  _DmaRegs                                
0     003390d0  _ECAN0INTA_ISR                          
0     003390c6  _ECAN0INTB_ISR                          
0     003390bc  _ECAN1INTA_ISR                          
0     003390b2  _ECAN1INTB_ISR                          
0     003390a8  _ECAP1_INT_ISR                          
0     0033909e  _ECAP2_INT_ISR                          
0     00339094  _ECAP3_INT_ISR                          
0     0033908a  _ECAP4_INT_ISR                          
0     00339080  _ECAP5_INT_ISR                          
0     00339076  _ECAP6_INT_ISR                          
1     00006040  _ECanaLAMRegs                           
1     000060c0  _ECanaMOTORegs                          
1     00006080  _ECanaMOTSRegs                          
1     00006100  _ECanaMboxes                            
1     00006000  _ECanaRegs                              
1     00006240  _ECanbLAMRegs                           
1     000062c0  _ECanbMOTORegs                          
1     00006280  _ECanbMOTSRegs                          
1     00006300  _ECanbMboxes                            
1     00006200  _ECanbRegs                              
1     00006a00  _ECap1Regs                              
1     00006a20  _ECap2Regs                              
1     00006a40  _ECap3Regs                              
1     00006a60  _ECap4Regs                              
1     00006a80  _ECap5Regs                              
1     00006aa0  _ECap6Regs                              
0     0033906c  _EMUINT_ISR                             
0     00339062  _EPWM1_INT_ISR                          
0     00339058  _EPWM1_TZINT_ISR                        
0     0033904e  _EPWM2_INT_ISR                          
0     00339044  _EPWM2_TZINT_ISR                        
0     0033903a  _EPWM3_INT_ISR                          
0     00339030  _EPWM3_TZINT_ISR                        
0     00339026  _EPWM4_INT_ISR                          
0     0033901c  _EPWM4_TZINT_ISR                        
0     00339012  _EPWM5_INT_ISR                          
0     00339008  _EPWM5_TZINT_ISR                        
0     00338ffe  _EPWM6_INT_ISR                          
0     00338ff4  _EPWM6_TZINT_ISR                        
1     00006800  _EPwm1Regs                              
1     00006840  _EPwm2Regs                              
1     00006880  _EPwm3Regs                              
1     000068c0  _EPwm4Regs                              
1     00006900  _EPwm5Regs                              
1     00006940  _EPwm6Regs                              
0     00339412  _EPwmx_ActionInit                       
0     00338fea  _EQEP1_INT_ISR                          
0     00338fe0  _EQEP2_INT_ISR                          
1     00006b00  _EQep1Regs                              
1     00006b40  _EQep2Regs                              
0     0033bce0  _EnableInterrupts                       
0     0033bbd6  _EnterCriticalSection                   
0     0033bbda  _ExitCriticalSection                    
1     00000a80  _FlashRegs                              
0     00339ebb  _Flash_ReadSR1                          
0     00339ee7  _Flash_Wait_Busy                        
0     00339f04  _Flash_Write_Enable                     
1     00006f80  _GpioCtrlRegs                           
1     00006fc0  _GpioDataRegs                           
1     00006fe0  _GpioIntRegs                            
0     0033ac38  _HDL_CPU_Time_DelayMs                   
0     0033ac26  _HDL_CPU_Time_DelayUs                   
0     0033ac1c  _HDL_CPU_Time_GetTick                   
0     0033ac15  _HDL_CPU_Time_GetUsTick                 
0     0033abc5  _HDL_CPU_Time_Init                      
0     0033abc0  _HDL_CPU_Time_ResetTick                 
0     0033abba  _HDL_CPU_Time_ResetUsTick               
0     0033abb6  _HDL_CPU_Time_SetCPUTickCallback        
0     0033ab9e  _HDL_CPU_Time_StartHardTimer            
0     0033ab64  _HDL_CPU_Time_StopHardTimer             
0     0033bb47  _HDL_IWDG_Feed                          
0     0033bb04  _HDL_IWDG_Init                          
0     0033b9b5  _HDL_RTC_GetTimeTick                    
0     0033b995  _HDL_RTC_SetTimeTick                    
0     0033a60d  _HDL_SPI_Init                           
0     0033a5d5  _HDL_SPI_Read                           
0     0033a5a2  _HDL_SPI_Write                          
0     0033a54f  _HDL_SPI_WriteRead                      
0     00338fd6  _I2CINT1A_ISR                           
0     00338fcc  _I2CINT2A_ISR                           
1     00007900  _I2caRegs                               
0     00338fc2  _ILLEGAL_ISR                            
0     00338fb8  _INT13_ISR                              
0     00338fae  _INT14_ISR                              
0     0033be80  _InitAdc                                
0     0033bb7f  _InitCpuTimers                          
0     0033ab63  _InitEPwm                               
0     003394b9  _InitEPwm1Example                       
0     0033aace  _InitEPwm1Gpio                          
0     0033947a  _InitEPwm2Example                       
0     0033aae4  _InitEPwm2Gpio                          
0     0033943b  _InitEPwm3Example                       
0     0033aafa  _InitEPwm3Gpio                          
0     0033ab12  _InitEPwm4Gpio                          
0     0033ab2a  _InitEPwm5Gpio                          
0     0033ab40  _InitEPwm6Gpio                          
0     0033ab56  _InitEPwmGpio                           
0     0033aab3  _InitEPwmSyncGpio                       
0     00008183  _InitFlash                              
0     0033a9d9  _InitPeripheralClocks                   
0     0033bcc1  _InitPieCtrl                            
0     0033bedd  _InitPieVectTable                       
0     0033a98c  _InitPll                                
0     003392b9  _InitSciaGpio                           
0     0033929f  _InitScibGpio                           
0     00339210  _InitScicGpio                           
0     0033a523  _InitSpiGpio                            
0     0033a523  _InitSpiaGpio                           
0     0033aa3f  _InitSysCtrl                            
0     0033aa76  _InitTzGpio                             
0     00338fa4  _LUF_ISR                                
0     00338f9a  _LVF_ISR                                
0     00338cb5  _Load_Parameter_From_Flash              
0     00338f90  _MRINTA_ISR                             
0     00338f86  _MRINTB_ISR                             
0     00338f7c  _MXINTA_ISR                             
0     00338f72  _MXINTB_ISR                             
1     00005000  _McbspaRegs                             
1     00005040  _McbspbRegs                             
0     00338f68  _NMI_ISR                                
0     00338f5e  _PIE_RESERVED                           
1     00380090  _PartIdRegs                             
1     00000ce0  _PieCtrlRegs                            
1     00000d00  _PieVectTable                           
0     0033c126  _PieVectTableInit                       
0     00338f54  _RTOSINT_ISR                            
0     003201a4  _RamfuncsLoadEnd                        
abs   000001a4  _RamfuncsLoadSize                       
0     00320000  _RamfuncsLoadStart                      
0     00008000  _RamfuncsRunStart                       
0     00338f4a  _SCIRXINTA_ISR                          
0     00338f40  _SCIRXINTB_ISR                          
0     00338f36  _SCIRXINTC_ISR                          
0     00338f2c  _SCITXINTA_ISR                          
0     00338f22  _SCITXINTB_ISR                          
0     00338f18  _SCITXINTC_ISR                          
1     0000c738  _SCRT_Fault1                            
0     00338f0e  _SEQ1INT_ISR                            
0     00338f04  _SEQ2INT_ISR                            
0     00338efa  _SPIRXINTA_ISR                          
0     00338ef0  _SPITXINTA_ISR                          
1     00007050  _SciaRegs                               
1     00007750  _ScibRegs                               
1     00007770  _ScicRegs                               
0     0033a97a  _ServiceDog                             
1     00007040  _SpiaRegs                               
0     00338749  _StartDMACH1                            
0     00338741  _StartDMACH2                            
0     00338739  _StartDMACH3                            
0     00338731  _StartDMACH4                            
0     00338729  _StartDMACH5                            
0     00338721  _StartDMACH6                            
0     00338000  _SyncModbusRegToSysinfo                 
0     003382bb  _SyncSysinfoToModbusReg                 
1     00007010  _SysCtrlRegs                            
0     00338ee6  _TINT0_ISR                              
0     0033912a  _USART_Callback                         
0     00338edc  _USER10_ISR                             
0     00338ed2  _USER11_ISR                             
0     00338ec8  _USER12_ISR                             
0     00338ebe  _USER1_ISR                              
0     00338eb4  _USER2_ISR                              
0     00338eaa  _USER3_ISR                              
0     00338ea0  _USER4_ISR                              
0     00338e96  _USER5_ISR                              
0     00338e8c  _USER6_ISR                              
0     00338e82  _USER7_ISR                              
0     00338e78  _USER8_ISR                              
0     00338e6e  _USER9_ISR                              
0     003393fa  _Uart_AvailableBytes                    
0     003393d2  _Uart_EmptyReadBuffer                   
0     003392d5  _Uart_Init                              
0     003391f8  _Uart_Read                              
0     003391ea  _Uart_RegisterReceiveCharCallback       
0     003391dc  _Uart_RegisterReceiveReadyCharCallback  
0     003391cd  _Uart_SetWriteOverCallback              
0     003391be  _Uart_UnregisterReceiveCharCallback     
0     0033916e  _Uart_Write                             
0     00338e64  _WAKEINT_ISR                            
0     00338e5a  _XINT1_ISR                              
0     00338e50  _XINT2_ISR                              
0     00338e46  _XINT3_ISR                              
0     00338e3c  _XINT4_ISR                              
0     00338e32  _XINT5_ISR                              
0     00338e28  _XINT6_ISR                              
0     00338e1e  _XINT7_ISR                              
1     00007070  _XIntruptRegs                           
1     00000b20  _XintfRegs                              
1     00000800  __STACK_END                             
abs   00000400  __STACK_SIZE                            
1     0000d0c8  ___TI_cleanup_ptr                       
1     0000d0ca  ___TI_dtors_ptr                         
1     0000d0c6  ___TI_enable_exit_profile_output        
abs   ffffffff  ___TI_pprof_out_hndl                    
abs   ffffffff  ___TI_prof_data_size                    
abs   ffffffff  ___TI_prof_data_start                   
abs   ffffffff  ___binit__                              
abs   ffffffff  ___c_args__                             
0     0033c4f0  ___cinit__                              
0     0033bf26  ___etext__                              
abs   ffffffff  ___pinit__                              
0     00338000  ___text__                               
0     0033beb9  __args_main                             
1     0000cd40  __gCOMList                              
1     0000d0d8  __lock                                  
0     0033a2af  __nop                                   
1     00000400  __stack                                 
0     0033bce9  __system_post_cinit                     
0     0033bf24  __system_pre_init                       
1     0000d0da  __unlock                                
0     0033bc98  _abort                                  
0     0033bdba  _async_delay                            
0     0033b714  _average_filter_init                    
0     0033b6dd  _average_filter_update                  
1     0000d0e3  _boolRegHoldingChanged                  
0     0033b933  _c_int00                                
1     0000cdf6  _can_rx_msg                             
0     0033a349  _config_ADC                             
0     0033a303  _config_DMA                             
0     0033a2f2  _config_ePWM4_to_generate_ADCSOCA       
0     0033a2bd  _config_ePWM4_to_generate_ADCSOCA_      
0     0033bd36  _copy_in                                
0     0033b495  _cpu_timer0_isr                         
0     0033b481  _cpu_timer1_isr                         
0     0033b441  _cpu_timer2_isr                         
0     0033aec1  _cqueue_create                          
0     0033ae9e  _cqueue_dequeue                         
0     0033ae7a  _cqueue_enqueue                         
0     0033ae3a  _cqueue_in                              
0     0033ae07  _cqueue_out                             
0     0033bbe8  _datetime_get_unix_ms_timestamp         
1     0000cf7f  _debugVar                               
0     0033b37d  _eMBFuncReadCoils                       
0     0033babc  _eMBFuncReadDiscreteInputs              
0     0033b106  _eMBFuncReadHoldingRegister             
0     0033b3b1  _eMBFuncReadInputRegister               
0     0033b071  _eMBFuncReadWriteMultipleHoldingRegister
0     0033bea7  _eMBFuncReportSlaveID                   
0     0033b352  _eMBFuncWriteCoil                       
0     0033b0c6  _eMBFuncWriteHoldingRegister            
0     0033b31c  _eMBFuncWriteMultipleCoils              
0     0033b0db  _eMBFuncWriteMultipleHoldingRegister    
0     0033b7c6  _eMBPoll                                
0     0033a4eb  _eMBRTUInit                             
0     0033a470  _eMBRTUReceive                          
0     0033a499  _eMBRTUSend                             
0     0033a4d5  _eMBRTUStart                            
0     0033a4c7  _eMBRTUStop                             
0     0033a178  _eMBRegCoilsCB                          
0     0033a1e6  _eMBRegHoldingCB                        
0     0033a2b0  _enable_ePWM4                           
1     0000ceec  _epwm1_info                             
0     0033b6b5  _epwm1_isr                              
1     0000cef2  _epwm2_info                             
0     0033b68d  _epwm2_isr                              
1     0000cef8  _epwm3_info                             
0     0033b665  _epwm3_isr                              
1     0000d0e6  _errno                                  
0     0033bc9a  _exit                                   
0     0033b78d  _fmax                                   
0     0033b78d  _fmaxf                                  
0     0033b754  _fmin                                   
0     0033b754  _fminf                                  
1     0000c3c8  _g_A                                    
1     0000c400  _g_AppMainInfo                          
1     0000c3ca  _g_B                                    
1     0000c3c4  _g_backGroundTaskMaxRuningTimeUS        
1     0000c3c6  _g_backGroundTaskRuningTimeUS           
1     0000c3c2  _g_pSysInfo                             
1     0000d064  _g_vcb_list                             
0     00338c3a  _getI_TA1_MAX                           
0     00338c51  _getMaxCapTemp                          
0     00008000  _local_DINTCH1_ISR                      
0     0033bd7b  _main                                   
0     0033be13  _memcpy                                 
0     0033bf18  _memset                                 
0     0033be94  _period_query_user_us                   
0     0033bc36  _prveMBError2Exception                  
0     0033bf1f  _prvvTIMERExpiredISR                    
1     0000cee0  _pxMBFrameCBByteReceived                
1     0000cee6  _pxMBFrameCBReceiveFSMCur               
1     0000cee8  _pxMBFrameCBTransmitFSMCur              
1     0000cee2  _pxMBFrameCBTransmitterEmpty            
1     0000cee4  _pxMBPortCBTimerExpired                 
0     00338e14  _rsvd_ISR                               
0     0033c226  _s_CRCHi                                
0     0033c326  _s_CRCLo                                
1     0000c73c  _s_t1                                   
0     00339e52  _sciaRxFifoIsr                          
0     00339e1b  _sciaTxFifoIsr                          
0     00339da7  _scibRxFifoIsr                          
0     00339d70  _scibTxFifoIsr                          
0     00339cf8  _scicRxFifoIsr                          
0     00339cc1  _scicTxFifoIsr                          
1     0000c73a  _scrtFb1                                
0     0033bbde  _serialReceiveOneByteISR                
0     0033bbe3  _serialSentOneByteISR                   
0     0033a516  _spi_init                               
0     0033a512  _spi_xmit                               
0     0033bcea  _sqrt                                   
0     0033bcea  _sqrtf                                  
1     0000cb80  _ucRTUBuf                               
1     0000d0dc  _ucRegCoilsBuf                          
1     0000d0de  _ucRegDiscreteBuf                       
0     0033afaa  _usMBCRC16                              
1     0000d000  _usRegHoldingBuf                        
0     0033c4ef  _usRegHoldingStart                      
1     0000c844  _usRegInputBuf                          
0     0033c4ee  _usRegInputStart                        
0     0033bbb4  _vMBPortSerialEnable                    
0     00339f77  _w25q128_write_page_no_erase            
0     0033bd11  _wakeint_isr                            
0     0033a436  _xMBRTUReceiveFSM                       
0     0033a415  _xMBRTUTimerT35Expired                  
0     0033a3e5  _xMBRTUTransmitFSM                      
0     0033bc1a  _xMBUtilGetBits                         
abs   ffffffff  binit                                   
0     0033c4f0  cinit                                   
0     0033fff6  code_start                              
0     0033bf26  etext                                   
abs   ffffffff  pinit                                   


GLOBAL SYMBOLS: SORTED BY Symbol Address 

page  address   name                                    
----  -------   ----                                    
0     00008000  _RamfuncsRunStart                       
0     00008000  _local_DINTCH1_ISR                      
0     00008183  _InitFlash                              
0     000081a0  _DSP28x_usDelay                         
0     00320000  _RamfuncsLoadStart                      
0     003201a4  _RamfuncsLoadEnd                        
0     00338000  .text                                   
0     00338000  _SyncModbusRegToSysinfo                 
0     00338000  ___text__                               
0     003382bb  _SyncSysinfoToModbusReg                 
0     003386f7  _B1_ModbusRTUSlaver_Poll                
0     00338721  _StartDMACH6                            
0     00338729  _StartDMACH5                            
0     00338731  _StartDMACH4                            
0     00338739  _StartDMACH3                            
0     00338741  _StartDMACH2                            
0     00338749  _StartDMACH1                            
0     00338751  _DMAInitialize                          
0     0033875c  _DMACH6WrapConfig                       
0     00338766  _DMACH6TransferConfig                   
0     0033876f  _DMACH6ModeConfig                       
0     003387d6  _DMACH6BurstConfig                      
0     003387df  _DMACH6AddrConfig                       
0     003387e9  _DMACH5WrapConfig                       
0     003387f3  _DMACH5TransferConfig                   
0     003387fc  _DMACH5ModeConfig                       
0     00338863  _DMACH5BurstConfig                      
0     0033886c  _DMACH5AddrConfig                       
0     00338876  _DMACH4WrapConfig                       
0     00338880  _DMACH4TransferConfig                   
0     00338889  _DMACH4ModeConfig                       
0     003388f0  _DMACH4BurstConfig                      
0     003388f9  _DMACH4AddrConfig                       
0     00338903  _DMACH3WrapConfig                       
0     0033890d  _DMACH3TransferConfig                   
0     00338916  _DMACH3ModeConfig                       
0     0033897b  _DMACH3BurstConfig                      
0     00338984  _DMACH3AddrConfig                       
0     0033898e  _DMACH2WrapConfig                       
0     00338998  _DMACH2TransferConfig                   
0     003389a1  _DMACH2ModeConfig                       
0     00338a06  _DMACH2BurstConfig                      
0     00338a0f  _DMACH2AddrConfig                       
0     00338a19  _DMACH1WrapConfig                       
0     00338a23  _DMACH1TransferConfig                   
0     00338a2c  _DMACH1ModeConfig                       
0     00338a91  _DMACH1BurstConfig                      
0     00338a9a  _DMACH1AddrConfig                       
0     00338aa4  _Config_Default_Parameter               
0     00338b82  _APP_Main_Save_SysInfo                  
0     00338be4  _BackGroundTask                         
0     00338c3a  _getI_TA1_MAX                           
0     00338c51  _getMaxCapTemp                          
0     00338c88  _APP_Main_Poll                          
0     00338cb5  _Load_Parameter_From_Flash              
0     00338d09  _APP_Main_Init                          
0     00338e14  _rsvd_ISR                               
0     00338e1e  _XINT7_ISR                              
0     00338e28  _XINT6_ISR                              
0     00338e32  _XINT5_ISR                              
0     00338e3c  _XINT4_ISR                              
0     00338e46  _XINT3_ISR                              
0     00338e50  _XINT2_ISR                              
0     00338e5a  _XINT1_ISR                              
0     00338e64  _WAKEINT_ISR                            
0     00338e6e  _USER9_ISR                              
0     00338e78  _USER8_ISR                              
0     00338e82  _USER7_ISR                              
0     00338e8c  _USER6_ISR                              
0     00338e96  _USER5_ISR                              
0     00338ea0  _USER4_ISR                              
0     00338eaa  _USER3_ISR                              
0     00338eb4  _USER2_ISR                              
0     00338ebe  _USER1_ISR                              
0     00338ec8  _USER12_ISR                             
0     00338ed2  _USER11_ISR                             
0     00338edc  _USER10_ISR                             
0     00338ee6  _TINT0_ISR                              
0     00338ef0  _SPITXINTA_ISR                          
0     00338efa  _SPIRXINTA_ISR                          
0     00338f04  _SEQ2INT_ISR                            
0     00338f0e  _SEQ1INT_ISR                            
0     00338f18  _SCITXINTC_ISR                          
0     00338f22  _SCITXINTB_ISR                          
0     00338f2c  _SCITXINTA_ISR                          
0     00338f36  _SCIRXINTC_ISR                          
0     00338f40  _SCIRXINTB_ISR                          
0     00338f4a  _SCIRXINTA_ISR                          
[...]
0     003390f8  _DINTCH3_ISR                            
0     00339102  _DINTCH2_ISR                            
0     0033910c  _DINTCH1_ISR                            
0     00339116  _DATALOG_ISR                            
0     00339120  _ADCINT_ISR                             
0     0033912a  _USART_Callback                         
0     0033916e  _Uart_Write                             
0     003391be  _Uart_UnregisterReceiveCharCallback     
0     003391cd  _Uart_SetWriteOverCallback              
0     003391dc  _Uart_RegisterReceiveReadyCharCallback  
0     003391ea  _Uart_RegisterReceiveCharCallback       
0     003391f8  _Uart_Read                              
0     00339210  _InitScicGpio                           
0     0033929f  _InitScibGpio                           
0     003392b9  _InitSciaGpio                           
0     003392d5  _Uart_Init                              
0     003393d2  _Uart_EmptyReadBuffer                   
0     003393fa  _Uart_AvailableBytes                    
0     00339412  _EPwmx_ActionInit                       
0     0033943b  _InitEPwm3Example                       
0     0033947a  _InitEPwm2Example                       
0     003394b9  _InitEPwm1Example                       
0     003394f8  _BFL_SCR_Init                           
0     003395a6  _BFL_SCRT_Pluse_Transmit                
0     00339636  _BFL_SCRT_Pluse_Set                     
0     00339637  _BFL_SCRR_Have_Signal                   
0     00339677  _B3_RTUPush_Poll                        
0     0033989f  _BFL_VCB_Relay_Set_As_Switch_No_Ctrl    
0     003398de  _BFL_VCB_Seurity_Init                   
0     00339976  _BFL_VCB_Relay_Set_As_Switch_Opened     
0     003399c9  _BFL_VCB_Set_As_Switch_Opened           
0     003399d6  _BFL_VCB_Set_As_Switch_No_Ctrl          
0     003399db  _BFL_VCB_Relay_Set_As_Switch_Closed     
0     00339a2e  _BFL_VCB_Set_As_Switch_Closed           
0     00339a3c  _BFL_VCB_SW_To_String                   
0     00339a5c  _BFL_VCB_STATE_To_String                
0     00339a6a  _BFL_VCB_Relay_Get_Setting_State        
0     00339a77  _BFL_VCB_Get_Setting_State              
0     00339a84  _BFL_VCB_Get_Actual_State               
0     00339aa7  _BFL_VCB_CTRL_STATE_To_String           
0     00339aba  _B3_Check_SCR_Serious_Fault             
0     00339af9  _B3_Check_Minor_Fault_Exist             
0     00339cc1  _scicTxFifoIsr                          
0     00339cf8  _scicRxFifoIsr                          
0     00339d70  _scibTxFifoIsr                          
0     00339da7  _scibRxFifoIsr                          
0     00339e1b  _sciaTxFifoIsr                          
0     00339e52  _sciaRxFifoIsr                          
0     00339ebb  _Flash_ReadSR1                          
0     00339ee7  _Flash_Wait_Busy                        
0     00339f04  _Flash_Write_Enable                     
0     00339f31  _CHIP_W25Q128_Erase_One_Sector          
0     00339f77  _w25q128_write_page_no_erase            
0     00339fc9  _CHIP_W25Q128_Write                     
0     00339ff3  _CHIP_W25Q128_Read                      
0     0033a050  _B2_CmdBypassCapacitors_Test            
0     0033a079  _B2_CmdBypassCapacitors_Exec            
0     0033a122  _B2_CmdBypassCapacitors_Exec_Solution   
0     0033a178  _eMBRegCoilsCB                          
0     0033a1e6  _eMBRegHoldingCB                        
0     0033a2af  __nop                                   
0     0033a2b0  _enable_ePWM4                           
0     0033a2bd  _config_ePWM4_to_generate_ADCSOCA_      
0     0033a2f2  _config_ePWM4_to_generate_ADCSOCA       
0     0033a303  _config_DMA                             
0     0033a349  _config_ADC                             
0     0033a38c  _BFL_Measure_ReadReady                  
0     0033a392  _BFL_Measure_Read                       
0     0033a3c6  _BFL_Measure_Init                       
0     0033a3e5  _xMBRTUTransmitFSM                      
0     0033a415  _xMBRTUTimerT35Expired                  
0     0033a436  _xMBRTUReceiveFSM                       
0     0033a470  _eMBRTUReceive                          
0     0033a499  _eMBRTUSend                             
0     0033a4c7  _eMBRTUStop                             
0     0033a4d5  _eMBRTUStart                            
0     0033a4eb  _eMBRTUInit                             
0     0033a512  _spi_xmit                               
0     0033a516  _spi_init                               
0     0033a523  _InitSpiGpio                            
0     0033a523  _InitSpiaGpio                           
0     0033a54f  _HDL_SPI_WriteRead                      
0     0033a5a2  _HDL_SPI_Write                          
0     0033a5d5  _HDL_SPI_Read                           
0     0033a60d  _HDL_SPI_Init                           
0     0033a654  _B2_CmdCutOffCapacitors_Exec            
0     0033a705  _B2_CmdCutOffCapacitors_Exec_Solution   
0     0033a75a  _B2_EventRecord_Create                  
0     0033a842  _B2_EventRecord_Write                   
0     0033a873  LL$$DIV                                 
0     0033a8af  LL$$MOD                                 
0     0033a8e9  ULL$$DIV                                
0     0033a918  ULL$$MOD                                
0     0033a97a  _ServiceDog                             
0     0033a984  _DisableDog                             
0     0033a98c  _InitPll                                
0     0033a9d9  _InitPeripheralClocks                   
0     0033aa3f  _InitSysCtrl                            
0     0033aa48  _CsmUnlock                              
0     0033aa76  _InitTzGpio                             
0     0033aab3  _InitEPwmSyncGpio                       
0     0033aace  _InitEPwm1Gpio                          
0     0033aae4  _InitEPwm2Gpio                          
0     0033aafa  _InitEPwm3Gpio                          
0     0033ab12  _InitEPwm4Gpio                          
0     0033ab2a  _InitEPwm5Gpio                          
0     0033ab40  _InitEPwm6Gpio                          
0     0033ab56  _InitEPwmGpio                           
0     0033ab63  _InitEPwm                               
0     0033ab64  _HDL_CPU_Time_StopHardTimer             
0     0033ab9e  _HDL_CPU_Time_StartHardTimer            
0     0033abb6  _HDL_CPU_Time_SetCPUTickCallback        
0     0033abba  _HDL_CPU_Time_ResetUsTick               
0     0033abc0  _HDL_CPU_Time_ResetTick                 
0     0033abc5  _HDL_CPU_Time_Init                      
0     0033ac15  _HDL_CPU_Time_GetUsTick                 
0     0033ac1c  _HDL_CPU_Time_GetTick                   
0     0033ac26  _HDL_CPU_Time_DelayUs                   
0     0033ac38  _HDL_CPU_Time_DelayMs                   
0     0033ac4d  _B1_Measure_Poll                        
0     0033ad38  _B2_CmdMakeCapacitorsWork_Exec          
0     0033adc1  _B2_CmdMakeCapacitorsWork_Exec_Solution 
0     0033ae07  _cqueue_out                             
0     0033ae3a  _cqueue_in                              
0     0033ae7a  _cqueue_enqueue                         
0     0033ae9e  _cqueue_dequeue                         
0     0033aec1  _cqueue_create                          
0     0033aed9  _DebugTest                              
0     0033aef2  _B3_SysAutoMode_DeltaPoll               
0     0033afaa  _usMBCRC16                              
0     0033b071  _eMBFuncReadWriteMultipleHoldingRegister
0     0033b0c6  _eMBFuncWriteHoldingRegister            
0     0033b0db  _eMBFuncWriteMultipleHoldingRegister    
0     0033b106  _eMBFuncReadHoldingRegister             
0     0033b131  _B1_CapacitanceTemperatureMeasure_Poll  
0     0033b1df  _BFL_RS485_Take_Bus                     
0     0033b1ed  _BFL_RS485_Write                        
0     0033b203  _BFL_RS485_Take_Bus_RS4852              
0     0033b208  _BFL_RS485_Take_Bus_RS4851              
0     0033b20d  _BFL_RS485_Release_Bus_RS4852           
0     0033b212  _BFL_RS485_Release_Bus_RS4851           
0     0033b217  _BFL_RS485_Release_Bus                  
0     0033b225  _BFL_RS485_Read                         
0     0033b233  _BFL_RS485_Init                         
0     0033b280  FD$$ADD                                 
0     0033b31c  _eMBFuncWriteMultipleCoils              
0     0033b352  _eMBFuncWriteCoil                       
0     0033b37d  _eMBFuncReadCoils                       
0     0033b3b1  _eMBFuncReadInputRegister               
0     0033b441  _cpu_timer2_isr                         
0     0033b481  _cpu_timer1_isr                         
0     0033b495  _cpu_timer0_isr                         
0     0033b4cf  FD$$DIV                                 
0     0033b55a  FS$$DIV                                 
0     0033b5e2  FD$$MPY                                 
0     0033b665  _epwm3_isr                              
0     0033b68d  _epwm2_isr                              
0     0033b6b5  _epwm1_isr                              
0     0033b6dd  _average_filter_update                  
0     0033b714  _average_filter_init                    
0     0033b754  _fmin                                   
0     0033b754  _fminf                                  
0     0033b78d  _fmax                                   
0     0033b78d  _fmaxf                                  
0     0033b7c6  _eMBPoll                                
0     0033b824  _B1_VCBStatus_Update                    
0     0033b85e  _B1_VCBStatusGet_DeltaPoll              
0     0033b881  _BFL_Buzz_Toggle                        
0     0033b886  _BFL_Buzz_SetTrigLevel                  
0     0033b88a  _BFL_Buzz_On                            
0     0033b899  _BFL_Buzz_Off                           
0     0033b8a8  _BFL_Buzz_IsOff                         
0     0033b8ba  _BFL_Buzz_Init                          
0     0033b8da  _CANA_ISR                               
0     0033b933  _c_int00                                
0     0033b995  _HDL_RTC_SetTimeTick                    
0     0033b9b5  _HDL_RTC_GetTimeTick                    
0     0033b9dd  _BFL_Button_IsPressed                   
0     0033b9e7  _BFL_Button_Init                        
0     0033ba28  _CRC16_Modbus                           
0     0033ba73  _BFL_DebugPin_Toggle                    
0     0033ba81  _BFL_DebugPin_Set                       
0     0033ba8f  _BFL_DebugPin_Reset                     
0     0033ba9d  _BFL_DebugPin_Init                      
0     0033babc  _eMBFuncReadDiscreteInputs              
0     0033bb04  _HDL_IWDG_Init                          
0     0033bb47  _HDL_IWDG_Feed                          
0     0033bb4a  _B1_SysModeGet_DeltaPoll                
0     0033bb7f  _InitCpuTimers                          
0     0033bbb4  _vMBPortSerialEnable                    
0     0033bbd6  _EnterCriticalSection                   
0     0033bbda  _ExitCriticalSection                    
0     0033bbde  _serialReceiveOneByteISR                
0     0033bbe3  _serialSentOneByteISR                   
0     0033bbe8  _datetime_get_unix_ms_timestamp         
0     0033bc1a  _xMBUtilGetBits                         
0     0033bc36  _prveMBError2Exception                  
0     0033bc44  FD$$CMP                                 
0     0033bc6e  L$$DIV                                  
0     0033bc7d  L$$MOD                                  
0     0033bc8b  UL$$DIV                                 
0     0033bc92  UL$$MOD                                 
0     0033bc98  C$$EXIT                                 
0     0033bc98  _abort                                  
0     0033bc9a  _exit                                   
0     0033bcc1  _InitPieCtrl                            
0     0033bce0  _EnableInterrupts                       
0     0033bce9  __system_post_cinit                     
0     0033bcea  _sqrt                                   
0     0033bcea  _sqrtf                                  
0     0033bd11  _wakeint_isr                            
0     0033bd36  _copy_in                                
0     0033bd5a  FD$$TOI                                 
0     0033bd7b  _main                                   
0     0033bd9b  FD$$TOL                                 
0     0033bdba  _async_delay                            
0     0033bdd8  LL$$CMP                                 
0     0033bdea  ULL$$CMP                                
0     0033bdf6  I$$TOFD                                 
0     0033be13  _memcpy                                 
0     0033be30  FS$$TOFD                                
0     0033be4c  L$$TOFD                                 
0     0033be68  LL$$AND                                 
0     0033be70  LL$$OR                                  
0     0033be78  LL$$XOR                                 
0     0033be80  _InitAdc                                
0     0033be94  _period_query_user_us                   
0     0033bea7  _eMBFuncReportSlaveID                   
0     0033beb9  __args_main                             
0     0033becb  _CheckConditionDurationMet              
0     0033bedd  _InitPieVectTable                       
0     0033beee  FD$$SUB                                 
0     0033befc  U$$DIV                                  
0     0033bf01  U$$MOD                                  
0     0033bf07  FD$$NEG                                 
0     0033bf18  _memset                                 
0     0033bf1f  _prvvTIMERExpiredISR                    
0     0033bf24  __system_pre_init                       
0     0033bf26  ___etext__                              
0     0033bf26  etext                                   
0     0033c126  _PieVectTableInit                       
0     0033c226  _s_CRCHi                                
0     0033c326  _s_CRCLo                                
0     0033c4ee  _usRegInputStart                        
0     0033c4ef  _usRegHoldingStart                      
0     0033c4f0  ___cinit__                              
0     0033c4f0  cinit                                   
0     0033fff6  code_start                              
0     00380080  _ADC_cal                                
1     00000400  __stack                                 
1     00000800  __STACK_END                             
1     00000880  _DevEmuRegs                             
1     00000a80  _FlashRegs                              
1     00000ae0  _CsmRegs                                
1     00000b00  _AdcMirror                              
1     00000b20  _XintfRegs                              
1     00000c00  _CpuTimer0Regs                          
1     00000c08  _CpuTimer1Regs                          
1     00000c10  _CpuTimer2Regs                          
1     00000ce0  _PieCtrlRegs                            
1     00000d00  _PieVectTable                           
1     00001000  _DmaRegs                                
1     00005000  _McbspaRegs                             
1     00005040  _McbspbRegs                             
1     00006000  _ECanaRegs                              
1     00006040  _ECanaLAMRegs                           
1     00006080  _ECanaMOTSRegs                          
1     000060c0  _ECanaMOTORegs                          
1     00006100  _ECanaMboxes                            
1     00006200  _ECanbRegs                              
1     00006240  _ECanbLAMRegs                           
1     00006280  _ECanbMOTSRegs                          
1     000062c0  _ECanbMOTORegs                          
1     00006300  _ECanbMboxes                            
1     00006800  _EPwm1Regs                              
1     00006840  _EPwm2Regs                              
1     00006880  _EPwm3Regs                              
1     000068c0  _EPwm4Regs                              
1     00006900  _EPwm5Regs                              
1     00006940  _EPwm6Regs                              
1     00006a00  _ECap1Regs                              
1     00006a20  _ECap2Regs                              
1     00006a40  _ECap3Regs                              
1     00006a60  _ECap4Regs                              
1     00006a80  _ECap5Regs                              
1     00006aa0  _ECap6Regs                              
1     00006b00  _EQep1Regs                              
1     00006b40  _EQep2Regs                              
1     00006f80  _GpioCtrlRegs                           
1     00006fc0  _GpioDataRegs                           
1     00006fe0  _GpioIntRegs                            
1     00007010  _SysCtrlRegs                            
1     00007040  _SpiaRegs                               
1     00007050  _SciaRegs                               
1     00007070  _XIntruptRegs                           
1     00007100  _AdcRegs                                
1     00007750  _ScibRegs                               
1     00007770  _ScicRegs                               
1     00007900  _I2caRegs                               
1     0000c000  _DMABuf1                                
1     0000c3c2  _g_pSysInfo                             
1     0000c3c4  _g_backGroundTaskMaxRuningTimeUS        
1     0000c3c6  _g_backGroundTaskRuningTimeUS           
1     0000c3c8  _g_A                                    
1     0000c3ca  _g_B                                    
1     0000c400  _g_AppMainInfo                          
1     0000c738  _SCRT_Fault1                            
1     0000c73a  _scrtFb1                                
1     0000c73c  _s_t1                                   
1     0000c844  _usRegInputBuf                          
1     0000cb80  _ucRTUBuf                               
1     0000cd40  __gCOMList                              
1     0000cdf6  _can_rx_msg                             
1     0000cee0  _pxMBFrameCBByteReceived                
1     0000cee2  _pxMBFrameCBTransmitterEmpty            
1     0000cee4  _pxMBPortCBTimerExpired                 
1     0000cee6  _pxMBFrameCBReceiveFSMCur               
1     0000cee8  _pxMBFrameCBTransmitFSMCur              
1     0000ceec  _epwm1_info                             
1     0000cef2  _epwm2_info                             
1     0000cef8  _epwm3_info                             
1     0000cf50  _CpuTimer0                              
1     0000cf58  _CpuTimer1                              
1     0000cf60  _CpuTimer2                              
1     0000cf7f  _debugVar                               
1     0000d000  _usRegHoldingBuf                        
1     0000d064  _g_vcb_list                             
1     0000d070  _DMADest                                
1     0000d072  _DMASource                              
1     0000d0c6  ___TI_enable_exit_profile_output        
1     0000d0c8  ___TI_cleanup_ptr                       
1     0000d0ca  ___TI_dtors_ptr                         
1     0000d0d8  __lock                                  
1     0000d0da  __unlock                                
1     0000d0dc  _ucRegCoilsBuf                          
1     0000d0de  _ucRegDiscreteBuf                       
1     0000d0e3  _boolRegHoldingChanged                  
1     0000d0e6  _errno                                  
1     0033fff8  _CsmPwl                                 
1     00380090  _PartIdRegs                             
abs   000001a4  _RamfuncsLoadSize                       
abs   00000400  __STACK_SIZE                            
abs   ffffffff  ___TI_pprof_out_hndl                    
abs   ffffffff  ___TI_prof_data_size                    
abs   ffffffff  ___TI_prof_data_start                   
abs   ffffffff  ___binit__                              
abs   ffffffff  ___c_args__                             
abs   ffffffff  ___pinit__                              
abs   ffffffff  binit                                   
abs   ffffffff  pinit                                   

[480 symbols]
