******************************************************************************
             TMS320C2000 Linker PC v22.6.1                     
******************************************************************************
>> Linked Mon May 20 20:11:40 2024

OUTPUT FILE NAME:   <Example_2833xCpuTimer.out>
ENTRY POINT SYMBOL: "code_start"  address: 00000000


MEMORY CONFIGURATION

         name            origin    length      used     unused   attr    fill
----------------------  --------  ---------  --------  --------  ----  --------
PAGE 0:
  BEGIN                 00000000   00000002  00000002  00000000  RWIX
  RAMM0                 00000050   000003b0  00000000  000003b0  RWIX
  RAML0                 00008000   00001000  00000fff  00000001  RWIX
  RAML1                 00009000   00001000  00001000  00000000  RWIX
  RAML2                 0000a000   00001000  00001000  00000000  RWIX
  RAML3                 0000b000   00001000  0000026e  00000d92  RWIX
  ZONE7A                00200000   0000fc00  00000000  0000fc00  RWIX
  CSM_RSVD              0033ff80   00000076  00000000  00000076  RWIX
  CSM_PWL               0033fff8   00000008  00000000  00000008  RWIX
  ADC_CAL               00380080   00000009  00000007  00000002  RWIX
  IQTABLES              003fe000   00000b50  00000000  00000b50  RWIX
  IQTABLES2             003feb50   0000008c  00000000  0000008c  RWIX
  FPUTABLES             003febdc   000006a0  00000000  000006a0  RWIX
  BOOTROM               003ff27c   00000d44  00000000  00000d44  RWIX
  RESET                 003fffc0   00000002  00000000  00000002  RWIX

PAGE 1:
  BOOT_RSVD             00000002   0000004e  00000000  0000004e  RWIX
  RAMM1                 00000400   00000400  00000400  00000000  RWIX
  DEV_EMU               00000880   00000180  000000d0  000000b0  RWIX
  FLASH_REGS            00000a80   00000060  00000008  00000058  RWIX
  CSM                   00000ae0   00000010  00000010  00000000  RWIX
  ADC_MIRROR            00000b00   00000010  00000010  00000000  RWIX
  XINTF                 00000b20   00000020  0000001e  00000002  RWIX
  CPU_TIMER0            00000c00   00000008  00000008  00000000  RWIX
  CPU_TIMER1            00000c08   00000008  00000008  00000000  RWIX
  CPU_TIMER2            00000c10   00000008  00000008  00000000  RWIX
  PIE_CTRL              00000ce0   00000020  0000001a  00000006  RWIX
  PIE_VECT              00000d00   00000100  00000100  00000000  RWIX
  DMA                   00001000   00000200  000000e0  00000120  RWIX
  MCBSPA                00005000   00000040  00000025  0000001b  RWIX
  MCBSPB                00005040   00000040  00000025  0000001b  RWIX
  ECANA                 00006000   00000040  00000034  0000000c  RWIX
  ECANA_LAM             00006040   00000040  00000040  00000000  RWIX
  ECANA_MOTS            00006080   00000040  00000040  00000000  RWIX
  ECANA_MOTO            000060c0   00000040  00000040  00000000  RWIX
  ECANA_MBOX            00006100   00000100  00000100  00000000  RWIX
  ECANB                 00006200   00000040  00000034  0000000c  RWIX
  ECANB_LAM             00006240   00000040  00000040  00000000  RWIX
  ECANB_MOTS            00006280   00000040  00000040  00000000  RWIX
  ECANB_MOTO            000062c0   00000040  00000040  00000000  RWIX
  ECANB_MBOX            00006300   00000100  00000100  00000000  RWIX
  EPWM1                 00006800   00000022  00000022  00000000  RWIX
  EPWM2                 00006840   00000022  00000022  00000000  RWIX
  EPWM3                 00006880   00000022  00000022  00000000  RWIX
  EPWM4                 000068c0   00000022  00000022  00000000  RWIX
  EPWM5                 00006900   00000022  00000022  00000000  RWIX
  EPWM6                 00006940   00000022  00000022  00000000  RWIX
  ECAP1                 00006a00   00000020  00000020  00000000  RWIX
  ECAP2                 00006a20   00000020  00000020  00000000  RWIX
  ECAP3                 00006a40   00000020  00000020  00000000  RWIX
  ECAP4                 00006a60   00000020  00000020  00000000  RWIX
  ECAP5                 00006a80   00000020  00000020  00000000  RWIX
  ECAP6                 00006aa0   00000020  00000020  00000000  RWIX
  EQEP1                 00006b00   00000040  00000040  00000000  RWIX
  EQEP2                 00006b40   00000040  00000040  00000000  RWIX
  GPIOCTRL              00006f80   00000040  0000002e  00000012  RWIX
  GPIODAT               00006fc0   00000020  00000020  00000000  RWIX
  GPIOINT               00006fe0   00000020  0000000a  00000016  RWIX
  SYSTEM                00007010   00000020  00000020  00000000  RWIX
  SPIA                  00007040   00000010  00000010  00000000  RWIX
  SCIA                  00007050   00000010  00000010  00000000  RWIX
  XINTRUPT              00007070   00000010  00000010  00000000  RWIX
  ADC                   00007100   00000020  0000001e  00000002  RWIX
  SCIB                  00007750   00000010  00000010  00000000  RWIX
  SCIC                  00007770   00000010  00000010  00000000  RWIX
  I2CA                  00007900   00000040  00000022  0000001e  RWIX
  RAML4                 0000c000   00001000  00000e2e  000001d2  RWIX
  RAML5                 0000d000   00001000  0000065a  000009a6  RWIX
  RAML6                 0000e000   00001000  00000000  00001000  RWIX
  RAML7                 0000f000   00001000  00000000  00001000  RWIX
  ZONE7B                0020fc00   00000400  00000000  00000400  RWIX
  CSM_PWL               0033fff8   00000008  00000008  00000000  RWIX
  PARTID                00380090   00000001  00000001  00000000  RWIX


SECTION ALLOCATION MAP

 output                                  attributes/
section   page    origin      length       input sections
--------  ----  ----------  ----------   ----------------
codestart 
*          0    00000000    00000002     
                  00000000    00000002     DSP2833x_CodeStartBranch.obj (codestart)

.TI.ramfunc 
*          0    00008161    00000004     
                  00008161    00000004     DSP2833x_usDelay.obj (.TI.ramfunc)

.cinit     0    00008000    00000161     
                  00008000    00000096     HDL_Uart.obj (.cinit:__gCOMList)
                  00008096    0000002b     <whole-program> (.cinit:_xFuncHandlers$30)
                  000080c1    00000026     APP_Main.obj (.cinit)
                  000080e7    00000016     <whole-program> (.cinit)
                  000080fd    0000000e     rts2800_fpu32.lib : exit.c.obj (.cinit)
                  0000810b    0000000d     HDL_CPU_Time.obj (.cinit)
                  00008118    0000000b     <whole-program> (.cinit:_usRegInputBuf)
                  00008123    00000005     <whole-program> (.cinit:__lock)
                  00008128    00000005     <whole-program> (.cinit:__unlock)
                  0000812d    00000005     <whole-program> (.cinit:_ucRegCoilsBuf)
                  00008132    00000005     <whole-program> (.cinit:_ucRegDiscreteBuf)
                  00008137    00000004     BFL_Buzz.obj (.cinit)
                  0000813b    00000004     BFL_Measure.obj (.cinit)
                  0000813f    00000004     <whole-program> (.cinit:_g_pageBuf$17)
                  00008143    00000004     HDL_Uart.obj (.cinit:_m_Com1RxBuf)
                  00008147    00000004     HDL_Uart.obj (.cinit:_m_Com1TxBuf)
                  0000814b    00000004     HDL_Uart.obj (.cinit:_m_Com2RxBuf)
                  0000814f    00000004     HDL_Uart.obj (.cinit:_m_Com2TxBuf)
                  00008153    00000004     HDL_Uart.obj (.cinit:_m_Com3RxBuf)
                  00008157    00000004     HDL_Uart.obj (.cinit:_m_Com3TxBuf)
                  0000815b    00000004     <whole-program> (.cinit:_usRegHoldingBuf)
                  0000815f    00000002     --HOLE-- [fill = 0]

.pinit     0    00008000    00000000     UNINITIALIZED

.stack     1    00000400    00000400     UNINITIALIZED
                  00000400    00000400     --HOLE--

DevEmuRegsFile 
*          1    00000880    000000d0     UNINITIALIZED
                  00000880    000000d0     DSP2833x_GlobalVariableDefs.obj (DevEmuRegsFile)

FlashRegsFile 
*          1    00000a80    00000008     UNINITIALIZED
                  00000a80    00000008     DSP2833x_GlobalVariableDefs.obj (FlashRegsFile)

CsmRegsFile 
*          1    00000ae0    00000010     UNINITIALIZED
                  00000ae0    00000010     DSP2833x_GlobalVariableDefs.obj (CsmRegsFile)

AdcMirrorFile 
*          1    00000b00    00000010     UNINITIALIZED
                  00000b00    00000010     DSP2833x_GlobalVariableDefs.obj (AdcMirrorFile)

XintfRegsFile 
*          1    00000b20    0000001e     UNINITIALIZED
                  00000b20    0000001e     DSP2833x_GlobalVariableDefs.obj (XintfRegsFile)

CpuTimer0RegsFile 
*          1    00000c00    00000008     UNINITIALIZED
                  00000c00    00000008     DSP2833x_GlobalVariableDefs.obj (CpuTimer0RegsFile)

CpuTimer1RegsFile 
*          1    00000c08    00000008     UNINITIALIZED
                  00000c08    00000008     DSP2833x_GlobalVariableDefs.obj (CpuTimer1RegsFile)

CpuTimer2RegsFile 
*          1    00000c10    00000008     UNINITIALIZED
                  00000c10    00000008     DSP2833x_GlobalVariableDefs.obj (CpuTimer2RegsFile)

PieCtrlRegsFile 
*          1    00000ce0    0000001a     UNINITIALIZED
                  00000ce0    0000001a     DSP2833x_GlobalVariableDefs.obj (PieCtrlRegsFile)

ECanaMOTSRegsFile 
*          1    00006080    00000040     UNINITIALIZED
                  00006080    00000040     DSP2833x_GlobalVariableDefs.obj (ECanaMOTSRegsFile)

ECanaMOTORegsFile 
*          1    000060c0    00000040     UNINITIALIZED
                  000060c0    00000040     DSP2833x_GlobalVariableDefs.obj (ECanaMOTORegsFile)

ECanbMOTSRegsFile 
*          1    00006280    00000040     UNINITIALIZED
                  00006280    00000040     DSP2833x_GlobalVariableDefs.obj (ECanbMOTSRegsFile)

ECanbMOTORegsFile 
*          1    000062c0    00000040     UNINITIALIZED
                  000062c0    00000040     DSP2833x_GlobalVariableDefs.obj (ECanbMOTORegsFile)

.econst    1    0000d000    0000065a     
                  0000d000    00000100     mbcrc.obj (.econst:.string:_aucCRCHi$35)
                  0000d100    00000100     mbcrc.obj (.econst:.string:_aucCRCLo$35)
                  0000d200    00000100     DSP2833x_PieVect.obj (.econst:_PieVectTableInit)
                  0000d300    00000100     crc.obj (.econst:_s_CRCHi)
                  0000d400    00000100     crc.obj (.econst:_s_CRCLo)
                  0000d500    00000091     APP_Main.obj (.econst:.string)
                  0000d591    00000001     CHIP_W25Q128.obj (.econst:_$P$T2$3$17)
                  0000d592    0000005b     BFL_VCB.obj (.econst:.string)
                  0000d5ed    00000001     --HOLE-- [fill = 0]
                  0000d5ee    00000026     rts2800_fpu32.lib : _printfi.c.obj (.econst:.string)
                  0000d614    0000001c                       : _printfi.c.obj (.econst)
                  0000d630    00000010     <whole-program> (.econst)
                  0000d640    00000008     B1_CapacitanceTemperatureMeasure.obj (.econst:_request_cmd$2)
                  0000d648    00000006     CHIP_W25Q128.obj (.econst:_$P$T5$6$17)
                  0000d64e    00000004     CHIP_W25Q128.obj (.econst:_$P$T4$5$17)
                  0000d652    00000004     CHIP_W25Q128.obj (.econst:_$P$T6$7$17)
                  0000d656    00000002     CHIP_W25Q128.obj (.econst:_$P$T0$1$17)
                  0000d658    00000002     mbcb.obj (.econst)

DMARAML4   1    0000c000    000003c0     UNINITIALIZED
                  0000c000    000003c0     BFL_Measure.obj (DMARAML4)

.reset     0    003fffc0    00000002     DSECT
                  003fffc0    00000002     rts2800_fpu32.lib : boot28.asm.obj (.reset)

csm_rsvd   0    0033ff80    00000000     DSECT

csmpasswds 
*          0    0033fff8    00000000     DSECT

.adc_cal   0    00380080    00000007     NOLOAD SECTION
                  00380080    00000007     DSP2833x_ADC_cal.obj (.adc_cal)

PieVectTableFile 
*          1    00000d00    00000100     UNINITIALIZED
                  00000d00    00000100     DSP2833x_GlobalVariableDefs.obj (PieVectTableFile)

DmaRegsFile 
*          1    00001000    000000e0     UNINITIALIZED
                  00001000    000000e0     DSP2833x_GlobalVariableDefs.obj (DmaRegsFile)

McbspaRegsFile 
*          1    00005000    00000025     UNINITIALIZED
                  00005000    00000025     DSP2833x_GlobalVariableDefs.obj (McbspaRegsFile)

McbspbRegsFile 
*          1    00005040    00000025     UNINITIALIZED
                  00005040    00000025     DSP2833x_GlobalVariableDefs.obj (McbspbRegsFile)

ECanaRegsFile 
*          1    00006000    00000034     UNINITIALIZED
                  00006000    00000034     DSP2833x_GlobalVariableDefs.obj (ECanaRegsFile)

ECanaLAMRegsFile 
*          1    00006040    00000040     UNINITIALIZED
                  00006040    00000040     DSP2833x_GlobalVariableDefs.obj (ECanaLAMRegsFile)

ECanaMboxesFile 
*          1    00006100    00000100     UNINITIALIZED
                  00006100    00000100     DSP2833x_GlobalVariableDefs.obj (ECanaMboxesFile)

ECanbRegsFile 
*          1    00006200    00000034     UNINITIALIZED
                  00006200    00000034     DSP2833x_GlobalVariableDefs.obj (ECanbRegsFile)

ECanbLAMRegsFile 
*          1    00006240    00000040     UNINITIALIZED
                  00006240    00000040     DSP2833x_GlobalVariableDefs.obj (ECanbLAMRegsFile)

ECanbMboxesFile 
*          1    00006300    00000100     UNINITIALIZED
                  00006300    00000100     DSP2833x_GlobalVariableDefs.obj (ECanbMboxesFile)

EPwm1RegsFile 
*          1    00006800    00000022     UNINITIALIZED
                  00006800    00000022     DSP2833x_GlobalVariableDefs.obj (EPwm1RegsFile)

EPwm2RegsFile 
*          1    00006840    00000022     UNINITIALIZED
                  00006840    00000022     DSP2833x_GlobalVariableDefs.obj (EPwm2RegsFile)

EPwm3RegsFile 
*          1    00006880    00000022     UNINITIALIZED
                  00006880    00000022     DSP2833x_GlobalVariableDefs.obj (EPwm3RegsFile)

EPwm4RegsFile 
*          1    000068c0    00000022     UNINITIALIZED
                  000068c0    00000022     DSP2833x_GlobalVariableDefs.obj (EPwm4RegsFile)

EPwm5RegsFile 
*          1    00006900    00000022     UNINITIALIZED
                  00006900    00000022     DSP2833x_GlobalVariableDefs.obj (EPwm5RegsFile)

EPwm6RegsFile 
*          1    00006940    00000022     UNINITIALIZED
                  00006940    00000022     DSP2833x_GlobalVariableDefs.obj (EPwm6RegsFile)

ECap1RegsFile 
*          1    00006a00    00000020     UNINITIALIZED
                  00006a00    00000020     DSP2833x_GlobalVariableDefs.obj (ECap1RegsFile)

ECap2RegsFile 
*          1    00006a20    00000020     UNINITIALIZED
                  00006a20    00000020     DSP2833x_GlobalVariableDefs.obj (ECap2RegsFile)

ECap3RegsFile 
*          1    00006a40    00000020     UNINITIALIZED
                  00006a40    00000020     DSP2833x_GlobalVariableDefs.obj (ECap3RegsFile)

ECap4RegsFile 
*          1    00006a60    00000020     UNINITIALIZED
                  00006a60    00000020     DSP2833x_GlobalVariableDefs.obj (ECap4RegsFile)

ECap5RegsFile 
*          1    00006a80    00000020     UNINITIALIZED
                  00006a80    00000020     DSP2833x_GlobalVariableDefs.obj (ECap5RegsFile)

ECap6RegsFile 
*          1    00006aa0    00000020     UNINITIALIZED
                  00006aa0    00000020     DSP2833x_GlobalVariableDefs.obj (ECap6RegsFile)

EQep1RegsFile 
*          1    00006b00    00000040     UNINITIALIZED
                  00006b00    00000040     DSP2833x_GlobalVariableDefs.obj (EQep1RegsFile)

EQep2RegsFile 
*          1    00006b40    00000040     UNINITIALIZED
                  00006b40    00000040     DSP2833x_GlobalVariableDefs.obj (EQep2RegsFile)

GpioCtrlRegsFile 
*          1    00006f80    0000002e     UNINITIALIZED
                  00006f80    0000002e     DSP2833x_GlobalVariableDefs.obj (GpioCtrlRegsFile)

GpioDataRegsFile 
*          1    00006fc0    00000020     UNINITIALIZED
                  00006fc0    00000020     DSP2833x_GlobalVariableDefs.obj (GpioDataRegsFile)

GpioIntRegsFile 
*          1    00006fe0    0000000a     UNINITIALIZED
                  00006fe0    0000000a     DSP2833x_GlobalVariableDefs.obj (GpioIntRegsFile)

SysCtrlRegsFile 
*          1    00007010    00000020     UNINITIALIZED
                  00007010    00000020     DSP2833x_GlobalVariableDefs.obj (SysCtrlRegsFile)

SpiaRegsFile 
*          1    00007040    00000010     UNINITIALIZED
                  00007040    00000010     DSP2833x_GlobalVariableDefs.obj (SpiaRegsFile)

SciaRegsFile 
*          1    00007050    00000010     UNINITIALIZED
                  00007050    00000010     DSP2833x_GlobalVariableDefs.obj (SciaRegsFile)

XIntruptRegsFile 
*          1    00007070    00000010     UNINITIALIZED
                  00007070    00000010     DSP2833x_GlobalVariableDefs.obj (XIntruptRegsFile)

AdcRegsFile 
*          1    00007100    0000001e     UNINITIALIZED
                  00007100    0000001e     DSP2833x_GlobalVariableDefs.obj (AdcRegsFile)

ScibRegsFile 
*          1    00007750    00000010     UNINITIALIZED
                  00007750    00000010     DSP2833x_GlobalVariableDefs.obj (ScibRegsFile)

ScicRegsFile 
*          1    00007770    00000010     UNINITIALIZED
                  00007770    00000010     DSP2833x_GlobalVariableDefs.obj (ScicRegsFile)

I2caRegsFile 
*          1    00007900    00000022     UNINITIALIZED
                  00007900    00000022     DSP2833x_GlobalVariableDefs.obj (I2caRegsFile)

CsmPwlFile 
*          1    0033fff8    00000008     UNINITIALIZED
                  0033fff8    00000008     DSP2833x_GlobalVariableDefs.obj (CsmPwlFile)

PartIdRegsFile 
*          1    00380090    00000001     UNINITIALIZED
                  00380090    00000001     DSP2833x_GlobalVariableDefs.obj (PartIdRegsFile)

.text.1    0    00008166    00000e9a     
                  00008166    00000377     DSP2833x_DMA.obj (.text)
                  000084dd    00000316     DSP2833x_DefaultIsr.obj (.text:retain)
                  000087f3    000002d5     APP_Main.obj (.text)
                  00008ac8    000002c7     HDL_Uart.obj (.text)
                  00008d8f    0000021a     BFL_VCB.obj (.text)
                  00008fa9    00000057     average_filter.obj (.text)

.text.2    0    00009000    00001000     
                  00009000    00000281     BFL_SCR.obj (.text)
                  00009281    00000215     B3_FaultDetect.obj (.text)
                  00009496    000001eb     HDL_Uart.obj (.text:retain)
                  00009681    000001b4     CHIP_W25Q128.obj (.text)
                  00009835    0000012e     mbrtu.obj (.text)
                  00009963    00000124     HDL_SPI.obj (.text)
                  00009a87    00000001     rts2800_fpu32.lib : _lock.c.obj (.text)
                  00009a88    00000117     BFL_Measure.obj (.text)
                  00009b9f    00000107     rts2800_fpu32.lib : ll_div28.asm.obj (.text)
                  00009ca6    000000ff     B3_SysAutoMode.obj (.text)
                  00009da5    000000fc     DSP2833x_SysCtrl.obj (.text)
                  00009ea1    000000f5     B1_Measure.obj (.text)
                  00009f96    00000064     B1_VCBStatusGet.obj (.text)
                  00009ffa    00000005     porttimer.obj (.text)
                  00009fff    00000001     rts2800_fpu32.lib : startup.c.obj (.text)

.text.3    0    0000a000    00001000     
                  0000a000    000000ee     DSP2833x_EPwm.obj (.text)
                  0000a0ee    000000ec     HDL_CPU_Time.obj (.text)
                  0000a1da    000000d0     B2_CmdCutOffCapacitors.obj (.text)
                  0000a2aa    000000c3     B1_CapacitanceTemperatureMeasure.obj (.text)
                  0000a36d    000000ba     mbfuncholding.obj (.text)
                  0000a427    00000001     --HOLE-- [fill = 0]
                  0000a428    000000b4     BFL_Measure.obj (.text:retain)
                  0000a4dc    0000009f     BFL_RS485.obj (.text)
                  0000a57b    0000009c     rts2800_fpu32.lib : fd_add28.asm.obj (.text)
                  0000a617    00000001     --HOLE-- [fill = 0]
                  0000a618    00000097     mbcb.obj (.text)
                  0000a6af    00000094     mbfunccoils.obj (.text)
                  0000a743    0000008f     cqueue.obj (.text)
                  0000a7d2    0000008e     HDL_CPU_Time.obj (.text:retain)
                  0000a860    0000008b     rts2800_fpu32.lib : fd_div28.asm.obj (.text)
                  0000a8eb    00000088                       : fs_div28.asm.obj (.text)
                  0000a973    00000083     B2_CmdBypassCapacitors.obj (.text)
                  0000a9f6    00000083     rts2800_fpu32.lib : fd_mpy28.asm.obj (.text)
                  0000aa79    00000081     BFL_SCR.obj (.text:retain)
                  0000aafa    00000072     rts2800_fpu32.lib : ti_fmax.c.obj (.text)
                  0000ab6c    0000006f     B2_CmdMakeCapacitorsWork.obj (.text)
                  0000abdb    0000005a     mb.obj (.text)
                  0000ac35    00000059     BFL_Buzz.obj (.text)
                  0000ac8e    00000059     HDL_CAN.obj (.text:retain)
                  0000ace7    00000056     rts2800_fpu32.lib : boot28.asm.obj (.text)
                  0000ad3d    00000052     mbfuncdisc.obj (.text)
                  0000ad8f    0000004b     BFL_Button.obj (.text)
                  0000adda    00000049     BFL_DebugPin.obj (.text)
                  0000ae23    00000045     B1_ModbusRTUSlaver.obj (.text)
                  0000ae68    0000003c     mbfuncinput.obj (.text)
                  0000aea4    00000038     B1_SysModeGet.obj (.text)
                  0000aedc    00000035     DSP2833x_CpuTimers.obj (.text)
                  0000af11    00000034     portserial.obj (.text)
                  0000af45    0000002a     mbutils.obj (.text)
                  0000af6f    0000002a     rts2800_fpu32.lib : fd_cmp28.asm.obj (.text)
                  0000af99    0000002a                       : l_div28.asm.obj (.text)
                  0000afc3    00000029     mbcrc.obj (.text)
                  0000afec    00000014     DSP2833x_Adc.obj (.text)

.text.4    0    0000b000    0000026e     
                  0000b000    00000029     rts2800_fpu32.lib : exit.c.obj (.text)
                  0000b029    00000028     DSP2833x_PieCtrl.obj (.text)
                  0000b051    00000001     --HOLE-- [fill = 0]
                  0000b052    00000027     rts2800_fpu32.lib : e_sqrtf.c.obj (.text)
                  0000b079    00000024                       : cpy_tbl.c.obj (.text)
                  0000b09d    00000021                       : fd_toi28.asm.obj (.text)
                  0000b0be    0000001f                       : fd_tol28.asm.obj (.text)
                  0000b0dd    0000001e                       : ll_cmp28.asm.obj (.text)
                  0000b0fb    0000001d                       : i_tofd28.asm.obj (.text)
                  0000b118    0000001c     async_delay.obj (.text)
                  0000b134    0000001c     rts2800_fpu32.lib : fs_tofdfpu32.asm.obj (.text)
                  0000b150    0000001c                       : l_tofd28.asm.obj (.text)
                  0000b16c    0000001c                       : memcpy.c.obj (.text)
                  0000b188    00000019                       : prolog28.asm.obj (.text)
                  0000b1a1    00000018                       : ll_aox28.asm.obj (.text)
                  0000b1b9    00000014     main.obj (.text)
                  0000b1cd    00000013     crc.obj (.text)
                  0000b1e0    00000012     mbfuncother.obj (.text)
                  0000b1f2    00000012     rts2800_fpu32.lib : args_main.c.obj (.text)
                  0000b204    00000011     DSP2833x_PieVect.obj (.text)
                  0000b215    00000011     state_duration_timer.obj (.text)
                  0000b226    0000000e     rts2800_fpu32.lib : fd_sub28.asm.obj (.text)
                  0000b234    0000000c                       : epilog28.asm.obj (.text)
                  0000b240    0000000b                       : u_div28.asm.obj (.text)
                  0000b24b    00000009     B3_SysManualMode.obj (.text)
                  0000b254    00000009     rts2800_fpu32.lib : fd_neg28.asm.obj (.text)
                  0000b25d    00000008     DSP2833x_CodeStartBranch.obj (.text)
                  0000b265    00000007     rts2800_fpu32.lib : memset.c.obj (.text)
                  0000b26c    00000002                       : pre_init.c.obj (.text)

.ebss      1    0000c3c0    00000a6e     UNINITIALIZED
                  0000c3c0    0000033c     APP_Main.obj (.ebss)
                  0000c6fc    00000002     B1_CapacitanceTemperatureMeasure.obj (.ebss)
                  0000c6fe    00000002     B1_ModbusRTUSlaver.obj (.ebss)
                  0000c700    00000100     CHIP_W25Q128.obj (.ebss:_g_pageBuf$17)
                  0000c800    00000100     HDL_Uart.obj (.ebss:_m_Com2TxBuf)
                  0000c900    00000100     mbrtu.obj (.ebss:_ucRTUBuf)
                  0000ca00    000000a0     BFL_Measure.obj (.ebss:_AdcVoltRMSFilterBuf)
                  0000caa0    00000020     HDL_Uart.obj (.ebss:_m_Com1TxBuf)
                  0000cac0    00000096     HDL_Uart.obj (.ebss:__gCOMList)
                  0000cb56    00000020     HDL_Uart.obj (.ebss:_m_Com3TxBuf)
                  0000cb76    0000000a     HDL_CAN.obj (.ebss)
                  0000cb80    00000080     BFL_Measure.obj (.ebss:_AdcVoltRMSFilter)
                  0000cc00    00000050     HDL_Uart.obj (.ebss:_m_Com1RxBuf)
                  0000cc50    00000020     mbfuncother.obj (.ebss:_ucMBSlaveID$28)
                  0000cc70    00000010     BFL_Measure.obj (.ebss:_AdcAvg)
                  0000cc80    00000050     HDL_Uart.obj (.ebss:_m_Com2RxBuf)
                  0000ccd0    00000020     mbcb.obj (.ebss:_usRegHoldingBuf)
                  0000ccf0    00000010     BFL_Measure.obj (.ebss:_AdcRMS)
                  0000cd00    00000050     HDL_Uart.obj (.ebss:_m_Com3RxBuf)
                  0000cd50    0000001c     mb.obj (.ebss)
                  0000cd6c    00000012     BFL_SCR.obj (.ebss)
                  0000cd7e    00000002     rts2800_fpu32.lib : _lock.c.obj (.ebss:__lock)
                  0000cd80    00000040     mb.obj (.ebss:_xFuncHandlers$30)
                  0000cdc0    00000018     DSP2833x_CpuTimers.obj (.ebss)
                  0000cdd8    00000010     BFL_Measure.obj (.ebss:_AdcVoltAvg)
                  0000cde8    00000010     BFL_Measure.obj (.ebss:_AdcVoltRMS)
                  0000cdf8    00000008     mbcb.obj (.ebss:_usRegInputBuf)
                  0000ce00    0000000a     BFL_VCB.obj (.ebss:_g_vcb_list)
                  0000ce0a    00000006     BFL_Measure.obj (.ebss)
                  0000ce10    00000006     HDL_CPU_Time.obj (.ebss)
                  0000ce16    00000006     mbrtu.obj (.ebss)
                  0000ce1c    00000006     rts2800_fpu32.lib : exit.c.obj (.ebss)
                  0000ce22    00000002                       : _lock.c.obj (.ebss:__unlock)
                  0000ce24    00000002     mbcb.obj (.ebss:_ucRegCoilsBuf)
                  0000ce26    00000002     mbcb.obj (.ebss:_ucRegDiscreteBuf)
                  0000ce28    00000002     portevent.obj (.ebss)
                  0000ce2a    00000001     BFL_Buzz.obj (.ebss)
                  0000ce2b    00000001     mbfuncother.obj (.ebss)
                  0000ce2c    00000001     porttimer.obj (.ebss)
                  0000ce2d    00000001     rts2800_fpu32.lib : errno.c.obj (.ebss)

MODULE SUMMARY

       Module                                   code    initialized data   uninitialized data
       ------                                   ----    ----------------   ------------------
    .\
       DSP2833x_GlobalVariableDefs.obj          0       0                  2679              
       DSP2833x_DMA.obj                         887     0                  0                 
       DSP2833x_DefaultIsr.obj                  790     0                  0                 
       DSP2833x_PieVect.obj                     17      256                0                 
       DSP2833x_SysCtrl.obj                     252     0                  0                 
       DSP2833x_EPwm.obj                        238     0                  0                 
       DSP2833x_CpuTimers.obj                   53      0                  24                
       DSP2833x_PieCtrl.obj                     40      0                  0                 
       DSP2833x_Adc.obj                         20      0                  0                 
       DSP2833x_CodeStartBranch.obj             10      0                  0                 
       DSP2833x_ADC_cal.obj                     7       0                  0                 
       DSP2833x_usDelay.obj                     4       0                  0                 
    +--+----------------------------------------+-------+------------------+--------------------+
       Total:                                   2318    256                2703              
                                                                                             
    .\APP\
       APP_Main.obj                             725     183                828               
       B3_FaultDetect.obj                       533     0                  0                 
       B3_SysAutoMode.obj                       255     0                  0                 
       B1_Measure.obj                           245     0                  0                 
       B2_CmdCutOffCapacitors.obj               208     0                  0                 
       B1_CapacitanceTemperatureMeasure.obj     195     8                  2                 
       B2_CmdBypassCapacitors.obj               131     0                  0                 
       B2_CmdMakeCapacitorsWork.obj             111     0                  0                 
       B1_VCBStatusGet.obj                      100     0                  0                 
       B1_ModbusRTUSlaver.obj                   69      0                  2                 
       B1_SysModeGet.obj                        56      0                  0                 
       B3_SysManualMode.obj                     9       0                  0                 
    +--+----------------------------------------+-------+------------------+--------------------+
       Total:                                   2637    191                832               
                                                                                             
    .\Application\
       main.obj                                 20      0                  0                 
    +--+----------------------------------------+-------+------------------+--------------------+
       Total:                                   20      0                  0                 
                                                                                             
    .\BFL\
       BFL_Measure.obj                          459     4                  1318              
       BFL_SCR.obj                              770     0                  18                
       BFL_VCB.obj                              538     91                 10                
       BFL_RS485.obj                            159     0                  0                 
       BFL_Buzz.obj                             89      4                  1                 
       BFL_Button.obj                           75      0                  0                 
       BFL_DebugPin.obj                         73      0                  0                 
       async_delay.obj                          28      0                  0                 
       state_duration_timer.obj                 17      0                  0                 
    +--+----------------------------------------+-------+------------------+--------------------+
       Total:                                   2208    99                 1347              
                                                                                             
    .\CHIP\
       CHIP_W25Q128.obj                         436     17                 256               
    +--+----------------------------------------+-------+------------------+--------------------+
       Total:                                   436     17                 256               
                                                                                             
    .\HDL\
       HDL_Uart.obj                             1202    174                710               
       HDL_CPU_Time.obj                         378     13                 6                 
       HDL_SPI.obj                              292     0                  0                 
       HDL_CAN.obj                              89      0                  10                
    +--+----------------------------------------+-------+------------------+--------------------+
       Total:                                   1961    187                726               
                                                                                             
    .\LIB\
       crc.obj                                  19      512                0                 
       cqueue.obj                               143     0                  0                 
       average_filter.obj                       87      0                  0                 
    +--+----------------------------------------+-------+------------------+--------------------+
       Total:                                   249     512                0                 
                                                                                             
    .\freemodbus\
       mb.obj                                   90      0                  92                
    +--+----------------------------------------+-------+------------------+--------------------+
       Total:                                   90      0                  92                
                                                                                             
    .\freemodbus\functions\
       mbfuncholding.obj                        186     0                  0                 
       mbfunccoils.obj                          148     0                  0                 
       mbfuncdisc.obj                           82      0                  0                 
       mbfuncinput.obj                          60      0                  0                 
       mbfuncother.obj                          18      0                  33                
       mbutils.obj                              42      0                  0                 
    +--+----------------------------------------+-------+------------------+--------------------+
       Total:                                   536     0                  33                
                                                                                             
    .\freemodbus\port\
       mbcb.obj                                 151     2                  44                
       portserial.obj                           52      0                  0                 
       porttimer.obj                            5       0                  1                 
       portevent.obj                            0       0                  2                 
    +--+----------------------------------------+-------+------------------+--------------------+
       Total:                                   208     2                  47                
                                                                                             
    .\freemodbus\rtu\
       mbrtu.obj                                302     0                  262               
       mbcrc.obj                                41      512                0                 
    +--+----------------------------------------+-------+------------------+--------------------+
       Total:                                   343     512                262               
                                                                                             
    C:\Users\liuyu\AppData\Local\Temp\
       {5B8EDCC3-2FF1-4FD0-AEDD-1E96061BA0F6}   0       120                0                 
    +--+----------------------------------------+-------+------------------+--------------------+
       Total:                                   0       120                0                 
                                                                                             
    C:/ti/ccstheia131/ccs/tools/compiler/ti-cgt-c2000_22.6.1A23259/lib/rts2800_fpu32.lib
       ll_div28.asm.obj                         263     0                  0                 
       fd_add28.asm.obj                         156     0                  0                 
       fd_div28.asm.obj                         139     0                  0                 
       fs_div28.asm.obj                         136     0                  0                 
       fd_mpy28.asm.obj                         131     0                  0                 
       ti_fmax.c.obj                            114     0                  0                 
       boot28.asm.obj                           86      0                  0                 
       _printfi.c.obj                           0       66                 0                 
       exit.c.obj                               41      14                 6                 
       fd_cmp28.asm.obj                         42      0                  0                 
       l_div28.asm.obj                          42      0                  0                 
       e_sqrtf.c.obj                            39      0                  0                 
       cpy_tbl.c.obj                            36      0                  0                 
       fd_toi28.asm.obj                         33      0                  0                 
       fd_tol28.asm.obj                         31      0                  0                 
       ll_cmp28.asm.obj                         30      0                  0                 
       i_tofd28.asm.obj                         29      0                  0                 
       fs_tofdfpu32.asm.obj                     28      0                  0                 
       l_tofd28.asm.obj                         28      0                  0                 
       memcpy.c.obj                             28      0                  0                 
       prolog28.asm.obj                         25      0                  0                 
       ll_aox28.asm.obj                         24      0                  0                 
       args_main.c.obj                          18      0                  0                 
       fd_sub28.asm.obj                         14      0                  0                 
       epilog28.asm.obj                         12      0                  0                 
       u_div28.asm.obj                          11      0                  0                 
       fd_neg28.asm.obj                         9       0                  0                 
       memset.c.obj                             7       0                  0                 
       _lock.c.obj                              1       0                  4                 
       pre_init.c.obj                           2       0                  0                 
       errno.c.obj                              0       0                  1                 
       startup.c.obj                            1       0                  0                 
    +--+----------------------------------------+-------+------------------+--------------------+
       Total:                                   1556    80                 11                
                                                                                             
       Stack:                                   0       0                  1024              
    +--+----------------------------------------+-------+------------------+--------------------+
       Grand Total:                             12562   1976               7333              


GLOBAL DATA SYMBOLS: SORTED BY DATA PAGE

address     data page           name
--------    ----------------    ----
00000400      10 (00000400)     __stack

00000880      22 (00000880)     _DevEmuRegs

00000a80      2a (00000a80)     _FlashRegs

00000ae0      2b (00000ac0)     _CsmRegs

00000b00      2c (00000b00)     _AdcMirror
00000b20      2c (00000b00)     _XintfRegs

00000c00      30 (00000c00)     _CpuTimer0Regs
00000c08      30 (00000c00)     _CpuTimer1Regs
00000c10      30 (00000c00)     _CpuTimer2Regs

00000ce0      33 (00000cc0)     _PieCtrlRegs

00000d00      34 (00000d00)     _PieVectTable

00001000      40 (00001000)     _DmaRegs

00005000     140 (00005000)     _McbspaRegs

00005040     141 (00005040)     _McbspbRegs

00006000     180 (00006000)     _ECanaRegs

00006040     181 (00006040)     _ECanaLAMRegs

00006080     182 (00006080)     _ECanaMOTSRegs

000060c0     183 (000060c0)     _ECanaMOTORegs

00006100     184 (00006100)     _ECanaMboxes

00006200     188 (00006200)     _ECanbRegs

00006240     189 (00006240)     _ECanbLAMRegs

00006280     18a (00006280)     _ECanbMOTSRegs

000062c0     18b (000062c0)     _ECanbMOTORegs

00006300     18c (00006300)     _ECanbMboxes

00006800     1a0 (00006800)     _EPwm1Regs

00006840     1a1 (00006840)     _EPwm2Regs

00006880     1a2 (00006880)     _EPwm3Regs

000068c0     1a3 (000068c0)     _EPwm4Regs

00006900     1a4 (00006900)     _EPwm5Regs

00006940     1a5 (00006940)     _EPwm6Regs

00006a00     1a8 (00006a00)     _ECap1Regs
00006a20     1a8 (00006a00)     _ECap2Regs

00006a40     1a9 (00006a40)     _ECap3Regs
00006a60     1a9 (00006a40)     _ECap4Regs

00006a80     1aa (00006a80)     _ECap5Regs
00006aa0     1aa (00006a80)     _ECap6Regs

00006b00     1ac (00006b00)     _EQep1Regs

00006b40     1ad (00006b40)     _EQep2Regs

00006f80     1be (00006f80)     _GpioCtrlRegs

00006fc0     1bf (00006fc0)     _GpioDataRegs
00006fe0     1bf (00006fc0)     _GpioIntRegs

00007010     1c0 (00007000)     _SysCtrlRegs

00007040     1c1 (00007040)     _SpiaRegs
00007050     1c1 (00007040)     _SciaRegs
00007070     1c1 (00007040)     _XIntruptRegs

00007100     1c4 (00007100)     _AdcRegs

00007750     1dd (00007740)     _ScibRegs
00007770     1dd (00007740)     _ScicRegs

00007900     1e4 (00007900)     _I2caRegs

0000c000     300 (0000c000)     _DMABuf1

0000c3c2     30f (0000c3c0)     _g_pSysInfo
0000c3c4     30f (0000c3c0)     _cnt
0000c3c6     30f (0000c3c0)     _t

0000c400     310 (0000c400)     _g_AppMainInfo

0000c900     324 (0000c900)     _ucRTUBuf

0000cac0     32b (0000cac0)     __gCOMList

0000cb76     32d (0000cb40)     _can_rx_msg

0000ccd0     333 (0000ccc0)     _usRegHoldingBuf

0000cd60     335 (0000cd40)     _pxMBFrameCBByteReceived
0000cd62     335 (0000cd40)     _pxMBFrameCBTransmitterEmpty
0000cd64     335 (0000cd40)     _pxMBPortCBTimerExpired
0000cd66     335 (0000cd40)     _pxMBFrameCBReceiveFSMCur
0000cd68     335 (0000cd40)     _pxMBFrameCBTransmitFSMCur
0000cd6c     335 (0000cd40)     _epwm1_info
0000cd72     335 (0000cd40)     _epwm2_info
0000cd78     335 (0000cd40)     _epwm3_info
0000cd7e     335 (0000cd40)     __lock

0000cdc0     337 (0000cdc0)     _CpuTimer0
0000cdc8     337 (0000cdc0)     _CpuTimer1
0000cdd0     337 (0000cdc0)     _CpuTimer2
0000cdf8     337 (0000cdc0)     _usRegInputBuf

0000ce00     338 (0000ce00)     _g_vcb_list
0000ce0c     338 (0000ce00)     _DMADest
0000ce0e     338 (0000ce00)     _DMASource
0000ce1c     338 (0000ce00)     ___TI_enable_exit_profile_output
0000ce1e     338 (0000ce00)     ___TI_cleanup_ptr
0000ce20     338 (0000ce00)     ___TI_dtors_ptr
0000ce22     338 (0000ce00)     __unlock
0000ce24     338 (0000ce00)     _ucRegCoilsBuf
0000ce26     338 (0000ce00)     _ucRegDiscreteBuf
0000ce2d     338 (0000ce00)     _errno

0000d200     348 (0000d200)     _PieVectTableInit

0000d300     34c (0000d300)     _s_CRCHi

0000d400     350 (0000d400)     _s_CRCLo

0000d658     359 (0000d640)     _usRegInputStart
0000d659     359 (0000d640)     _usRegHoldingStart

0033fff8    cfff (0033ffc0)     _CsmPwl

00380090    e002 (00380080)     _PartIdRegs


GLOBAL SYMBOLS: SORTED ALPHABETICALLY BY Name 

page  address   name                                    
----  -------   ----                                    
abs   ffffffff  .text                                   
0     0000b000  C$$EXIT                                 
0     0000a57b  FD$$ADD                                 
0     0000af6f  FD$$CMP                                 
0     0000a860  FD$$DIV                                 
0     0000a9f6  FD$$MPY                                 
0     0000b254  FD$$NEG                                 
0     0000b226  FD$$SUB                                 
0     0000b09d  FD$$TOI                                 
0     0000b0be  FD$$TOL                                 
0     0000a8eb  FS$$DIV                                 
0     0000b134  FS$$TOFD                                
0     0000b0fb  I$$TOFD                                 
0     0000af99  L$$DIV                                  
0     0000afa8  L$$MOD                                  
0     0000b150  L$$TOFD                                 
0     0000b1a1  LL$$AND                                 
0     0000b0dd  LL$$CMP                                 
0     00009b9f  LL$$DIV                                 
0     00009bdb  LL$$MOD                                 
0     0000b1a9  LL$$OR                                  
0     0000b1b1  LL$$XOR                                 
0     0000b240  U$$DIV                                  
0     0000b245  U$$MOD                                  
0     0000afb6  UL$$DIV                                 
0     0000afbd  UL$$MOD                                 
0     0000b0ef  ULL$$CMP                                
0     00009c15  ULL$$DIV                                
0     00009c44  ULL$$MOD                                
0     000087e9  _ADCINT_ISR                             
0     00380080  _ADC_cal                                
0     00008a18  _APP_Main_Init                          
0     00008ab0  _APP_Main_Poll                          
0     00008aab  _APP_Main_Poll1                         
0     000088f7  _APP_Main_Save_SysInfo                  
1     00000b00  _AdcMirror                              
1     00007100  _AdcRegs                                
0     0000a355  _B1_CapacitanceTemperatureMeasure_Init  
0     0000a2aa  _B1_CapacitanceTemperatureMeasure_Poll  
0     00009f5f  _B1_Measure_Init                        
0     00009ea1  _B1_Measure_Poll                        
0     0000ae31  _B1_ModbusRTUSlaver_Init                
0     0000ae23  _B1_ModbusRTUSlaver_Poll                
0     0000aea7  _B1_SysModeGet_DeltaPoll                
0     0000aea4  _B1_SysModeGet_Init                     
0     00009fd9  _B1_VCBStatusGet_DeltaPoll              
0     00009fd0  _B1_VCBStatusGet_Init                   
0     00009f96  _B1_VCBStatus_Update                    
0     0000a981  _B2_CmdBypassCapacitors_Exec            
0     0000a1e8  _B2_CmdCutOffCapacitors_Exec            
0     0000a26b  _B2_CmdCutOffCapacitors_Exec_Solution   
0     0000ab6f  _B2_CmdMakeCapacitorsWork_Exec          
0     00009281  _B3_Check_Minor_Fault_Exist             
0     000093fc  _B3_Check_SCR_Serious_Fault             
0     00009ca6  _B3_SysAutoMode_DeltaPoll               
0     0000b24b  _B3_SysManualMode_DeltaPoll             
0     0000ad99  _BFL_Button_Init                        
0     0000ad8f  _BFL_Button_IsPressed                   
0     0000ac6e  _BFL_Buzz_Init                          
0     0000ac5c  _BFL_Buzz_IsOff                         
0     0000ac4d  _BFL_Buzz_Off                           
0     0000ac3e  _BFL_Buzz_On                            
0     0000ac3a  _BFL_Buzz_SetTrigLevel                  
0     0000ac35  _BFL_Buzz_Toggle                        
0     0000ae04  _BFL_DebugPin_Init                      
0     0000adf6  _BFL_DebugPin_Reset                     
0     0000ade8  _BFL_DebugPin_Set                       
0     0000adda  _BFL_DebugPin_Toggle                    
0     00009b82  _BFL_Measure_Init                       
0     00009b61  _BFL_Measure_Read                       
0     00009b5b  _BFL_Measure_ReadReady                  
0     0000a530  _BFL_RS485_Init                         
0     0000a522  _BFL_RS485_Read                         
0     0000a514  _BFL_RS485_Release_Bus                  
0     0000a50f  _BFL_RS485_Release_Bus_RS4851           
0     0000a50a  _BFL_RS485_Release_Bus_RS4852           
0     0000a4dc  _BFL_RS485_Take_Bus                     
0     0000a505  _BFL_RS485_Take_Bus_RS4851              
0     0000a500  _BFL_RS485_Take_Bus_RS4852              
0     0000a4ea  _BFL_RS485_Write                        
0     00009240  _BFL_SCRR_Have_Signal                   
0     000091b8  _BFL_SCRT_Pluse_Transmit                
0     0000910f  _BFL_SCR_Init                           
0     00008f96  _BFL_VCB_CTRL_STATE_To_String           
0     00008f74  _BFL_VCB_Get_Actual_State               
0     00008f67  _BFL_VCB_Get_Setting_State              
0     00008f5a  _BFL_VCB_Relay_Get_Setting_State        
0     00008ecb  _BFL_VCB_Relay_Set_As_Switch_Closed     
0     00008d8f  _BFL_VCB_Relay_Set_As_Switch_No_Ctrl    
0     00008e66  _BFL_VCB_Relay_Set_As_Switch_Opened     
0     00008f4c  _BFL_VCB_STATE_To_String                
0     00008f2c  _BFL_VCB_SW_To_String                   
0     00008f1e  _BFL_VCB_Set_As_Switch_Closed           
0     00008ec6  _BFL_VCB_Set_As_Switch_No_Ctrl          
0     00008eb9  _BFL_VCB_Set_As_Switch_Opened           
0     00008dce  _BFL_VCB_Seurity_Init                   
0     00008a4a  _BackGroundTask                         
0     0000ac8e  _CANA_ISR                               
0     000096f7  _CHIP_W25Q128_Erase_One_Sector          
0     0000982a  _CHIP_W25Q128_Init                      
0     000097e6  _CHIP_W25Q128_Read                      
0     00009787  _CHIP_W25Q128_Write                     
0     0000b1cd  _CRC16_Modbus                           
0     0000b215  _CheckConditionDurationMet              
0     000089ed  _Clear_All_Fault                        
0     000087f3  _Config_Default_Parameter               
0     000089d6  _Config_PowerOn_Parameter               
1     0000cdc0  _CpuTimer0                              
1     00000c00  _CpuTimer0Regs                          
1     0000cdc8  _CpuTimer1                              
1     00000c08  _CpuTimer1Regs                          
1     0000cdd0  _CpuTimer2                              
1     00000c10  _CpuTimer2Regs                          
1     0033fff8  _CsmPwl                                 
1     00000ae0  _CsmRegs                                
0     00009e73  _CsmUnlock                              
0     000087df  _DATALOG_ISR                            
0     000087d5  _DINTCH1_ISR                            
0     000087cb  _DINTCH2_ISR                            
0     000087c1  _DINTCH3_ISR                            
0     000087b7  _DINTCH4_ISR                            
0     000087ad  _DINTCH5_ISR                            
0     000087a3  _DINTCH6_ISR                            
1     0000c000  _DMABuf1                                
0     000084d3  _DMACH1AddrConfig                       
0     000084ca  _DMACH1BurstConfig                      
0     00008467  _DMACH1ModeConfig                       
0     0000845e  _DMACH1TransferConfig                   
0     00008454  _DMACH1WrapConfig                       
0     0000844a  _DMACH2AddrConfig                       
0     00008441  _DMACH2BurstConfig                      
0     000083de  _DMACH2ModeConfig                       
0     000083d5  _DMACH2TransferConfig                   
0     000083cb  _DMACH2WrapConfig                       
0     000083c1  _DMACH3AddrConfig                       
0     000083b8  _DMACH3BurstConfig                      
0     00008355  _DMACH3ModeConfig                       
0     0000834c  _DMACH3TransferConfig                   
0     00008342  _DMACH3WrapConfig                       
0     00008338  _DMACH4AddrConfig                       
0     0000832f  _DMACH4BurstConfig                      
0     000082ca  _DMACH4ModeConfig                       
0     000082c1  _DMACH4TransferConfig                   
0     000082b7  _DMACH4WrapConfig                       
0     000082ad  _DMACH5AddrConfig                       
0     000082a4  _DMACH5BurstConfig                      
0     0000823f  _DMACH5ModeConfig                       
0     00008236  _DMACH5TransferConfig                   
0     0000822c  _DMACH5WrapConfig                       
0     00008222  _DMACH6AddrConfig                       
0     00008219  _DMACH6BurstConfig                      
0     000081b4  _DMACH6ModeConfig                       
0     000081ab  _DMACH6TransferConfig                   
0     000081a1  _DMACH6WrapConfig                       
1     0000ce0c  _DMADest                                
0     00008196  _DMAInitialize                          
1     0000ce0e  _DMASource                              
0     00008161  _DSP28x_usDelay                         
1     00000880  _DevEmuRegs                             
0     00009daf  _DisableDog                             
1     00001000  _DmaRegs                                
0     00008799  _ECAN0INTA_ISR                          
0     0000878f  _ECAN0INTB_ISR                          
0     00008785  _ECAN1INTA_ISR                          
0     0000877b  _ECAN1INTB_ISR                          
0     00008771  _ECAP1_INT_ISR                          
0     00008767  _ECAP2_INT_ISR                          
0     0000875d  _ECAP3_INT_ISR                          
0     00008753  _ECAP4_INT_ISR                          
0     00008749  _ECAP5_INT_ISR                          
0     0000873f  _ECAP6_INT_ISR                          
1     00006040  _ECanaLAMRegs                           
1     000060c0  _ECanaMOTORegs                          
1     00006080  _ECanaMOTSRegs                          
1     00006100  _ECanaMboxes                            
1     00006000  _ECanaRegs                              
1     00006240  _ECanbLAMRegs                           
1     000062c0  _ECanbMOTORegs                          
1     00006280  _ECanbMOTSRegs                          
1     00006300  _ECanbMboxes                            
1     00006200  _ECanbRegs                              
1     00006a00  _ECap1Regs                              
1     00006a20  _ECap2Regs                              
1     00006a40  _ECap3Regs                              
1     00006a60  _ECap4Regs                              
1     00006a80  _ECap5Regs                              
1     00006aa0  _ECap6Regs                              
0     00008735  _EMUINT_ISR                             
0     0000872b  _EPWM1_INT_ISR                          
0     00008721  _EPWM1_TZINT_ISR                        
0     00008717  _EPWM2_INT_ISR                          
0     0000870d  _EPWM2_TZINT_ISR                        
0     00008703  _EPWM3_INT_ISR                          
0     000086f9  _EPWM3_TZINT_ISR                        
0     000086ef  _EPWM4_INT_ISR                          
0     000086e5  _EPWM4_TZINT_ISR                        
0     000086db  _EPWM5_INT_ISR                          
0     000086d1  _EPWM5_TZINT_ISR                        
0     000086c7  _EPWM6_INT_ISR                          
0     000086bd  _EPWM6_TZINT_ISR                        
1     00006800  _EPwm1Regs                              
1     00006840  _EPwm2Regs                              
1     00006880  _EPwm3Regs                              
1     000068c0  _EPwm4Regs                              
1     00006900  _EPwm5Regs                              
1     00006940  _EPwm6Regs                              
0     000086b3  _EQEP1_INT_ISR                          
0     000086a9  _EQEP2_INT_ISR                          
1     00006b00  _EQep1Regs                              
1     00006b40  _EQep2Regs                              
0     0000b048  _EnableInterrupts                       
0     0000af33  _EnterCriticalSection                   
0     0000af37  _ExitCriticalSection                    
1     00000a80  _FlashRegs                              
0     00009681  _Flash_ReadSR1                          
0     000096ad  _Flash_Wait_Busy                        
0     000096ca  _Flash_Write_Enable                     
0     00008a76  _ForeGroundTask                         
1     00006f80  _GpioCtrlRegs                           
1     00006fc0  _GpioDataRegs                           
1     00006fe0  _GpioIntRegs                            
0     0000a1c5  _HDL_CPU_Time_DelayMs                   
0     0000a1b3  _HDL_CPU_Time_DelayUs                   
0     0000a1a9  _HDL_CPU_Time_GetTick                   
0     0000a1a2  _HDL_CPU_Time_GetUsTick                 
0     0000a152  _HDL_CPU_Time_Init                      
0     0000a14d  _HDL_CPU_Time_ResetTick                 
0     0000a147  _HDL_CPU_Time_ResetUsTick               
0     0000a143  _HDL_CPU_Time_SetCPUTickCallback        
0     0000a128  _HDL_CPU_Time_StartHardTimer            
0     0000a0ee  _HDL_CPU_Time_StopHardTimer             
0     00009a57  _HDL_SPI_Init                           
0     00009a22  _HDL_SPI_Read                           
0     000099f1  _HDL_SPI_Write                          
0     000099a0  _HDL_SPI_WriteRead                      
0     0000869f  _I2CINT1A_ISR                           
0     00008695  _I2CINT2A_ISR                           
1     00007900  _I2caRegs                               
0     0000868b  _ILLEGAL_ISR                            
0     00008681  _INT13_ISR                              
0     00008677  _INT14_ISR                              
0     0000afec  _InitAdc                                
0     0000aedc  _InitCpuTimers                          
0     0000a0ed  _InitEPwm                               
0     000090ac  _InitEPwm1Example                       
0     0000a058  _InitEPwm1Gpio                          
0     00009056  _InitEPwm2Example                       
0     0000a06e  _InitEPwm2Gpio                          
0     00009000  _InitEPwm3Example                       
0     0000a084  _InitEPwm3Gpio                          
0     0000a09c  _InitEPwm4Gpio                          
0     0000a0b4  _InitEPwm5Gpio                          
0     0000a0ca  _InitEPwm6Gpio                          
0     0000a0e0  _InitEPwmGpio                           
0     0000a03d  _InitEPwmSyncGpio                       
0     00009e04  _InitPeripheralClocks                   
0     0000b029  _InitPieCtrl                            
0     0000b204  _InitPieVectTable                       
0     00009db7  _InitPll                                
0     00008c42  _InitSciaGpio                           
0     00008c28  _InitScibGpio                           
0     00008b9b  _InitScicGpio                           
0     00009974  _InitSpiGpio                            
0     00009974  _InitSpiaGpio                           
0     00009e6a  _InitSysCtrl                            
0     0000a000  _InitTzGpio                             
0     0000866d  _LUF_ISR                                
0     00008663  _LVF_ISR                                
0     0000895c  _Load_Parameter_From_Flash              
0     00008659  _MRINTA_ISR                             
0     0000864f  _MRINTB_ISR                             
0     00008645  _MXINTA_ISR                             
0     0000863b  _MXINTB_ISR                             
1     00005000  _McbspaRegs                             
1     00005040  _McbspbRegs                             
0     00008631  _NMI_ISR                                
0     00008627  _PIE_RESERVED                           
1     00380090  _PartIdRegs                             
1     00000ce0  _PieCtrlRegs                            
1     00000d00  _PieVectTable                           
1     0000d200  _PieVectTableInit                       
0     0000861d  _RTOSINT_ISR                            
0     00008613  _SCIRXINTA_ISR                          
0     00008609  _SCIRXINTB_ISR                          
0     000085ff  _SCIRXINTC_ISR                          
0     000085f5  _SCITXINTA_ISR                          
0     000085eb  _SCITXINTB_ISR                          
0     000085e1  _SCITXINTC_ISR                          
0     000085d7  _SEQ1INT_ISR                            
0     000085cd  _SEQ2INT_ISR                            
0     000085c3  _SPIRXINTA_ISR                          
0     000085b9  _SPITXINTA_ISR                          
1     00007050  _SciaRegs                               
1     00007750  _ScibRegs                               
1     00007770  _ScicRegs                               
0     00009da5  _ServiceDog                             
1     00007040  _SpiaRegs                               
0     0000818e  _StartDMACH1                            
0     00008186  _StartDMACH2                            
0     0000817e  _StartDMACH3                            
0     00008176  _StartDMACH4                            
0     0000816e  _StartDMACH5                            
0     00008166  _StartDMACH6                            
1     00007010  _SysCtrlRegs                            
0     000085af  _TINT0_ISR                              
0     00008ac8  _USART_Callback                         
0     000085a5  _USER10_ISR                             
0     0000859b  _USER11_ISR                             
0     00008591  _USER12_ISR                             
0     00008587  _USER1_ISR                              
0     0000857d  _USER2_ISR                              
0     00008573  _USER3_ISR                              
0     00008569  _USER4_ISR                              
0     0000855f  _USER5_ISR                              
0     00008555  _USER6_ISR                              
0     0000854b  _USER7_ISR                              
0     00008541  _USER8_ISR                              
0     00008537  _USER9_ISR                              
0     00008d77  _Uart_AvailableBytes                    
0     00008d52  _Uart_EmptyReadBuffer                   
0     00008c5e  _Uart_Init                              
0     00008b83  _Uart_Read                              
0     00008b75  _Uart_RegisterReceiveCharCallback       
0     00008b67  _Uart_RegisterReceiveReadyCharCallback  
0     00008b58  _Uart_SetWriteOverCallback              
0     00008b49  _Uart_UnregisterReceiveCharCallback     
0     00008b0a  _Uart_Write                             
0     0000852d  _WAKEINT_ISR                            
0     00008523  _XINT1_ISR                              
0     00008519  _XINT2_ISR                              
0     0000850f  _XINT3_ISR                              
0     00008505  _XINT4_ISR                              
0     000084fb  _XINT5_ISR                              
0     000084f1  _XINT6_ISR                              
0     000084e7  _XINT7_ISR                              
1     00007070  _XIntruptRegs                           
1     00000b20  _XintfRegs                              
1     00000800  __STACK_END                             
abs   00000400  __STACK_SIZE                            
1     0000ce1e  ___TI_cleanup_ptr                       
1     0000ce20  ___TI_dtors_ptr                         
1     0000ce1c  ___TI_enable_exit_profile_output        
abs   ffffffff  ___TI_pprof_out_hndl                    
abs   ffffffff  ___TI_prof_data_size                    
abs   ffffffff  ___TI_prof_data_start                   
abs   ffffffff  ___binit__                              
abs   ffffffff  ___c_args__                             
0     00008000  ___cinit__                              
abs   ffffffff  ___etext__                              
abs   ffffffff  ___pinit__                              
abs   ffffffff  ___text__                               
0     0000b1f2  __args_main                             
1     0000cac0  __gCOMList                              
1     0000cd7e  __lock                                  
0     00009a87  __nop                                   
1     00000400  __stack                                 
0     00009fff  __system_post_cinit                     
0     0000b26c  __system_pre_init                       
1     0000ce22  __unlock                                
0     0000b000  _abort                                  
0     0000b118  _async_delay                            
0     00008fde  _average_filter_init                    
0     00008fa9  _average_filter_update                  
0     0000ace7  _c_int00                                
1     0000cb76  _can_rx_msg                             
0     00008a10  _cb1                                    
1     0000c3c4  _cnt                                    
0     00009b18  _config_ADC                             
0     00009adb  _config_DMA                             
0     00009aca  _config_ePWM4_to_generate_ADCSOCA       
0     00009a95  _config_ePWM4_to_generate_ADCSOCA_      
0     0000b079  _copy_in                                
0     0000a826  _cpu_timer0_isr                         
0     0000a812  _cpu_timer1_isr                         
0     0000a7d2  _cpu_timer2_isr                         
0     0000a7ba  _cqueue_create                          
0     0000a797  _cqueue_dequeue                         
0     0000a772  _cqueue_enqueue                         
0     0000a743  _cqueue_out                             
0     0000a70f  _eMBFuncReadCoils                       
0     0000ad3d  _eMBFuncReadDiscreteInputs              
0     0000a400  _eMBFuncReadHoldingRegister             
0     0000ae68  _eMBFuncReadInputRegister               
0     0000a36d  _eMBFuncReadWriteMultipleHoldingRegister
0     0000b1e0  _eMBFuncReportSlaveID                   
0     0000a6e5  _eMBFuncWriteCoil                       
0     0000a3c2  _eMBFuncWriteHoldingRegister            
0     0000a6af  _eMBFuncWriteMultipleCoils              
0     0000a3d7  _eMBFuncWriteMultipleHoldingRegister    
0     0000abdb  _eMBPoll                                
0     0000993c  _eMBRTUInit                             
0     000098c4  _eMBRTUReceive                          
0     000098ea  _eMBRTUSend                             
0     00009926  _eMBRTUStart                            
0     00009918  _eMBRTUStop                             
0     0000a618  _eMBRegCoilsCB                          
0     0000a67e  _eMBRegHoldingCB                        
0     00009a88  _enable_ePWM4                           
0     0000b234  _epilog_c28x_1                          
0     0000b238  _epilog_c28x_2                          
1     0000cd6c  _epwm1_info                             
0     0000aacf  _epwm1_isr                              
1     0000cd72  _epwm2_info                             
0     0000aaa4  _epwm2_isr                              
1     0000cd78  _epwm3_info                             
0     0000aa79  _epwm3_isr                              
1     0000ce2d  _errno                                  
0     0000b002  _exit                                   
0     0000ab33  _fmax                                   
0     0000ab33  _fmaxf                                  
0     0000aafa  _fmin                                   
0     0000aafa  _fminf                                  
1     0000c400  _g_AppMainInfo                          
1     0000c3c2  _g_pSysInfo                             
1     0000ce00  _g_vcb_list                             
0     0000a428  _local_DINTCH1_ISR                      
0     0000b1b9  _main                                   
0     0000b16c  _memcpy                                 
0     0000b265  _memset                                 
0     0000b188  _prolog_c28x_1                          
0     0000b18c  _prolog_c28x_2                          
0     0000b194  _prolog_c28x_3                          
0     0000af61  _prveMBError2Exception                  
0     00009ffa  _prvvTIMERExpiredISR                    
1     0000cd60  _pxMBFrameCBByteReceived                
1     0000cd66  _pxMBFrameCBReceiveFSMCur               
1     0000cd68  _pxMBFrameCBTransmitFSMCur              
1     0000cd62  _pxMBFrameCBTransmitterEmpty            
1     0000cd64  _pxMBPortCBTimerExpired                 
0     000084dd  _rsvd_ISR                               
1     0000d300  _s_CRCHi                                
1     0000d400  _s_CRCLo                                
0     0000961d  _sciaRxFifoIsr                          
0     000095e6  _sciaTxFifoIsr                          
0     00009579  _scibRxFifoIsr                          
0     0000953c  _scibTxFifoIsr                          
0     000094cd  _scicRxFifoIsr                          
0     00009496  _scicTxFifoIsr                          
0     0000af3b  _serialReceiveOneByteISR                
0     0000af40  _serialSentOneByteISR                   
0     00009967  _spi_init                               
0     00009963  _spi_xmit                               
0     0000b052  _sqrt                                   
0     0000b052  _sqrtf                                  
1     0000c3c6  _t                                      
1     0000c900  _ucRTUBuf                               
1     0000ce24  _ucRegCoilsBuf                          
1     0000ce26  _ucRegDiscreteBuf                       
0     0000afc3  _usMBCRC16                              
1     0000ccd0  _usRegHoldingBuf                        
1     0000d659  _usRegHoldingStart                      
1     0000cdf8  _usRegInputBuf                          
1     0000d658  _usRegInputStart                        
0     0000af11  _vMBPortSerialEnable                    
0     0000973d  _w25q128_write_page_no_erase            
0     00009889  _xMBRTUReceiveFSM                       
0     00009868  _xMBRTUTimerT35Expired                  
0     00009835  _xMBRTUTransmitFSM                      
0     0000af45  _xMBUtilGetBits                         
abs   ffffffff  binit                                   
0     00008000  cinit                                   
0     00000000  code_start                              
abs   ffffffff  etext                                   
abs   ffffffff  pinit                                   


GLOBAL SYMBOLS: SORTED BY Symbol Address 

page  address   name                                    
----  -------   ----                                    
0     00000000  code_start                              
0     00008000  ___cinit__                              
0     00008000  cinit                                   
0     00008161  _DSP28x_usDelay                         
0     00008166  _StartDMACH6                            
0     0000816e  _StartDMACH5                            
0     00008176  _StartDMACH4                            
0     0000817e  _StartDMACH3                            
0     00008186  _StartDMACH2                            
0     0000818e  _StartDMACH1                            
0     00008196  _DMAInitialize                          
0     000081a1  _DMACH6WrapConfig                       
0     000081ab  _DMACH6TransferConfig                   
0     000081b4  _DMACH6ModeConfig                       
0     00008219  _DMACH6BurstConfig                      
0     00008222  _DMACH6AddrConfig                       
0     0000822c  _DMACH5WrapConfig                       
0     00008236  _DMACH5TransferConfig                   
0     0000823f  _DMACH5ModeConfig                       
0     000082a4  _DMACH5BurstConfig                      
0     000082ad  _DMACH5AddrConfig                       
0     000082b7  _DMACH4WrapConfig                       
0     000082c1  _DMACH4TransferConfig                   
0     000082ca  _DMACH4ModeConfig                       
0     0000832f  _DMACH4BurstConfig                      
0     00008338  _DMACH4AddrConfig                       
0     00008342  _DMACH3WrapConfig                       
0     0000834c  _DMACH3TransferConfig                   
0     00008355  _DMACH3ModeConfig                       
0     000083b8  _DMACH3BurstConfig                      
0     000083c1  _DMACH3AddrConfig                       
0     000083cb  _DMACH2WrapConfig                       
0     000083d5  _DMACH2TransferConfig                   
0     000083de  _DMACH2ModeConfig                       
0     00008441  _DMACH2BurstConfig                      
0     0000844a  _DMACH2AddrConfig                       
0     00008454  _DMACH1WrapConfig                       
0     0000845e  _DMACH1TransferConfig                   
0     00008467  _DMACH1ModeConfig                       
0     000084ca  _DMACH1BurstConfig                      
0     000084d3  _DMACH1AddrConfig                       
0     000084dd  _rsvd_ISR                               
0     000084e7  _XINT7_ISR                              
0     000084f1  _XINT6_ISR                              
0     000084fb  _XINT5_ISR                              
0     00008505  _XINT4_ISR                              
0     0000850f  _XINT3_ISR                              
0     00008519  _XINT2_ISR                              
0     00008523  _XINT1_ISR                              
0     0000852d  _WAKEINT_ISR                            
0     00008537  _USER9_ISR                              
0     00008541  _USER8_ISR                              
0     0000854b  _USER7_ISR                              
0     00008555  _USER6_ISR                              
0     0000855f  _USER5_ISR                              
0     00008569  _USER4_ISR                              
0     00008573  _USER3_ISR                              
0     0000857d  _USER2_ISR                              
0     00008587  _USER1_ISR                              
0     00008591  _USER12_ISR                             
0     0000859b  _USER11_ISR                             
0     000085a5  _USER10_ISR                             
0     000085af  _TINT0_ISR                              
0     000085b9  _SPITXINTA_ISR                          
0     000085c3  _SPIRXINTA_ISR                          
0     000085cd  _SEQ2INT_ISR                            
0     000085d7  _SEQ1INT_ISR                            
0     000085e1  _SCITXINTC_ISR                          
0     000085eb  _SCITXINTB_ISR                          
0     000085f5  _SCITXINTA_ISR                          
0     000085ff  _SCIRXINTC_ISR                          
0     00008609  _SCIRXINTB_ISR                          
0     00008613  _SCIRXINTA_ISR                          
0     0000861d  _RTOSINT_ISR                            
0     00008627  _PIE_RESERVED                           
0     00008631  _NMI_ISR                                
0     0000863b  _MXINTB_ISR                             
0     00008645  _MXINTA_ISR                             
0     0000864f  _MRINTB_ISR                             
0     00008659  _MRINTA_ISR                             
0     00008663  _LVF_ISR                                
0     0000866d  _LUF_ISR                                
0     00008677  _INT14_ISR                              
0     00008681  _INT13_ISR                              
0     0000868b  _ILLEGAL_ISR                            
0     00008695  _I2CINT2A_ISR                           
0     0000869f  _I2CINT1A_ISR                           
0     000086a9  _EQEP2_INT_ISR                          
0     000086b3  _EQEP1_INT_ISR                          
0     000086bd  _EPWM6_TZINT_ISR                        
0     000086c7  _EPWM6_INT_ISR                          
0     000086d1  _EPWM5_TZINT_ISR                        
0     000086db  _EPWM5_INT_ISR                          
0     000086e5  _EPWM4_TZINT_ISR                        
0     000086ef  _EPWM4_INT_ISR                          
0     000086f9  _EPWM3_TZINT_ISR                        
0     00008703  _EPWM3_INT_ISR                          
0     0000870d  _EPWM2_TZINT_ISR                        
0     00008717  _EPWM2_INT_ISR                          
0     00008721  _EPWM1_TZINT_ISR                        
0     0000872b  _EPWM1_INT_ISR                          
0     00008735  _EMUINT_ISR                             
0     0000873f  _ECAP6_INT_ISR                          
0     00008749  _ECAP5_INT_ISR                          
0     00008753  _ECAP4_INT_ISR                          
0     0000875d  _ECAP3_INT_ISR                          
0     00008767  _ECAP2_INT_ISR                          
0     00008771  _ECAP1_INT_ISR                          
0     0000877b  _ECAN1INTB_ISR                          
0     00008785  _ECAN1INTA_ISR                          
0     0000878f  _ECAN0INTB_ISR                          
0     00008799  _ECAN0INTA_ISR                          
0     000087a3  _DINTCH6_ISR                            
0     000087ad  _DINTCH5_ISR                            
0     000087b7  _DINTCH4_ISR                            
0     000087c1  _DINTCH3_ISR                            
0     000087cb  _DINTCH2_ISR                            
0     000087d5  _DINTCH1_ISR                            
0     000087df  _DATALOG_ISR                            
0     000087e9  _ADCINT_ISR                             
0     000087f3  _Config_Default_Parameter               
0     000088f7  _APP_Main_Save_SysInfo                  
0     0000895c  _Load_Parameter_From_Flash              
0     000089d6  _Config_PowerOn_Parameter               
0     000089ed  _Clear_All_Fault                        
0     00008a10  _cb1                                    
0     00008a18  _APP_Main_Init                          
0     00008a4a  _BackGroundTask                         
0     00008a76  _ForeGroundTask                         
0     00008aab  _APP_Main_Poll1                         
0     00008ab0  _APP_Main_Poll                          
0     00008ac8  _USART_Callback                         
0     00008b0a  _Uart_Write                             
0     00008b49  _Uart_UnregisterReceiveCharCallback     
0     00008b58  _Uart_SetWriteOverCallback              
0     00008b67  _Uart_RegisterReceiveReadyCharCallback  
0     00008b75  _Uart_RegisterReceiveCharCallback       
0     00008b83  _Uart_Read                              
0     00008b9b  _InitScicGpio                           
0     00008c28  _InitScibGpio                           
0     00008c42  _InitSciaGpio                           
0     00008c5e  _Uart_Init                              
0     00008d52  _Uart_EmptyReadBuffer                   
0     00008d77  _Uart_AvailableBytes                    
0     00008d8f  _BFL_VCB_Relay_Set_As_Switch_No_Ctrl    
0     00008dce  _BFL_VCB_Seurity_Init                   
0     00008e66  _BFL_VCB_Relay_Set_As_Switch_Opened     
0     00008eb9  _BFL_VCB_Set_As_Switch_Opened           
0     00008ec6  _BFL_VCB_Set_As_Switch_No_Ctrl          
0     00008ecb  _BFL_VCB_Relay_Set_As_Switch_Closed     
0     00008f1e  _BFL_VCB_Set_As_Switch_Closed           
0     00008f2c  _BFL_VCB_SW_To_String                   
0     00008f4c  _BFL_VCB_STATE_To_String                
0     00008f5a  _BFL_VCB_Relay_Get_Setting_State        
0     00008f67  _BFL_VCB_Get_Setting_State              
0     00008f74  _BFL_VCB_Get_Actual_State               
0     00008f96  _BFL_VCB_CTRL_STATE_To_String           
0     00008fa9  _average_filter_update                  
0     00008fde  _average_filter_init                    
0     00009000  _InitEPwm3Example                       
0     00009056  _InitEPwm2Example                       
0     000090ac  _InitEPwm1Example                       
0     0000910f  _BFL_SCR_Init                           
0     000091b8  _BFL_SCRT_Pluse_Transmit                
0     00009240  _BFL_SCRR_Have_Signal                   
0     00009281  _B3_Check_Minor_Fault_Exist             
0     000093fc  _B3_Check_SCR_Serious_Fault             
0     00009496  _scicTxFifoIsr                          
0     000094cd  _scicRxFifoIsr                          
0     0000953c  _scibTxFifoIsr                          
0     00009579  _scibRxFifoIsr                          
0     000095e6  _sciaTxFifoIsr                          
0     0000961d  _sciaRxFifoIsr                          
0     00009681  _Flash_ReadSR1                          
0     000096ad  _Flash_Wait_Busy                        
0     000096ca  _Flash_Write_Enable                     
0     000096f7  _CHIP_W25Q128_Erase_One_Sector          
0     0000973d  _w25q128_write_page_no_erase            
0     00009787  _CHIP_W25Q128_Write                     
0     000097e6  _CHIP_W25Q128_Read                      
0     0000982a  _CHIP_W25Q128_Init                      
0     00009835  _xMBRTUTransmitFSM                      
0     00009868  _xMBRTUTimerT35Expired                  
0     00009889  _xMBRTUReceiveFSM                       
0     000098c4  _eMBRTUReceive                          
0     000098ea  _eMBRTUSend                             
0     00009918  _eMBRTUStop                             
0     00009926  _eMBRTUStart                            
0     0000993c  _eMBRTUInit                             
0     00009963  _spi_xmit                               
0     00009967  _spi_init                               
0     00009974  _InitSpiGpio                            
0     00009974  _InitSpiaGpio                           
0     000099a0  _HDL_SPI_WriteRead                      
0     000099f1  _HDL_SPI_Write                          
0     00009a22  _HDL_SPI_Read                           
0     00009a57  _HDL_SPI_Init                           
0     00009a87  __nop                                   
0     00009a88  _enable_ePWM4                           
0     00009a95  _config_ePWM4_to_generate_ADCSOCA_      
0     00009aca  _config_ePWM4_to_generate_ADCSOCA       
0     00009adb  _config_DMA                             
0     00009b18  _config_ADC                             
0     00009b5b  _BFL_Measure_ReadReady                  
0     00009b61  _BFL_Measure_Read                       
0     00009b82  _BFL_Measure_Init                       
0     00009b9f  LL$$DIV                                 
0     00009bdb  LL$$MOD                                 
0     00009c15  ULL$$DIV                                
0     00009c44  ULL$$MOD                                
0     00009ca6  _B3_SysAutoMode_DeltaPoll               
0     00009da5  _ServiceDog                             
0     00009daf  _DisableDog                             
0     00009db7  _InitPll                                
0     00009e04  _InitPeripheralClocks                   
0     00009e6a  _InitSysCtrl                            
0     00009e73  _CsmUnlock                              
0     00009ea1  _B1_Measure_Poll                        
0     00009f5f  _B1_Measure_Init                        
0     00009f96  _B1_VCBStatus_Update                    
0     00009fd0  _B1_VCBStatusGet_Init                   
0     00009fd9  _B1_VCBStatusGet_DeltaPoll              
0     00009ffa  _prvvTIMERExpiredISR                    
0     00009fff  __system_post_cinit                     
0     0000a000  _InitTzGpio                             
0     0000a03d  _InitEPwmSyncGpio                       
0     0000a058  _InitEPwm1Gpio                          
0     0000a06e  _InitEPwm2Gpio                          
0     0000a084  _InitEPwm3Gpio                          
0     0000a09c  _InitEPwm4Gpio                          
0     0000a0b4  _InitEPwm5Gpio                          
0     0000a0ca  _InitEPwm6Gpio                          
0     0000a0e0  _InitEPwmGpio                           
0     0000a0ed  _InitEPwm                               
0     0000a0ee  _HDL_CPU_Time_StopHardTimer             
0     0000a128  _HDL_CPU_Time_StartHardTimer            
0     0000a143  _HDL_CPU_Time_SetCPUTickCallback        
0     0000a147  _HDL_CPU_Time_ResetUsTick               
0     0000a14d  _HDL_CPU_Time_ResetTick                 
0     0000a152  _HDL_CPU_Time_Init                      
0     0000a1a2  _HDL_CPU_Time_GetUsTick                 
0     0000a1a9  _HDL_CPU_Time_GetTick                   
0     0000a1b3  _HDL_CPU_Time_DelayUs                   
0     0000a1c5  _HDL_CPU_Time_DelayMs                   
0     0000a1e8  _B2_CmdCutOffCapacitors_Exec            
0     0000a26b  _B2_CmdCutOffCapacitors_Exec_Solution   
0     0000a2aa  _B1_CapacitanceTemperatureMeasure_Poll  
0     0000a355  _B1_CapacitanceTemperatureMeasure_Init  
0     0000a36d  _eMBFuncReadWriteMultipleHoldingRegister
0     0000a3c2  _eMBFuncWriteHoldingRegister            
0     0000a3d7  _eMBFuncWriteMultipleHoldingRegister    
0     0000a400  _eMBFuncReadHoldingRegister             
0     0000a428  _local_DINTCH1_ISR                      
0     0000a4dc  _BFL_RS485_Take_Bus                     
0     0000a4ea  _BFL_RS485_Write                        
0     0000a500  _BFL_RS485_Take_Bus_RS4852              
0     0000a505  _BFL_RS485_Take_Bus_RS4851              
0     0000a50a  _BFL_RS485_Release_Bus_RS4852           
0     0000a50f  _BFL_RS485_Release_Bus_RS4851           
0     0000a514  _BFL_RS485_Release_Bus                  
0     0000a522  _BFL_RS485_Read                         
0     0000a530  _BFL_RS485_Init                         
0     0000a57b  FD$$ADD                                 
0     0000a618  _eMBRegCoilsCB                          
0     0000a67e  _eMBRegHoldingCB                        
0     0000a6af  _eMBFuncWriteMultipleCoils              
0     0000a6e5  _eMBFuncWriteCoil                       
0     0000a70f  _eMBFuncReadCoils                       
0     0000a743  _cqueue_out                             
0     0000a772  _cqueue_enqueue                         
0     0000a797  _cqueue_dequeue                         
0     0000a7ba  _cqueue_create                          
0     0000a7d2  _cpu_timer2_isr                         
0     0000a812  _cpu_timer1_isr                         
0     0000a826  _cpu_timer0_isr                         
0     0000a860  FD$$DIV                                 
0     0000a8eb  FS$$DIV                                 
0     0000a981  _B2_CmdBypassCapacitors_Exec            
0     0000a9f6  FD$$MPY                                 
0     0000aa79  _epwm3_isr                              
0     0000aaa4  _epwm2_isr                              
0     0000aacf  _epwm1_isr                              
0     0000aafa  _fmin                                   
0     0000aafa  _fminf                                  
0     0000ab33  _fmax                                   
0     0000ab33  _fmaxf                                  
0     0000ab6f  _B2_CmdMakeCapacitorsWork_Exec          
0     0000abdb  _eMBPoll                                
0     0000ac35  _BFL_Buzz_Toggle                        
0     0000ac3a  _BFL_Buzz_SetTrigLevel                  
0     0000ac3e  _BFL_Buzz_On                            
0     0000ac4d  _BFL_Buzz_Off                           
0     0000ac5c  _BFL_Buzz_IsOff                         
0     0000ac6e  _BFL_Buzz_Init                          
0     0000ac8e  _CANA_ISR                               
0     0000ace7  _c_int00                                
0     0000ad3d  _eMBFuncReadDiscreteInputs              
0     0000ad8f  _BFL_Button_IsPressed                   
0     0000ad99  _BFL_Button_Init                        
0     0000adda  _BFL_DebugPin_Toggle                    
0     0000ade8  _BFL_DebugPin_Set                       
0     0000adf6  _BFL_DebugPin_Reset                     
0     0000ae04  _BFL_DebugPin_Init                      
0     0000ae23  _B1_ModbusRTUSlaver_Poll                
0     0000ae31  _B1_ModbusRTUSlaver_Init                
0     0000ae68  _eMBFuncReadInputRegister               
0     0000aea4  _B1_SysModeGet_Init                     
0     0000aea7  _B1_SysModeGet_DeltaPoll                
0     0000aedc  _InitCpuTimers                          
0     0000af11  _vMBPortSerialEnable                    
0     0000af33  _EnterCriticalSection                   
0     0000af37  _ExitCriticalSection                    
0     0000af3b  _serialReceiveOneByteISR                
0     0000af40  _serialSentOneByteISR                   
0     0000af45  _xMBUtilGetBits                         
0     0000af61  _prveMBError2Exception                  
0     0000af6f  FD$$CMP                                 
0     0000af99  L$$DIV                                  
0     0000afa8  L$$MOD                                  
0     0000afb6  UL$$DIV                                 
0     0000afbd  UL$$MOD                                 
0     0000afc3  _usMBCRC16                              
0     0000afec  _InitAdc                                
0     0000b000  C$$EXIT                                 
0     0000b000  _abort                                  
0     0000b002  _exit                                   
0     0000b029  _InitPieCtrl                            
0     0000b048  _EnableInterrupts                       
0     0000b052  _sqrt                                   
0     0000b052  _sqrtf                                  
0     0000b079  _copy_in                                
0     0000b09d  FD$$TOI                                 
0     0000b0be  FD$$TOL                                 
0     0000b0dd  LL$$CMP                                 
0     0000b0ef  ULL$$CMP                                
0     0000b0fb  I$$TOFD                                 
0     0000b118  _async_delay                            
0     0000b134  FS$$TOFD                                
0     0000b150  L$$TOFD                                 
0     0000b16c  _memcpy                                 
0     0000b188  _prolog_c28x_1                          
0     0000b18c  _prolog_c28x_2                          
0     0000b194  _prolog_c28x_3                          
0     0000b1a1  LL$$AND                                 
0     0000b1a9  LL$$OR                                  
0     0000b1b1  LL$$XOR                                 
0     0000b1b9  _main                                   
0     0000b1cd  _CRC16_Modbus                           
0     0000b1e0  _eMBFuncReportSlaveID                   
0     0000b1f2  __args_main                             
0     0000b204  _InitPieVectTable                       
0     0000b215  _CheckConditionDurationMet              
0     0000b226  FD$$SUB                                 
0     0000b234  _epilog_c28x_1                          
0     0000b238  _epilog_c28x_2                          
0     0000b240  U$$DIV                                  
0     0000b245  U$$MOD                                  
0     0000b24b  _B3_SysManualMode_DeltaPoll             
0     0000b254  FD$$NEG                                 
0     0000b265  _memset                                 
0     0000b26c  __system_pre_init                       
0     00380080  _ADC_cal                                
1     00000400  __stack                                 
1     00000800  __STACK_END                             
1     00000880  _DevEmuRegs                             
1     00000a80  _FlashRegs                              
1     00000ae0  _CsmRegs                                
1     00000b00  _AdcMirror                              
1     00000b20  _XintfRegs                              
1     00000c00  _CpuTimer0Regs                          
1     00000c08  _CpuTimer1Regs                          
1     00000c10  _CpuTimer2Regs                          
1     00000ce0  _PieCtrlRegs                            
1     00000d00  _PieVectTable                           
1     00001000  _DmaRegs                                
1     00005000  _McbspaRegs                             
1     00005040  _McbspbRegs                             
1     00006000  _ECanaRegs                              
1     00006040  _ECanaLAMRegs                           
1     00006080  _ECanaMOTSRegs                          
1     000060c0  _ECanaMOTORegs                          
1     00006100  _ECanaMboxes                            
1     00006200  _ECanbRegs                              
1     00006240  _ECanbLAMRegs                           
1     00006280  _ECanbMOTSRegs                          
1     000062c0  _ECanbMOTORegs                          
1     00006300  _ECanbMboxes                            
1     00006800  _EPwm1Regs                              
1     00006840  _EPwm2Regs                              
1     00006880  _EPwm3Regs                              
1     000068c0  _EPwm4Regs                              
1     00006900  _EPwm5Regs                              
1     00006940  _EPwm6Regs                              
1     00006a00  _ECap1Regs                              
1     00006a20  _ECap2Regs                              
1     00006a40  _ECap3Regs                              
1     00006a60  _ECap4Regs                              
1     00006a80  _ECap5Regs                              
1     00006aa0  _ECap6Regs                              
1     00006b00  _EQep1Regs                              
1     00006b40  _EQep2Regs                              
1     00006f80  _GpioCtrlRegs                           
1     00006fc0  _GpioDataRegs                           
1     00006fe0  _GpioIntRegs                            
1     00007010  _SysCtrlRegs                            
1     00007040  _SpiaRegs                               
1     00007050  _SciaRegs                               
1     00007070  _XIntruptRegs                           
1     00007100  _AdcRegs                                
1     00007750  _ScibRegs                               
1     00007770  _ScicRegs                               
1     00007900  _I2caRegs                               
1     0000c000  _DMABuf1                                
1     0000c3c2  _g_pSysInfo                             
1     0000c3c4  _cnt                                    
1     0000c3c6  _t                                      
1     0000c400  _g_AppMainInfo                          
1     0000c900  _ucRTUBuf                               
1     0000cac0  __gCOMList                              
1     0000cb76  _can_rx_msg                             
1     0000ccd0  _usRegHoldingBuf                        
1     0000cd60  _pxMBFrameCBByteReceived                
1     0000cd62  _pxMBFrameCBTransmitterEmpty            
1     0000cd64  _pxMBPortCBTimerExpired                 
1     0000cd66  _pxMBFrameCBReceiveFSMCur               
1     0000cd68  _pxMBFrameCBTransmitFSMCur              
1     0000cd6c  _epwm1_info                             
1     0000cd72  _epwm2_info                             
1     0000cd78  _epwm3_info                             
1     0000cd7e  __lock                                  
1     0000cdc0  _CpuTimer0                              
1     0000cdc8  _CpuTimer1                              
1     0000cdd0  _CpuTimer2                              
1     0000cdf8  _usRegInputBuf                          
1     0000ce00  _g_vcb_list                             
1     0000ce0c  _DMADest                                
1     0000ce0e  _DMASource                              
1     0000ce1c  ___TI_enable_exit_profile_output        
1     0000ce1e  ___TI_cleanup_ptr                       
1     0000ce20  ___TI_dtors_ptr                         
1     0000ce22  __unlock                                
1     0000ce24  _ucRegCoilsBuf                          
1     0000ce26  _ucRegDiscreteBuf                       
1     0000ce2d  _errno                                  
1     0000d200  _PieVectTableInit                       
1     0000d300  _s_CRCHi                                
1     0000d400  _s_CRCLo                                
1     0000d658  _usRegInputStart                        
1     0000d659  _usRegHoldingStart                      
1     0033fff8  _CsmPwl                                 
1     00380090  _PartIdRegs                             
abs   00000400  __STACK_SIZE                            
abs   ffffffff  .text                                   
abs   ffffffff  ___TI_pprof_out_hndl                    
abs   ffffffff  ___TI_prof_data_size                    
abs   ffffffff  ___TI_prof_data_start                   
abs   ffffffff  ___binit__                              
abs   ffffffff  ___c_args__                             
abs   ffffffff  ___etext__                              
abs   ffffffff  ___pinit__                              
abs   ffffffff  ___text__                               
abs   ffffffff  binit                                   
abs   ffffffff  etext                                   
abs   ffffffff  pinit                                   

[464 symbols]
