******************************************************************************
             TMS320C2000 Linker PC v22.6.1                     
******************************************************************************
>> Linked Fri May 24 23:34:47 2024

OUTPUT FILE NAME:   <Example_2833xCpuTimer.out>
ENTRY POINT SYMBOL: "code_start"  address: 0033fff6


MEMORY CONFIGURATION

         name            origin    length      used     unused   attr    fill
----------------------  --------  ---------  --------  --------  ----  --------
PAGE 0:
  ZONE0                 00004000   00001000  00000000  00001000  RWIX
  RAML0                 00008000   00001000  000001a4  00000e5c  RWIX
  RAML1                 00009000   00001000  00000000  00001000  RWIX
  RAML2                 0000a000   00001000  00000000  00001000  RWIX
  RAML3                 0000b000   00001000  00000000  00001000  RWIX
  ZONE6                 00100000   00100000  00000000  00100000  RWIX
  ZONE7A                00200000   0000fc00  00000000  0000fc00  RWIX
  FLASHH                00300000   00008000  00000000  00008000  RWIX
  FLASHG                00308000   00008000  00000000  00008000  RWIX
  FLASHF                00310000   00008000  00000000  00008000  RWIX
  FLASHE                00318000   00008000  00000000  00008000  RWIX
  FLASHD                00320000   00008000  000001a4  00007e5c  RWIX
  FLASHC                00328000   00008000  00000000  00008000  RWIX
  FLASHA                00338000   00007f80  00003ed4  000040ac  RWIX
  CSM_RSVD              0033ff80   00000076  00000000  00000076  RWIX
  BEGIN                 0033fff6   00000002  00000002  00000000  RWIX
  CSM_PWL               0033fff8   00000008  00000000  00000008  RWIX
  ADC_CAL               00380080   00000009  00000007  00000002  RWIX
  OTP                   00380400   00000400  00000000  00000400  RWIX
  IQTABLES              003fe000   00000b50  00000000  00000b50  RWIX
  IQTABLES2             003feb50   0000008c  00000000  0000008c  RWIX
  FPUTABLES             003febdc   000006a0  00000000  000006a0  RWIX
  ROM                   003ff27c   00000d44  00000000  00000d44  RWIX
  RESET                 003fffc0   00000002  00000000  00000002  RWIX
  VECTORS               003fffc2   0000003e  00000000  0000003e  RWIX

PAGE 1:
  BOOT_RSVD             00000000   00000050  00000000  00000050  RWIX
  RAMM0                 00000050   000003b0  00000000  000003b0  RWIX
  RAMM1                 00000400   00000400  00000400  00000000  RWIX
  DEV_EMU               00000880   00000180  000000d0  000000b0  RWIX
  FLASH_REGS            00000a80   00000060  00000008  00000058  RWIX
  CSM                   00000ae0   00000010  00000010  00000000  RWIX
  ADC_MIRROR            00000b00   00000010  00000010  00000000  RWIX
  XINTF                 00000b20   00000020  0000001e  00000002  RWIX
  CPU_TIMER0            00000c00   00000008  00000008  00000000  RWIX
  CPU_TIMER1            00000c08   00000008  00000008  00000000  RWIX
  CPU_TIMER2            00000c10   00000008  00000008  00000000  RWIX
  PIE_CTRL              00000ce0   00000020  0000001a  00000006  RWIX
  PIE_VECT              00000d00   00000100  00000100  00000000  RWIX
  DMA                   00001000   00000200  000000e0  00000120  RWIX
  MCBSPA                00005000   00000040  00000025  0000001b  RWIX
  MCBSPB                00005040   00000040  00000025  0000001b  RWIX
  ECANA                 00006000   00000040  00000034  0000000c  RWIX
  ECANA_LAM             00006040   00000040  00000040  00000000  RWIX
  ECANA_MOTS            00006080   00000040  00000040  00000000  RWIX
  ECANA_MOTO            000060c0   00000040  00000040  00000000  RWIX
  ECANA_MBOX            00006100   00000100  00000100  00000000  RWIX
  ECANB                 00006200   00000040  00000034  0000000c  RWIX
  ECANB_LAM             00006240   00000040  00000040  00000000  RWIX
  ECANB_MOTS            00006280   00000040  00000040  00000000  RWIX
  ECANB_MOTO            000062c0   00000040  00000040  00000000  RWIX
  ECANB_MBOX            00006300   00000100  00000100  00000000  RWIX
  EPWM1                 00006800   00000022  00000022  00000000  RWIX
  EPWM2                 00006840   00000022  00000022  00000000  RWIX
  EPWM3                 00006880   00000022  00000022  00000000  RWIX
  EPWM4                 000068c0   00000022  00000022  00000000  RWIX
  EPWM5                 00006900   00000022  00000022  00000000  RWIX
  EPWM6                 00006940   00000022  00000022  00000000  RWIX
  ECAP1                 00006a00   00000020  00000020  00000000  RWIX
  ECAP2                 00006a20   00000020  00000020  00000000  RWIX
  ECAP3                 00006a40   00000020  00000020  00000000  RWIX
  ECAP4                 00006a60   00000020  00000020  00000000  RWIX
  ECAP5                 00006a80   00000020  00000020  00000000  RWIX
  ECAP6                 00006aa0   00000020  00000020  00000000  RWIX
  EQEP1                 00006b00   00000040  00000040  00000000  RWIX
  EQEP2                 00006b40   00000040  00000040  00000000  RWIX
  GPIOCTRL              00006f80   00000040  0000002e  00000012  RWIX
  GPIODAT               00006fc0   00000020  00000020  00000000  RWIX
  GPIOINT               00006fe0   00000020  0000000a  00000016  RWIX
  SYSTEM                00007010   00000020  00000020  00000000  RWIX
  SPIA                  00007040   00000010  00000010  00000000  RWIX
  SCIA                  00007050   00000010  00000010  00000000  RWIX
  XINTRUPT              00007070   00000010  00000010  00000000  RWIX
  ADC                   00007100   00000020  0000001e  00000002  RWIX
  SCIB                  00007750   00000010  00000010  00000000  RWIX
  SCIC                  00007770   00000010  00000010  00000000  RWIX
  I2CA                  00007900   00000040  00000022  0000001e  RWIX
  RAML4                 0000c000   00001000  00000e9b  00000165  RWIX
  RAML5                 0000d000   00001000  00000000  00001000  RWIX
  RAML6                 0000e000   00001000  00000000  00001000  RWIX
  RAML7                 0000f000   00001000  00000000  00001000  RWIX
  ZONE7B                0020fc00   00000400  00000000  00000400  RWIX
  FLASHB                00330000   00008000  00000000  00008000  RWIX
  CSM_PWL               0033fff8   00000008  00000008  00000000  RWIX
  PARTID                00380090   00000001  00000001  00000000  RWIX


SECTION ALLOCATION MAP

 output                                  attributes/
section   page    origin      length       input sections
--------  ----  ----------  ----------   ----------------
.TI.ramfunc 
*          0    00320000    000001a4     RUN ADDR = 00008000
                  00320000    00000183     BFL_Measure.obj (.TI.ramfunc:retain)
                  00320183    0000001d     DSP2833x_SysCtrl.obj (.TI.ramfunc)
                  003201a0    00000004     DSP2833x_usDelay.obj (.TI.ramfunc)

.cinit     0    0033bd6e    00000166     
                  0033bd6e    00000096     HDL_Uart.obj (.cinit:__gCOMList)
                  0033be04    00000045     <whole-program> (.cinit)
                  0033be49    0000002b     <whole-program> (.cinit:_xFuncHandlers$30)
                  0033be74    0000000e     rts2800_fpu32.lib : exit.c.obj (.cinit)
                  0033be82    0000000d     HDL_CPU_Time.obj (.cinit)
                  0033be8f    00000005     <whole-program> (.cinit:__lock)
                  0033be94    00000005     <whole-program> (.cinit:__unlock)
                  0033be99    00000005     period_query.obj (.cinit:_period_last_exe_tick_table)
                  0033be9e    00000004     BFL_Buzz.obj (.cinit)
                  0033bea2    00000004     BFL_Measure.obj (.cinit)
                  0033bea6    00000004     <whole-program> (.cinit:_g_pageBuf$17)
                  0033beaa    00000004     HDL_Uart.obj (.cinit:_m_Com1RxBuf)
                  0033beae    00000004     HDL_Uart.obj (.cinit:_m_Com1TxBuf)
                  0033beb2    00000004     HDL_Uart.obj (.cinit:_m_Com2RxBuf)
                  0033beb6    00000004     HDL_Uart.obj (.cinit:_m_Com2TxBuf)
                  0033beba    00000004     HDL_Uart.obj (.cinit:_m_Com3RxBuf)
                  0033bebe    00000004     HDL_Uart.obj (.cinit:_m_Com3TxBuf)
                  0033bec2    00000004     <whole-program> (.cinit:_ucRegCoilsBuf)
                  0033bec6    00000004     <whole-program> (.cinit:_ucRegDiscreteBuf)
                  0033beca    00000004     <whole-program> (.cinit:_usRegHoldingBuf)
                  0033bece    00000004     <whole-program> (.cinit:_usRegInputBuf)
                  0033bed2    00000002     --HOLE-- [fill = 0]

DevEmuRegsFile 
*          1    00000880    000000d0     UNINITIALIZED
                  00000880    000000d0     DSP2833x_GlobalVariableDefs.obj (DevEmuRegsFile)

FlashRegsFile 
*          1    00000a80    00000008     UNINITIALIZED
                  00000a80    00000008     DSP2833x_GlobalVariableDefs.obj (FlashRegsFile)

CsmRegsFile 
*          1    00000ae0    00000010     UNINITIALIZED
                  00000ae0    00000010     DSP2833x_GlobalVariableDefs.obj (CsmRegsFile)

AdcMirrorFile 
*          1    00000b00    00000010     UNINITIALIZED
                  00000b00    00000010     DSP2833x_GlobalVariableDefs.obj (AdcMirrorFile)

XintfRegsFile 
*          1    00000b20    0000001e     UNINITIALIZED
                  00000b20    0000001e     DSP2833x_GlobalVariableDefs.obj (XintfRegsFile)

CpuTimer0RegsFile 
*          1    00000c00    00000008     UNINITIALIZED
                  00000c00    00000008     DSP2833x_GlobalVariableDefs.obj (CpuTimer0RegsFile)

CpuTimer1RegsFile 
*          1    00000c08    00000008     UNINITIALIZED
                  00000c08    00000008     DSP2833x_GlobalVariableDefs.obj (CpuTimer1RegsFile)

CpuTimer2RegsFile 
*          1    00000c10    00000008     UNINITIALIZED
                  00000c10    00000008     DSP2833x_GlobalVariableDefs.obj (CpuTimer2RegsFile)

PieCtrlRegsFile 
*          1    00000ce0    0000001a     UNINITIALIZED
                  00000ce0    0000001a     DSP2833x_GlobalVariableDefs.obj (PieCtrlRegsFile)

PieVectTableFile 
*          1    00000d00    00000100     UNINITIALIZED
                  00000d00    00000100     DSP2833x_GlobalVariableDefs.obj (PieVectTableFile)

DmaRegsFile 
*          1    00001000    000000e0     UNINITIALIZED
                  00001000    000000e0     DSP2833x_GlobalVariableDefs.obj (DmaRegsFile)

McbspaRegsFile 
*          1    00005000    00000025     UNINITIALIZED
                  00005000    00000025     DSP2833x_GlobalVariableDefs.obj (McbspaRegsFile)

McbspbRegsFile 
*          1    00005040    00000025     UNINITIALIZED
                  00005040    00000025     DSP2833x_GlobalVariableDefs.obj (McbspbRegsFile)

ECanaRegsFile 
*          1    00006000    00000034     UNINITIALIZED
                  00006000    00000034     DSP2833x_GlobalVariableDefs.obj (ECanaRegsFile)

ECanaLAMRegsFile 
*          1    00006040    00000040     UNINITIALIZED
                  00006040    00000040     DSP2833x_GlobalVariableDefs.obj (ECanaLAMRegsFile)

ECanaMOTSRegsFile 
*          1    00006080    00000040     UNINITIALIZED
                  00006080    00000040     DSP2833x_GlobalVariableDefs.obj (ECanaMOTSRegsFile)

ECanaMOTORegsFile 
*          1    000060c0    00000040     UNINITIALIZED
                  000060c0    00000040     DSP2833x_GlobalVariableDefs.obj (ECanaMOTORegsFile)

ECanaMboxesFile 
*          1    00006100    00000100     UNINITIALIZED
                  00006100    00000100     DSP2833x_GlobalVariableDefs.obj (ECanaMboxesFile)

ECanbRegsFile 
*          1    00006200    00000034     UNINITIALIZED
                  00006200    00000034     DSP2833x_GlobalVariableDefs.obj (ECanbRegsFile)

ECanbLAMRegsFile 
*          1    00006240    00000040     UNINITIALIZED
                  00006240    00000040     DSP2833x_GlobalVariableDefs.obj (ECanbLAMRegsFile)

ECanbMOTSRegsFile 
*          1    00006280    00000040     UNINITIALIZED
                  00006280    00000040     DSP2833x_GlobalVariableDefs.obj (ECanbMOTSRegsFile)

ECanbMOTORegsFile 
*          1    000062c0    00000040     UNINITIALIZED
                  000062c0    00000040     DSP2833x_GlobalVariableDefs.obj (ECanbMOTORegsFile)

ECanbMboxesFile 
*          1    00006300    00000100     UNINITIALIZED
                  00006300    00000100     DSP2833x_GlobalVariableDefs.obj (ECanbMboxesFile)

EPwm1RegsFile 
*          1    00006800    00000022     UNINITIALIZED
                  00006800    00000022     DSP2833x_GlobalVariableDefs.obj (EPwm1RegsFile)

EPwm2RegsFile 
*          1    00006840    00000022     UNINITIALIZED
                  00006840    00000022     DSP2833x_GlobalVariableDefs.obj (EPwm2RegsFile)

EPwm3RegsFile 
*          1    00006880    00000022     UNINITIALIZED
                  00006880    00000022     DSP2833x_GlobalVariableDefs.obj (EPwm3RegsFile)

EPwm4RegsFile 
*          1    000068c0    00000022     UNINITIALIZED
                  000068c0    00000022     DSP2833x_GlobalVariableDefs.obj (EPwm4RegsFile)

EPwm5RegsFile 
*          1    00006900    00000022     UNINITIALIZED
                  00006900    00000022     DSP2833x_GlobalVariableDefs.obj (EPwm5RegsFile)

EPwm6RegsFile 
*          1    00006940    00000022     UNINITIALIZED
                  00006940    00000022     DSP2833x_GlobalVariableDefs.obj (EPwm6RegsFile)

ECap1RegsFile 
*          1    00006a00    00000020     UNINITIALIZED
                  00006a00    00000020     DSP2833x_GlobalVariableDefs.obj (ECap1RegsFile)

ECap2RegsFile 
*          1    00006a20    00000020     UNINITIALIZED
                  00006a20    00000020     DSP2833x_GlobalVariableDefs.obj (ECap2RegsFile)

ECap3RegsFile 
*          1    00006a40    00000020     UNINITIALIZED
                  00006a40    00000020     DSP2833x_GlobalVariableDefs.obj (ECap3RegsFile)

ECap4RegsFile 
*          1    00006a60    00000020     UNINITIALIZED
                  00006a60    00000020     DSP2833x_GlobalVariableDefs.obj (ECap4RegsFile)

ECap5RegsFile 
*          1    00006a80    00000020     UNINITIALIZED
                  00006a80    00000020     DSP2833x_GlobalVariableDefs.obj (ECap5RegsFile)

ECap6RegsFile 
*          1    00006aa0    00000020     UNINITIALIZED
                  00006aa0    00000020     DSP2833x_GlobalVariableDefs.obj (ECap6RegsFile)

EQep1RegsFile 
*          1    00006b00    00000040     UNINITIALIZED
                  00006b00    00000040     DSP2833x_GlobalVariableDefs.obj (EQep1RegsFile)

EQep2RegsFile 
*          1    00006b40    00000040     UNINITIALIZED
                  00006b40    00000040     DSP2833x_GlobalVariableDefs.obj (EQep2RegsFile)

GpioCtrlRegsFile 
*          1    00006f80    0000002e     UNINITIALIZED
                  00006f80    0000002e     DSP2833x_GlobalVariableDefs.obj (GpioCtrlRegsFile)

GpioDataRegsFile 
*          1    00006fc0    00000020     UNINITIALIZED
                  00006fc0    00000020     DSP2833x_GlobalVariableDefs.obj (GpioDataRegsFile)

GpioIntRegsFile 
*          1    00006fe0    0000000a     UNINITIALIZED
                  00006fe0    0000000a     DSP2833x_GlobalVariableDefs.obj (GpioIntRegsFile)

SysCtrlRegsFile 
*          1    00007010    00000020     UNINITIALIZED
                  00007010    00000020     DSP2833x_GlobalVariableDefs.obj (SysCtrlRegsFile)

SpiaRegsFile 
*          1    00007040    00000010     UNINITIALIZED
                  00007040    00000010     DSP2833x_GlobalVariableDefs.obj (SpiaRegsFile)

SciaRegsFile 
*          1    00007050    00000010     UNINITIALIZED
                  00007050    00000010     DSP2833x_GlobalVariableDefs.obj (SciaRegsFile)

XIntruptRegsFile 
*          1    00007070    00000010     UNINITIALIZED
                  00007070    00000010     DSP2833x_GlobalVariableDefs.obj (XIntruptRegsFile)

AdcRegsFile 
*          1    00007100    0000001e     UNINITIALIZED
                  00007100    0000001e     DSP2833x_GlobalVariableDefs.obj (AdcRegsFile)

ScibRegsFile 
*          1    00007750    00000010     UNINITIALIZED
                  00007750    00000010     DSP2833x_GlobalVariableDefs.obj (ScibRegsFile)

ScicRegsFile 
*          1    00007770    00000010     UNINITIALIZED
                  00007770    00000010     DSP2833x_GlobalVariableDefs.obj (ScicRegsFile)

I2caRegsFile 
*          1    00007900    00000022     UNINITIALIZED
                  00007900    00000022     DSP2833x_GlobalVariableDefs.obj (I2caRegsFile)

CsmPwlFile 
*          1    0033fff8    00000008     UNINITIALIZED
                  0033fff8    00000008     DSP2833x_GlobalVariableDefs.obj (CsmPwlFile)

PartIdRegsFile 
*          1    00380090    00000001     UNINITIALIZED
                  00380090    00000001     DSP2833x_GlobalVariableDefs.obj (PartIdRegsFile)

.pinit     0    00338000    00000000     UNINITIALIZED

.text      0    00338000    000037a4     
                  00338000    0000059c     B1_ModbusRTUSlaver.obj (.text)
                  0033859c    00000383     DSP2833x_DMA.obj (.text)
                  0033891f    00000001     rts2800_fpu32.lib : _lock.c.obj (.text)
                  00338920    0000035d     APP_Main.obj (.text)
                  00338c7d    00000316     DSP2833x_DefaultIsr.obj (.text:retain)
                  00338f93    000002e7     HDL_Uart.obj (.text)
                  0033927a    0000028e     BFL_SCR.obj (.text)
                  00339508    0000021b     BFL_VCB.obj (.text)
                  00339723    000001fa     HDL_Uart.obj (.text:retain)
                  0033991d    000001f9     B3_FaultDetect.obj (.text)
                  00339b16    0000016a     CHIP_W25Q128.obj (.text)
                  00339c80    00000137     mbcb.obj (.text)
                  00339db7    0000012d     mbrtu.obj (.text)
                  00339ee4    0000012b     HDL_SPI.obj (.text)
                  0033a00f    00000001     rts2800_fpu32.lib : startup.c.obj (.text)
                  0033a010    00000124     BFL_Measure.obj (.text)
                  0033a134    00000107     rts2800_fpu32.lib : ll_div28.asm.obj (.text)
                  0033a23b    000000fc     DSP2833x_SysCtrl.obj (.text)
                  0033a337    000000f4     B3_SysAutoMode.obj (.text)
                  0033a42b    000000ee     DSP2833x_EPwm.obj (.text)
                  0033a519    000000e9     HDL_CPU_Time.obj (.text)
                  0033a602    000000d2     cqueue.obj (.text)
                  0033a6d4    000000cd     B2_CmdCutOffCapacitors.obj (.text)
                  0033a7a1    000000c7     mbcrc.obj (.text)
                  0033a868    000000c3     B1_Measure.obj (.text)
                  0033a92b    000000c0     mbfuncholding.obj (.text)
                  0033a9eb    000000a1     BFL_RS485.obj (.text)
                  0033aa8c    0000009c     rts2800_fpu32.lib : fd_add28.asm.obj (.text)
                  0033ab28    00000095     mbfunccoils.obj (.text)
                  0033abbd    00000090     B1_CapacitanceTemperatureMeasure.obj (.text)
                  0033ac4d    00000090     mbfuncinput.obj (.text)
                  0033acdd    0000008e     HDL_CPU_Time.obj (.text:retain)
                  0033ad6b    0000008b     rts2800_fpu32.lib : fd_div28.asm.obj (.text)
                  0033adf6    00000088                       : fs_div28.asm.obj (.text)
                  0033ae7e    00000083                       : fd_mpy28.asm.obj (.text)
                  0033af01    00000081     BFL_SCR.obj (.text:retain)
                  0033af82    0000007b     B2_CmdBypassCapacitors.obj (.text)
                  0033affd    0000007a     B2_CmdMakeCapacitorsWork.obj (.text)
                  0033b077    00000077     average_filter.obj (.text)
                  0033b0ee    00000072     rts2800_fpu32.lib : ti_fmax.c.obj (.text)
                  0033b160    0000005e     mb.obj (.text)
                  0033b1be    00000059     BFL_Buzz.obj (.text)
                  0033b217    00000059     HDL_CAN.obj (.text:retain)
                  0033b270    00000056     rts2800_fpu32.lib : boot28.asm.obj (.text)
                  0033b2c6    0000004d     crc.obj (.text)
                  0033b313    0000004b     BFL_Button.obj (.text)
                  0033b35e    00000049     BFL_DebugPin.obj (.text)
                  0033b3a7    00000048     mbfuncdisc.obj (.text)
                  0033b3ef    00000048     period_query.obj (.text)
                  0033b437    00000035     DSP2833x_CpuTimers.obj (.text)
                  0033b46c    00000034     portserial.obj (.text)
                  0033b4a0    00000030     B1_VCBStatusGet.obj (.text)
                  0033b4d0    0000002a     mbutils.obj (.text)
                  0033b4fa    0000002a     rts2800_fpu32.lib : fd_cmp28.asm.obj (.text)
                  0033b524    0000002a                       : l_div28.asm.obj (.text)
                  0033b54e    00000029                       : exit.c.obj (.text)
                  0033b577    00000028     DSP2833x_PieCtrl.obj (.text)
                  0033b59f    00000001     --HOLE-- [fill = 0]
                  0033b5a0    00000027     rts2800_fpu32.lib : e_sqrtf.c.obj (.text)
                  0033b5c7    00000024                       : cpy_tbl.c.obj (.text)
                  0033b5eb    00000021                       : fd_toi28.asm.obj (.text)
                  0033b60c    00000020     main.obj (.text)
                  0033b62c    0000001f     rts2800_fpu32.lib : fd_tol28.asm.obj (.text)
                  0033b64b    0000001e     async_delay.obj (.text)
                  0033b669    0000001e     rts2800_fpu32.lib : ll_cmp28.asm.obj (.text)
                  0033b687    0000001d                       : i_tofd28.asm.obj (.text)
                  0033b6a4    0000001d                       : memcpy.c.obj (.text)
                  0033b6c1    0000001c                       : fs_tofdfpu32.asm.obj (.text)
                  0033b6dd    0000001c                       : l_tofd28.asm.obj (.text)
                  0033b6f9    00000018                       : ll_aox28.asm.obj (.text)
                  0033b711    00000014     DSP2833x_Adc.obj (.text)
                  0033b725    00000012     mbfuncother.obj (.text)
                  0033b737    00000012     rts2800_fpu32.lib : args_main.c.obj (.text)
                  0033b749    00000012     state_duration_timer.obj (.text)
                  0033b75b    00000011     DSP2833x_PieVect.obj (.text)
                  0033b76c    0000000e     rts2800_fpu32.lib : fd_sub28.asm.obj (.text)
                  0033b77a    0000000b                       : u_div28.asm.obj (.text)
                  0033b785    00000009                       : fd_neg28.asm.obj (.text)
                  0033b78e    00000008     DSP2833x_CodeStartBranch.obj (.text)
                  0033b796    00000007     rts2800_fpu32.lib : memset.c.obj (.text)
                  0033b79d    00000005     porttimer.obj (.text)
                  0033b7a2    00000002     rts2800_fpu32.lib : pre_init.c.obj (.text)

codestart 
*          0    0033fff6    00000002     
                  0033fff6    00000002     DSP2833x_CodeStartBranch.obj (codestart)

.stack     1    00000400    00000400     UNINITIALIZED
                  00000400    00000400     --HOLE--

.ebss      1    0000c000    00000adb     UNINITIALIZED
                  0000c000    00000340     APP_Main.obj (.ebss)
                  0000c340    00000100     CHIP_W25Q128.obj (.ebss:_g_pageBuf$17)
                  0000c440    00000100     HDL_Uart.obj (.ebss:_m_Com2TxBuf)
                  0000c540    00000100     mbrtu.obj (.ebss:_ucRTUBuf)
                  0000c640    000000a0     BFL_Measure.obj (.ebss:_AdcVoltRMSFilterBuf)
                  0000c6e0    00000020     HDL_Uart.obj (.ebss:_m_Com1TxBuf)
                  0000c700    00000096     HDL_Uart.obj (.ebss:__gCOMList)
                  0000c796    00000020     HDL_Uart.obj (.ebss:_m_Com3TxBuf)
                  0000c7b6    0000000a     HDL_CAN.obj (.ebss)
                  0000c7c0    00000080     BFL_Measure.obj (.ebss:_AdcVoltRMSFilter)
                  0000c840    00000050     HDL_Uart.obj (.ebss:_m_Com1RxBuf)
                  0000c890    00000020     mbfuncother.obj (.ebss:_ucMBSlaveID$28)
                  0000c8b0    00000010     BFL_Measure.obj (.ebss:_AdcAvg)
                  0000c8c0    00000050     HDL_Uart.obj (.ebss:_m_Com2RxBuf)
                  0000c910    0000001c     mb.obj (.ebss)
                  0000c92c    00000012     BFL_SCR.obj (.ebss)
                  0000c93e    00000002     B1_CapacitanceTemperatureMeasure.obj (.ebss)
                  0000c940    00000050     HDL_Uart.obj (.ebss:_m_Com3RxBuf)
                  0000c990    00000018     DSP2833x_CpuTimers.obj (.ebss)
                  0000c9a8    00000016     period_query.obj (.ebss:_period_last_exe_tick_table)
                  0000c9be    00000002     rts2800_fpu32.lib : _lock.c.obj (.ebss:__lock)
                  0000c9c0    00000040     mb.obj (.ebss:_xFuncHandlers$30)
                  0000ca00    0000003c     mbcb.obj (.ebss:_usRegHoldingBuf)
                  0000ca3c    00000004     B1_ModbusRTUSlaver.obj (.ebss)
                  0000ca40    0000003c     mbcb.obj (.ebss:_usRegInputBuf)
                  0000ca7c    00000002     rts2800_fpu32.lib : _lock.c.obj (.ebss:__unlock)
                  0000ca7e    00000002     mbcb.obj (.ebss:_ucRegCoilsBuf)
                  0000ca80    00000010     BFL_Measure.obj (.ebss:_AdcRMS)
                  0000ca90    00000010     BFL_Measure.obj (.ebss:_AdcVoltAvg)
                  0000caa0    00000010     BFL_Measure.obj (.ebss:_AdcVoltRMS)
                  0000cab0    0000000a     BFL_VCB.obj (.ebss:_g_vcb_list)
                  0000caba    00000006     BFL_Measure.obj (.ebss)
                  0000cac0    00000006     HDL_CPU_Time.obj (.ebss)
                  0000cac6    00000006     mbrtu.obj (.ebss)
                  0000cacc    00000006     rts2800_fpu32.lib : exit.c.obj (.ebss)
                  0000cad2    00000002     mbcb.obj (.ebss:_ucRegDiscreteBuf)
                  0000cad4    00000002     portevent.obj (.ebss)
                  0000cad6    00000001     BFL_Buzz.obj (.ebss)
                  0000cad7    00000001     mbcb.obj (.ebss)
                  0000cad8    00000001     mbfuncother.obj (.ebss)
                  0000cad9    00000001     porttimer.obj (.ebss)
                  0000cada    00000001     rts2800_fpu32.lib : errno.c.obj (.ebss)

.econst    0    0033b7a4    000005ca     
                  0033b7a4    00000100     mbcrc.obj (.econst:.string:_aucCRCHi$35)
                  0033b8a4    00000100     mbcrc.obj (.econst:.string:_aucCRCLo$35)
                  0033b9a4    00000100     DSP2833x_PieVect.obj (.econst:_PieVectTableInit)
                  0033baa4    00000100     crc.obj (.econst:_s_CRCHi)
                  0033bba4    00000100     crc.obj (.econst:_s_CRCLo)
                  0033bca4    0000005b     BFL_VCB.obj (.econst:.string)
                  0033bcff    00000001     CHIP_W25Q128.obj (.econst:_$P$T2$3$17)
                  0033bd00    00000026     rts2800_fpu32.lib : _printfi.c.obj (.econst:.string)
                  0033bd26    0000001c                       : _printfi.c.obj (.econst)
                  0033bd42    00000010     <whole-program> (.econst)
                  0033bd52    00000008     B1_CapacitanceTemperatureMeasure.obj (.econst:_request_cmd$3)
                  0033bd5a    00000006     CHIP_W25Q128.obj (.econst:_$P$T5$6$17)
                  0033bd60    00000004     CHIP_W25Q128.obj (.econst:_$P$T4$5$17)
                  0033bd64    00000004     CHIP_W25Q128.obj (.econst:_$P$T6$7$17)
                  0033bd68    00000002     APP_Main.obj (.econst)
                  0033bd6a    00000002     CHIP_W25Q128.obj (.econst:_$P$T0$1$17)
                  0033bd6c    00000002     mbcb.obj (.econst)

DMARAML4   1    0000cb00    000003c0     UNINITIALIZED
                  0000cb00    000003c0     BFL_Measure.obj (DMARAML4)

.reset     0    003fffc0    00000002     DSECT
                  003fffc0    00000002     rts2800_fpu32.lib : boot28.asm.obj (.reset)

vectors    0    003fffc2    00000000     DSECT

.adc_cal   0    00380080    00000007     NOLOAD SECTION
                  00380080    00000007     DSP2833x_ADC_cal.obj (.adc_cal)

MODULE SUMMARY

       Module                                   code    initialized data   uninitialized data
       ------                                   ----    ----------------   ------------------
    .\
       DSP2833x_GlobalVariableDefs.obj          0       0                  2679              
       DSP2833x_DMA.obj                         899     0                  0                 
       DSP2833x_DefaultIsr.obj                  790     0                  0                 
       DSP2833x_SysCtrl.obj                     310     0                  0                 
       DSP2833x_PieVect.obj                     17      256                0                 
       DSP2833x_EPwm.obj                        238     0                  0                 
       DSP2833x_CpuTimers.obj                   53      0                  24                
       DSP2833x_PieCtrl.obj                     40      0                  0                 
       DSP2833x_Adc.obj                         20      0                  0                 
       DSP2833x_CodeStartBranch.obj             10      0                  0                 
       DSP2833x_usDelay.obj                     8       0                  0                 
       DSP2833x_ADC_cal.obj                     7       0                  0                 
    +--+----------------------------------------+-------+------------------+--------------------+
       Total:                                   2392    256                2703              
                                                                                             
    .\APP\
       APP_Main.obj                             861     2                  832               
       B1_ModbusRTUSlaver.obj                   1436    0                  4                 
       B3_FaultDetect.obj                       505     0                  0                 
       B3_SysAutoMode.obj                       244     0                  0                 
       B2_CmdCutOffCapacitors.obj               205     0                  0                 
       B1_Measure.obj                           195     0                  0                 
       B1_CapacitanceTemperatureMeasure.obj     144     8                  2                 
       B2_CmdBypassCapacitors.obj               123     0                  0                 
       B2_CmdMakeCapacitorsWork.obj             122     0                  0                 
       B1_VCBStatusGet.obj                      48      0                  0                 
    +--+----------------------------------------+-------+------------------+--------------------+
       Total:                                   3883    10                 838               
                                                                                             
    .\Application\
       main.obj                                 32      0                  0                 
    +--+----------------------------------------+-------+------------------+--------------------+
       Total:                                   32      0                  0                 
                                                                                             
    .\BFL\
       BFL_Measure.obj                          1066    4                  1318              
       BFL_SCR.obj                              783     0                  18                
       BFL_VCB.obj                              539     91                 10                
       BFL_RS485.obj                            161     0                  0                 
       period_query.obj                         72      5                  22                
       BFL_Buzz.obj                             89      4                  1                 
       BFL_Button.obj                           75      0                  0                 
       BFL_DebugPin.obj                         73      0                  0                 
       async_delay.obj                          30      0                  0                 
       state_duration_timer.obj                 18      0                  0                 
    +--+----------------------------------------+-------+------------------+--------------------+
       Total:                                   2906    104                1369              
                                                                                             
    .\CHIP\
       CHIP_W25Q128.obj                         362     17                 256               
    +--+----------------------------------------+-------+------------------+--------------------+
       Total:                                   362     17                 256               
                                                                                             
    .\HDL\
       HDL_Uart.obj                             1249    174                710               
       HDL_CPU_Time.obj                         375     13                 6                 
       HDL_SPI.obj                              299     0                  0                 
       HDL_CAN.obj                              89      0                  10                
    +--+----------------------------------------+-------+------------------+--------------------+
       Total:                                   2012    187                726               
                                                                                             
    .\LIB\
       crc.obj                                  77      512                0                 
       cqueue.obj                               210     0                  0                 
       average_filter.obj                       119     0                  0                 
    +--+----------------------------------------+-------+------------------+--------------------+
       Total:                                   406     512                0                 
                                                                                             
    .\freemodbus\
       mb.obj                                   94      0                  92                
    +--+----------------------------------------+-------+------------------+--------------------+
       Total:                                   94      0                  92                
                                                                                             
    .\freemodbus\functions\
       mbfuncholding.obj                        192     0                  0                 
       mbfunccoils.obj                          149     0                  0                 
       mbfuncinput.obj                          144     0                  0                 
       mbfuncdisc.obj                           72      0                  0                 
       mbfuncother.obj                          18      0                  33                
       mbutils.obj                              42      0                  0                 
    +--+----------------------------------------+-------+------------------+--------------------+
       Total:                                   617     0                  33                
                                                                                             
    .\freemodbus\port\
       mbcb.obj                                 311     2                  125               
       portserial.obj                           52      0                  0                 
       porttimer.obj                            5       0                  1                 
       portevent.obj                            0       0                  2                 
    +--+----------------------------------------+-------+------------------+--------------------+
       Total:                                   368     2                  128               
                                                                                             
    .\freemodbus\rtu\
       mbcrc.obj                                199     512                0                 
       mbrtu.obj                                301     0                  262               
    +--+----------------------------------------+-------+------------------+--------------------+
       Total:                                   500     512                262               
                                                                                             
    C:\Users\liuyu\AppData\Local\Temp\
       {867945C5-5DB4-4323-A011-8593317BD94B}   0       158                0                 
    +--+----------------------------------------+-------+------------------+--------------------+
       Total:                                   0       158                0                 
                                                                                             
    C:/ti/ccstheia131/ccs/tools/compiler/ti-cgt-c2000_22.6.1A23259/lib/rts2800_fpu32.lib
       ll_div28.asm.obj                         263     0                  0                 
       fd_add28.asm.obj                         156     0                  0                 
       fd_div28.asm.obj                         139     0                  0                 
       fs_div28.asm.obj                         136     0                  0                 
       fd_mpy28.asm.obj                         131     0                  0                 
       ti_fmax.c.obj                            114     0                  0                 
       boot28.asm.obj                           86      0                  0                 
       _printfi.c.obj                           0       66                 0                 
       exit.c.obj                               41      14                 6                 
       fd_cmp28.asm.obj                         42      0                  0                 
       l_div28.asm.obj                          42      0                  0                 
       e_sqrtf.c.obj                            39      0                  0                 
       cpy_tbl.c.obj                            36      0                  0                 
       fd_toi28.asm.obj                         33      0                  0                 
       fd_tol28.asm.obj                         31      0                  0                 
       ll_cmp28.asm.obj                         30      0                  0                 
       i_tofd28.asm.obj                         29      0                  0                 
       memcpy.c.obj                             29      0                  0                 
       fs_tofdfpu32.asm.obj                     28      0                  0                 
       l_tofd28.asm.obj                         28      0                  0                 
       ll_aox28.asm.obj                         24      0                  0                 
       args_main.c.obj                          18      0                  0                 
       fd_sub28.asm.obj                         14      0                  0                 
       u_div28.asm.obj                          11      0                  0                 
       fd_neg28.asm.obj                         9       0                  0                 
       memset.c.obj                             7       0                  0                 
       _lock.c.obj                              1       0                  4                 
       pre_init.c.obj                           2       0                  0                 
       errno.c.obj                              0       0                  1                 
       startup.c.obj                            1       0                  0                 
    +--+----------------------------------------+-------+------------------+--------------------+
       Total:                                   1520    80                 11                
                                                                                             
       Stack:                                   0       0                  1024              
    +--+----------------------------------------+-------+------------------+--------------------+
       Grand Total:                             15092   1838               7442              


GLOBAL DATA SYMBOLS: SORTED BY DATA PAGE

address     data page           name
--------    ----------------    ----
00000400      10 (00000400)     __stack

00000880      22 (00000880)     _DevEmuRegs

00000a80      2a (00000a80)     _FlashRegs

00000ae0      2b (00000ac0)     _CsmRegs

00000b00      2c (00000b00)     _AdcMirror
00000b20      2c (00000b00)     _XintfRegs

00000c00      30 (00000c00)     _CpuTimer0Regs
00000c08      30 (00000c00)     _CpuTimer1Regs
00000c10      30 (00000c00)     _CpuTimer2Regs

00000ce0      33 (00000cc0)     _PieCtrlRegs

00000d00      34 (00000d00)     _PieVectTable

00001000      40 (00001000)     _DmaRegs

00005000     140 (00005000)     _McbspaRegs

00005040     141 (00005040)     _McbspbRegs

00006000     180 (00006000)     _ECanaRegs

00006040     181 (00006040)     _ECanaLAMRegs

00006080     182 (00006080)     _ECanaMOTSRegs

000060c0     183 (000060c0)     _ECanaMOTORegs

00006100     184 (00006100)     _ECanaMboxes

00006200     188 (00006200)     _ECanbRegs

00006240     189 (00006240)     _ECanbLAMRegs

00006280     18a (00006280)     _ECanbMOTSRegs

000062c0     18b (000062c0)     _ECanbMOTORegs

00006300     18c (00006300)     _ECanbMboxes

00006800     1a0 (00006800)     _EPwm1Regs

00006840     1a1 (00006840)     _EPwm2Regs

00006880     1a2 (00006880)     _EPwm3Regs

000068c0     1a3 (000068c0)     _EPwm4Regs

00006900     1a4 (00006900)     _EPwm5Regs

00006940     1a5 (00006940)     _EPwm6Regs

00006a00     1a8 (00006a00)     _ECap1Regs
00006a20     1a8 (00006a00)     _ECap2Regs

00006a40     1a9 (00006a40)     _ECap3Regs
00006a60     1a9 (00006a40)     _ECap4Regs

00006a80     1aa (00006a80)     _ECap5Regs
00006aa0     1aa (00006a80)     _ECap6Regs

00006b00     1ac (00006b00)     _EQep1Regs

00006b40     1ad (00006b40)     _EQep2Regs

00006f80     1be (00006f80)     _GpioCtrlRegs

00006fc0     1bf (00006fc0)     _GpioDataRegs
00006fe0     1bf (00006fc0)     _GpioIntRegs

00007010     1c0 (00007000)     _SysCtrlRegs

00007040     1c1 (00007040)     _SpiaRegs
00007050     1c1 (00007040)     _SciaRegs
00007070     1c1 (00007040)     _XIntruptRegs

00007100     1c4 (00007100)     _AdcRegs

00007750     1dd (00007740)     _ScibRegs
00007770     1dd (00007740)     _ScicRegs

00007900     1e4 (00007900)     _I2caRegs

0000c002     300 (0000c000)     _g_backGroundTaskMaxRuningTimeUS
0000c004     300 (0000c000)     _g_backGroundTaskRuningTimeUS
0000c006     300 (0000c000)     _g_A
0000c008     300 (0000c000)     _g_B

0000c040     301 (0000c040)     _g_AppMainInfo

0000c540     315 (0000c540)     _ucRTUBuf

0000c700     31c (0000c700)     __gCOMList

0000c7b6     31e (0000c780)     _can_rx_msg

0000c920     324 (0000c900)     _pxMBFrameCBByteReceived
0000c922     324 (0000c900)     _pxMBFrameCBTransmitterEmpty
0000c924     324 (0000c900)     _pxMBPortCBTimerExpired
0000c926     324 (0000c900)     _pxMBFrameCBReceiveFSMCur
0000c928     324 (0000c900)     _pxMBFrameCBTransmitFSMCur
0000c92c     324 (0000c900)     _epwm1_info
0000c932     324 (0000c900)     _epwm2_info
0000c938     324 (0000c900)     _epwm3_info

0000c990     326 (0000c980)     _CpuTimer0
0000c998     326 (0000c980)     _CpuTimer1
0000c9a0     326 (0000c980)     _CpuTimer2
0000c9be     326 (0000c980)     __lock

0000ca00     328 (0000ca00)     _usRegHoldingBuf

0000ca40     329 (0000ca40)     _usRegInputBuf
0000ca7c     329 (0000ca40)     __unlock
0000ca7e     329 (0000ca40)     _ucRegCoilsBuf

0000cab0     32a (0000ca80)     _g_vcb_list
0000cabc     32a (0000ca80)     _DMADest
0000cabe     32a (0000ca80)     _DMASource

0000cacc     32b (0000cac0)     ___TI_enable_exit_profile_output
0000cace     32b (0000cac0)     ___TI_cleanup_ptr
0000cad0     32b (0000cac0)     ___TI_dtors_ptr
0000cad2     32b (0000cac0)     _ucRegDiscreteBuf
0000cad7     32b (0000cac0)     _boolRegHoldingChanged
0000cada     32b (0000cac0)     _errno

0000cb00     32c (0000cb00)     _DMABuf1

0033b9a4    cee6 (0033b980)     _PieVectTableInit

0033baa4    ceea (0033ba80)     _s_CRCHi

0033bba4    ceee (0033bb80)     _s_CRCLo

0033bd68    cef5 (0033bd40)     _g_pSysInfo
0033bd6c    cef5 (0033bd40)     _usRegInputStart
0033bd6d    cef5 (0033bd40)     _usRegHoldingStart

0033fff8    cfff (0033ffc0)     _CsmPwl

00380090    e002 (00380080)     _PartIdRegs


GLOBAL SYMBOLS: SORTED ALPHABETICALLY BY Name 

page  address   name                                    
----  -------   ----                                    
0     00338000  .text                                   
0     0033b54e  C$$EXIT                                 
0     0033aa8c  FD$$ADD                                 
0     0033b4fa  FD$$CMP                                 
0     0033ad6b  FD$$DIV                                 
0     0033ae7e  FD$$MPY                                 
0     0033b785  FD$$NEG                                 
0     0033b76c  FD$$SUB                                 
0     0033b5eb  FD$$TOI                                 
0     0033b62c  FD$$TOL                                 
0     0033adf6  FS$$DIV                                 
0     0033b6c1  FS$$TOFD                                
0     0033b687  I$$TOFD                                 
0     0033b524  L$$DIV                                  
0     0033b533  L$$MOD                                  
0     0033b6dd  L$$TOFD                                 
0     0033b6f9  LL$$AND                                 
0     0033b669  LL$$CMP                                 
0     0033a134  LL$$DIV                                 
0     0033a170  LL$$MOD                                 
0     0033b701  LL$$OR                                  
0     0033b709  LL$$XOR                                 
0     0033b77a  U$$DIV                                  
0     0033b77f  U$$MOD                                  
0     0033b541  UL$$DIV                                 
0     0033b548  UL$$MOD                                 
0     0033b67b  ULL$$CMP                                
0     0033a1aa  ULL$$DIV                                
0     0033a1d9  ULL$$MOD                                
0     00338f89  _ADCINT_ISR                             
0     00380080  _ADC_cal                                
0     003389db  _APP_Main_Clear_All_Fault               
0     00338bbf  _APP_Main_Init                          
0     00338b43  _APP_Main_Poll                          
0     003389f3  _APP_Main_Save_SysInfo                  
1     00000b00  _AdcMirror                              
1     00007100  _AdcRegs                                
0     0033abbd  _B1_CapacitanceTemperatureMeasure_Poll  
0     0033a868  _B1_Measure_Poll                        
0     0033b4a0  _B1_VCBStatus_Update                    
0     0033af90  _B2_CmdBypassCapacitors_Exec            
0     0033a6e2  _B2_CmdCutOffCapacitors_Exec            
0     0033a760  _B2_CmdCutOffCapacitors_Exec_Solution   
0     0033b000  _B2_CmdMakeCapacitorsWork_Exec          
0     0033991d  _B3_Check_Minor_Fault_Exist             
0     00339a7f  _B3_Check_SCR_Serious_Fault             
0     0033a337  _B3_SysAutoMode_DeltaPoll               
0     0033b31d  _BFL_Button_Init                        
0     0033b313  _BFL_Button_IsPressed                   
0     0033b1f7  _BFL_Buzz_Init                          
0     0033b1e5  _BFL_Buzz_IsOff                         
0     0033b1d6  _BFL_Buzz_Off                           
0     0033b1c7  _BFL_Buzz_On                            
0     0033b1c3  _BFL_Buzz_SetTrigLevel                  
0     0033b1be  _BFL_Buzz_Toggle                        
0     0033b388  _BFL_DebugPin_Init                      
0     0033b37a  _BFL_DebugPin_Reset                     
0     0033b36c  _BFL_DebugPin_Set                       
0     0033b35e  _BFL_DebugPin_Toggle                    
0     0033a115  _BFL_Measure_Init                       
0     0033a0f2  _BFL_Measure_Read                       
0     0033a0ec  _BFL_Measure_ReadReady                  
0     0033aa3f  _BFL_RS485_Init                         
0     0033aa31  _BFL_RS485_Read                         
0     0033aa23  _BFL_RS485_Release_Bus                  
0     0033aa1e  _BFL_RS485_Release_Bus_RS4851           
0     0033aa19  _BFL_RS485_Release_Bus_RS4852           
0     0033a9eb  _BFL_RS485_Take_Bus                     
0     0033aa14  _BFL_RS485_Take_Bus_RS4851              
0     0033aa0f  _BFL_RS485_Take_Bus_RS4852              
0     0033a9f9  _BFL_RS485_Write                        
0     003394c7  _BFL_SCRR_Have_Signal                   
0     00339437  _BFL_SCRT_Pluse_Transmit                
0     00339389  _BFL_SCR_Init                           
0     00339710  _BFL_VCB_CTRL_STATE_To_String           
0     003396ed  _BFL_VCB_Get_Actual_State               
0     003396e0  _BFL_VCB_Get_Setting_State              
0     003396d3  _BFL_VCB_Relay_Get_Setting_State        
0     00339644  _BFL_VCB_Relay_Set_As_Switch_Closed     
0     00339508  _BFL_VCB_Relay_Set_As_Switch_No_Ctrl    
0     003395df  _BFL_VCB_Relay_Set_As_Switch_Opened     
0     003396c5  _BFL_VCB_STATE_To_String                
0     003396a5  _BFL_VCB_SW_To_String                   
0     00339697  _BFL_VCB_Set_As_Switch_Closed           
0     0033963f  _BFL_VCB_Set_As_Switch_No_Ctrl          
0     00339632  _BFL_VCB_Set_As_Switch_Opened           
0     00339547  _BFL_VCB_Seurity_Init                   
0     00338a75  _BackGroundTask                         
0     0033b217  _CANA_ISR                               
0     00339b8c  _CHIP_W25Q128_Erase_One_Sector          
0     00339c48  _CHIP_W25Q128_Read                      
0     00339c1e  _CHIP_W25Q128_Write                     
0     0033b2c6  _CRC16_Modbus                           
0     0033b749  _CheckConditionDurationMet              
0     00338920  _Config_Default_Parameter               
1     0000c990  _CpuTimer0                              
1     00000c00  _CpuTimer0Regs                          
1     0000c998  _CpuTimer1                              
1     00000c08  _CpuTimer1Regs                          
1     0000c9a0  _CpuTimer2                              
1     00000c10  _CpuTimer2Regs                          
1     0033fff8  _CsmPwl                                 
1     00000ae0  _CsmRegs                                
0     0033a309  _CsmUnlock                              
0     00338f7f  _DATALOG_ISR                            
0     00338f75  _DINTCH1_ISR                            
0     00338f6b  _DINTCH2_ISR                            
0     00338f61  _DINTCH3_ISR                            
0     00338f57  _DINTCH4_ISR                            
0     00338f4d  _DINTCH5_ISR                            
0     00338f43  _DINTCH6_ISR                            
1     0000cb00  _DMABuf1                                
0     00338915  _DMACH1AddrConfig                       
0     0033890c  _DMACH1BurstConfig                      
0     003388a7  _DMACH1ModeConfig                       
0     0033889e  _DMACH1TransferConfig                   
0     00338894  _DMACH1WrapConfig                       
0     0033888a  _DMACH2AddrConfig                       
0     00338881  _DMACH2BurstConfig                      
0     0033881c  _DMACH2ModeConfig                       
0     00338813  _DMACH2TransferConfig                   
0     00338809  _DMACH2WrapConfig                       
0     003387ff  _DMACH3AddrConfig                       
0     003387f6  _DMACH3BurstConfig                      
0     00338791  _DMACH3ModeConfig                       
0     00338788  _DMACH3TransferConfig                   
0     0033877e  _DMACH3WrapConfig                       
0     00338774  _DMACH4AddrConfig                       
0     0033876b  _DMACH4BurstConfig                      
0     00338704  _DMACH4ModeConfig                       
0     003386fb  _DMACH4TransferConfig                   
0     003386f1  _DMACH4WrapConfig                       
0     003386e7  _DMACH5AddrConfig                       
0     003386de  _DMACH5BurstConfig                      
0     00338677  _DMACH5ModeConfig                       
0     0033866e  _DMACH5TransferConfig                   
0     00338664  _DMACH5WrapConfig                       
0     0033865a  _DMACH6AddrConfig                       
0     00338651  _DMACH6BurstConfig                      
0     003385ea  _DMACH6ModeConfig                       
0     003385e1  _DMACH6TransferConfig                   
0     003385d7  _DMACH6WrapConfig                       
1     0000cabc  _DMADest                                
0     003385cc  _DMAInitialize                          
1     0000cabe  _DMASource                              
0     000081a0  _DSP28x_usDelay                         
1     00000880  _DevEmuRegs                             
0     0033a245  _DisableDog                             
1     00001000  _DmaRegs                                
0     00338f39  _ECAN0INTA_ISR                          
0     00338f2f  _ECAN0INTB_ISR                          
0     00338f25  _ECAN1INTA_ISR                          
0     00338f1b  _ECAN1INTB_ISR                          
0     00338f11  _ECAP1_INT_ISR                          
0     00338f07  _ECAP2_INT_ISR                          
0     00338efd  _ECAP3_INT_ISR                          
0     00338ef3  _ECAP4_INT_ISR                          
0     00338ee9  _ECAP5_INT_ISR                          
0     00338edf  _ECAP6_INT_ISR                          
1     00006040  _ECanaLAMRegs                           
1     000060c0  _ECanaMOTORegs                          
1     00006080  _ECanaMOTSRegs                          
1     00006100  _ECanaMboxes                            
1     00006000  _ECanaRegs                              
1     00006240  _ECanbLAMRegs                           
1     000062c0  _ECanbMOTORegs                          
1     00006280  _ECanbMOTSRegs                          
1     00006300  _ECanbMboxes                            
1     00006200  _ECanbRegs                              
1     00006a00  _ECap1Regs                              
1     00006a20  _ECap2Regs                              
1     00006a40  _ECap3Regs                              
1     00006a60  _ECap4Regs                              
1     00006a80  _ECap5Regs                              
1     00006aa0  _ECap6Regs                              
0     00338ed5  _EMUINT_ISR                             
0     00338ecb  _EPWM1_INT_ISR                          
0     00338ec1  _EPWM1_TZINT_ISR                        
0     00338eb7  _EPWM2_INT_ISR                          
0     00338ead  _EPWM2_TZINT_ISR                        
0     00338ea3  _EPWM3_INT_ISR                          
0     00338e99  _EPWM3_TZINT_ISR                        
0     00338e8f  _EPWM4_INT_ISR                          
0     00338e85  _EPWM4_TZINT_ISR                        
0     00338e7b  _EPWM5_INT_ISR                          
0     00338e71  _EPWM5_TZINT_ISR                        
0     00338e67  _EPWM6_INT_ISR                          
0     00338e5d  _EPWM6_TZINT_ISR                        
1     00006800  _EPwm1Regs                              
1     00006840  _EPwm2Regs                              
1     00006880  _EPwm3Regs                              
1     000068c0  _EPwm4Regs                              
1     00006900  _EPwm5Regs                              
1     00006940  _EPwm6Regs                              
0     00338e53  _EQEP1_INT_ISR                          
0     00338e49  _EQEP2_INT_ISR                          
1     00006b00  _EQep1Regs                              
1     00006b40  _EQep2Regs                              
0     0033b596  _EnableInterrupts                       
0     0033b48e  _EnterCriticalSection                   
0     0033b492  _ExitCriticalSection                    
1     00000a80  _FlashRegs                              
0     00339b16  _Flash_ReadSR1                          
0     00339b42  _Flash_Wait_Busy                        
0     00339b5f  _Flash_Write_Enable                     
1     00006f80  _GpioCtrlRegs                           
1     00006fc0  _GpioDataRegs                           
1     00006fe0  _GpioIntRegs                            
0     0033a5ed  _HDL_CPU_Time_DelayMs                   
0     0033a5db  _HDL_CPU_Time_DelayUs                   
0     0033a5d1  _HDL_CPU_Time_GetTick                   
0     0033a5ca  _HDL_CPU_Time_GetUsTick                 
0     0033a57a  _HDL_CPU_Time_Init                      
0     0033a575  _HDL_CPU_Time_ResetTick                 
0     0033a56f  _HDL_CPU_Time_ResetUsTick               
0     0033a56b  _HDL_CPU_Time_SetCPUTickCallback        
0     0033a553  _HDL_CPU_Time_StartHardTimer            
0     0033a519  _HDL_CPU_Time_StopHardTimer             
0     00339fdf  _HDL_SPI_Init                           
0     00339fa7  _HDL_SPI_Read                           
0     00339f74  _HDL_SPI_Write                          
0     00339f21  _HDL_SPI_WriteRead                      
0     00338e3f  _I2CINT1A_ISR                           
0     00338e35  _I2CINT2A_ISR                           
1     00007900  _I2caRegs                               
0     00338e2b  _ILLEGAL_ISR                            
0     00338e21  _INT13_ISR                              
0     00338e17  _INT14_ISR                              
0     0033b711  _InitAdc                                
0     0033b437  _InitCpuTimers                          
0     0033a518  _InitEPwm                               
0     00339326  _InitEPwm1Example                       
0     0033a483  _InitEPwm1Gpio                          
0     003392d0  _InitEPwm2Example                       
0     0033a499  _InitEPwm2Gpio                          
0     0033927a  _InitEPwm3Example                       
0     0033a4af  _InitEPwm3Gpio                          
0     0033a4c7  _InitEPwm4Gpio                          
0     0033a4df  _InitEPwm5Gpio                          
0     0033a4f5  _InitEPwm6Gpio                          
0     0033a50b  _InitEPwmGpio                           
0     0033a468  _InitEPwmSyncGpio                       
0     00008183  _InitFlash                              
0     0033a29a  _InitPeripheralClocks                   
0     0033b577  _InitPieCtrl                            
0     0033b75b  _InitPieVectTable                       
0     0033a24d  _InitPll                                
0     00339122  _InitSciaGpio                           
0     00339108  _InitScibGpio                           
0     00339079  _InitScicGpio                           
0     00339ef5  _InitSpiGpio                            
0     00339ef5  _InitSpiaGpio                           
0     0033a300  _InitSysCtrl                            
0     0033a42b  _InitTzGpio                             
0     00338e0d  _LUF_ISR                                
0     00338e03  _LVF_ISR                                
0     00338b74  _Load_Parameter_From_Flash              
0     00338df9  _MRINTA_ISR                             
0     00338def  _MRINTB_ISR                             
0     00338de5  _MXINTA_ISR                             
0     00338ddb  _MXINTB_ISR                             
1     00005000  _McbspaRegs                             
1     00005040  _McbspbRegs                             
0     00338dd1  _NMI_ISR                                
0     00338dc7  _PIE_RESERVED                           
1     00380090  _PartIdRegs                             
1     00000ce0  _PieCtrlRegs                            
1     00000d00  _PieVectTable                           
0     0033b9a4  _PieVectTableInit                       
0     00338dbd  _RTOSINT_ISR                            
0     003201a4  _RamfuncsLoadEnd                        
abs   000001a4  _RamfuncsLoadSize                       
0     00320000  _RamfuncsLoadStart                      
0     00008000  _RamfuncsRunStart                       
0     00338db3  _SCIRXINTA_ISR                          
0     00338da9  _SCIRXINTB_ISR                          
0     00338d9f  _SCIRXINTC_ISR                          
0     00338d95  _SCITXINTA_ISR                          
0     00338d8b  _SCITXINTB_ISR                          
0     00338d81  _SCITXINTC_ISR                          
0     00338d77  _SEQ1INT_ISR                            
0     00338d6d  _SEQ2INT_ISR                            
0     00338d63  _SPIRXINTA_ISR                          
0     00338d59  _SPITXINTA_ISR                          
1     00007050  _SciaRegs                               
1     00007750  _ScibRegs                               
1     00007770  _ScicRegs                               
0     0033a23b  _ServiceDog                             
1     00007040  _SpiaRegs                               
0     003385c4  _StartDMACH1                            
0     003385bc  _StartDMACH2                            
0     003385b4  _StartDMACH3                            
0     003385ac  _StartDMACH4                            
0     003385a4  _StartDMACH5                            
0     0033859c  _StartDMACH6                            
0     00338000  _SyncModbusRegToSysinfo                 
0     00338225  _SyncSysinfoToModbusReg                 
1     00007010  _SysCtrlRegs                            
0     00338d4f  _TINT0_ISR                              
0     00338f93  _USART_Callback                         
0     00338d45  _USER10_ISR                             
0     00338d3b  _USER11_ISR                             
0     00338d31  _USER12_ISR                             
0     00338d27  _USER1_ISR                              
0     00338d1d  _USER2_ISR                              
0     00338d13  _USER3_ISR                              
0     00338d09  _USER4_ISR                              
0     00338cff  _USER5_ISR                              
0     00338cf5  _USER6_ISR                              
0     00338ceb  _USER7_ISR                              
0     00338ce1  _USER8_ISR                              
0     00338cd7  _USER9_ISR                              
0     00339262  _Uart_AvailableBytes                    
0     0033923a  _Uart_EmptyReadBuffer                   
0     0033913e  _Uart_Init                              
0     00339061  _Uart_Read                              
0     00339053  _Uart_RegisterReceiveCharCallback       
0     00339045  _Uart_RegisterReceiveReadyCharCallback  
0     00339036  _Uart_SetWriteOverCallback              
0     00339027  _Uart_UnregisterReceiveCharCallback     
0     00338fd7  _Uart_Write                             
0     00338ccd  _WAKEINT_ISR                            
0     00338cc3  _XINT1_ISR                              
0     00338cb9  _XINT2_ISR                              
0     00338caf  _XINT3_ISR                              
0     00338ca5  _XINT4_ISR                              
0     00338c9b  _XINT5_ISR                              
0     00338c91  _XINT6_ISR                              
0     00338c87  _XINT7_ISR                              
1     00007070  _XIntruptRegs                           
1     00000b20  _XintfRegs                              
1     00000800  __STACK_END                             
abs   00000400  __STACK_SIZE                            
1     0000cace  ___TI_cleanup_ptr                       
1     0000cad0  ___TI_dtors_ptr                         
1     0000cacc  ___TI_enable_exit_profile_output        
abs   ffffffff  ___TI_pprof_out_hndl                    
abs   ffffffff  ___TI_prof_data_size                    
abs   ffffffff  ___TI_prof_data_start                   
abs   ffffffff  ___binit__                              
abs   ffffffff  ___c_args__                             
0     0033bd6e  ___cinit__                              
0     0033b7a4  ___etext__                              
abs   ffffffff  ___pinit__                              
0     00338000  ___text__                               
0     0033b737  __args_main                             
1     0000c700  __gCOMList                              
1     0000c9be  __lock                                  
0     0033891f  __nop                                   
1     00000400  __stack                                 
0     0033a00f  __system_post_cinit                     
0     0033b7a2  __system_pre_init                       
1     0000ca7c  __unlock                                
0     0033b54e  _abort                                  
0     0033b64b  _async_delay                            
0     0033b0ae  _average_filter_init                    
0     0033b077  _average_filter_update                  
1     0000cad7  _boolRegHoldingChanged                  
0     0033b270  _c_int00                                
1     0000c7b6  _can_rx_msg                             
0     0033a0a9  _config_ADC                             
0     0033a063  _config_DMA                             
0     0033a052  _config_ePWM4_to_generate_ADCSOCA       
0     0033a01d  _config_ePWM4_to_generate_ADCSOCA_      
0     0033b5c7  _copy_in                                
0     0033ad31  _cpu_timer0_isr                         
0     0033ad1d  _cpu_timer1_isr                         
0     0033acdd  _cpu_timer2_isr                         
0     0033a6bc  _cqueue_create                          
0     0033a699  _cqueue_dequeue                         
0     0033a675  _cqueue_enqueue                         
0     0033a635  _cqueue_in                              
0     0033a602  _cqueue_out                             
0     0033ab89  _eMBFuncReadCoils                       
0     0033b3a7  _eMBFuncReadDiscreteInputs              
0     0033a9c0  _eMBFuncReadHoldingRegister             
0     0033ac4d  _eMBFuncReadInputRegister               
0     0033a92b  _eMBFuncReadWriteMultipleHoldingRegister
0     0033b725  _eMBFuncReportSlaveID                   
0     0033ab5e  _eMBFuncWriteCoil                       
0     0033a980  _eMBFuncWriteHoldingRegister            
0     0033ab28  _eMBFuncWriteMultipleCoils              
0     0033a995  _eMBFuncWriteMultipleHoldingRegister    
0     0033b160  _eMBPoll                                
0     00339ebd  _eMBRTUInit                             
0     00339e42  _eMBRTUReceive                          
0     00339e6b  _eMBRTUSend                             
0     00339ea7  _eMBRTUStart                            
0     00339e99  _eMBRTUStop                             
0     00339c80  _eMBRegCoilsCB                          
0     00339cee  _eMBRegHoldingCB                        
0     0033a010  _enable_ePWM4                           
1     0000c92c  _epwm1_info                             
0     0033af57  _epwm1_isr                              
1     0000c932  _epwm2_info                             
0     0033af2c  _epwm2_isr                              
1     0000c938  _epwm3_info                             
0     0033af01  _epwm3_isr                              
1     0000cada  _errno                                  
0     0033b550  _exit                                   
0     0033b127  _fmax                                   
0     0033b127  _fmaxf                                  
0     0033b0ee  _fmin                                   
0     0033b0ee  _fminf                                  
1     0000c006  _g_A                                    
1     0000c040  _g_AppMainInfo                          
1     0000c008  _g_B                                    
1     0000c002  _g_backGroundTaskMaxRuningTimeUS        
1     0000c004  _g_backGroundTaskRuningTimeUS           
0     0033bd68  _g_pSysInfo                             
1     0000cab0  _g_vcb_list                             
0     00008000  _local_DINTCH1_ISR                      
0     0033b60c  _main                                   
0     0033b6a4  _memcpy                                 
0     0033b796  _memset                                 
0     0033b3ef  _period_query                           
0     0033b411  _period_query_user                      
0     0033b424  _period_query_user_us                   
0     0033b4ec  _prveMBError2Exception                  
0     0033b79d  _prvvTIMERExpiredISR                    
1     0000c920  _pxMBFrameCBByteReceived                
1     0000c926  _pxMBFrameCBReceiveFSMCur               
1     0000c928  _pxMBFrameCBTransmitFSMCur              
1     0000c922  _pxMBFrameCBTransmitterEmpty            
1     0000c924  _pxMBPortCBTimerExpired                 
0     00338c7d  _rsvd_ISR                               
0     0033baa4  _s_CRCHi                                
0     0033bba4  _s_CRCLo                                
0     003398b4  _sciaRxFifoIsr                          
0     0033987d  _sciaTxFifoIsr                          
0     00339809  _scibRxFifoIsr                          
0     003397d2  _scibTxFifoIsr                          
0     0033975a  _scicRxFifoIsr                          
0     00339723  _scicTxFifoIsr                          
0     0033b496  _serialReceiveOneByteISR                
0     0033b49b  _serialSentOneByteISR                   
0     00339ee8  _spi_init                               
0     00339ee4  _spi_xmit                               
0     0033b5a0  _sqrt                                   
0     0033b5a0  _sqrtf                                  
1     0000c540  _ucRTUBuf                               
1     0000ca7e  _ucRegCoilsBuf                          
1     0000cad2  _ucRegDiscreteBuf                       
0     0033a7a1  _usMBCRC16                              
1     0000ca00  _usRegHoldingBuf                        
0     0033bd6d  _usRegHoldingStart                      
1     0000ca40  _usRegInputBuf                          
0     0033bd6c  _usRegInputStart                        
0     0033b46c  _vMBPortSerialEnable                    
0     00339bd2  _w25q128_write_page_no_erase            
0     00339e08  _xMBRTUReceiveFSM                       
0     00339de7  _xMBRTUTimerT35Expired                  
0     00339db7  _xMBRTUTransmitFSM                      
0     0033b4d0  _xMBUtilGetBits                         
abs   ffffffff  binit                                   
0     0033bd6e  cinit                                   
0     0033fff6  code_start                              
0     0033b7a4  etext                                   
abs   ffffffff  pinit                                   


GLOBAL SYMBOLS: SORTED BY Symbol Address 

page  address   name                                    
----  -------   ----                                    
0     00008000  _RamfuncsRunStart                       
0     00008000  _local_DINTCH1_ISR                      
0     00008183  _InitFlash                              
0     000081a0  _DSP28x_usDelay                         
0     00320000  _RamfuncsLoadStart                      
0     003201a4  _RamfuncsLoadEnd                        
0     00338000  .text                                   
0     00338000  _SyncModbusRegToSysinfo                 
0     00338000  ___text__                               
0     00338225  _SyncSysinfoToModbusReg                 
0     0033859c  _StartDMACH6                            
0     003385a4  _StartDMACH5                            
0     003385ac  _StartDMACH4                            
0     003385b4  _StartDMACH3                            
0     003385bc  _StartDMACH2                            
0     003385c4  _StartDMACH1                            
0     003385cc  _DMAInitialize                          
0     003385d7  _DMACH6WrapConfig                       
0     003385e1  _DMACH6TransferConfig                   
0     003385ea  _DMACH6ModeConfig                       
0     00338651  _DMACH6BurstConfig                      
0     0033865a  _DMACH6AddrConfig                       
0     00338664  _DMACH5WrapConfig                       
0     0033866e  _DMACH5TransferConfig                   
0     00338677  _DMACH5ModeConfig                       
0     003386de  _DMACH5BurstConfig                      
0     003386e7  _DMACH5AddrConfig                       
0     003386f1  _DMACH4WrapConfig                       
0     003386fb  _DMACH4TransferConfig                   
0     00338704  _DMACH4ModeConfig                       
0     0033876b  _DMACH4BurstConfig                      
0     00338774  _DMACH4AddrConfig                       
0     0033877e  _DMACH3WrapConfig                       
0     00338788  _DMACH3TransferConfig                   
0     00338791  _DMACH3ModeConfig                       
0     003387f6  _DMACH3BurstConfig                      
0     003387ff  _DMACH3AddrConfig                       
0     00338809  _DMACH2WrapConfig                       
0     00338813  _DMACH2TransferConfig                   
0     0033881c  _DMACH2ModeConfig                       
0     00338881  _DMACH2BurstConfig                      
0     0033888a  _DMACH2AddrConfig                       
0     00338894  _DMACH1WrapConfig                       
0     0033889e  _DMACH1TransferConfig                   
0     003388a7  _DMACH1ModeConfig                       
0     0033890c  _DMACH1BurstConfig                      
0     00338915  _DMACH1AddrConfig                       
0     0033891f  __nop                                   
0     00338920  _Config_Default_Parameter               
0     003389db  _APP_Main_Clear_All_Fault               
0     003389f3  _APP_Main_Save_SysInfo                  
0     00338a75  _BackGroundTask                         
0     00338b43  _APP_Main_Poll                          
0     00338b74  _Load_Parameter_From_Flash              
0     00338bbf  _APP_Main_Init                          
0     00338c7d  _rsvd_ISR                               
0     00338c87  _XINT7_ISR                              
0     00338c91  _XINT6_ISR                              
0     00338c9b  _XINT5_ISR                              
0     00338ca5  _XINT4_ISR                              
0     00338caf  _XINT3_ISR                              
0     00338cb9  _XINT2_ISR                              
0     00338cc3  _XINT1_ISR                              
0     00338ccd  _WAKEINT_ISR                            
0     00338cd7  _USER9_ISR                              
0     00338ce1  _USER8_ISR                              
0     00338ceb  _USER7_ISR                              
0     00338cf5  _USER6_ISR                              
0     00338cff  _USER5_ISR                              
0     00338d09  _USER4_ISR                              
0     00338d13  _USER3_ISR                              
0     00338d1d  _USER2_ISR                              
0     00338d27  _USER1_ISR                              
0     00338d31  _USER12_ISR                             
0     00338d3b  _USER11_ISR                             
0     00338d45  _USER10_ISR                             
0     00338d4f  _TINT0_ISR                              
0     00338d59  _SPITXINTA_ISR                          
0     00338d63  _SPIRXINTA_ISR                          
0     00338d6d  _SEQ2INT_ISR                            
0     00338d77  _SEQ1INT_ISR                            
0     00338d81  _SCITXINTC_ISR                          
0     00338d8b  _SCITXINTB_ISR                          
0     00338d95  _SCITXINTA_ISR                          
0     00338d9f  _SCIRXINTC_ISR                          
0     00338da9  _SCIRXINTB_ISR                          
0     00338db3  _SCIRXINTA_ISR                          
0     00338dbd  _RTOSINT_ISR                            
0     00338dc7  _PIE_RESERVED                           
0     00338dd1  _NMI_ISR                                
0     00338ddb  _MXINTB_ISR                             
0     00338de5  _MXINTA_ISR                             
0     00338def  _MRINTB_ISR                             
0     00338df9  _MRINTA_ISR                             
0     00338e03  _LVF_ISR                                
0     00338e0d  _LUF_ISR                                
0     00338e17  _INT14_ISR                              
0     00338e21  _INT13_ISR                              
0     00338e2b  _ILLEGAL_ISR                            
0     00338e35  _I2CINT2A_ISR                           
0     00338e3f  _I2CINT1A_ISR                           
0     00338e49  _EQEP2_INT_ISR                          
0     00338e53  _EQEP1_INT_ISR                          
0     00338e5d  _EPWM6_TZINT_ISR                        
0     00338e67  _EPWM6_INT_ISR                          
0     00338e71  _EPWM5_TZINT_ISR                        
0     00338e7b  _EPWM5_INT_ISR                          
0     00338e85  _EPWM4_TZINT_ISR                        
0     00338e8f  _EPWM4_INT_ISR                          
0     00338e99  _EPWM3_TZINT_ISR                        
0     00338ea3  _EPWM3_INT_ISR                          
0     00338ead  _EPWM2_TZINT_ISR                        
0     00338eb7  _EPWM2_INT_ISR                          
0     00338ec1  _EPWM1_TZINT_ISR                        
0     00338ecb  _EPWM1_INT_ISR                          
0     00338ed5  _EMUINT_ISR                             
0     00338edf  _ECAP6_INT_ISR                          
0     00338ee9  _ECAP5_INT_ISR                          
0     00338ef3  _ECAP4_INT_ISR                          
0     00338efd  _ECAP3_INT_ISR                          
0     00338f07  _ECAP2_INT_ISR                          
0     00338f11  _ECAP1_INT_ISR                          
0     00338f1b  _ECAN1INTB_ISR                          
0     00338f25  _ECAN1INTA_ISR                          
0     00338f2f  _ECAN0INTB_ISR                          
0     00338f39  _ECAN0INTA_ISR                          
0     00338f43  _DINTCH6_ISR                            
0     00338f4d  _DINTCH5_ISR                            
0     00338f57  _DINTCH4_ISR                            
0     00338f61  _DINTCH3_ISR                            
0     00338f6b  _DINTCH2_ISR                            
0     00338f75  _DINTCH1_ISR                            
0     00338f7f  _DATALOG_ISR                            
0     00338f89  _ADCINT_ISR                             
0     00338f93  _USART_Callback                         
0     00338fd7  _Uart_Write                             
0     00339027  _Uart_UnregisterReceiveCharCallback     
0     00339036  _Uart_SetWriteOverCallback              
0     00339045  _Uart_RegisterReceiveReadyCharCallback  
0     00339053  _Uart_RegisterReceiveCharCallback       
0     00339061  _Uart_Read                              
0     00339079  _InitScicGpio                           
0     00339108  _InitScibGpio                           
0     00339122  _InitSciaGpio                           
0     0033913e  _Uart_Init                              
0     0033923a  _Uart_EmptyReadBuffer                   
0     00339262  _Uart_AvailableBytes                    
0     0033927a  _InitEPwm3Example                       
0     003392d0  _InitEPwm2Example                       
0     00339326  _InitEPwm1Example                       
0     00339389  _BFL_SCR_Init                           
0     00339437  _BFL_SCRT_Pluse_Transmit                
0     003394c7  _BFL_SCRR_Have_Signal                   
0     00339508  _BFL_VCB_Relay_Set_As_Switch_No_Ctrl    
0     00339547  _BFL_VCB_Seurity_Init                   
0     003395df  _BFL_VCB_Relay_Set_As_Switch_Opened     
0     00339632  _BFL_VCB_Set_As_Switch_Opened           
0     0033963f  _BFL_VCB_Set_As_Switch_No_Ctrl          
0     00339644  _BFL_VCB_Relay_Set_As_Switch_Closed     
0     00339697  _BFL_VCB_Set_As_Switch_Closed           
0     003396a5  _BFL_VCB_SW_To_String                   
0     003396c5  _BFL_VCB_STATE_To_String                
0     003396d3  _BFL_VCB_Relay_Get_Setting_State        
0     003396e0  _BFL_VCB_Get_Setting_State              
0     003396ed  _BFL_VCB_Get_Actual_State               
0     00339710  _BFL_VCB_CTRL_STATE_To_String           
0     00339723  _scicTxFifoIsr                          
0     0033975a  _scicRxFifoIsr                          
0     003397d2  _scibTxFifoIsr                          
0     00339809  _scibRxFifoIsr                          
0     0033987d  _sciaTxFifoIsr                          
0     003398b4  _sciaRxFifoIsr                          
0     0033991d  _B3_Check_Minor_Fault_Exist             
0     00339a7f  _B3_Check_SCR_Serious_Fault             
0     00339b16  _Flash_ReadSR1                          
0     00339b42  _Flash_Wait_Busy                        
0     00339b5f  _Flash_Write_Enable                     
0     00339b8c  _CHIP_W25Q128_Erase_One_Sector          
0     00339bd2  _w25q128_write_page_no_erase            
0     00339c1e  _CHIP_W25Q128_Write                     
0     00339c48  _CHIP_W25Q128_Read                      
0     00339c80  _eMBRegCoilsCB                          
0     00339cee  _eMBRegHoldingCB                        
0     00339db7  _xMBRTUTransmitFSM                      
0     00339de7  _xMBRTUTimerT35Expired                  
0     00339e08  _xMBRTUReceiveFSM                       
0     00339e42  _eMBRTUReceive                          
0     00339e6b  _eMBRTUSend                             
0     00339e99  _eMBRTUStop                             
0     00339ea7  _eMBRTUStart                            
0     00339ebd  _eMBRTUInit                             
0     00339ee4  _spi_xmit                               
0     00339ee8  _spi_init                               
0     00339ef5  _InitSpiGpio                            
0     00339ef5  _InitSpiaGpio                           
0     00339f21  _HDL_SPI_WriteRead                      
0     00339f74  _HDL_SPI_Write                          
0     00339fa7  _HDL_SPI_Read                           
0     00339fdf  _HDL_SPI_Init                           
0     0033a00f  __system_post_cinit                     
0     0033a010  _enable_ePWM4                           
0     0033a01d  _config_ePWM4_to_generate_ADCSOCA_      
0     0033a052  _config_ePWM4_to_generate_ADCSOCA       
0     0033a063  _config_DMA                             
0     0033a0a9  _config_ADC                             
0     0033a0ec  _BFL_Measure_ReadReady                  
0     0033a0f2  _BFL_Measure_Read                       
0     0033a115  _BFL_Measure_Init                       
0     0033a134  LL$$DIV                                 
0     0033a170  LL$$MOD                                 
0     0033a1aa  ULL$$DIV                                
0     0033a1d9  ULL$$MOD                                
0     0033a23b  _ServiceDog                             
0     0033a245  _DisableDog                             
0     0033a24d  _InitPll                                
0     0033a29a  _InitPeripheralClocks                   
0     0033a300  _InitSysCtrl                            
0     0033a309  _CsmUnlock                              
0     0033a337  _B3_SysAutoMode_DeltaPoll               
0     0033a42b  _InitTzGpio                             
0     0033a468  _InitEPwmSyncGpio                       
0     0033a483  _InitEPwm1Gpio                          
0     0033a499  _InitEPwm2Gpio                          
0     0033a4af  _InitEPwm3Gpio                          
0     0033a4c7  _InitEPwm4Gpio                          
0     0033a4df  _InitEPwm5Gpio                          
0     0033a4f5  _InitEPwm6Gpio                          
0     0033a50b  _InitEPwmGpio                           
0     0033a518  _InitEPwm                               
0     0033a519  _HDL_CPU_Time_StopHardTimer             
0     0033a553  _HDL_CPU_Time_StartHardTimer            
0     0033a56b  _HDL_CPU_Time_SetCPUTickCallback        
0     0033a56f  _HDL_CPU_Time_ResetUsTick               
0     0033a575  _HDL_CPU_Time_ResetTick                 
0     0033a57a  _HDL_CPU_Time_Init                      
0     0033a5ca  _HDL_CPU_Time_GetUsTick                 
0     0033a5d1  _HDL_CPU_Time_GetTick                   
0     0033a5db  _HDL_CPU_Time_DelayUs                   
0     0033a5ed  _HDL_CPU_Time_DelayMs                   
0     0033a602  _cqueue_out                             
0     0033a635  _cqueue_in                              
0     0033a675  _cqueue_enqueue                         
0     0033a699  _cqueue_dequeue                         
0     0033a6bc  _cqueue_create                          
0     0033a6e2  _B2_CmdCutOffCapacitors_Exec            
0     0033a760  _B2_CmdCutOffCapacitors_Exec_Solution   
0     0033a7a1  _usMBCRC16                              
0     0033a868  _B1_Measure_Poll                        
0     0033a92b  _eMBFuncReadWriteMultipleHoldingRegister
0     0033a980  _eMBFuncWriteHoldingRegister            
0     0033a995  _eMBFuncWriteMultipleHoldingRegister    
0     0033a9c0  _eMBFuncReadHoldingRegister             
0     0033a9eb  _BFL_RS485_Take_Bus                     
0     0033a9f9  _BFL_RS485_Write                        
0     0033aa0f  _BFL_RS485_Take_Bus_RS4852              
0     0033aa14  _BFL_RS485_Take_Bus_RS4851              
0     0033aa19  _BFL_RS485_Release_Bus_RS4852           
0     0033aa1e  _BFL_RS485_Release_Bus_RS4851           
0     0033aa23  _BFL_RS485_Release_Bus                  
0     0033aa31  _BFL_RS485_Read                         
0     0033aa3f  _BFL_RS485_Init                         
0     0033aa8c  FD$$ADD                                 
0     0033ab28  _eMBFuncWriteMultipleCoils              
0     0033ab5e  _eMBFuncWriteCoil                       
0     0033ab89  _eMBFuncReadCoils                       
0     0033abbd  _B1_CapacitanceTemperatureMeasure_Poll  
0     0033ac4d  _eMBFuncReadInputRegister               
0     0033acdd  _cpu_timer2_isr                         
0     0033ad1d  _cpu_timer1_isr                         
0     0033ad31  _cpu_timer0_isr                         
0     0033ad6b  FD$$DIV                                 
0     0033adf6  FS$$DIV                                 
0     0033ae7e  FD$$MPY                                 
0     0033af01  _epwm3_isr                              
0     0033af2c  _epwm2_isr                              
0     0033af57  _epwm1_isr                              
0     0033af90  _B2_CmdBypassCapacitors_Exec            
0     0033b000  _B2_CmdMakeCapacitorsWork_Exec          
0     0033b077  _average_filter_update                  
0     0033b0ae  _average_filter_init                    
0     0033b0ee  _fmin                                   
0     0033b0ee  _fminf                                  
0     0033b127  _fmax                                   
0     0033b127  _fmaxf                                  
0     0033b160  _eMBPoll                                
0     0033b1be  _BFL_Buzz_Toggle                        
0     0033b1c3  _BFL_Buzz_SetTrigLevel                  
0     0033b1c7  _BFL_Buzz_On                            
0     0033b1d6  _BFL_Buzz_Off                           
0     0033b1e5  _BFL_Buzz_IsOff                         
0     0033b1f7  _BFL_Buzz_Init                          
0     0033b217  _CANA_ISR                               
0     0033b270  _c_int00                                
0     0033b2c6  _CRC16_Modbus                           
0     0033b313  _BFL_Button_IsPressed                   
0     0033b31d  _BFL_Button_Init                        
0     0033b35e  _BFL_DebugPin_Toggle                    
0     0033b36c  _BFL_DebugPin_Set                       
0     0033b37a  _BFL_DebugPin_Reset                     
0     0033b388  _BFL_DebugPin_Init                      
0     0033b3a7  _eMBFuncReadDiscreteInputs              
0     0033b3ef  _period_query                           
0     0033b411  _period_query_user                      
0     0033b424  _period_query_user_us                   
0     0033b437  _InitCpuTimers                          
0     0033b46c  _vMBPortSerialEnable                    
0     0033b48e  _EnterCriticalSection                   
0     0033b492  _ExitCriticalSection                    
0     0033b496  _serialReceiveOneByteISR                
0     0033b49b  _serialSentOneByteISR                   
0     0033b4a0  _B1_VCBStatus_Update                    
0     0033b4d0  _xMBUtilGetBits                         
0     0033b4ec  _prveMBError2Exception                  
0     0033b4fa  FD$$CMP                                 
0     0033b524  L$$DIV                                  
0     0033b533  L$$MOD                                  
0     0033b541  UL$$DIV                                 
0     0033b548  UL$$MOD                                 
0     0033b54e  C$$EXIT                                 
0     0033b54e  _abort                                  
0     0033b550  _exit                                   
0     0033b577  _InitPieCtrl                            
0     0033b596  _EnableInterrupts                       
0     0033b5a0  _sqrt                                   
0     0033b5a0  _sqrtf                                  
0     0033b5c7  _copy_in                                
0     0033b5eb  FD$$TOI                                 
0     0033b60c  _main                                   
0     0033b62c  FD$$TOL                                 
0     0033b64b  _async_delay                            
0     0033b669  LL$$CMP                                 
0     0033b67b  ULL$$CMP                                
0     0033b687  I$$TOFD                                 
0     0033b6a4  _memcpy                                 
0     0033b6c1  FS$$TOFD                                
0     0033b6dd  L$$TOFD                                 
0     0033b6f9  LL$$AND                                 
0     0033b701  LL$$OR                                  
0     0033b709  LL$$XOR                                 
0     0033b711  _InitAdc                                
0     0033b725  _eMBFuncReportSlaveID                   
0     0033b737  __args_main                             
0     0033b749  _CheckConditionDurationMet              
0     0033b75b  _InitPieVectTable                       
0     0033b76c  FD$$SUB                                 
0     0033b77a  U$$DIV                                  
0     0033b77f  U$$MOD                                  
0     0033b785  FD$$NEG                                 
0     0033b796  _memset                                 
0     0033b79d  _prvvTIMERExpiredISR                    
0     0033b7a2  __system_pre_init                       
0     0033b7a4  ___etext__                              
0     0033b7a4  etext                                   
0     0033b9a4  _PieVectTableInit                       
0     0033baa4  _s_CRCHi                                
0     0033bba4  _s_CRCLo                                
0     0033bd68  _g_pSysInfo                             
0     0033bd6c  _usRegInputStart                        
0     0033bd6d  _usRegHoldingStart                      
0     0033bd6e  ___cinit__                              
0     0033bd6e  cinit                                   
0     0033fff6  code_start                              
0     00380080  _ADC_cal                                
1     00000400  __stack                                 
1     00000800  __STACK_END                             
1     00000880  _DevEmuRegs                             
1     00000a80  _FlashRegs                              
1     00000ae0  _CsmRegs                                
1     00000b00  _AdcMirror                              
1     00000b20  _XintfRegs                              
1     00000c00  _CpuTimer0Regs                          
1     00000c08  _CpuTimer1Regs                          
1     00000c10  _CpuTimer2Regs                          
1     00000ce0  _PieCtrlRegs                            
1     00000d00  _PieVectTable                           
1     00001000  _DmaRegs                                
1     00005000  _McbspaRegs                             
1     00005040  _McbspbRegs                             
1     00006000  _ECanaRegs                              
1     00006040  _ECanaLAMRegs                           
1     00006080  _ECanaMOTSRegs                          
1     000060c0  _ECanaMOTORegs                          
1     00006100  _ECanaMboxes                            
1     00006200  _ECanbRegs                              
1     00006240  _ECanbLAMRegs                           
1     00006280  _ECanbMOTSRegs                          
1     000062c0  _ECanbMOTORegs                          
1     00006300  _ECanbMboxes                            
1     00006800  _EPwm1Regs                              
1     00006840  _EPwm2Regs                              
1     00006880  _EPwm3Regs                              
1     000068c0  _EPwm4Regs                              
1     00006900  _EPwm5Regs                              
1     00006940  _EPwm6Regs                              
1     00006a00  _ECap1Regs                              
1     00006a20  _ECap2Regs                              
1     00006a40  _ECap3Regs                              
1     00006a60  _ECap4Regs                              
1     00006a80  _ECap5Regs                              
1     00006aa0  _ECap6Regs                              
1     00006b00  _EQep1Regs                              
1     00006b40  _EQep2Regs                              
1     00006f80  _GpioCtrlRegs                           
1     00006fc0  _GpioDataRegs                           
1     00006fe0  _GpioIntRegs                            
1     00007010  _SysCtrlRegs                            
1     00007040  _SpiaRegs                               
1     00007050  _SciaRegs                               
1     00007070  _XIntruptRegs                           
1     00007100  _AdcRegs                                
1     00007750  _ScibRegs                               
1     00007770  _ScicRegs                               
1     00007900  _I2caRegs                               
1     0000c002  _g_backGroundTaskMaxRuningTimeUS        
1     0000c004  _g_backGroundTaskRuningTimeUS           
1     0000c006  _g_A                                    
1     0000c008  _g_B                                    
1     0000c040  _g_AppMainInfo                          
1     0000c540  _ucRTUBuf                               
1     0000c700  __gCOMList                              
1     0000c7b6  _can_rx_msg                             
1     0000c920  _pxMBFrameCBByteReceived                
1     0000c922  _pxMBFrameCBTransmitterEmpty            
1     0000c924  _pxMBPortCBTimerExpired                 
1     0000c926  _pxMBFrameCBReceiveFSMCur               
1     0000c928  _pxMBFrameCBTransmitFSMCur              
1     0000c92c  _epwm1_info                             
1     0000c932  _epwm2_info                             
1     0000c938  _epwm3_info                             
1     0000c990  _CpuTimer0                              
1     0000c998  _CpuTimer1                              
1     0000c9a0  _CpuTimer2                              
1     0000c9be  __lock                                  
1     0000ca00  _usRegHoldingBuf                        
1     0000ca40  _usRegInputBuf                          
1     0000ca7c  __unlock                                
1     0000ca7e  _ucRegCoilsBuf                          
1     0000cab0  _g_vcb_list                             
1     0000cabc  _DMADest                                
1     0000cabe  _DMASource                              
1     0000cacc  ___TI_enable_exit_profile_output        
1     0000cace  ___TI_cleanup_ptr                       
1     0000cad0  ___TI_dtors_ptr                         
1     0000cad2  _ucRegDiscreteBuf                       
1     0000cad7  _boolRegHoldingChanged                  
1     0000cada  _errno                                  
1     0000cb00  _DMABuf1                                
1     0033fff8  _CsmPwl                                 
1     00380090  _PartIdRegs                             
abs   000001a4  _RamfuncsLoadSize                       
abs   00000400  __STACK_SIZE                            
abs   ffffffff  ___TI_pprof_out_hndl                    
abs   ffffffff  ___TI_prof_data_size                    
abs   ffffffff  ___TI_prof_data_start                   
abs   ffffffff  ___binit__                              
abs   ffffffff  ___c_args__                             
abs   ffffffff  ___pinit__                              
abs   ffffffff  binit                                   
abs   ffffffff  pinit                                   

[459 symbols]
