******************************************************************************
             TMS320C2000 Linker PC v22.6.1                     
******************************************************************************
>> Linked Thu May 16 10:55:02 2024

OUTPUT FILE NAME:   <Example_2833xCpuTimer.out>
ENTRY POINT SYMBOL: "code_start"  address: 00000000


MEMORY CONFIGURATION

         name            origin    length      used     unused   attr    fill
----------------------  --------  ---------  --------  --------  ----  --------
PAGE 0:
  BEGIN                 00000000   00000002  00000002  00000000  RWIX
  RAMM0                 00000050   000003b0  00000000  000003b0  RWIX
  RAML0                 00008000   00001000  000000eb  00000f15  RWIX
  RAML1                 00009000   00001000  00001000  00000000  RWIX
  RAML2                 0000a000   00001000  00000390  00000c70  RWIX
  RAML3                 0000b000   00001000  00000000  00001000  RWIX
  ZONE7A                00200000   0000fc00  00000000  0000fc00  RWIX
  CSM_RSVD              0033ff80   00000076  00000000  00000076  RWIX
  CSM_PWL               0033fff8   00000008  00000000  00000008  RWIX
  ADC_CAL               00380080   00000009  00000007  00000002  RWIX
  IQTABLES              003fe000   00000b50  00000000  00000b50  RWIX
  IQTABLES2             003feb50   0000008c  00000000  0000008c  RWIX
  FPUTABLES             003febdc   000006a0  00000000  000006a0  RWIX
  BOOTROM               003ff27c   00000d44  00000000  00000d44  RWIX
  RESET                 003fffc0   00000002  00000000  00000002  RWIX

PAGE 1:
  BOOT_RSVD             00000002   0000004e  00000000  0000004e  RWIX
  RAMM1                 00000400   00000400  00000200  00000200  RWIX
  DEV_EMU               00000880   00000180  000000d0  000000b0  RWIX
  FLASH_REGS            00000a80   00000060  00000008  00000058  RWIX
  CSM                   00000ae0   00000010  00000010  00000000  RWIX
  ADC_MIRROR            00000b00   00000010  00000010  00000000  RWIX
  XINTF                 00000b20   00000020  0000001e  00000002  RWIX
  CPU_TIMER0            00000c00   00000008  00000008  00000000  RWIX
  CPU_TIMER1            00000c08   00000008  00000008  00000000  RWIX
  CPU_TIMER2            00000c10   00000008  00000008  00000000  RWIX
  PIE_CTRL              00000ce0   00000020  0000001a  00000006  RWIX
  PIE_VECT              00000d00   00000100  00000100  00000000  RWIX
  DMA                   00001000   00000200  000000e0  00000120  RWIX
  MCBSPA                00005000   00000040  00000025  0000001b  RWIX
  MCBSPB                00005040   00000040  00000025  0000001b  RWIX
  ECANA                 00006000   00000040  00000034  0000000c  RWIX
  ECANA_LAM             00006040   00000040  00000040  00000000  RWIX
  ECANA_MOTS            00006080   00000040  00000040  00000000  RWIX
  ECANA_MOTO            000060c0   00000040  00000040  00000000  RWIX
  ECANA_MBOX            00006100   00000100  00000100  00000000  RWIX
  ECANB                 00006200   00000040  00000034  0000000c  RWIX
  ECANB_LAM             00006240   00000040  00000040  00000000  RWIX
  ECANB_MOTS            00006280   00000040  00000040  00000000  RWIX
  ECANB_MOTO            000062c0   00000040  00000040  00000000  RWIX
  ECANB_MBOX            00006300   00000100  00000100  00000000  RWIX
  EPWM1                 00006800   00000022  00000022  00000000  RWIX
  EPWM2                 00006840   00000022  00000022  00000000  RWIX
  EPWM3                 00006880   00000022  00000022  00000000  RWIX
  EPWM4                 000068c0   00000022  00000022  00000000  RWIX
  EPWM5                 00006900   00000022  00000022  00000000  RWIX
  EPWM6                 00006940   00000022  00000022  00000000  RWIX
  ECAP1                 00006a00   00000020  00000020  00000000  RWIX
  ECAP2                 00006a20   00000020  00000020  00000000  RWIX
  ECAP3                 00006a40   00000020  00000020  00000000  RWIX
  ECAP4                 00006a60   00000020  00000020  00000000  RWIX
  ECAP5                 00006a80   00000020  00000020  00000000  RWIX
  ECAP6                 00006aa0   00000020  00000020  00000000  RWIX
  EQEP1                 00006b00   00000040  00000040  00000000  RWIX
  EQEP2                 00006b40   00000040  00000040  00000000  RWIX
  GPIOCTRL              00006f80   00000040  0000002e  00000012  RWIX
  GPIODAT               00006fc0   00000020  00000020  00000000  RWIX
  GPIOINT               00006fe0   00000020  0000000a  00000016  RWIX
  SYSTEM                00007010   00000020  00000020  00000000  RWIX
  SPIA                  00007040   00000010  00000010  00000000  RWIX
  SCIA                  00007050   00000010  00000010  00000000  RWIX
  XINTRUPT              00007070   00000010  00000010  00000000  RWIX
  ADC                   00007100   00000020  0000001e  00000002  RWIX
  SCIB                  00007750   00000010  00000010  00000000  RWIX
  SCIC                  00007770   00000010  00000010  00000000  RWIX
  I2CA                  00007900   00000040  00000022  0000001e  RWIX
  RAML4                 0000c000   00001000  00000762  0000089e  RWIX
  RAML5                 0000d000   00001000  000001be  00000e42  RWIX
  RAML6                 0000e000   00001000  00000000  00001000  RWIX
  RAML7                 0000f000   00001000  00000000  00001000  RWIX
  ZONE7B                0020fc00   00000400  00000000  00000400  RWIX
  CSM_PWL               0033fff8   00000008  00000008  00000000  RWIX
  PARTID                00380090   00000001  00000001  00000000  RWIX


SECTION ALLOCATION MAP

 output                                  attributes/
section   page    origin      length       input sections
--------  ----  ----------  ----------   ----------------
codestart 
*          0    00000000    00000002     
                  00000000    00000002     DSP2833x_CodeStartBranch.obj (codestart)

.TI.ramfunc 
*          0    000080e7    00000004     
                  000080e7    00000004     DSP2833x_usDelay.obj (.TI.ramfunc)

.cinit     0    00008000    000000e7     
                  00008000    00000096     HDL_Uart.obj (.cinit:__gCOMList)
                  00008096    0000000e     rts2800_fpu32.lib : exit.c.obj (.cinit)
                  000080a4    0000000d     <whole-program> (.cinit)
                  000080b1    00000009     HDL_CPU_Time.obj (.cinit)
                  000080ba    00000005     <whole-program> (.cinit:__lock)
                  000080bf    00000005     <whole-program> (.cinit:__unlock)
                  000080c4    00000005     <whole-program> (.cinit:_period_last_exe_tick_table$4)
                  000080c9    00000004     BFL_Buzz.obj (.cinit)
                  000080cd    00000004     HDL_Uart.obj (.cinit:_m_Com1RxBuf)
                  000080d1    00000004     HDL_Uart.obj (.cinit:_m_Com1TxBuf)
                  000080d5    00000004     HDL_Uart.obj (.cinit:_m_Com2RxBuf)
                  000080d9    00000004     HDL_Uart.obj (.cinit:_m_Com2TxBuf)
                  000080dd    00000004     HDL_Uart.obj (.cinit:_m_Com3RxBuf)
                  000080e1    00000004     HDL_Uart.obj (.cinit:_m_Com3TxBuf)
                  000080e5    00000002     --HOLE-- [fill = 0]

.pinit     0    00008000    00000000     UNINITIALIZED

.stack     1    00000400    00000200     UNINITIALIZED
                  00000400    00000200     --HOLE--

DevEmuRegsFile 
*          1    00000880    000000d0     UNINITIALIZED
                  00000880    000000d0     DSP2833x_GlobalVariableDefs.obj (DevEmuRegsFile)

FlashRegsFile 
*          1    00000a80    00000008     UNINITIALIZED
                  00000a80    00000008     DSP2833x_GlobalVariableDefs.obj (FlashRegsFile)

CsmRegsFile 
*          1    00000ae0    00000010     UNINITIALIZED
                  00000ae0    00000010     DSP2833x_GlobalVariableDefs.obj (CsmRegsFile)

AdcMirrorFile 
*          1    00000b00    00000010     UNINITIALIZED
                  00000b00    00000010     DSP2833x_GlobalVariableDefs.obj (AdcMirrorFile)

XintfRegsFile 
*          1    00000b20    0000001e     UNINITIALIZED
                  00000b20    0000001e     DSP2833x_GlobalVariableDefs.obj (XintfRegsFile)

CpuTimer0RegsFile 
*          1    00000c00    00000008     UNINITIALIZED
                  00000c00    00000008     DSP2833x_GlobalVariableDefs.obj (CpuTimer0RegsFile)

CpuTimer1RegsFile 
*          1    00000c08    00000008     UNINITIALIZED
                  00000c08    00000008     DSP2833x_GlobalVariableDefs.obj (CpuTimer1RegsFile)

CpuTimer2RegsFile 
*          1    00000c10    00000008     UNINITIALIZED
                  00000c10    00000008     DSP2833x_GlobalVariableDefs.obj (CpuTimer2RegsFile)

PieCtrlRegsFile 
*          1    00000ce0    0000001a     UNINITIALIZED
                  00000ce0    0000001a     DSP2833x_GlobalVariableDefs.obj (PieCtrlRegsFile)

ECanaMOTSRegsFile 
*          1    00006080    00000040     UNINITIALIZED
                  00006080    00000040     DSP2833x_GlobalVariableDefs.obj (ECanaMOTSRegsFile)

ECanaMOTORegsFile 
*          1    000060c0    00000040     UNINITIALIZED
                  000060c0    00000040     DSP2833x_GlobalVariableDefs.obj (ECanaMOTORegsFile)

ECanbMOTSRegsFile 
*          1    00006280    00000040     UNINITIALIZED
                  00006280    00000040     DSP2833x_GlobalVariableDefs.obj (ECanbMOTSRegsFile)

ECanbMOTORegsFile 
*          1    000062c0    00000040     UNINITIALIZED
                  000062c0    00000040     DSP2833x_GlobalVariableDefs.obj (ECanbMOTORegsFile)

.econst    1    0000d000    000001be     
                  0000d000    00000100     DSP2833x_PieVect.obj (.econst:_PieVectTableInit)
                  0000d100    0000005b     BFL_VCB.obj (.econst:.string)
                  0000d15b    00000001     --HOLE-- [fill = 0]
                  0000d15c    00000026     rts2800_fpu32.lib : _printfi.c.obj (.econst:.string)
                  0000d182    0000001c                       : _printfi.c.obj (.econst)
                  0000d19e    00000010     <whole-program> (.econst)
                  0000d1ae    00000008     APP_Main.obj (.econst:_$P$T0$1$2)
                  0000d1b6    00000008     APP_Main.obj (.econst:_$P$T1$2$2)

DMARAML4   1    0000c000    000003c0     UNINITIALIZED
                  0000c000    000003c0     BFL_Measure.obj (DMARAML4)

.reset     0    003fffc0    00000002     DSECT
                  003fffc0    00000002     rts2800_fpu32.lib : boot28.asm.obj (.reset)

csm_rsvd   0    0033ff80    00000000     DSECT

csmpasswds 
*          0    0033fff8    00000000     DSECT

.adc_cal   0    00380080    00000007     NOLOAD SECTION
                  00380080    00000007     DSP2833x_ADC_cal.obj (.adc_cal)

PieVectTableFile 
*          1    00000d00    00000100     UNINITIALIZED
                  00000d00    00000100     DSP2833x_GlobalVariableDefs.obj (PieVectTableFile)

DmaRegsFile 
*          1    00001000    000000e0     UNINITIALIZED
                  00001000    000000e0     DSP2833x_GlobalVariableDefs.obj (DmaRegsFile)

McbspaRegsFile 
*          1    00005000    00000025     UNINITIALIZED
                  00005000    00000025     DSP2833x_GlobalVariableDefs.obj (McbspaRegsFile)

McbspbRegsFile 
*          1    00005040    00000025     UNINITIALIZED
                  00005040    00000025     DSP2833x_GlobalVariableDefs.obj (McbspbRegsFile)

ECanaRegsFile 
*          1    00006000    00000034     UNINITIALIZED
                  00006000    00000034     DSP2833x_GlobalVariableDefs.obj (ECanaRegsFile)

ECanaLAMRegsFile 
*          1    00006040    00000040     UNINITIALIZED
                  00006040    00000040     DSP2833x_GlobalVariableDefs.obj (ECanaLAMRegsFile)

ECanaMboxesFile 
*          1    00006100    00000100     UNINITIALIZED
                  00006100    00000100     DSP2833x_GlobalVariableDefs.obj (ECanaMboxesFile)

ECanbRegsFile 
*          1    00006200    00000034     UNINITIALIZED
                  00006200    00000034     DSP2833x_GlobalVariableDefs.obj (ECanbRegsFile)

ECanbLAMRegsFile 
*          1    00006240    00000040     UNINITIALIZED
                  00006240    00000040     DSP2833x_GlobalVariableDefs.obj (ECanbLAMRegsFile)

ECanbMboxesFile 
*          1    00006300    00000100     UNINITIALIZED
                  00006300    00000100     DSP2833x_GlobalVariableDefs.obj (ECanbMboxesFile)

EPwm1RegsFile 
*          1    00006800    00000022     UNINITIALIZED
                  00006800    00000022     DSP2833x_GlobalVariableDefs.obj (EPwm1RegsFile)

EPwm2RegsFile 
*          1    00006840    00000022     UNINITIALIZED
                  00006840    00000022     DSP2833x_GlobalVariableDefs.obj (EPwm2RegsFile)

EPwm3RegsFile 
*          1    00006880    00000022     UNINITIALIZED
                  00006880    00000022     DSP2833x_GlobalVariableDefs.obj (EPwm3RegsFile)

EPwm4RegsFile 
*          1    000068c0    00000022     UNINITIALIZED
                  000068c0    00000022     DSP2833x_GlobalVariableDefs.obj (EPwm4RegsFile)

EPwm5RegsFile 
*          1    00006900    00000022     UNINITIALIZED
                  00006900    00000022     DSP2833x_GlobalVariableDefs.obj (EPwm5RegsFile)

EPwm6RegsFile 
*          1    00006940    00000022     UNINITIALIZED
                  00006940    00000022     DSP2833x_GlobalVariableDefs.obj (EPwm6RegsFile)

ECap1RegsFile 
*          1    00006a00    00000020     UNINITIALIZED
                  00006a00    00000020     DSP2833x_GlobalVariableDefs.obj (ECap1RegsFile)

ECap2RegsFile 
*          1    00006a20    00000020     UNINITIALIZED
                  00006a20    00000020     DSP2833x_GlobalVariableDefs.obj (ECap2RegsFile)

ECap3RegsFile 
*          1    00006a40    00000020     UNINITIALIZED
                  00006a40    00000020     DSP2833x_GlobalVariableDefs.obj (ECap3RegsFile)

ECap4RegsFile 
*          1    00006a60    00000020     UNINITIALIZED
                  00006a60    00000020     DSP2833x_GlobalVariableDefs.obj (ECap4RegsFile)

ECap5RegsFile 
*          1    00006a80    00000020     UNINITIALIZED
                  00006a80    00000020     DSP2833x_GlobalVariableDefs.obj (ECap5RegsFile)

ECap6RegsFile 
*          1    00006aa0    00000020     UNINITIALIZED
                  00006aa0    00000020     DSP2833x_GlobalVariableDefs.obj (ECap6RegsFile)

EQep1RegsFile 
*          1    00006b00    00000040     UNINITIALIZED
                  00006b00    00000040     DSP2833x_GlobalVariableDefs.obj (EQep1RegsFile)

EQep2RegsFile 
*          1    00006b40    00000040     UNINITIALIZED
                  00006b40    00000040     DSP2833x_GlobalVariableDefs.obj (EQep2RegsFile)

GpioCtrlRegsFile 
*          1    00006f80    0000002e     UNINITIALIZED
                  00006f80    0000002e     DSP2833x_GlobalVariableDefs.obj (GpioCtrlRegsFile)

GpioDataRegsFile 
*          1    00006fc0    00000020     UNINITIALIZED
                  00006fc0    00000020     DSP2833x_GlobalVariableDefs.obj (GpioDataRegsFile)

GpioIntRegsFile 
*          1    00006fe0    0000000a     UNINITIALIZED
                  00006fe0    0000000a     DSP2833x_GlobalVariableDefs.obj (GpioIntRegsFile)

SysCtrlRegsFile 
*          1    00007010    00000020     UNINITIALIZED
                  00007010    00000020     DSP2833x_GlobalVariableDefs.obj (SysCtrlRegsFile)

SpiaRegsFile 
*          1    00007040    00000010     UNINITIALIZED
                  00007040    00000010     DSP2833x_GlobalVariableDefs.obj (SpiaRegsFile)

SciaRegsFile 
*          1    00007050    00000010     UNINITIALIZED
                  00007050    00000010     DSP2833x_GlobalVariableDefs.obj (SciaRegsFile)

XIntruptRegsFile 
*          1    00007070    00000010     UNINITIALIZED
                  00007070    00000010     DSP2833x_GlobalVariableDefs.obj (XIntruptRegsFile)

AdcRegsFile 
*          1    00007100    0000001e     UNINITIALIZED
                  00007100    0000001e     DSP2833x_GlobalVariableDefs.obj (AdcRegsFile)

ScibRegsFile 
*          1    00007750    00000010     UNINITIALIZED
                  00007750    00000010     DSP2833x_GlobalVariableDefs.obj (ScibRegsFile)

ScicRegsFile 
*          1    00007770    00000010     UNINITIALIZED
                  00007770    00000010     DSP2833x_GlobalVariableDefs.obj (ScicRegsFile)

I2caRegsFile 
*          1    00007900    00000022     UNINITIALIZED
                  00007900    00000022     DSP2833x_GlobalVariableDefs.obj (I2caRegsFile)

CsmPwlFile 
*          1    0033fff8    00000008     UNINITIALIZED
                  0033fff8    00000008     DSP2833x_GlobalVariableDefs.obj (CsmPwlFile)

PartIdRegsFile 
*          1    00380090    00000001     UNINITIALIZED
                  00380090    00000001     DSP2833x_GlobalVariableDefs.obj (PartIdRegsFile)

.text.1    0    00009000    00001000     
                  00009000    00000316     DSP2833x_DefaultIsr.obj (.text:retain)
                  00009316    00000288     HDL_Uart.obj (.text)
                  0000959e    00000215     HDL_Uart.obj (.text:retain)
                  000097b3    00000107     rts2800_fpu32.lib : ll_div28.asm.obj (.text)
                  000098ba    000000fc     DSP2833x_SysCtrl.obj (.text)
                  000099b6    000000e9     HDL_CPU_Time.obj (.text)
                  00009a9f    00000001     rts2800_fpu32.lib : _lock.c.obj (.text)
                  00009aa0    000000aa     BFL_Measure.obj (.text:retain)
                  00009b4a    0000009f     BFL_RS485.obj (.text)
                  00009be9    0000009c     rts2800_fpu32.lib : fd_add28.asm.obj (.text)
                  00009c85    0000008e     HDL_CPU_Time.obj (.text:retain)
                  00009d13    0000008b     rts2800_fpu32.lib : fd_div28.asm.obj (.text)
                  00009d9e    00000088                       : fs_div28.asm.obj (.text)
                  00009e26    00000083                       : fd_mpy28.asm.obj (.text)
                  00009ea9    00000081     BFL_SCR.obj (.text:retain)
                  00009f2a    0000006c     cqueue.obj (.text)
                  00009f96    00000061     APP_Main.obj (.text)
                  00009ff7    00000009     rts2800_fpu32.lib : fd_neg28.asm.obj (.text)

.text.2    0    0000a000    00000390     
                  0000a000    00000059     HDL_CAN.obj (.text:retain)
                  0000a059    00000057     average_filter.obj (.text)
                  0000a0b0    00000056     rts2800_fpu32.lib : boot28.asm.obj (.text)
                  0000a106    00000033     DSP2833x_CpuTimers.obj (.text)
                  0000a139    0000002a     rts2800_fpu32.lib : fd_cmp28.asm.obj (.text)
                  0000a163    0000002a                       : l_div28.asm.obj (.text)
                  0000a18d    00000029                       : exit.c.obj (.text)
                  0000a1b6    00000028     DSP2833x_PieCtrl.obj (.text)
                  0000a1de    00000027     rts2800_fpu32.lib : e_sqrtf.c.obj (.text)
                  0000a205    00000024                       : cpy_tbl.c.obj (.text)
                  0000a229    00000021                       : fd_toi28.asm.obj (.text)
                  0000a24a    0000001f                       : fd_tol28.asm.obj (.text)
                  0000a269    0000001e                       : ll_cmp28.asm.obj (.text)
                  0000a287    0000001d                       : i_tofd28.asm.obj (.text)
                  0000a2a4    0000001c                       : fs_tofdfpu32.asm.obj (.text)
                  0000a2c0    0000001c                       : l_tofd28.asm.obj (.text)
                  0000a2dc    0000001c                       : memcpy.c.obj (.text)
                  0000a2f8    00000019                       : prolog28.asm.obj (.text)
                  0000a311    00000018                       : ll_aox28.asm.obj (.text)
                  0000a329    00000014     main.obj (.text)
                  0000a33d    00000012     rts2800_fpu32.lib : args_main.c.obj (.text)
                  0000a34f    00000011     DSP2833x_PieVect.obj (.text)
                  0000a360    0000000e     rts2800_fpu32.lib : fd_sub28.asm.obj (.text)
                  0000a36e    0000000c                       : epilog28.asm.obj (.text)
                  0000a37a    0000000b                       : u_div28.asm.obj (.text)
                  0000a385    00000008     DSP2833x_CodeStartBranch.obj (.text)
                  0000a38d    00000002     rts2800_fpu32.lib : pre_init.c.obj (.text)
                  0000a38f    00000001                       : startup.c.obj (.text)

.ebss.1    1    0000c3c0    00000352     UNINITIALIZED
                  0000c3c0    00000101     APP_Main.obj (.ebss:_buffer$2)
                  0000c4c1    00000001     BFL_Buzz.obj (.ebss)
                  0000c4c2    00000018     DSP2833x_CpuTimers.obj (.ebss)
                  0000c4da    00000016     period_query.obj (.ebss:_period_last_exe_tick_table$4)
                  0000c4f0    00000010     BFL_Measure.obj (.ebss:_AdcAvg)
                  0000c500    00000096     HDL_Uart.obj (.ebss:__gCOMList)
                  0000c596    00000012     BFL_SCR.obj (.ebss)
                  0000c5a8    00000010     BFL_Measure.obj (.ebss:_AdcRMS)
                  0000c5b8    00000008     APP_Main.obj (.ebss)
                  0000c5c0    00000080     BFL_Measure.obj (.ebss:_AdcVoltRMSFilter)
                  0000c640    00000050     HDL_Uart.obj (.ebss:_m_Com1RxBuf)
                  0000c690    00000010     BFL_Measure.obj (.ebss:_AdcVoltRMS)
                  0000c6a0    0000000a     HDL_CAN.obj (.ebss)
                  0000c6aa    00000006     HDL_CPU_Time.obj (.ebss)
                  0000c6b0    00000006     rts2800_fpu32.lib : exit.c.obj (.ebss)
                  0000c6b6    00000004     BFL_Measure.obj (.ebss)
                  0000c6ba    00000002     rts2800_fpu32.lib : _lock.c.obj (.ebss:__lock)
                  0000c6bc    00000002                       : _lock.c.obj (.ebss:__unlock)
                  0000c6be    00000001     HDL_Uart.obj (.ebss:_m_Com1TxBuf)
                  0000c6bf    00000001     HDL_Uart.obj (.ebss:_m_Com2TxBuf)
                  0000c6c0    00000050     HDL_Uart.obj (.ebss:_m_Com2RxBuf)
                  0000c710    00000001     HDL_Uart.obj (.ebss:_m_Com3TxBuf)
                  0000c711    00000001     rts2800_fpu32.lib : errno.c.obj (.ebss)

.ebss.2    1    0000c740    00000050     UNINITIALIZED
                  0000c740    00000050     HDL_Uart.obj (.ebss:_m_Com3RxBuf)

MODULE SUMMARY

       Module                                   code   initialized data   uninitialized data
       ------                                   ----   ----------------   ------------------
    .\
       DSP2833x_GlobalVariableDefs.obj          0      0                  2679              
       DSP2833x_DefaultIsr.obj                  790    0                  0                 
       DSP2833x_PieVect.obj                     17     256                0                 
       DSP2833x_SysCtrl.obj                     252    0                  0                 
       DSP2833x_CpuTimers.obj                   51     0                  24                
       DSP2833x_PieCtrl.obj                     40     0                  0                 
       DSP2833x_CodeStartBranch.obj             10     0                  0                 
       DSP2833x_ADC_cal.obj                     7      0                  0                 
       DSP2833x_usDelay.obj                     4      0                  0                 
    +--+----------------------------------------+------+------------------+--------------------+
       Total:                                   1171   256                2703              
                                                                                            
    .\APP\
       APP_Main.obj                             97     16                 265               
    +--+----------------------------------------+------+------------------+--------------------+
       Total:                                   97     16                 265               
                                                                                            
    .\Application\
       main.obj                                 20     0                  0                 
    +--+----------------------------------------+------+------------------+--------------------+
       Total:                                   20     0                  0                 
                                                                                            
    .\BFL\
       BFL_Measure.obj                          170    0                  1140              
       BFL_RS485.obj                            159    0                  0                 
       BFL_SCR.obj                              129    0                  18                
       BFL_VCB.obj                              0      91                 0                 
       period_query.obj                         0      0                  22                
       BFL_Buzz.obj                             0      4                  1                 
    +--+----------------------------------------+------+------------------+--------------------+
       Total:                                   458    95                 1181              
                                                                                            
    .\HDL\
       HDL_Uart.obj                             1181   174                393               
       HDL_CPU_Time.obj                         375    9                  6                 
       HDL_CAN.obj                              89     0                  10                
    +--+----------------------------------------+------+------------------+--------------------+
       Total:                                   1645   183                409               
                                                                                            
    .\LIB\
       cqueue.obj                               108    0                  0                 
       average_filter.obj                       87     0                  0                 
    +--+----------------------------------------+------+------------------+--------------------+
       Total:                                   195    0                  0                 
                                                                                            
    C:\Users\liuyu\AppData\Local\Temp\
       {B195689B-E662-4CDF-B86A-0EB561D8AE2F}   0      44                 0                 
    +--+----------------------------------------+------+------------------+--------------------+
       Total:                                   0      44                 0                 
                                                                                            
    C:/ti/ccstheia131/ccs/tools/compiler/ti-cgt-c2000_22.6.1A23259/lib/rts2800_fpu32.lib
       ll_div28.asm.obj                         263    0                  0                 
       fd_add28.asm.obj                         156    0                  0                 
       fd_div28.asm.obj                         139    0                  0                 
       fs_div28.asm.obj                         136    0                  0                 
       fd_mpy28.asm.obj                         131    0                  0                 
       boot28.asm.obj                           86     0                  0                 
       _printfi.c.obj                           0      66                 0                 
       exit.c.obj                               41     14                 6                 
       fd_cmp28.asm.obj                         42     0                  0                 
       l_div28.asm.obj                          42     0                  0                 
       e_sqrtf.c.obj                            39     0                  0                 
       cpy_tbl.c.obj                            36     0                  0                 
       fd_toi28.asm.obj                         33     0                  0                 
       fd_tol28.asm.obj                         31     0                  0                 
       ll_cmp28.asm.obj                         30     0                  0                 
       i_tofd28.asm.obj                         29     0                  0                 
       fs_tofdfpu32.asm.obj                     28     0                  0                 
       l_tofd28.asm.obj                         28     0                  0                 
       memcpy.c.obj                             28     0                  0                 
       prolog28.asm.obj                         25     0                  0                 
       ll_aox28.asm.obj                         24     0                  0                 
       args_main.c.obj                          18     0                  0                 
       fd_sub28.asm.obj                         14     0                  0                 
       epilog28.asm.obj                         12     0                  0                 
       u_div28.asm.obj                          11     0                  0                 
       fd_neg28.asm.obj                         9      0                  0                 
       _lock.c.obj                              1      0                  4                 
       pre_init.c.obj                           2      0                  0                 
       errno.c.obj                              0      0                  1                 
       startup.c.obj                            1      0                  0                 
    +--+----------------------------------------+------+------------------+--------------------+
       Total:                                   1435   80                 11                
                                                                                            
       Stack:                                   0      0                  512               
    +--+----------------------------------------+------+------------------+--------------------+
       Grand Total:                             5021   674                5081              


GLOBAL DATA SYMBOLS: SORTED BY DATA PAGE

address     data page           name
--------    ----------------    ----
00000400      10 (00000400)     __stack

00000880      22 (00000880)     _DevEmuRegs

00000a80      2a (00000a80)     _FlashRegs

00000ae0      2b (00000ac0)     _CsmRegs

00000b00      2c (00000b00)     _AdcMirror
00000b20      2c (00000b00)     _XintfRegs

00000c00      30 (00000c00)     _CpuTimer0Regs
00000c08      30 (00000c00)     _CpuTimer1Regs
00000c10      30 (00000c00)     _CpuTimer2Regs

00000ce0      33 (00000cc0)     _PieCtrlRegs

00000d00      34 (00000d00)     _PieVectTable

00001000      40 (00001000)     _DmaRegs

00005000     140 (00005000)     _McbspaRegs

00005040     141 (00005040)     _McbspbRegs

00006000     180 (00006000)     _ECanaRegs

00006040     181 (00006040)     _ECanaLAMRegs

00006080     182 (00006080)     _ECanaMOTSRegs

000060c0     183 (000060c0)     _ECanaMOTORegs

00006100     184 (00006100)     _ECanaMboxes

00006200     188 (00006200)     _ECanbRegs

00006240     189 (00006240)     _ECanbLAMRegs

00006280     18a (00006280)     _ECanbMOTSRegs

000062c0     18b (000062c0)     _ECanbMOTORegs

00006300     18c (00006300)     _ECanbMboxes

00006800     1a0 (00006800)     _EPwm1Regs

00006840     1a1 (00006840)     _EPwm2Regs

00006880     1a2 (00006880)     _EPwm3Regs

000068c0     1a3 (000068c0)     _EPwm4Regs

00006900     1a4 (00006900)     _EPwm5Regs

00006940     1a5 (00006940)     _EPwm6Regs

00006a00     1a8 (00006a00)     _ECap1Regs
00006a20     1a8 (00006a00)     _ECap2Regs

00006a40     1a9 (00006a40)     _ECap3Regs
00006a60     1a9 (00006a40)     _ECap4Regs

00006a80     1aa (00006a80)     _ECap5Regs
00006aa0     1aa (00006a80)     _ECap6Regs

00006b00     1ac (00006b00)     _EQep1Regs

00006b40     1ad (00006b40)     _EQep2Regs

00006f80     1be (00006f80)     _GpioCtrlRegs

00006fc0     1bf (00006fc0)     _GpioDataRegs
00006fe0     1bf (00006fc0)     _GpioIntRegs

00007010     1c0 (00007000)     _SysCtrlRegs

00007040     1c1 (00007040)     _SpiaRegs
00007050     1c1 (00007040)     _SciaRegs
00007070     1c1 (00007040)     _XIntruptRegs

00007100     1c4 (00007100)     _AdcRegs

00007750     1dd (00007740)     _ScibRegs
00007770     1dd (00007740)     _ScicRegs

00007900     1e4 (00007900)     _I2caRegs

0000c000     300 (0000c000)     _DMABuf1

0000c4c2     313 (0000c4c0)     _CpuTimer0
0000c4ca     313 (0000c4c0)     _CpuTimer1
0000c4d2     313 (0000c4c0)     _CpuTimer2
0000c4f0     313 (0000c4c0)     _AdcAvg

0000c500     314 (0000c500)     __gCOMList

0000c596     316 (0000c580)     _epwm1_info
0000c59c     316 (0000c580)     _epwm2_info
0000c5a2     316 (0000c580)     _epwm3_info
0000c5a8     316 (0000c580)     _AdcRMS
0000c5b8     316 (0000c580)     _g_app_main_stack
0000c5b9     316 (0000c580)     _cnt
0000c5ba     316 (0000c580)     _sdata
0000c5bb     316 (0000c580)     _rdata
0000c5bc     316 (0000c580)     _t
0000c5be     316 (0000c580)     _signal

0000c5c0     317 (0000c5c0)     _AdcVoltRMSFilter

0000c690     31a (0000c680)     _AdcVoltRMS
0000c6a0     31a (0000c680)     _can_rx_msg
0000c6b0     31a (0000c680)     ___TI_enable_exit_profile_output
0000c6b2     31a (0000c680)     ___TI_cleanup_ptr
0000c6b4     31a (0000c680)     ___TI_dtors_ptr
0000c6b6     31a (0000c680)     _DMADest
0000c6b8     31a (0000c680)     _DMASource
0000c6ba     31a (0000c680)     __lock
0000c6bc     31a (0000c680)     __unlock

0000c711     31c (0000c700)     _errno

0000d000     340 (0000d000)     _PieVectTableInit

0033fff8    cfff (0033ffc0)     _CsmPwl

00380090    e002 (00380080)     _PartIdRegs


GLOBAL SYMBOLS: SORTED ALPHABETICALLY BY Name 

page  address   name                                  
----  -------   ----                                  
abs   ffffffff  .text                                 
0     0000a18d  C$$EXIT                               
0     00009be9  FD$$ADD                               
0     0000a139  FD$$CMP                               
0     00009d13  FD$$DIV                               
0     00009e26  FD$$MPY                               
0     00009ff7  FD$$NEG                               
0     0000a360  FD$$SUB                               
0     0000a229  FD$$TOI                               
0     0000a24a  FD$$TOL                               
0     00009d9e  FS$$DIV                               
0     0000a2a4  FS$$TOFD                              
0     0000a287  I$$TOFD                               
0     0000a163  L$$DIV                                
0     0000a172  L$$MOD                                
0     0000a2c0  L$$TOFD                               
0     0000a311  LL$$AND                               
0     0000a269  LL$$CMP                               
0     000097b3  LL$$DIV                               
0     000097ef  LL$$MOD                               
0     0000a319  LL$$OR                                
0     0000a321  LL$$XOR                               
0     0000a37a  U$$DIV                                
0     0000a37f  U$$MOD                                
0     0000a180  UL$$DIV                               
0     0000a187  UL$$MOD                               
0     0000a27b  ULL$$CMP                              
0     00009829  ULL$$DIV                              
0     00009858  ULL$$MOD                              
0     0000930c  _ADCINT_ISR                           
0     00380080  _ADC_cal                              
0     00009fcb  _APP_Main_Init                        
0     00009f96  _APP_Main_Poll                        
1     0000c4f0  _AdcAvg                               
1     00000b00  _AdcMirror                            
1     0000c5a8  _AdcRMS                               
1     00007100  _AdcRegs                              
1     0000c690  _AdcVoltRMS                           
1     0000c5c0  _AdcVoltRMSFilter                     
0     00009b9e  _BFL_RS485_Init                       
0     00009b90  _BFL_RS485_Read                       
0     00009b82  _BFL_RS485_Release_Bus                
0     00009b7d  _BFL_RS485_Release_Bus_RS4851         
0     00009b78  _BFL_RS485_Release_Bus_RS4852         
0     00009b4a  _BFL_RS485_Take_Bus                   
0     00009b73  _BFL_RS485_Take_Bus_RS4851            
0     00009b6e  _BFL_RS485_Take_Bus_RS4852            
0     00009b58  _BFL_RS485_Write                      
0     0000a000  _CANA_ISR                             
1     0000c4c2  _CpuTimer0                            
1     00000c00  _CpuTimer0Regs                        
1     0000c4ca  _CpuTimer1                            
1     00000c08  _CpuTimer1Regs                        
1     0000c4d2  _CpuTimer2                            
1     00000c10  _CpuTimer2Regs                        
1     0033fff8  _CsmPwl                               
1     00000ae0  _CsmRegs                              
0     00009988  _CsmUnlock                            
0     00009302  _DATALOG_ISR                          
0     000092f8  _DINTCH1_ISR                          
0     000092ee  _DINTCH2_ISR                          
0     000092e4  _DINTCH3_ISR                          
0     000092da  _DINTCH4_ISR                          
0     000092d0  _DINTCH5_ISR                          
0     000092c6  _DINTCH6_ISR                          
1     0000c000  _DMABuf1                              
1     0000c6b6  _DMADest                              
1     0000c6b8  _DMASource                            
0     000080e7  _DSP28x_usDelay                       
1     00000880  _DevEmuRegs                           
0     000098c4  _DisableDog                           
1     00001000  _DmaRegs                              
0     000092bc  _ECAN0INTA_ISR                        
0     000092b2  _ECAN0INTB_ISR                        
0     000092a8  _ECAN1INTA_ISR                        
0     0000929e  _ECAN1INTB_ISR                        
0     00009294  _ECAP1_INT_ISR                        
0     0000928a  _ECAP2_INT_ISR                        
0     00009280  _ECAP3_INT_ISR                        
0     00009276  _ECAP4_INT_ISR                        
0     0000926c  _ECAP5_INT_ISR                        
0     00009262  _ECAP6_INT_ISR                        
1     00006040  _ECanaLAMRegs                         
1     000060c0  _ECanaMOTORegs                        
1     00006080  _ECanaMOTSRegs                        
1     00006100  _ECanaMboxes                          
1     00006000  _ECanaRegs                            
1     00006240  _ECanbLAMRegs                         
1     000062c0  _ECanbMOTORegs                        
1     00006280  _ECanbMOTSRegs                        
1     00006300  _ECanbMboxes                          
1     00006200  _ECanbRegs                            
1     00006a00  _ECap1Regs                            
1     00006a20  _ECap2Regs                            
1     00006a40  _ECap3Regs                            
1     00006a60  _ECap4Regs                            
1     00006a80  _ECap5Regs                            
1     00006aa0  _ECap6Regs                            
0     00009258  _EMUINT_ISR                           
0     0000924e  _EPWM1_INT_ISR                        
0     00009244  _EPWM1_TZINT_ISR                      
0     0000923a  _EPWM2_INT_ISR                        
0     00009230  _EPWM2_TZINT_ISR                      
0     00009226  _EPWM3_INT_ISR                        
0     0000921c  _EPWM3_TZINT_ISR                      
0     00009212  _EPWM4_INT_ISR                        
0     00009208  _EPWM4_TZINT_ISR                      
0     000091fe  _EPWM5_INT_ISR                        
0     000091f4  _EPWM5_TZINT_ISR                      
0     000091ea  _EPWM6_INT_ISR                        
0     000091e0  _EPWM6_TZINT_ISR                      
1     00006800  _EPwm1Regs                            
1     00006840  _EPwm2Regs                            
1     00006880  _EPwm3Regs                            
1     000068c0  _EPwm4Regs                            
1     00006900  _EPwm5Regs                            
1     00006940  _EPwm6Regs                            
0     000091d6  _EQEP1_INT_ISR                        
0     000091cc  _EQEP2_INT_ISR                        
1     00006b00  _EQep1Regs                            
1     00006b40  _EQep2Regs                            
0     0000a1d5  _EnableInterrupts                     
1     00000a80  _FlashRegs                            
1     00006f80  _GpioCtrlRegs                         
1     00006fc0  _GpioDataRegs                         
1     00006fe0  _GpioIntRegs                          
0     00009a8c  _HDL_CPU_Time_DelayMs                 
0     00009a7a  _HDL_CPU_Time_DelayUs                 
0     00009a71  _HDL_CPU_Time_GetTick                 
0     00009a6a  _HDL_CPU_Time_GetUsTick               
0     00009a20  _HDL_CPU_Time_Init                    
0     00009a1b  _HDL_CPU_Time_ResetTick               
0     00009a15  _HDL_CPU_Time_ResetUsTick             
0     00009a11  _HDL_CPU_Time_SetCPUTickCallback      
0     000099f6  _HDL_CPU_Time_StartHardTimer          
0     000099b6  _HDL_CPU_Time_StopHardTimer           
0     000091c2  _I2CINT1A_ISR                         
0     000091b8  _I2CINT2A_ISR                         
1     00007900  _I2caRegs                             
0     000091ae  _ILLEGAL_ISR                          
0     000091a4  _INT13_ISR                            
0     0000919a  _INT14_ISR                            
0     0000a106  _InitCpuTimers                        
0     00009919  _InitPeripheralClocks                 
0     0000a1b6  _InitPieCtrl                          
0     0000a34f  _InitPieVectTable                     
0     000098cc  _InitPll                              
0     0000945b  _InitSciaGpio                         
0     00009441  _InitScibGpio                         
0     000093b4  _InitScicGpio                         
0     0000997f  _InitSysCtrl                          
0     00009190  _LUF_ISR                              
0     00009186  _LVF_ISR                              
0     0000917c  _MRINTA_ISR                           
0     00009172  _MRINTB_ISR                           
0     00009168  _MXINTA_ISR                           
0     0000915e  _MXINTB_ISR                           
1     00005000  _McbspaRegs                           
1     00005040  _McbspbRegs                           
0     00009154  _NMI_ISR                              
0     0000914a  _PIE_RESERVED                         
1     00380090  _PartIdRegs                           
1     00000ce0  _PieCtrlRegs                          
1     00000d00  _PieVectTable                         
1     0000d000  _PieVectTableInit                     
0     00009140  _RTOSINT_ISR                          
0     00009136  _SCIRXINTA_ISR                        
0     0000912c  _SCIRXINTB_ISR                        
0     00009122  _SCIRXINTC_ISR                        
0     00009118  _SCITXINTA_ISR                        
0     0000910e  _SCITXINTB_ISR                        
0     00009104  _SCITXINTC_ISR                        
0     000090fa  _SEQ1INT_ISR                          
0     000090f0  _SEQ2INT_ISR                          
0     000090e6  _SPIRXINTA_ISR                        
0     000090dc  _SPITXINTA_ISR                        
1     00007050  _SciaRegs                             
1     00007750  _ScibRegs                             
1     00007770  _ScicRegs                             
0     000098ba  _ServiceDog                           
1     00007040  _SpiaRegs                             
1     00007010  _SysCtrlRegs                          
0     000090d2  _TINT0_ISR                            
0     000090c8  _USER10_ISR                           
0     000090be  _USER11_ISR                           
0     000090b4  _USER12_ISR                           
0     000090aa  _USER1_ISR                            
0     000090a0  _USER2_ISR                            
0     00009096  _USER3_ISR                            
0     0000908c  _USER4_ISR                            
0     00009082  _USER5_ISR                            
0     00009078  _USER6_ISR                            
0     0000906e  _USER7_ISR                            
0     00009064  _USER8_ISR                            
0     0000905a  _USER9_ISR                            
0     00009586  _Uart_AvailableBytes                  
0     00009567  _Uart_EmptyReadBuffer                 
0     00009477  _Uart_Init                            
0     000093a2  _Uart_Read                            
0     00009394  _Uart_RegisterReceiveCharCallback     
0     00009386  _Uart_RegisterReceiveReadyCharCallback
0     00009377  _Uart_SetWriteOverCallback            
0     00009368  _Uart_UnregisterReceiveCharCallback   
0     00009316  _Uart_Write                           
0     00009050  _WAKEINT_ISR                          
0     00009046  _XINT1_ISR                            
0     0000903c  _XINT2_ISR                            
0     00009032  _XINT3_ISR                            
0     00009028  _XINT4_ISR                            
0     0000901e  _XINT5_ISR                            
0     00009014  _XINT6_ISR                            
0     0000900a  _XINT7_ISR                            
1     00007070  _XIntruptRegs                         
1     00000b20  _XintfRegs                            
1     00000600  __STACK_END                           
abs   00000200  __STACK_SIZE                          
1     0000c6b2  ___TI_cleanup_ptr                     
1     0000c6b4  ___TI_dtors_ptr                       
1     0000c6b0  ___TI_enable_exit_profile_output      
abs   ffffffff  ___TI_pprof_out_hndl                  
abs   ffffffff  ___TI_prof_data_size                  
abs   ffffffff  ___TI_prof_data_start                 
abs   ffffffff  ___binit__                            
abs   ffffffff  ___c_args__                           
0     00008000  ___cinit__                            
abs   ffffffff  ___etext__                            
abs   ffffffff  ___pinit__                            
abs   ffffffff  ___text__                             
0     0000a33d  __args_main                           
1     0000c500  __gCOMList                            
1     0000c6ba  __lock                                
0     00009a9f  __nop                                 
1     00000400  __stack                               
0     0000a38f  __system_post_cinit                   
0     0000a38d  __system_pre_init                     
1     0000c6bc  __unlock                              
0     0000a18d  _abort                                
0     0000a08e  _average_filter_init                  
0     0000a059  _average_filter_update                
0     0000a0b0  _c_int00                              
1     0000c6a0  _can_rx_msg                           
1     0000c5b9  _cnt                                  
0     0000a205  _copy_in                              
0     00009cd9  _cpu_timer0_isr                       
0     00009cc5  _cpu_timer1_isr                       
0     00009c85  _cpu_timer2_isr                       
0     00009f7e  _cqueue_create                        
0     00009f59  _cqueue_enqueue                       
0     00009f2a  _cqueue_out                           
0     0000a36e  _epilog_c28x_1                        
0     0000a372  _epilog_c28x_2                        
1     0000c596  _epwm1_info                           
0     00009eff  _epwm1_isr                            
1     0000c59c  _epwm2_info                           
0     00009ed4  _epwm2_isr                            
1     0000c5a2  _epwm3_info                           
0     00009ea9  _epwm3_isr                            
1     0000c711  _errno                                
0     0000a18f  _exit                                 
1     0000c5b8  _g_app_main_stack                     
0     00009aa0  _local_DINTCH1_ISR                    
0     0000a329  _main                                 
0     0000a2dc  _memcpy                               
0     0000a2f8  _prolog_c28x_1                        
0     0000a2fc  _prolog_c28x_2                        
0     0000a304  _prolog_c28x_3                        
1     0000c5bb  _rdata                                
0     00009000  _rsvd_ISR                             
0     0000974f  _sciaRxFifoIsr                        
0     0000970a  _sciaTxFifoIsr                        
0     0000969d  _scibRxFifoIsr                        
0     00009655  _scibTxFifoIsr                        
0     000095e6  _scicRxFifoIsr                        
0     0000959e  _scicTxFifoIsr                        
1     0000c5ba  _sdata                                
1     0000c5be  _signal                               
0     0000a1de  _sqrt                                 
0     0000a1de  _sqrtf                                
1     0000c5bc  _t                                    
abs   ffffffff  binit                                 
0     00008000  cinit                                 
0     00000000  code_start                            
abs   ffffffff  etext                                 
abs   ffffffff  pinit                                 


GLOBAL SYMBOLS: SORTED BY Symbol Address 

page  address   name                                  
----  -------   ----                                  
0     00000000  code_start                            
0     00008000  ___cinit__                            
0     00008000  cinit                                 
0     000080e7  _DSP28x_usDelay                       
0     00009000  _rsvd_ISR                             
0     0000900a  _XINT7_ISR                            
0     00009014  _XINT6_ISR                            
0     0000901e  _XINT5_ISR                            
0     00009028  _XINT4_ISR                            
0     00009032  _XINT3_ISR                            
0     0000903c  _XINT2_ISR                            
0     00009046  _XINT1_ISR                            
0     00009050  _WAKEINT_ISR                          
0     0000905a  _USER9_ISR                            
0     00009064  _USER8_ISR                            
0     0000906e  _USER7_ISR                            
0     00009078  _USER6_ISR                            
0     00009082  _USER5_ISR                            
0     0000908c  _USER4_ISR                            
0     00009096  _USER3_ISR                            
0     000090a0  _USER2_ISR                            
0     000090aa  _USER1_ISR                            
0     000090b4  _USER12_ISR                           
0     000090be  _USER11_ISR                           
0     000090c8  _USER10_ISR                           
0     000090d2  _TINT0_ISR                            
0     000090dc  _SPITXINTA_ISR                        
0     000090e6  _SPIRXINTA_ISR                        
0     000090f0  _SEQ2INT_ISR                          
0     000090fa  _SEQ1INT_ISR                          
0     00009104  _SCITXINTC_ISR                        
0     0000910e  _SCITXINTB_ISR                        
0     00009118  _SCITXINTA_ISR                        
0     00009122  _SCIRXINTC_ISR                        
0     0000912c  _SCIRXINTB_ISR                        
0     00009136  _SCIRXINTA_ISR                        
0     00009140  _RTOSINT_ISR                          
0     0000914a  _PIE_RESERVED                         
0     00009154  _NMI_ISR                              
0     0000915e  _MXINTB_ISR                           
0     00009168  _MXINTA_ISR                           
0     00009172  _MRINTB_ISR                           
0     0000917c  _MRINTA_ISR                           
0     00009186  _LVF_ISR                              
0     00009190  _LUF_ISR                              
0     0000919a  _INT14_ISR                            
0     000091a4  _INT13_ISR                            
0     000091ae  _ILLEGAL_ISR                          
0     000091b8  _I2CINT2A_ISR                         
0     000091c2  _I2CINT1A_ISR                         
0     000091cc  _EQEP2_INT_ISR                        
0     000091d6  _EQEP1_INT_ISR                        
0     000091e0  _EPWM6_TZINT_ISR                      
0     000091ea  _EPWM6_INT_ISR                        
0     000091f4  _EPWM5_TZINT_ISR                      
0     000091fe  _EPWM5_INT_ISR                        
0     00009208  _EPWM4_TZINT_ISR                      
0     00009212  _EPWM4_INT_ISR                        
0     0000921c  _EPWM3_TZINT_ISR                      
0     00009226  _EPWM3_INT_ISR                        
0     00009230  _EPWM2_TZINT_ISR                      
0     0000923a  _EPWM2_INT_ISR                        
0     00009244  _EPWM1_TZINT_ISR                      
0     0000924e  _EPWM1_INT_ISR                        
0     00009258  _EMUINT_ISR                           
0     00009262  _ECAP6_INT_ISR                        
0     0000926c  _ECAP5_INT_ISR                        
0     00009276  _ECAP4_INT_ISR                        
0     00009280  _ECAP3_INT_ISR                        
0     0000928a  _ECAP2_INT_ISR                        
0     00009294  _ECAP1_INT_ISR                        
0     0000929e  _ECAN1INTB_ISR                        
0     000092a8  _ECAN1INTA_ISR                        
0     000092b2  _ECAN0INTB_ISR                        
0     000092bc  _ECAN0INTA_ISR                        
0     000092c6  _DINTCH6_ISR                          
0     000092d0  _DINTCH5_ISR                          
0     000092da  _DINTCH4_ISR                          
0     000092e4  _DINTCH3_ISR                          
0     000092ee  _DINTCH2_ISR                          
0     000092f8  _DINTCH1_ISR                          
0     00009302  _DATALOG_ISR                          
0     0000930c  _ADCINT_ISR                           
0     00009316  _Uart_Write                           
0     00009368  _Uart_UnregisterReceiveCharCallback   
0     00009377  _Uart_SetWriteOverCallback            
0     00009386  _Uart_RegisterReceiveReadyCharCallback
0     00009394  _Uart_RegisterReceiveCharCallback     
0     000093a2  _Uart_Read                            
0     000093b4  _InitScicGpio                         
0     00009441  _InitScibGpio                         
0     0000945b  _InitSciaGpio                         
0     00009477  _Uart_Init                            
0     00009567  _Uart_EmptyReadBuffer                 
0     00009586  _Uart_AvailableBytes                  
0     0000959e  _scicTxFifoIsr                        
0     000095e6  _scicRxFifoIsr                        
0     00009655  _scibTxFifoIsr                        
0     0000969d  _scibRxFifoIsr                        
0     0000970a  _sciaTxFifoIsr                        
0     0000974f  _sciaRxFifoIsr                        
0     000097b3  LL$$DIV                               
0     000097ef  LL$$MOD                               
0     00009829  ULL$$DIV                              
0     00009858  ULL$$MOD                              
0     000098ba  _ServiceDog                           
0     000098c4  _DisableDog                           
0     000098cc  _InitPll                              
0     00009919  _InitPeripheralClocks                 
0     0000997f  _InitSysCtrl                          
0     00009988  _CsmUnlock                            
0     000099b6  _HDL_CPU_Time_StopHardTimer           
0     000099f6  _HDL_CPU_Time_StartHardTimer          
0     00009a11  _HDL_CPU_Time_SetCPUTickCallback      
0     00009a15  _HDL_CPU_Time_ResetUsTick             
0     00009a1b  _HDL_CPU_Time_ResetTick               
0     00009a20  _HDL_CPU_Time_Init                    
0     00009a6a  _HDL_CPU_Time_GetUsTick               
0     00009a71  _HDL_CPU_Time_GetTick                 
0     00009a7a  _HDL_CPU_Time_DelayUs                 
0     00009a8c  _HDL_CPU_Time_DelayMs                 
0     00009a9f  __nop                                 
0     00009aa0  _local_DINTCH1_ISR                    
0     00009b4a  _BFL_RS485_Take_Bus                   
0     00009b58  _BFL_RS485_Write                      
0     00009b6e  _BFL_RS485_Take_Bus_RS4852            
0     00009b73  _BFL_RS485_Take_Bus_RS4851            
0     00009b78  _BFL_RS485_Release_Bus_RS4852         
0     00009b7d  _BFL_RS485_Release_Bus_RS4851         
0     00009b82  _BFL_RS485_Release_Bus                
0     00009b90  _BFL_RS485_Read                       
0     00009b9e  _BFL_RS485_Init                       
0     00009be9  FD$$ADD                               
0     00009c85  _cpu_timer2_isr                       
0     00009cc5  _cpu_timer1_isr                       
0     00009cd9  _cpu_timer0_isr                       
0     00009d13  FD$$DIV                               
0     00009d9e  FS$$DIV                               
0     00009e26  FD$$MPY                               
0     00009ea9  _epwm3_isr                            
0     00009ed4  _epwm2_isr                            
0     00009eff  _epwm1_isr                            
0     00009f2a  _cqueue_out                           
0     00009f59  _cqueue_enqueue                       
0     00009f7e  _cqueue_create                        
0     00009f96  _APP_Main_Poll                        
0     00009fcb  _APP_Main_Init                        
0     00009ff7  FD$$NEG                               
0     0000a000  _CANA_ISR                             
0     0000a059  _average_filter_update                
0     0000a08e  _average_filter_init                  
0     0000a0b0  _c_int00                              
0     0000a106  _InitCpuTimers                        
0     0000a139  FD$$CMP                               
0     0000a163  L$$DIV                                
0     0000a172  L$$MOD                                
0     0000a180  UL$$DIV                               
0     0000a187  UL$$MOD                               
0     0000a18d  C$$EXIT                               
0     0000a18d  _abort                                
0     0000a18f  _exit                                 
0     0000a1b6  _InitPieCtrl                          
0     0000a1d5  _EnableInterrupts                     
0     0000a1de  _sqrt                                 
0     0000a1de  _sqrtf                                
0     0000a205  _copy_in                              
0     0000a229  FD$$TOI                               
0     0000a24a  FD$$TOL                               
0     0000a269  LL$$CMP                               
0     0000a27b  ULL$$CMP                              
0     0000a287  I$$TOFD                               
0     0000a2a4  FS$$TOFD                              
0     0000a2c0  L$$TOFD                               
0     0000a2dc  _memcpy                               
0     0000a2f8  _prolog_c28x_1                        
0     0000a2fc  _prolog_c28x_2                        
0     0000a304  _prolog_c28x_3                        
0     0000a311  LL$$AND                               
0     0000a319  LL$$OR                                
0     0000a321  LL$$XOR                               
0     0000a329  _main                                 
0     0000a33d  __args_main                           
0     0000a34f  _InitPieVectTable                     
0     0000a360  FD$$SUB                               
0     0000a36e  _epilog_c28x_1                        
0     0000a372  _epilog_c28x_2                        
0     0000a37a  U$$DIV                                
0     0000a37f  U$$MOD                                
0     0000a38d  __system_pre_init                     
0     0000a38f  __system_post_cinit                   
0     00380080  _ADC_cal                              
1     00000400  __stack                               
1     00000600  __STACK_END                           
1     00000880  _DevEmuRegs                           
1     00000a80  _FlashRegs                            
1     00000ae0  _CsmRegs                              
1     00000b00  _AdcMirror                            
1     00000b20  _XintfRegs                            
1     00000c00  _CpuTimer0Regs                        
1     00000c08  _CpuTimer1Regs                        
1     00000c10  _CpuTimer2Regs                        
1     00000ce0  _PieCtrlRegs                          
1     00000d00  _PieVectTable                         
1     00001000  _DmaRegs                              
1     00005000  _McbspaRegs                           
1     00005040  _McbspbRegs                           
1     00006000  _ECanaRegs                            
1     00006040  _ECanaLAMRegs                         
1     00006080  _ECanaMOTSRegs                        
1     000060c0  _ECanaMOTORegs                        
1     00006100  _ECanaMboxes                          
1     00006200  _ECanbRegs                            
1     00006240  _ECanbLAMRegs                         
1     00006280  _ECanbMOTSRegs                        
1     000062c0  _ECanbMOTORegs                        
1     00006300  _ECanbMboxes                          
1     00006800  _EPwm1Regs                            
1     00006840  _EPwm2Regs                            
1     00006880  _EPwm3Regs                            
1     000068c0  _EPwm4Regs                            
1     00006900  _EPwm5Regs                            
1     00006940  _EPwm6Regs                            
1     00006a00  _ECap1Regs                            
1     00006a20  _ECap2Regs                            
1     00006a40  _ECap3Regs                            
1     00006a60  _ECap4Regs                            
1     00006a80  _ECap5Regs                            
1     00006aa0  _ECap6Regs                            
1     00006b00  _EQep1Regs                            
1     00006b40  _EQep2Regs                            
1     00006f80  _GpioCtrlRegs                         
1     00006fc0  _GpioDataRegs                         
1     00006fe0  _GpioIntRegs                          
1     00007010  _SysCtrlRegs                          
1     00007040  _SpiaRegs                             
1     00007050  _SciaRegs                             
1     00007070  _XIntruptRegs                         
1     00007100  _AdcRegs                              
1     00007750  _ScibRegs                             
1     00007770  _ScicRegs                             
1     00007900  _I2caRegs                             
1     0000c000  _DMABuf1                              
1     0000c4c2  _CpuTimer0                            
1     0000c4ca  _CpuTimer1                            
1     0000c4d2  _CpuTimer2                            
1     0000c4f0  _AdcAvg                               
1     0000c500  __gCOMList                            
1     0000c596  _epwm1_info                           
1     0000c59c  _epwm2_info                           
1     0000c5a2  _epwm3_info                           
1     0000c5a8  _AdcRMS                               
1     0000c5b8  _g_app_main_stack                     
1     0000c5b9  _cnt                                  
1     0000c5ba  _sdata                                
1     0000c5bb  _rdata                                
1     0000c5bc  _t                                    
1     0000c5be  _signal                               
1     0000c5c0  _AdcVoltRMSFilter                     
1     0000c690  _AdcVoltRMS                           
1     0000c6a0  _can_rx_msg                           
1     0000c6b0  ___TI_enable_exit_profile_output      
1     0000c6b2  ___TI_cleanup_ptr                     
1     0000c6b4  ___TI_dtors_ptr                       
1     0000c6b6  _DMADest                              
1     0000c6b8  _DMASource                            
1     0000c6ba  __lock                                
1     0000c6bc  __unlock                              
1     0000c711  _errno                                
1     0000d000  _PieVectTableInit                     
1     0033fff8  _CsmPwl                               
1     00380090  _PartIdRegs                           
abs   00000200  __STACK_SIZE                          
abs   ffffffff  .text                                 
abs   ffffffff  ___TI_pprof_out_hndl                  
abs   ffffffff  ___TI_prof_data_size                  
abs   ffffffff  ___TI_prof_data_start                 
abs   ffffffff  ___binit__                            
abs   ffffffff  ___c_args__                           
abs   ffffffff  ___etext__                            
abs   ffffffff  ___pinit__                            
abs   ffffffff  ___text__                             
abs   ffffffff  binit                                 
abs   ffffffff  etext                                 
abs   ffffffff  pinit                                 

[284 symbols]
