******************************************************************************
             TMS320C2000 Linker PC v22.6.1                     
******************************************************************************
>> Linked Fri May 17 14:22:05 2024

OUTPUT FILE NAME:   <Example_2833xCpuTimer.out>
ENTRY POINT SYMBOL: "code_start"  address: 00000000


MEMORY CONFIGURATION

         name            origin    length      used     unused   attr    fill
----------------------  --------  ---------  --------  --------  ----  --------
PAGE 0:
  BEGIN                 00000000   00000002  00000002  00000000  RWIX
  RAMM0                 00000050   000003b0  00000000  000003b0  RWIX
  RAML0                 00008000   00001000  00000157  00000ea9  RWIX
  RAML1                 00009000   00001000  00001000  00000000  RWIX
  RAML2                 0000a000   00001000  00000fff  00000001  RWIX
  RAML3                 0000b000   00001000  000008b8  00000748  RWIX
  ZONE7A                00200000   0000fc00  00000000  0000fc00  RWIX
  CSM_RSVD              0033ff80   00000076  00000000  00000076  RWIX
  CSM_PWL               0033fff8   00000008  00000000  00000008  RWIX
  ADC_CAL               00380080   00000009  00000007  00000002  RWIX
  IQTABLES              003fe000   00000b50  00000000  00000b50  RWIX
  IQTABLES2             003feb50   0000008c  00000000  0000008c  RWIX
  FPUTABLES             003febdc   000006a0  00000000  000006a0  RWIX
  BOOTROM               003ff27c   00000d44  00000000  00000d44  RWIX
  RESET                 003fffc0   00000002  00000000  00000002  RWIX

PAGE 1:
  BOOT_RSVD             00000002   0000004e  00000000  0000004e  RWIX
  RAMM1                 00000400   00000400  00000200  00000200  RWIX
  DEV_EMU               00000880   00000180  000000d0  000000b0  RWIX
  FLASH_REGS            00000a80   00000060  00000008  00000058  RWIX
  CSM                   00000ae0   00000010  00000010  00000000  RWIX
  ADC_MIRROR            00000b00   00000010  00000010  00000000  RWIX
  XINTF                 00000b20   00000020  0000001e  00000002  RWIX
  CPU_TIMER0            00000c00   00000008  00000008  00000000  RWIX
  CPU_TIMER1            00000c08   00000008  00000008  00000000  RWIX
  CPU_TIMER2            00000c10   00000008  00000008  00000000  RWIX
  PIE_CTRL              00000ce0   00000020  0000001a  00000006  RWIX
  PIE_VECT              00000d00   00000100  00000100  00000000  RWIX
  DMA                   00001000   00000200  000000e0  00000120  RWIX
  MCBSPA                00005000   00000040  00000025  0000001b  RWIX
  MCBSPB                00005040   00000040  00000025  0000001b  RWIX
  ECANA                 00006000   00000040  00000034  0000000c  RWIX
  ECANA_LAM             00006040   00000040  00000040  00000000  RWIX
  ECANA_MOTS            00006080   00000040  00000040  00000000  RWIX
  ECANA_MOTO            000060c0   00000040  00000040  00000000  RWIX
  ECANA_MBOX            00006100   00000100  00000100  00000000  RWIX
  ECANB                 00006200   00000040  00000034  0000000c  RWIX
  ECANB_LAM             00006240   00000040  00000040  00000000  RWIX
  ECANB_MOTS            00006280   00000040  00000040  00000000  RWIX
  ECANB_MOTO            000062c0   00000040  00000040  00000000  RWIX
  ECANB_MBOX            00006300   00000100  00000100  00000000  RWIX
  EPWM1                 00006800   00000022  00000022  00000000  RWIX
  EPWM2                 00006840   00000022  00000022  00000000  RWIX
  EPWM3                 00006880   00000022  00000022  00000000  RWIX
  EPWM4                 000068c0   00000022  00000022  00000000  RWIX
  EPWM5                 00006900   00000022  00000022  00000000  RWIX
  EPWM6                 00006940   00000022  00000022  00000000  RWIX
  ECAP1                 00006a00   00000020  00000020  00000000  RWIX
  ECAP2                 00006a20   00000020  00000020  00000000  RWIX
  ECAP3                 00006a40   00000020  00000020  00000000  RWIX
  ECAP4                 00006a60   00000020  00000020  00000000  RWIX
  ECAP5                 00006a80   00000020  00000020  00000000  RWIX
  ECAP6                 00006aa0   00000020  00000020  00000000  RWIX
  EQEP1                 00006b00   00000040  00000040  00000000  RWIX
  EQEP2                 00006b40   00000040  00000040  00000000  RWIX
  GPIOCTRL              00006f80   00000040  0000002e  00000012  RWIX
  GPIODAT               00006fc0   00000020  00000020  00000000  RWIX
  GPIOINT               00006fe0   00000020  0000000a  00000016  RWIX
  SYSTEM                00007010   00000020  00000020  00000000  RWIX
  SPIA                  00007040   00000010  00000010  00000000  RWIX
  SCIA                  00007050   00000010  00000010  00000000  RWIX
  XINTRUPT              00007070   00000010  00000010  00000000  RWIX
  ADC                   00007100   00000020  0000001e  00000002  RWIX
  SCIB                  00007750   00000010  00000010  00000000  RWIX
  SCIC                  00007770   00000010  00000010  00000000  RWIX
  I2CA                  00007900   00000040  00000022  0000001e  RWIX
  RAML4                 0000c000   00001000  00000add  00000523  RWIX
  RAML5                 0000d000   00001000  000005ba  00000a46  RWIX
  RAML6                 0000e000   00001000  00000000  00001000  RWIX
  RAML7                 0000f000   00001000  00000000  00001000  RWIX
  ZONE7B                0020fc00   00000400  00000000  00000400  RWIX
  CSM_PWL               0033fff8   00000008  00000008  00000000  RWIX
  PARTID                00380090   00000001  00000001  00000000  RWIX


SECTION ALLOCATION MAP

 output                                  attributes/
section   page    origin      length       input sections
--------  ----  ----------  ----------   ----------------
codestart 
*          0    00000000    00000002     
                  00000000    00000002     DSP2833x_CodeStartBranch.obj (codestart)

.TI.ramfunc 
*          0    00008153    00000004     
                  00008153    00000004     DSP2833x_usDelay.obj (.TI.ramfunc)

.cinit     0    00008000    00000153     
                  00008000    00000096     HDL_Uart.obj (.cinit:__gCOMList)
                  00008096    0000002d     <whole-program> (.cinit)
                  000080c3    0000002b     <whole-program> (.cinit:_xFuncHandlers$28)
                  000080ee    0000000e     rts2800_fpu32.lib : exit.c.obj (.cinit)
                  000080fc    0000000d     HDL_CPU_Time.obj (.cinit)
                  00008109    0000000b     <whole-program> (.cinit:_usRegInputBuf)
                  00008114    00000005     <whole-program> (.cinit:__lock)
                  00008119    00000005     <whole-program> (.cinit:__unlock)
                  0000811e    00000005     period_query.obj (.cinit:_period_last_exe_tick_table)
                  00008123    00000005     <whole-program> (.cinit:_ucRegCoilsBuf)
                  00008128    00000005     <whole-program> (.cinit:_ucRegDiscreteBuf)
                  0000812d    00000004     BFL_Buzz.obj (.cinit)
                  00008131    00000004     BFL_Measure.obj (.cinit)
                  00008135    00000004     HDL_Uart.obj (.cinit:_m_Com1RxBuf)
                  00008139    00000004     HDL_Uart.obj (.cinit:_m_Com1TxBuf)
                  0000813d    00000004     HDL_Uart.obj (.cinit:_m_Com2RxBuf)
                  00008141    00000004     HDL_Uart.obj (.cinit:_m_Com2TxBuf)
                  00008145    00000004     HDL_Uart.obj (.cinit:_m_Com3RxBuf)
                  00008149    00000004     HDL_Uart.obj (.cinit:_m_Com3TxBuf)
                  0000814d    00000004     <whole-program> (.cinit:_usRegHoldingBuf)
                  00008151    00000002     --HOLE-- [fill = 0]

.pinit     0    00008000    00000000     UNINITIALIZED

.stack     1    00000400    00000200     UNINITIALIZED
                  00000400    00000200     --HOLE--

DevEmuRegsFile 
*          1    00000880    000000d0     UNINITIALIZED
                  00000880    000000d0     DSP2833x_GlobalVariableDefs.obj (DevEmuRegsFile)

FlashRegsFile 
*          1    00000a80    00000008     UNINITIALIZED
                  00000a80    00000008     DSP2833x_GlobalVariableDefs.obj (FlashRegsFile)

CsmRegsFile 
*          1    00000ae0    00000010     UNINITIALIZED
                  00000ae0    00000010     DSP2833x_GlobalVariableDefs.obj (CsmRegsFile)

AdcMirrorFile 
*          1    00000b00    00000010     UNINITIALIZED
                  00000b00    00000010     DSP2833x_GlobalVariableDefs.obj (AdcMirrorFile)

XintfRegsFile 
*          1    00000b20    0000001e     UNINITIALIZED
                  00000b20    0000001e     DSP2833x_GlobalVariableDefs.obj (XintfRegsFile)

CpuTimer0RegsFile 
*          1    00000c00    00000008     UNINITIALIZED
                  00000c00    00000008     DSP2833x_GlobalVariableDefs.obj (CpuTimer0RegsFile)

CpuTimer1RegsFile 
*          1    00000c08    00000008     UNINITIALIZED
                  00000c08    00000008     DSP2833x_GlobalVariableDefs.obj (CpuTimer1RegsFile)

CpuTimer2RegsFile 
*          1    00000c10    00000008     UNINITIALIZED
                  00000c10    00000008     DSP2833x_GlobalVariableDefs.obj (CpuTimer2RegsFile)

PieCtrlRegsFile 
*          1    00000ce0    0000001a     UNINITIALIZED
                  00000ce0    0000001a     DSP2833x_GlobalVariableDefs.obj (PieCtrlRegsFile)

ECanaMOTSRegsFile 
*          1    00006080    00000040     UNINITIALIZED
                  00006080    00000040     DSP2833x_GlobalVariableDefs.obj (ECanaMOTSRegsFile)

ECanaMOTORegsFile 
*          1    000060c0    00000040     UNINITIALIZED
                  000060c0    00000040     DSP2833x_GlobalVariableDefs.obj (ECanaMOTORegsFile)

ECanbMOTSRegsFile 
*          1    00006280    00000040     UNINITIALIZED
                  00006280    00000040     DSP2833x_GlobalVariableDefs.obj (ECanbMOTSRegsFile)

ECanbMOTORegsFile 
*          1    000062c0    00000040     UNINITIALIZED
                  000062c0    00000040     DSP2833x_GlobalVariableDefs.obj (ECanbMOTORegsFile)

.econst    1    0000d000    000005ba     
                  0000d000    00000100     mbcrc.obj (.econst:.string:_aucCRCHi$33)
                  0000d100    00000100     mbcrc.obj (.econst:.string:_aucCRCLo$33)
                  0000d200    00000100     DSP2833x_PieVect.obj (.econst:_PieVectTableInit)
                  0000d300    00000100     crc.obj (.econst:_s_CRCHi)
                  0000d400    00000100     crc.obj (.econst:_s_CRCLo)
                  0000d500    0000005b     BFL_VCB.obj (.econst:.string)
                  0000d55b    00000001     --HOLE-- [fill = 0]
                  0000d55c    00000026     rts2800_fpu32.lib : _printfi.c.obj (.econst:.string)
                  0000d582    0000001c                       : _printfi.c.obj (.econst)
                  0000d59e    00000010     <whole-program> (.econst)
                  0000d5ae    00000008     B1_CapacitanceTemperatureMeasure.obj (.econst:_$P$T0$2$4)
                  0000d5b6    00000002     APP_Main.obj (.econst)
                  0000d5b8    00000002     mbcb.obj (.econst)

DMARAML4   1    0000c000    000003c0     UNINITIALIZED
                  0000c000    000003c0     BFL_Measure.obj (DMARAML4)

.reset     0    003fffc0    00000002     DSECT
                  003fffc0    00000002     rts2800_fpu32.lib : boot28.asm.obj (.reset)

csm_rsvd   0    0033ff80    00000000     DSECT

csmpasswds 
*          0    0033fff8    00000000     DSECT

.adc_cal   0    00380080    00000007     NOLOAD SECTION
                  00380080    00000007     DSP2833x_ADC_cal.obj (.adc_cal)

PieVectTableFile 
*          1    00000d00    00000100     UNINITIALIZED
                  00000d00    00000100     DSP2833x_GlobalVariableDefs.obj (PieVectTableFile)

DmaRegsFile 
*          1    00001000    000000e0     UNINITIALIZED
                  00001000    000000e0     DSP2833x_GlobalVariableDefs.obj (DmaRegsFile)

McbspaRegsFile 
*          1    00005000    00000025     UNINITIALIZED
                  00005000    00000025     DSP2833x_GlobalVariableDefs.obj (McbspaRegsFile)

McbspbRegsFile 
*          1    00005040    00000025     UNINITIALIZED
                  00005040    00000025     DSP2833x_GlobalVariableDefs.obj (McbspbRegsFile)

ECanaRegsFile 
*          1    00006000    00000034     UNINITIALIZED
                  00006000    00000034     DSP2833x_GlobalVariableDefs.obj (ECanaRegsFile)

ECanaLAMRegsFile 
*          1    00006040    00000040     UNINITIALIZED
                  00006040    00000040     DSP2833x_GlobalVariableDefs.obj (ECanaLAMRegsFile)

ECanaMboxesFile 
*          1    00006100    00000100     UNINITIALIZED
                  00006100    00000100     DSP2833x_GlobalVariableDefs.obj (ECanaMboxesFile)

ECanbRegsFile 
*          1    00006200    00000034     UNINITIALIZED
                  00006200    00000034     DSP2833x_GlobalVariableDefs.obj (ECanbRegsFile)

ECanbLAMRegsFile 
*          1    00006240    00000040     UNINITIALIZED
                  00006240    00000040     DSP2833x_GlobalVariableDefs.obj (ECanbLAMRegsFile)

ECanbMboxesFile 
*          1    00006300    00000100     UNINITIALIZED
                  00006300    00000100     DSP2833x_GlobalVariableDefs.obj (ECanbMboxesFile)

EPwm1RegsFile 
*          1    00006800    00000022     UNINITIALIZED
                  00006800    00000022     DSP2833x_GlobalVariableDefs.obj (EPwm1RegsFile)

EPwm2RegsFile 
*          1    00006840    00000022     UNINITIALIZED
                  00006840    00000022     DSP2833x_GlobalVariableDefs.obj (EPwm2RegsFile)

EPwm3RegsFile 
*          1    00006880    00000022     UNINITIALIZED
                  00006880    00000022     DSP2833x_GlobalVariableDefs.obj (EPwm3RegsFile)

EPwm4RegsFile 
*          1    000068c0    00000022     UNINITIALIZED
                  000068c0    00000022     DSP2833x_GlobalVariableDefs.obj (EPwm4RegsFile)

EPwm5RegsFile 
*          1    00006900    00000022     UNINITIALIZED
                  00006900    00000022     DSP2833x_GlobalVariableDefs.obj (EPwm5RegsFile)

EPwm6RegsFile 
*          1    00006940    00000022     UNINITIALIZED
                  00006940    00000022     DSP2833x_GlobalVariableDefs.obj (EPwm6RegsFile)

ECap1RegsFile 
*          1    00006a00    00000020     UNINITIALIZED
                  00006a00    00000020     DSP2833x_GlobalVariableDefs.obj (ECap1RegsFile)

ECap2RegsFile 
*          1    00006a20    00000020     UNINITIALIZED
                  00006a20    00000020     DSP2833x_GlobalVariableDefs.obj (ECap2RegsFile)

ECap3RegsFile 
*          1    00006a40    00000020     UNINITIALIZED
                  00006a40    00000020     DSP2833x_GlobalVariableDefs.obj (ECap3RegsFile)

ECap4RegsFile 
*          1    00006a60    00000020     UNINITIALIZED
                  00006a60    00000020     DSP2833x_GlobalVariableDefs.obj (ECap4RegsFile)

ECap5RegsFile 
*          1    00006a80    00000020     UNINITIALIZED
                  00006a80    00000020     DSP2833x_GlobalVariableDefs.obj (ECap5RegsFile)

ECap6RegsFile 
*          1    00006aa0    00000020     UNINITIALIZED
                  00006aa0    00000020     DSP2833x_GlobalVariableDefs.obj (ECap6RegsFile)

EQep1RegsFile 
*          1    00006b00    00000040     UNINITIALIZED
                  00006b00    00000040     DSP2833x_GlobalVariableDefs.obj (EQep1RegsFile)

EQep2RegsFile 
*          1    00006b40    00000040     UNINITIALIZED
                  00006b40    00000040     DSP2833x_GlobalVariableDefs.obj (EQep2RegsFile)

GpioCtrlRegsFile 
*          1    00006f80    0000002e     UNINITIALIZED
                  00006f80    0000002e     DSP2833x_GlobalVariableDefs.obj (GpioCtrlRegsFile)

GpioDataRegsFile 
*          1    00006fc0    00000020     UNINITIALIZED
                  00006fc0    00000020     DSP2833x_GlobalVariableDefs.obj (GpioDataRegsFile)

GpioIntRegsFile 
*          1    00006fe0    0000000a     UNINITIALIZED
                  00006fe0    0000000a     DSP2833x_GlobalVariableDefs.obj (GpioIntRegsFile)

SysCtrlRegsFile 
*          1    00007010    00000020     UNINITIALIZED
                  00007010    00000020     DSP2833x_GlobalVariableDefs.obj (SysCtrlRegsFile)

SpiaRegsFile 
*          1    00007040    00000010     UNINITIALIZED
                  00007040    00000010     DSP2833x_GlobalVariableDefs.obj (SpiaRegsFile)

SciaRegsFile 
*          1    00007050    00000010     UNINITIALIZED
                  00007050    00000010     DSP2833x_GlobalVariableDefs.obj (SciaRegsFile)

XIntruptRegsFile 
*          1    00007070    00000010     UNINITIALIZED
                  00007070    00000010     DSP2833x_GlobalVariableDefs.obj (XIntruptRegsFile)

AdcRegsFile 
*          1    00007100    0000001e     UNINITIALIZED
                  00007100    0000001e     DSP2833x_GlobalVariableDefs.obj (AdcRegsFile)

ScibRegsFile 
*          1    00007750    00000010     UNINITIALIZED
                  00007750    00000010     DSP2833x_GlobalVariableDefs.obj (ScibRegsFile)

ScicRegsFile 
*          1    00007770    00000010     UNINITIALIZED
                  00007770    00000010     DSP2833x_GlobalVariableDefs.obj (ScicRegsFile)

I2caRegsFile 
*          1    00007900    00000022     UNINITIALIZED
                  00007900    00000022     DSP2833x_GlobalVariableDefs.obj (I2caRegsFile)

CsmPwlFile 
*          1    0033fff8    00000008     UNINITIALIZED
                  0033fff8    00000008     DSP2833x_GlobalVariableDefs.obj (CsmPwlFile)

PartIdRegsFile 
*          1    00380090    00000001     UNINITIALIZED
                  00380090    00000001     DSP2833x_GlobalVariableDefs.obj (PartIdRegsFile)

.text.1    0    00009000    00001000     
                  00009000    00000388     BFL_SCR.obj (.text)
                  00009388    00000377     DSP2833x_DMA.obj (.text)
                  000096ff    00000316     DSP2833x_DefaultIsr.obj (.text:retain)
                  00009a15    00000294     HDL_Uart.obj (.text)
                  00009ca9    00000284     BFL_VCB.obj (.text)
                  00009f2d    000000be     B1_Measure.obj (.text)
                  00009feb    00000014     DSP2833x_Adc.obj (.text)
                  00009fff    00000001     rts2800_fpu32.lib : _lock.c.obj (.text)

.text.2    0    0000a000    00000fff     
                  0000a000    00000215     HDL_Uart.obj (.text:retain)
                  0000a215    0000012e     mbrtu.obj (.text)
                  0000a343    00000125     HDL_SPI.obj (.text)
                  0000a468    00000117     BFL_Measure.obj (.text)
                  0000a57f    00000107     rts2800_fpu32.lib : ll_div28.asm.obj (.text)
                  0000a686    000000fc     DSP2833x_SysCtrl.obj (.text)
                  0000a782    000000f2     HDL_CPU_Time.obj (.text)
                  0000a874    000000ee     DSP2833x_EPwm.obj (.text)
                  0000a962    000000ba     mbfuncholding.obj (.text)
                  0000aa1c    000000b4     BFL_RS485.obj (.text)
                  0000aad0    000000b4     BFL_Measure.obj (.text:retain)
                  0000ab84    000000a3     B1_CapacitanceTemperatureMeasure.obj (.text)
                  0000ac27    000000a1     APP_Main.obj (.text)
                  0000acc8    0000009c     BFL_SCR.obj (.text:retain)
                  0000ad64    0000009c     rts2800_fpu32.lib : fd_add28.asm.obj (.text)
                  0000ae00    00000097     mbcb.obj (.text)
                  0000ae97    00000094     mbfunccoils.obj (.text)
                  0000af2b    0000008e     HDL_CPU_Time.obj (.text:retain)
                  0000afb9    00000043     BFL_Button.obj (.text)
                  0000affc    00000002     rts2800_fpu32.lib : pre_init.c.obj (.text)
                  0000affe    00000001                       : startup.c.obj (.text)

.text.3    0    0000b000    000008b8     
                  0000b000    0000008b     rts2800_fpu32.lib : fd_div28.asm.obj (.text)
                  0000b08b    00000088                       : fs_div28.asm.obj (.text)
                  0000b113    00000083                       : fd_mpy28.asm.obj (.text)
                  0000b196    00000079     B0_DeltaPoll.obj (.text)
                  0000b20f    0000006c     cqueue.obj (.text)
                  0000b27b    0000005a     mb.obj (.text)
                  0000b2d5    00000059     BFL_Buzz.obj (.text)
                  0000b32e    00000059     HDL_CAN.obj (.text:retain)
                  0000b387    00000057     average_filter.obj (.text)
                  0000b3de    00000056     rts2800_fpu32.lib : boot28.asm.obj (.text)
                  0000b434    00000054     BFL_DebugPin.obj (.text)
                  0000b488    00000052     mbfuncdisc.obj (.text)
                  0000b4da    0000003c     mbfuncinput.obj (.text)
                  0000b516    00000037     B1_ModbusRTUSlaver.obj (.text)
                  0000b54d    00000035     period_query.obj (.text)
                  0000b582    00000034     portserial.obj (.text)
                  0000b5b6    00000033     DSP2833x_CpuTimers.obj (.text)
                  0000b5e9    0000002a     mbutils.obj (.text)
                  0000b613    0000002a     rts2800_fpu32.lib : fd_cmp28.asm.obj (.text)
                  0000b63d    0000002a                       : l_div28.asm.obj (.text)
                  0000b667    00000029     mbcrc.obj (.text)
                  0000b690    00000029     rts2800_fpu32.lib : exit.c.obj (.text)
                  0000b6b9    00000028     DSP2833x_PieCtrl.obj (.text)
                  0000b6e1    00000001     --HOLE-- [fill = 0]
                  0000b6e2    00000027     rts2800_fpu32.lib : e_sqrtf.c.obj (.text)
                  0000b709    00000024                       : cpy_tbl.c.obj (.text)
                  0000b72d    00000021                       : fd_toi28.asm.obj (.text)
                  0000b74e    0000001f                       : fd_tol28.asm.obj (.text)
                  0000b76d    0000001e                       : ll_cmp28.asm.obj (.text)
                  0000b78b    0000001d                       : i_tofd28.asm.obj (.text)
                  0000b7a8    0000001c                       : fs_tofdfpu32.asm.obj (.text)
                  0000b7c4    0000001c                       : l_tofd28.asm.obj (.text)
                  0000b7e0    0000001c                       : memcpy.c.obj (.text)
                  0000b7fc    00000019                       : prolog28.asm.obj (.text)
                  0000b815    00000018                       : ll_aox28.asm.obj (.text)
                  0000b82d    00000014     main.obj (.text)
                  0000b841    00000012     mbfuncother.obj (.text)
                  0000b853    00000012     rts2800_fpu32.lib : args_main.c.obj (.text)
                  0000b865    00000011     DSP2833x_PieVect.obj (.text)
                  0000b876    0000000e     rts2800_fpu32.lib : fd_sub28.asm.obj (.text)
                  0000b884    0000000c                       : epilog28.asm.obj (.text)
                  0000b890    0000000b                       : u_div28.asm.obj (.text)
                  0000b89b    00000009                       : fd_neg28.asm.obj (.text)
                  0000b8a4    00000008     DSP2833x_CodeStartBranch.obj (.text)
                  0000b8ac    00000007     rts2800_fpu32.lib : memset.c.obj (.text)
                  0000b8b3    00000005     porttimer.obj (.text)

.ebss      1    0000c3c0    0000071d     UNINITIALIZED
                  0000c3c0    0000020e     APP_Main.obj (.ebss)
                  0000c5ce    00000020     mbfuncother.obj (.ebss:_ucMBSlaveID$26)
                  0000c5ee    00000012     BFL_SCR.obj (.ebss)
                  0000c600    00000100     mbrtu.obj (.ebss:_ucRTUBuf)
                  0000c700    000000a0     BFL_Measure.obj (.ebss:_AdcVoltRMSFilterBuf)
                  0000c7a0    00000020     mbcb.obj (.ebss:_usRegHoldingBuf)
                  0000c7c0    00000096     HDL_Uart.obj (.ebss:__gCOMList)
                  0000c856    0000001c     mb.obj (.ebss)
                  0000c872    0000000a     HDL_CAN.obj (.ebss)
                  0000c87c    00000004     B0_DeltaPoll.obj (.ebss)
                  0000c880    00000080     BFL_Measure.obj (.ebss:_AdcVoltRMSFilter)
                  0000c900    00000050     HDL_Uart.obj (.ebss:_m_Com1RxBuf)
                  0000c950    00000018     DSP2833x_CpuTimers.obj (.ebss)
                  0000c968    00000016     period_query.obj (.ebss:_period_last_exe_tick_table)
                  0000c97e    00000002     B1_CapacitanceTemperatureMeasure.obj (.ebss)
                  0000c980    00000050     HDL_Uart.obj (.ebss:_m_Com2RxBuf)
                  0000c9d0    00000010     BFL_Measure.obj (.ebss:_AdcAvg)
                  0000c9e0    00000010     BFL_Measure.obj (.ebss:_AdcRMS)
                  0000c9f0    00000010     BFL_Measure.obj (.ebss:_AdcVoltAvg)
                  0000ca00    00000050     HDL_Uart.obj (.ebss:_m_Com3RxBuf)
                  0000ca50    00000010     BFL_Measure.obj (.ebss:_AdcVoltRMS)
                  0000ca60    0000000a     BFL_VCB.obj (.ebss:_g_vcb_list)
                  0000ca6a    00000008     mbcb.obj (.ebss:_usRegInputBuf)
                  0000ca72    00000006     BFL_Measure.obj (.ebss)
                  0000ca78    00000006     HDL_CPU_Time.obj (.ebss)
                  0000ca7e    00000002     B1_ModbusRTUSlaver.obj (.ebss)
                  0000ca80    00000040     mb.obj (.ebss:_xFuncHandlers$28)
                  0000cac0    00000006     mbrtu.obj (.ebss)
                  0000cac6    00000006     rts2800_fpu32.lib : exit.c.obj (.ebss)
                  0000cacc    00000002                       : _lock.c.obj (.ebss:__lock)
                  0000cace    00000002                       : _lock.c.obj (.ebss:__unlock)
                  0000cad0    00000002     mbcb.obj (.ebss:_ucRegCoilsBuf)
                  0000cad2    00000002     mbcb.obj (.ebss:_ucRegDiscreteBuf)
                  0000cad4    00000002     portevent.obj (.ebss)
                  0000cad6    00000001     BFL_Buzz.obj (.ebss)
                  0000cad7    00000001     HDL_Uart.obj (.ebss:_m_Com1TxBuf)
                  0000cad8    00000001     HDL_Uart.obj (.ebss:_m_Com2TxBuf)
                  0000cad9    00000001     HDL_Uart.obj (.ebss:_m_Com3TxBuf)
                  0000cada    00000001     mbfuncother.obj (.ebss)
                  0000cadb    00000001     porttimer.obj (.ebss)
                  0000cadc    00000001     rts2800_fpu32.lib : errno.c.obj (.ebss)

MODULE SUMMARY

       Module                                   code    initialized data   uninitialized data
       ------                                   ----    ----------------   ------------------
    .\
       DSP2833x_GlobalVariableDefs.obj          0       0                  2679              
       DSP2833x_DMA.obj                         887     0                  0                 
       DSP2833x_DefaultIsr.obj                  790     0                  0                 
       DSP2833x_PieVect.obj                     17      256                0                 
       DSP2833x_SysCtrl.obj                     252     0                  0                 
       DSP2833x_EPwm.obj                        238     0                  0                 
       DSP2833x_CpuTimers.obj                   51      0                  24                
       DSP2833x_PieCtrl.obj                     40      0                  0                 
       DSP2833x_Adc.obj                         20      0                  0                 
       DSP2833x_CodeStartBranch.obj             10      0                  0                 
       DSP2833x_ADC_cal.obj                     7       0                  0                 
       DSP2833x_usDelay.obj                     4       0                  0                 
    +--+----------------------------------------+-------+------------------+--------------------+
       Total:                                   2316    256                2703              
                                                                                             
    .\APP\
       APP_Main.obj                             161     2                  526               
       B1_Measure.obj                           190     0                  0                 
       B1_CapacitanceTemperatureMeasure.obj     163     8                  2                 
       B0_DeltaPoll.obj                         121     0                  4                 
       B1_ModbusRTUSlaver.obj                   55      0                  2                 
    +--+----------------------------------------+-------+------------------+--------------------+
       Total:                                   690     10                 534               
                                                                                             
    .\Application\
       main.obj                                 20      0                  0                 
    +--+----------------------------------------+-------+------------------+--------------------+
       Total:                                   20      0                  0                 
                                                                                             
    .\BFL\
       BFL_Measure.obj                          459     4                  1318              
       BFL_SCR.obj                              1060    0                  18                
       BFL_VCB.obj                              644     91                 10                
       BFL_RS485.obj                            180     0                  0                 
       BFL_Buzz.obj                             89      4                  1                 
       BFL_DebugPin.obj                         84      0                  0                 
       period_query.obj                         53      5                  22                
       BFL_Button.obj                           67      0                  0                 
    +--+----------------------------------------+-------+------------------+--------------------+
       Total:                                   2636    104                1369              
                                                                                             
    .\HDL\
       HDL_Uart.obj                             1193    174                393               
       HDL_CPU_Time.obj                         384     13                 6                 
       HDL_SPI.obj                              293     0                  0                 
       HDL_CAN.obj                              89      0                  10                
    +--+----------------------------------------+-------+------------------+--------------------+
       Total:                                   1959    187                409               
                                                                                             
    .\LIB\
       crc.obj                                  0       512                0                 
       cqueue.obj                               108     0                  0                 
       average_filter.obj                       87      0                  0                 
    +--+----------------------------------------+-------+------------------+--------------------+
       Total:                                   195     512                0                 
                                                                                             
    .\freemodbus\
       mb.obj                                   90      0                  92                
    +--+----------------------------------------+-------+------------------+--------------------+
       Total:                                   90      0                  92                
                                                                                             
    .\freemodbus\functions\
       mbfuncholding.obj                        186     0                  0                 
       mbfunccoils.obj                          148     0                  0                 
       mbfuncdisc.obj                           82      0                  0                 
       mbfuncinput.obj                          60      0                  0                 
       mbfuncother.obj                          18      0                  33                
       mbutils.obj                              42      0                  0                 
    +--+----------------------------------------+-------+------------------+--------------------+
       Total:                                   536     0                  33                
                                                                                             
    .\freemodbus\port\
       mbcb.obj                                 151     2                  44                
       portserial.obj                           52      0                  0                 
       porttimer.obj                            5       0                  1                 
       portevent.obj                            0       0                  2                 
    +--+----------------------------------------+-------+------------------+--------------------+
       Total:                                   208     2                  47                
                                                                                             
    .\freemodbus\rtu\
       mbrtu.obj                                302     0                  262               
       mbcrc.obj                                41      512                0                 
    +--+----------------------------------------+-------+------------------+--------------------+
       Total:                                   343     512                262               
                                                                                             
    C:\Users\liuyu\AppData\Local\Temp\
       {81411BA1-50BF-44D3-8970-7CE960EB7F67}   0       139                0                 
    +--+----------------------------------------+-------+------------------+--------------------+
       Total:                                   0       139                0                 
                                                                                             
    C:/ti/ccstheia131/ccs/tools/compiler/ti-cgt-c2000_22.6.1A23259/lib/rts2800_fpu32.lib
       ll_div28.asm.obj                         263     0                  0                 
       fd_add28.asm.obj                         156     0                  0                 
       fd_div28.asm.obj                         139     0                  0                 
       fs_div28.asm.obj                         136     0                  0                 
       fd_mpy28.asm.obj                         131     0                  0                 
       boot28.asm.obj                           86      0                  0                 
       _printfi.c.obj                           0       66                 0                 
       exit.c.obj                               41      14                 6                 
       fd_cmp28.asm.obj                         42      0                  0                 
       l_div28.asm.obj                          42      0                  0                 
       e_sqrtf.c.obj                            39      0                  0                 
       cpy_tbl.c.obj                            36      0                  0                 
       fd_toi28.asm.obj                         33      0                  0                 
       fd_tol28.asm.obj                         31      0                  0                 
       ll_cmp28.asm.obj                         30      0                  0                 
       i_tofd28.asm.obj                         29      0                  0                 
       fs_tofdfpu32.asm.obj                     28      0                  0                 
       l_tofd28.asm.obj                         28      0                  0                 
       memcpy.c.obj                             28      0                  0                 
       prolog28.asm.obj                         25      0                  0                 
       ll_aox28.asm.obj                         24      0                  0                 
       args_main.c.obj                          18      0                  0                 
       fd_sub28.asm.obj                         14      0                  0                 
       epilog28.asm.obj                         12      0                  0                 
       u_div28.asm.obj                          11      0                  0                 
       fd_neg28.asm.obj                         9       0                  0                 
       memset.c.obj                             7       0                  0                 
       _lock.c.obj                              1       0                  4                 
       pre_init.c.obj                           2       0                  0                 
       errno.c.obj                              0       0                  1                 
       startup.c.obj                            1       0                  0                 
    +--+----------------------------------------+-------+------------------+--------------------+
       Total:                                   1442    80                 11                
                                                                                             
       Stack:                                   0       0                  512               
    +--+----------------------------------------+-------+------------------+--------------------+
       Grand Total:                             10435   1802               5972              


GLOBAL DATA SYMBOLS: SORTED BY DATA PAGE

address     data page           name
--------    ----------------    ----
00000400      10 (00000400)     __stack

00000880      22 (00000880)     _DevEmuRegs

00000a80      2a (00000a80)     _FlashRegs

00000ae0      2b (00000ac0)     _CsmRegs

00000b00      2c (00000b00)     _AdcMirror
00000b20      2c (00000b00)     _XintfRegs

00000c00      30 (00000c00)     _CpuTimer0Regs
00000c08      30 (00000c00)     _CpuTimer1Regs
00000c10      30 (00000c00)     _CpuTimer2Regs

00000ce0      33 (00000cc0)     _PieCtrlRegs

00000d00      34 (00000d00)     _PieVectTable

00001000      40 (00001000)     _DmaRegs

00005000     140 (00005000)     _McbspaRegs

00005040     141 (00005040)     _McbspbRegs

00006000     180 (00006000)     _ECanaRegs

00006040     181 (00006040)     _ECanaLAMRegs

00006080     182 (00006080)     _ECanaMOTSRegs

000060c0     183 (000060c0)     _ECanaMOTORegs

00006100     184 (00006100)     _ECanaMboxes

00006200     188 (00006200)     _ECanbRegs

00006240     189 (00006240)     _ECanbLAMRegs

00006280     18a (00006280)     _ECanbMOTSRegs

000062c0     18b (000062c0)     _ECanbMOTORegs

00006300     18c (00006300)     _ECanbMboxes

00006800     1a0 (00006800)     _EPwm1Regs

00006840     1a1 (00006840)     _EPwm2Regs

00006880     1a2 (00006880)     _EPwm3Regs

000068c0     1a3 (000068c0)     _EPwm4Regs

00006900     1a4 (00006900)     _EPwm5Regs

00006940     1a5 (00006940)     _EPwm6Regs

00006a00     1a8 (00006a00)     _ECap1Regs
00006a20     1a8 (00006a00)     _ECap2Regs

00006a40     1a9 (00006a40)     _ECap3Regs
00006a60     1a9 (00006a40)     _ECap4Regs

00006a80     1aa (00006a80)     _ECap5Regs
00006aa0     1aa (00006a80)     _ECap6Regs

00006b00     1ac (00006b00)     _EQep1Regs

00006b40     1ad (00006b40)     _EQep2Regs

00006f80     1be (00006f80)     _GpioCtrlRegs

00006fc0     1bf (00006fc0)     _GpioDataRegs
00006fe0     1bf (00006fc0)     _GpioIntRegs

00007010     1c0 (00007000)     _SysCtrlRegs

00007040     1c1 (00007040)     _SpiaRegs
00007050     1c1 (00007040)     _SciaRegs
00007070     1c1 (00007040)     _XIntruptRegs

00007100     1c4 (00007100)     _AdcRegs

00007750     1dd (00007740)     _ScibRegs
00007770     1dd (00007740)     _ScicRegs

00007900     1e4 (00007900)     _I2caRegs

0000c000     300 (0000c000)     _DMABuf1

0000c3c0     30f (0000c3c0)     _g_app_main_stack
0000c3c1     30f (0000c3c0)     _cnt
0000c3c2     30f (0000c3c0)     _sdata
0000c3c3     30f (0000c3c0)     _rdata
0000c3c4     30f (0000c3c0)     _t
0000c3c6     30f (0000c3c0)     _signal

0000c400     310 (0000c400)     _g_AppMainInfo

0000c5ee     317 (0000c5c0)     _epwm1_info
0000c5f4     317 (0000c5c0)     _epwm2_info
0000c5fa     317 (0000c5c0)     _epwm3_info

0000c600     318 (0000c600)     _ucRTUBuf

0000c7a0     31e (0000c780)     _usRegHoldingBuf

0000c7c0     31f (0000c7c0)     __gCOMList

0000c866     321 (0000c840)     _pxMBFrameCBByteReceived
0000c868     321 (0000c840)     _pxMBFrameCBTransmitterEmpty
0000c86a     321 (0000c840)     _pxMBPortCBTimerExpired
0000c86c     321 (0000c840)     _pxMBFrameCBReceiveFSMCur
0000c86e     321 (0000c840)     _pxMBFrameCBTransmitFSMCur
0000c872     321 (0000c840)     _can_rx_msg

0000c950     325 (0000c940)     _CpuTimer0
0000c958     325 (0000c940)     _CpuTimer1
0000c960     325 (0000c940)     _CpuTimer2

0000ca60     329 (0000ca40)     _g_vcb_list
0000ca6a     329 (0000ca40)     _usRegInputBuf
0000ca74     329 (0000ca40)     _DMADest
0000ca76     329 (0000ca40)     _DMASource

0000cac6     32b (0000cac0)     ___TI_enable_exit_profile_output
0000cac8     32b (0000cac0)     ___TI_cleanup_ptr
0000caca     32b (0000cac0)     ___TI_dtors_ptr
0000cacc     32b (0000cac0)     __lock
0000cace     32b (0000cac0)     __unlock
0000cad0     32b (0000cac0)     _ucRegCoilsBuf
0000cad2     32b (0000cac0)     _ucRegDiscreteBuf
0000cadc     32b (0000cac0)     _errno

0000d200     348 (0000d200)     _PieVectTableInit

0000d300     34c (0000d300)     _s_CRCHi

0000d400     350 (0000d400)     _s_CRCLo

0000d5b6     356 (0000d580)     _g_pSysInfo
0000d5b8     356 (0000d580)     _usRegInputStart
0000d5b9     356 (0000d580)     _usRegHoldingStart

0033fff8    cfff (0033ffc0)     _CsmPwl

00380090    e002 (00380080)     _PartIdRegs


GLOBAL SYMBOLS: SORTED ALPHABETICALLY BY Name 

page  address   name                                    
----  -------   ----                                    
abs   ffffffff  .text                                   
0     0000b690  C$$EXIT                                 
0     0000ad64  FD$$ADD                                 
0     0000b613  FD$$CMP                                 
0     0000b000  FD$$DIV                                 
0     0000b113  FD$$MPY                                 
0     0000b89b  FD$$NEG                                 
0     0000b876  FD$$SUB                                 
0     0000b72d  FD$$TOI                                 
0     0000b74e  FD$$TOL                                 
0     0000b08b  FS$$DIV                                 
0     0000b7a8  FS$$TOFD                                
0     0000b78b  I$$TOFD                                 
0     0000b63d  L$$DIV                                  
0     0000b64c  L$$MOD                                  
0     0000b7c4  L$$TOFD                                 
0     0000b815  LL$$AND                                 
0     0000b76d  LL$$CMP                                 
0     0000a57f  LL$$DIV                                 
0     0000a5bb  LL$$MOD                                 
0     0000b81d  LL$$OR                                  
0     0000b825  LL$$XOR                                 
0     0000b890  U$$DIV                                  
0     0000b895  U$$MOD                                  
0     0000b65a  UL$$DIV                                 
0     0000b661  UL$$MOD                                 
0     0000b77f  ULL$$CMP                                
0     0000a5f5  ULL$$DIV                                
0     0000a624  ULL$$MOD                                
0     00009a0b  _ADCINT_ISR                             
0     00380080  _ADC_cal                                
0     0000ac55  _APP_Main_Init                          
0     0000ac27  _APP_Main_Poll                          
1     00000b00  _AdcMirror                              
1     00007100  _AdcRegs                                
0     0000b196  _B0_DeltaPollCallback                   
0     0000ab84  _B1_CapacitanceTemperatureMeasure_Poll  
0     00009f2d  _B1_Measure_Poll                        
0     0000b516  _B1_ModbusRTUSlaver_Init                
0     0000afb9  _BFL_Button_Init                        
0     0000afed  _BFL_Button_IsPressed                   
0     0000b2d5  _BFL_Buzz_Init                          
0     0000b308  _BFL_Buzz_IsOff                         
0     0000b2e5  _BFL_Buzz_Off                           
0     0000b2f9  _BFL_Buzz_On                            
0     0000b327  _BFL_Buzz_SetTrigLevel                  
0     0000b2f4  _BFL_Buzz_Toggle                        
0     0000b434  _BFL_DebugPin_Init                      
0     0000b460  _BFL_DebugPin_Reset                     
0     0000b44c  _BFL_DebugPin_Set                       
0     0000b474  _BFL_DebugPin_Toggle                    
0     0000a562  _BFL_Measure_Init                       
0     0000a541  _BFL_Measure_Read                       
0     0000a53b  _BFL_Measure_ReadReady                  
0     0000aa58  _BFL_RS485_Init                         
0     0000aabb  _BFL_RS485_Read                         
0     0000aa2d  _BFL_RS485_Release_Bus                  
0     0000aa43  _BFL_RS485_Release_Bus_RS4851           
0     0000aa50  _BFL_RS485_Release_Bus_RS4852           
0     0000aa1c  _BFL_RS485_Take_Bus                     
0     0000aa3e  _BFL_RS485_Take_Bus_RS4851              
0     0000aa4b  _BFL_RS485_Take_Bus_RS4852              
0     0000aaa0  _BFL_RS485_Write                        
0     00009077  _BFL_SCRR_Have_Signal                   
0     000092b2  _BFL_SCRT_Pluse_Transmit                
0     00009000  _BFL_SCR_Init                           
0     00009ce2  _BFL_VCB_CTRL_STATE_To_String           
0     00009ef6  _BFL_VCB_Get_Actual_State               
0     00009ee6  _BFL_VCB_Get_Setting_State              
0     00009ead  _BFL_VCB_Relay_Get_Setting_State        
0     00009dec  _BFL_VCB_Relay_Set_As_Switch_Closed     
0     00009e4f  _BFL_VCB_Relay_Set_As_Switch_No_Ctrl    
0     00009d89  _BFL_VCB_Relay_Set_As_Switch_Opened     
0     00009ccc  _BFL_VCB_STATE_To_String                
0     00009ca9  _BFL_VCB_SW_To_String                   
0     00009ebd  _BFL_VCB_Set_As_Switch_Closed           
0     00009ede  _BFL_VCB_Set_As_Switch_No_Ctrl          
0     00009ece  _BFL_VCB_Set_As_Switch_Opened           
0     00009cf8  _BFL_VCB_Seurity_Init                   
0     0000b32e  _CANA_ISR                               
1     0000c950  _CpuTimer0                              
1     00000c00  _CpuTimer0Regs                          
1     0000c958  _CpuTimer1                              
1     00000c08  _CpuTimer1Regs                          
1     0000c960  _CpuTimer2                              
1     00000c10  _CpuTimer2Regs                          
1     0033fff8  _CsmPwl                                 
1     00000ae0  _CsmRegs                                
0     0000a754  _CsmUnlock                              
0     00009a01  _DATALOG_ISR                            
0     000099f7  _DINTCH1_ISR                            
0     000099ed  _DINTCH2_ISR                            
0     000099e3  _DINTCH3_ISR                            
0     000099d9  _DINTCH4_ISR                            
0     000099cf  _DINTCH5_ISR                            
0     000099c5  _DINTCH6_ISR                            
1     0000c000  _DMABuf1                                
0     000096f5  _DMACH1AddrConfig                       
0     000096ec  _DMACH1BurstConfig                      
0     00009689  _DMACH1ModeConfig                       
0     00009680  _DMACH1TransferConfig                   
0     00009676  _DMACH1WrapConfig                       
0     0000966c  _DMACH2AddrConfig                       
0     00009663  _DMACH2BurstConfig                      
0     00009600  _DMACH2ModeConfig                       
0     000095f7  _DMACH2TransferConfig                   
0     000095ed  _DMACH2WrapConfig                       
0     000095e3  _DMACH3AddrConfig                       
0     000095da  _DMACH3BurstConfig                      
0     00009577  _DMACH3ModeConfig                       
0     0000956e  _DMACH3TransferConfig                   
0     00009564  _DMACH3WrapConfig                       
0     0000955a  _DMACH4AddrConfig                       
0     00009551  _DMACH4BurstConfig                      
0     000094ec  _DMACH4ModeConfig                       
0     000094e3  _DMACH4TransferConfig                   
0     000094d9  _DMACH4WrapConfig                       
0     000094cf  _DMACH5AddrConfig                       
0     000094c6  _DMACH5BurstConfig                      
0     00009461  _DMACH5ModeConfig                       
0     00009458  _DMACH5TransferConfig                   
0     0000944e  _DMACH5WrapConfig                       
0     00009444  _DMACH6AddrConfig                       
0     0000943b  _DMACH6BurstConfig                      
0     000093d6  _DMACH6ModeConfig                       
0     000093cd  _DMACH6TransferConfig                   
0     000093c3  _DMACH6WrapConfig                       
1     0000ca74  _DMADest                                
0     000093b8  _DMAInitialize                          
1     0000ca76  _DMASource                              
0     00008153  _DSP28x_usDelay                         
1     00000880  _DevEmuRegs                             
0     0000a690  _DisableDog                             
1     00001000  _DmaRegs                                
0     000099bb  _ECAN0INTA_ISR                          
0     000099b1  _ECAN0INTB_ISR                          
0     000099a7  _ECAN1INTA_ISR                          
0     0000999d  _ECAN1INTB_ISR                          
0     00009993  _ECAP1_INT_ISR                          
0     00009989  _ECAP2_INT_ISR                          
0     0000997f  _ECAP3_INT_ISR                          
0     00009975  _ECAP4_INT_ISR                          
0     0000996b  _ECAP5_INT_ISR                          
0     00009961  _ECAP6_INT_ISR                          
1     00006040  _ECanaLAMRegs                           
1     000060c0  _ECanaMOTORegs                          
1     00006080  _ECanaMOTSRegs                          
1     00006100  _ECanaMboxes                            
1     00006000  _ECanaRegs                              
1     00006240  _ECanbLAMRegs                           
1     000062c0  _ECanbMOTORegs                          
1     00006280  _ECanbMOTSRegs                          
1     00006300  _ECanbMboxes                            
1     00006200  _ECanbRegs                              
1     00006a00  _ECap1Regs                              
1     00006a20  _ECap2Regs                              
1     00006a40  _ECap3Regs                              
1     00006a60  _ECap4Regs                              
1     00006a80  _ECap5Regs                              
1     00006aa0  _ECap6Regs                              
0     00009957  _EMUINT_ISR                             
0     0000994d  _EPWM1_INT_ISR                          
0     00009943  _EPWM1_TZINT_ISR                        
0     00009939  _EPWM2_INT_ISR                          
0     0000992f  _EPWM2_TZINT_ISR                        
0     00009925  _EPWM3_INT_ISR                          
0     0000991b  _EPWM3_TZINT_ISR                        
0     00009911  _EPWM4_INT_ISR                          
0     00009907  _EPWM4_TZINT_ISR                        
0     000098fd  _EPWM5_INT_ISR                          
0     000098f3  _EPWM5_TZINT_ISR                        
0     000098e9  _EPWM6_INT_ISR                          
0     000098df  _EPWM6_TZINT_ISR                        
1     00006800  _EPwm1Regs                              
1     00006840  _EPwm2Regs                              
1     00006880  _EPwm3Regs                              
1     000068c0  _EPwm4Regs                              
1     00006900  _EPwm5Regs                              
1     00006940  _EPwm6Regs                              
0     000098d5  _EQEP1_INT_ISR                          
0     000098cb  _EQEP2_INT_ISR                          
1     00006b00  _EQep1Regs                              
1     00006b40  _EQep2Regs                              
0     0000b6d8  _EnableInterrupts                       
0     0000b5a4  _EnterCriticalSection                   
0     0000b5a8  _ExitCriticalSection                    
1     00000a80  _FlashRegs                              
1     00006f80  _GpioCtrlRegs                           
1     00006fc0  _GpioDataRegs                           
1     00006fe0  _GpioIntRegs                            
0     0000a85f  _HDL_CPU_Time_DelayMs                   
0     0000a84d  _HDL_CPU_Time_DelayUs                   
0     0000a843  _HDL_CPU_Time_GetTick                   
0     0000a83c  _HDL_CPU_Time_GetUsTick                 
0     0000a7ec  _HDL_CPU_Time_Init                      
0     0000a7e7  _HDL_CPU_Time_ResetTick                 
0     0000a7e1  _HDL_CPU_Time_ResetUsTick               
0     0000a7dd  _HDL_CPU_Time_SetCPUTickCallback        
0     0000a7c2  _HDL_CPU_Time_StartHardTimer            
0     0000a782  _HDL_CPU_Time_StopHardTimer             
0     0000a437  _HDL_SPI_Init                           
0     0000a402  _HDL_SPI_Read                           
0     0000a3d1  _HDL_SPI_Write                          
0     0000a380  _HDL_SPI_WriteRead                      
0     000098c1  _I2CINT1A_ISR                           
0     000098b7  _I2CINT2A_ISR                           
1     00007900  _I2caRegs                               
0     000098ad  _ILLEGAL_ISR                            
0     000098a3  _INT13_ISR                              
0     00009899  _INT14_ISR                              
0     00009feb  _InitAdc                                
0     0000b5b6  _InitCpuTimers                          
0     0000a961  _InitEPwm                               
0     000090c4  _InitEPwm1Example                       
0     0000a8cc  _InitEPwm1Gpio                          
0     00009167  _InitEPwm2Example                       
0     0000a8e2  _InitEPwm2Gpio                          
0     000091f3  _InitEPwm3Example                       
0     0000a8f8  _InitEPwm3Gpio                          
0     0000a910  _InitEPwm4Gpio                          
0     0000a928  _InitEPwm5Gpio                          
0     0000a93e  _InitEPwm6Gpio                          
0     0000a954  _InitEPwmGpio                           
0     0000a8b1  _InitEPwmSyncGpio                       
0     0000a6e5  _InitPeripheralClocks                   
0     0000b6b9  _InitPieCtrl                            
0     0000b865  _InitPieVectTable                       
0     0000a698  _InitPll                                
0     00009b60  _InitSciaGpio                           
0     00009b46  _InitScibGpio                           
0     00009ab9  _InitScicGpio                           
0     0000a354  _InitSpiGpio                            
0     0000a354  _InitSpiaGpio                           
0     0000a74b  _InitSysCtrl                            
0     0000a874  _InitTzGpio                             
0     0000988f  _LUF_ISR                                
0     00009885  _LVF_ISR                                
0     0000987b  _MRINTA_ISR                             
0     00009871  _MRINTB_ISR                             
0     00009867  _MXINTA_ISR                             
0     0000985d  _MXINTB_ISR                             
1     00005000  _McbspaRegs                             
1     00005040  _McbspbRegs                             
0     00009853  _NMI_ISR                                
0     00009849  _PIE_RESERVED                           
1     00380090  _PartIdRegs                             
1     00000ce0  _PieCtrlRegs                            
1     00000d00  _PieVectTable                           
1     0000d200  _PieVectTableInit                       
0     0000983f  _RTOSINT_ISR                            
0     00009835  _SCIRXINTA_ISR                          
0     0000982b  _SCIRXINTB_ISR                          
0     00009821  _SCIRXINTC_ISR                          
0     00009817  _SCITXINTA_ISR                          
0     0000980d  _SCITXINTB_ISR                          
0     00009803  _SCITXINTC_ISR                          
0     000097f9  _SEQ1INT_ISR                            
0     000097ef  _SEQ2INT_ISR                            
0     000097e5  _SPIRXINTA_ISR                          
0     000097db  _SPITXINTA_ISR                          
1     00007050  _SciaRegs                               
1     00007750  _ScibRegs                               
1     00007770  _ScicRegs                               
0     0000a686  _ServiceDog                             
1     00007040  _SpiaRegs                               
0     000093b0  _StartDMACH1                            
0     000093a8  _StartDMACH2                            
0     000093a0  _StartDMACH3                            
0     00009398  _StartDMACH4                            
0     00009390  _StartDMACH5                            
0     00009388  _StartDMACH6                            
1     00007010  _SysCtrlRegs                            
0     000097d1  _TINT0_ISR                              
0     000097c7  _USER10_ISR                             
0     000097bd  _USER11_ISR                             
0     000097b3  _USER12_ISR                             
0     000097a9  _USER1_ISR                              
0     0000979f  _USER2_ISR                              
0     00009795  _USER3_ISR                              
0     0000978b  _USER4_ISR                              
0     00009781  _USER5_ISR                              
0     00009777  _USER6_ISR                              
0     0000976d  _USER7_ISR                              
0     00009763  _USER8_ISR                              
0     00009759  _USER9_ISR                              
0     00009c91  _Uart_AvailableBytes                    
0     00009c6c  _Uart_EmptyReadBuffer                   
0     00009b7c  _Uart_Init                              
0     00009aa1  _Uart_Read                              
0     00009a93  _Uart_RegisterReceiveCharCallback       
0     00009a85  _Uart_RegisterReceiveReadyCharCallback  
0     00009a76  _Uart_SetWriteOverCallback              
0     00009a67  _Uart_UnregisterReceiveCharCallback     
0     00009a15  _Uart_Write                             
0     0000974f  _WAKEINT_ISR                            
0     00009745  _XINT1_ISR                              
0     0000973b  _XINT2_ISR                              
0     00009731  _XINT3_ISR                              
0     00009727  _XINT4_ISR                              
0     0000971d  _XINT5_ISR                              
0     00009713  _XINT6_ISR                              
0     00009709  _XINT7_ISR                              
1     00007070  _XIntruptRegs                           
1     00000b20  _XintfRegs                              
1     00000600  __STACK_END                             
abs   00000200  __STACK_SIZE                            
1     0000cac8  ___TI_cleanup_ptr                       
1     0000caca  ___TI_dtors_ptr                         
1     0000cac6  ___TI_enable_exit_profile_output        
abs   ffffffff  ___TI_pprof_out_hndl                    
abs   ffffffff  ___TI_prof_data_size                    
abs   ffffffff  ___TI_prof_data_start                   
abs   ffffffff  ___binit__                              
abs   ffffffff  ___c_args__                             
0     00008000  ___cinit__                              
abs   ffffffff  ___etext__                              
abs   ffffffff  ___pinit__                              
abs   ffffffff  ___text__                               
0     0000b853  __args_main                             
1     0000c7c0  __gCOMList                              
1     0000cacc  __lock                                  
0     00009fff  __nop                                   
1     00000400  __stack                                 
0     0000affe  __system_post_cinit                     
0     0000affc  __system_pre_init                       
1     0000cace  __unlock                                
0     0000b690  _abort                                  
0     0000b3bc  _average_filter_init                    
0     0000b387  _average_filter_update                  
0     0000b3de  _c_int00                                
1     0000c872  _can_rx_msg                             
1     0000c3c1  _cnt                                    
0     0000a4f8  _config_ADC                             
0     0000a4bb  _config_DMA                             
0     0000a4aa  _config_ePWM4_to_generate_ADCSOCA       
0     0000a475  _config_ePWM4_to_generate_ADCSOCA_      
0     0000b709  _copy_in                                
0     0000af7f  _cpu_timer0_isr                         
0     0000af6b  _cpu_timer1_isr                         
0     0000af2b  _cpu_timer2_isr                         
0     0000b263  _cqueue_create                          
0     0000b23e  _cqueue_enqueue                         
0     0000b20f  _cqueue_out                             
0     0000aef7  _eMBFuncReadCoils                       
0     0000b488  _eMBFuncReadDiscreteInputs              
0     0000a9f5  _eMBFuncReadHoldingRegister             
0     0000b4da  _eMBFuncReadInputRegister               
0     0000a962  _eMBFuncReadWriteMultipleHoldingRegister
0     0000b841  _eMBFuncReportSlaveID                   
0     0000aecd  _eMBFuncWriteCoil                       
0     0000a9b7  _eMBFuncWriteHoldingRegister            
0     0000ae97  _eMBFuncWriteMultipleCoils              
0     0000a9cc  _eMBFuncWriteMultipleHoldingRegister    
0     0000b27b  _eMBPoll                                
0     0000a31c  _eMBRTUInit                             
0     0000a2a4  _eMBRTUReceive                          
0     0000a2ca  _eMBRTUSend                             
0     0000a306  _eMBRTUStart                            
0     0000a2f8  _eMBRTUStop                             
0     0000ae00  _eMBRegCoilsCB                          
0     0000ae66  _eMBRegHoldingCB                        
0     0000a468  _enable_ePWM4                           
0     0000b884  _epilog_c28x_1                          
0     0000b888  _epilog_c28x_2                          
1     0000c5ee  _epwm1_info                             
0     0000acc8  _epwm1_isr                              
1     0000c5f4  _epwm2_info                             
0     0000acfc  _epwm2_isr                              
1     0000c5fa  _epwm3_info                             
0     0000ad30  _epwm3_isr                              
1     0000cadc  _errno                                  
0     0000b692  _exit                                   
1     0000c400  _g_AppMainInfo                          
1     0000c3c0  _g_app_main_stack                       
1     0000d5b6  _g_pSysInfo                             
1     0000ca60  _g_vcb_list                             
0     0000aad0  _local_DINTCH1_ISR                      
0     0000b82d  _main                                   
0     0000b7e0  _memcpy                                 
0     0000b8ac  _memset                                 
0     0000b54d  _period_query                           
0     0000b56f  _period_query_user                      
0     0000b7fc  _prolog_c28x_1                          
0     0000b800  _prolog_c28x_2                          
0     0000b808  _prolog_c28x_3                          
0     0000b605  _prveMBError2Exception                  
0     0000b8b3  _prvvTIMERExpiredISR                    
1     0000c866  _pxMBFrameCBByteReceived                
1     0000c86c  _pxMBFrameCBReceiveFSMCur               
1     0000c86e  _pxMBFrameCBTransmitFSMCur              
1     0000c868  _pxMBFrameCBTransmitterEmpty            
1     0000c86a  _pxMBPortCBTimerExpired                 
1     0000c3c3  _rdata                                  
0     000096ff  _rsvd_ISR                               
1     0000d300  _s_CRCHi                                
1     0000d400  _s_CRCLo                                
0     0000a1b1  _sciaRxFifoIsr                          
0     0000a16c  _sciaTxFifoIsr                          
0     0000a0ff  _scibRxFifoIsr                          
0     0000a0b7  _scibTxFifoIsr                          
0     0000a048  _scicRxFifoIsr                          
0     0000a000  _scicTxFifoIsr                          
1     0000c3c2  _sdata                                  
0     0000b5ac  _serialReceiveOneByteISR                
0     0000b5b1  _serialSentOneByteISR                   
1     0000c3c6  _signal                                 
0     0000a347  _spi_init                               
0     0000a343  _spi_xmit                               
0     0000b6e2  _sqrt                                   
0     0000b6e2  _sqrtf                                  
1     0000c3c4  _t                                      
1     0000c600  _ucRTUBuf                               
1     0000cad0  _ucRegCoilsBuf                          
1     0000cad2  _ucRegDiscreteBuf                       
0     0000b667  _usMBCRC16                              
1     0000c7a0  _usRegHoldingBuf                        
1     0000d5b9  _usRegHoldingStart                      
1     0000ca6a  _usRegInputBuf                          
1     0000d5b8  _usRegInputStart                        
0     0000b582  _vMBPortSerialEnable                    
0     0000a269  _xMBRTUReceiveFSM                       
0     0000a248  _xMBRTUTimerT35Expired                  
0     0000a215  _xMBRTUTransmitFSM                      
0     0000b5e9  _xMBUtilGetBits                         
abs   ffffffff  binit                                   
0     00008000  cinit                                   
0     00000000  code_start                              
abs   ffffffff  etext                                   
abs   ffffffff  pinit                                   


GLOBAL SYMBOLS: SORTED BY Symbol Address 

page  address   name                                    
----  -------   ----                                    
0     00000000  code_start                              
0     00008000  ___cinit__                              
0     00008000  cinit                                   
0     00008153  _DSP28x_usDelay                         
0     00009000  _BFL_SCR_Init                           
0     00009077  _BFL_SCRR_Have_Signal                   
0     000090c4  _InitEPwm1Example                       
0     00009167  _InitEPwm2Example                       
0     000091f3  _InitEPwm3Example                       
0     000092b2  _BFL_SCRT_Pluse_Transmit                
0     00009388  _StartDMACH6                            
0     00009390  _StartDMACH5                            
0     00009398  _StartDMACH4                            
0     000093a0  _StartDMACH3                            
0     000093a8  _StartDMACH2                            
0     000093b0  _StartDMACH1                            
0     000093b8  _DMAInitialize                          
0     000093c3  _DMACH6WrapConfig                       
0     000093cd  _DMACH6TransferConfig                   
0     000093d6  _DMACH6ModeConfig                       
0     0000943b  _DMACH6BurstConfig                      
0     00009444  _DMACH6AddrConfig                       
0     0000944e  _DMACH5WrapConfig                       
0     00009458  _DMACH5TransferConfig                   
0     00009461  _DMACH5ModeConfig                       
0     000094c6  _DMACH5BurstConfig                      
0     000094cf  _DMACH5AddrConfig                       
0     000094d9  _DMACH4WrapConfig                       
0     000094e3  _DMACH4TransferConfig                   
0     000094ec  _DMACH4ModeConfig                       
0     00009551  _DMACH4BurstConfig                      
0     0000955a  _DMACH4AddrConfig                       
0     00009564  _DMACH3WrapConfig                       
0     0000956e  _DMACH3TransferConfig                   
0     00009577  _DMACH3ModeConfig                       
0     000095da  _DMACH3BurstConfig                      
0     000095e3  _DMACH3AddrConfig                       
0     000095ed  _DMACH2WrapConfig                       
0     000095f7  _DMACH2TransferConfig                   
0     00009600  _DMACH2ModeConfig                       
0     00009663  _DMACH2BurstConfig                      
0     0000966c  _DMACH2AddrConfig                       
0     00009676  _DMACH1WrapConfig                       
0     00009680  _DMACH1TransferConfig                   
0     00009689  _DMACH1ModeConfig                       
0     000096ec  _DMACH1BurstConfig                      
0     000096f5  _DMACH1AddrConfig                       
0     000096ff  _rsvd_ISR                               
0     00009709  _XINT7_ISR                              
0     00009713  _XINT6_ISR                              
0     0000971d  _XINT5_ISR                              
0     00009727  _XINT4_ISR                              
0     00009731  _XINT3_ISR                              
0     0000973b  _XINT2_ISR                              
0     00009745  _XINT1_ISR                              
0     0000974f  _WAKEINT_ISR                            
0     00009759  _USER9_ISR                              
0     00009763  _USER8_ISR                              
0     0000976d  _USER7_ISR                              
0     00009777  _USER6_ISR                              
0     00009781  _USER5_ISR                              
0     0000978b  _USER4_ISR                              
0     00009795  _USER3_ISR                              
0     0000979f  _USER2_ISR                              
0     000097a9  _USER1_ISR                              
0     000097b3  _USER12_ISR                             
0     000097bd  _USER11_ISR                             
0     000097c7  _USER10_ISR                             
0     000097d1  _TINT0_ISR                              
0     000097db  _SPITXINTA_ISR                          
0     000097e5  _SPIRXINTA_ISR                          
0     000097ef  _SEQ2INT_ISR                            
0     000097f9  _SEQ1INT_ISR                            
0     00009803  _SCITXINTC_ISR                          
0     0000980d  _SCITXINTB_ISR                          
0     00009817  _SCITXINTA_ISR                          
0     00009821  _SCIRXINTC_ISR                          
0     0000982b  _SCIRXINTB_ISR                          
0     00009835  _SCIRXINTA_ISR                          
0     0000983f  _RTOSINT_ISR                            
0     00009849  _PIE_RESERVED                           
0     00009853  _NMI_ISR                                
0     0000985d  _MXINTB_ISR                             
0     00009867  _MXINTA_ISR                             
0     00009871  _MRINTB_ISR                             
0     0000987b  _MRINTA_ISR                             
0     00009885  _LVF_ISR                                
0     0000988f  _LUF_ISR                                
0     00009899  _INT14_ISR                              
0     000098a3  _INT13_ISR                              
0     000098ad  _ILLEGAL_ISR                            
0     000098b7  _I2CINT2A_ISR                           
0     000098c1  _I2CINT1A_ISR                           
0     000098cb  _EQEP2_INT_ISR                          
0     000098d5  _EQEP1_INT_ISR                          
0     000098df  _EPWM6_TZINT_ISR                        
0     000098e9  _EPWM6_INT_ISR                          
0     000098f3  _EPWM5_TZINT_ISR                        
0     000098fd  _EPWM5_INT_ISR                          
0     00009907  _EPWM4_TZINT_ISR                        
0     00009911  _EPWM4_INT_ISR                          
0     0000991b  _EPWM3_TZINT_ISR                        
0     00009925  _EPWM3_INT_ISR                          
0     0000992f  _EPWM2_TZINT_ISR                        
0     00009939  _EPWM2_INT_ISR                          
0     00009943  _EPWM1_TZINT_ISR                        
0     0000994d  _EPWM1_INT_ISR                          
0     00009957  _EMUINT_ISR                             
0     00009961  _ECAP6_INT_ISR                          
0     0000996b  _ECAP5_INT_ISR                          
0     00009975  _ECAP4_INT_ISR                          
0     0000997f  _ECAP3_INT_ISR                          
0     00009989  _ECAP2_INT_ISR                          
0     00009993  _ECAP1_INT_ISR                          
0     0000999d  _ECAN1INTB_ISR                          
0     000099a7  _ECAN1INTA_ISR                          
0     000099b1  _ECAN0INTB_ISR                          
0     000099bb  _ECAN0INTA_ISR                          
0     000099c5  _DINTCH6_ISR                            
0     000099cf  _DINTCH5_ISR                            
0     000099d9  _DINTCH4_ISR                            
0     000099e3  _DINTCH3_ISR                            
0     000099ed  _DINTCH2_ISR                            
0     000099f7  _DINTCH1_ISR                            
0     00009a01  _DATALOG_ISR                            
0     00009a0b  _ADCINT_ISR                             
0     00009a15  _Uart_Write                             
0     00009a67  _Uart_UnregisterReceiveCharCallback     
0     00009a76  _Uart_SetWriteOverCallback              
0     00009a85  _Uart_RegisterReceiveReadyCharCallback  
0     00009a93  _Uart_RegisterReceiveCharCallback       
0     00009aa1  _Uart_Read                              
0     00009ab9  _InitScicGpio                           
0     00009b46  _InitScibGpio                           
0     00009b60  _InitSciaGpio                           
0     00009b7c  _Uart_Init                              
0     00009c6c  _Uart_EmptyReadBuffer                   
0     00009c91  _Uart_AvailableBytes                    
0     00009ca9  _BFL_VCB_SW_To_String                   
0     00009ccc  _BFL_VCB_STATE_To_String                
0     00009ce2  _BFL_VCB_CTRL_STATE_To_String           
0     00009cf8  _BFL_VCB_Seurity_Init                   
0     00009d89  _BFL_VCB_Relay_Set_As_Switch_Opened     
0     00009dec  _BFL_VCB_Relay_Set_As_Switch_Closed     
0     00009e4f  _BFL_VCB_Relay_Set_As_Switch_No_Ctrl    
0     00009ead  _BFL_VCB_Relay_Get_Setting_State        
0     00009ebd  _BFL_VCB_Set_As_Switch_Closed           
0     00009ece  _BFL_VCB_Set_As_Switch_Opened           
0     00009ede  _BFL_VCB_Set_As_Switch_No_Ctrl          
0     00009ee6  _BFL_VCB_Get_Setting_State              
0     00009ef6  _BFL_VCB_Get_Actual_State               
0     00009f2d  _B1_Measure_Poll                        
0     00009feb  _InitAdc                                
0     00009fff  __nop                                   
0     0000a000  _scicTxFifoIsr                          
0     0000a048  _scicRxFifoIsr                          
0     0000a0b7  _scibTxFifoIsr                          
0     0000a0ff  _scibRxFifoIsr                          
0     0000a16c  _sciaTxFifoIsr                          
0     0000a1b1  _sciaRxFifoIsr                          
0     0000a215  _xMBRTUTransmitFSM                      
0     0000a248  _xMBRTUTimerT35Expired                  
0     0000a269  _xMBRTUReceiveFSM                       
0     0000a2a4  _eMBRTUReceive                          
0     0000a2ca  _eMBRTUSend                             
0     0000a2f8  _eMBRTUStop                             
0     0000a306  _eMBRTUStart                            
0     0000a31c  _eMBRTUInit                             
0     0000a343  _spi_xmit                               
0     0000a347  _spi_init                               
0     0000a354  _InitSpiGpio                            
0     0000a354  _InitSpiaGpio                           
0     0000a380  _HDL_SPI_WriteRead                      
0     0000a3d1  _HDL_SPI_Write                          
0     0000a402  _HDL_SPI_Read                           
0     0000a437  _HDL_SPI_Init                           
0     0000a468  _enable_ePWM4                           
0     0000a475  _config_ePWM4_to_generate_ADCSOCA_      
0     0000a4aa  _config_ePWM4_to_generate_ADCSOCA       
0     0000a4bb  _config_DMA                             
0     0000a4f8  _config_ADC                             
0     0000a53b  _BFL_Measure_ReadReady                  
0     0000a541  _BFL_Measure_Read                       
0     0000a562  _BFL_Measure_Init                       
0     0000a57f  LL$$DIV                                 
0     0000a5bb  LL$$MOD                                 
0     0000a5f5  ULL$$DIV                                
0     0000a624  ULL$$MOD                                
0     0000a686  _ServiceDog                             
0     0000a690  _DisableDog                             
0     0000a698  _InitPll                                
0     0000a6e5  _InitPeripheralClocks                   
0     0000a74b  _InitSysCtrl                            
0     0000a754  _CsmUnlock                              
0     0000a782  _HDL_CPU_Time_StopHardTimer             
0     0000a7c2  _HDL_CPU_Time_StartHardTimer            
0     0000a7dd  _HDL_CPU_Time_SetCPUTickCallback        
0     0000a7e1  _HDL_CPU_Time_ResetUsTick               
0     0000a7e7  _HDL_CPU_Time_ResetTick                 
0     0000a7ec  _HDL_CPU_Time_Init                      
0     0000a83c  _HDL_CPU_Time_GetUsTick                 
0     0000a843  _HDL_CPU_Time_GetTick                   
0     0000a84d  _HDL_CPU_Time_DelayUs                   
0     0000a85f  _HDL_CPU_Time_DelayMs                   
0     0000a874  _InitTzGpio                             
0     0000a8b1  _InitEPwmSyncGpio                       
0     0000a8cc  _InitEPwm1Gpio                          
0     0000a8e2  _InitEPwm2Gpio                          
0     0000a8f8  _InitEPwm3Gpio                          
0     0000a910  _InitEPwm4Gpio                          
0     0000a928  _InitEPwm5Gpio                          
0     0000a93e  _InitEPwm6Gpio                          
0     0000a954  _InitEPwmGpio                           
0     0000a961  _InitEPwm                               
0     0000a962  _eMBFuncReadWriteMultipleHoldingRegister
0     0000a9b7  _eMBFuncWriteHoldingRegister            
0     0000a9cc  _eMBFuncWriteMultipleHoldingRegister    
0     0000a9f5  _eMBFuncReadHoldingRegister             
0     0000aa1c  _BFL_RS485_Take_Bus                     
0     0000aa2d  _BFL_RS485_Release_Bus                  
0     0000aa3e  _BFL_RS485_Take_Bus_RS4851              
0     0000aa43  _BFL_RS485_Release_Bus_RS4851           
0     0000aa4b  _BFL_RS485_Take_Bus_RS4852              
0     0000aa50  _BFL_RS485_Release_Bus_RS4852           
0     0000aa58  _BFL_RS485_Init                         
0     0000aaa0  _BFL_RS485_Write                        
0     0000aabb  _BFL_RS485_Read                         
0     0000aad0  _local_DINTCH1_ISR                      
0     0000ab84  _B1_CapacitanceTemperatureMeasure_Poll  
0     0000ac27  _APP_Main_Poll                          
0     0000ac55  _APP_Main_Init                          
0     0000acc8  _epwm1_isr                              
0     0000acfc  _epwm2_isr                              
0     0000ad30  _epwm3_isr                              
0     0000ad64  FD$$ADD                                 
0     0000ae00  _eMBRegCoilsCB                          
0     0000ae66  _eMBRegHoldingCB                        
0     0000ae97  _eMBFuncWriteMultipleCoils              
0     0000aecd  _eMBFuncWriteCoil                       
0     0000aef7  _eMBFuncReadCoils                       
0     0000af2b  _cpu_timer2_isr                         
0     0000af6b  _cpu_timer1_isr                         
0     0000af7f  _cpu_timer0_isr                         
0     0000afb9  _BFL_Button_Init                        
0     0000afed  _BFL_Button_IsPressed                   
0     0000affc  __system_pre_init                       
0     0000affe  __system_post_cinit                     
0     0000b000  FD$$DIV                                 
0     0000b08b  FS$$DIV                                 
0     0000b113  FD$$MPY                                 
0     0000b196  _B0_DeltaPollCallback                   
0     0000b20f  _cqueue_out                             
0     0000b23e  _cqueue_enqueue                         
0     0000b263  _cqueue_create                          
0     0000b27b  _eMBPoll                                
0     0000b2d5  _BFL_Buzz_Init                          
0     0000b2e5  _BFL_Buzz_Off                           
0     0000b2f4  _BFL_Buzz_Toggle                        
0     0000b2f9  _BFL_Buzz_On                            
0     0000b308  _BFL_Buzz_IsOff                         
0     0000b327  _BFL_Buzz_SetTrigLevel                  
0     0000b32e  _CANA_ISR                               
0     0000b387  _average_filter_update                  
0     0000b3bc  _average_filter_init                    
0     0000b3de  _c_int00                                
0     0000b434  _BFL_DebugPin_Init                      
0     0000b44c  _BFL_DebugPin_Set                       
0     0000b460  _BFL_DebugPin_Reset                     
0     0000b474  _BFL_DebugPin_Toggle                    
0     0000b488  _eMBFuncReadDiscreteInputs              
0     0000b4da  _eMBFuncReadInputRegister               
0     0000b516  _B1_ModbusRTUSlaver_Init                
0     0000b54d  _period_query                           
0     0000b56f  _period_query_user                      
0     0000b582  _vMBPortSerialEnable                    
0     0000b5a4  _EnterCriticalSection                   
0     0000b5a8  _ExitCriticalSection                    
0     0000b5ac  _serialReceiveOneByteISR                
0     0000b5b1  _serialSentOneByteISR                   
0     0000b5b6  _InitCpuTimers                          
0     0000b5e9  _xMBUtilGetBits                         
0     0000b605  _prveMBError2Exception                  
0     0000b613  FD$$CMP                                 
0     0000b63d  L$$DIV                                  
0     0000b64c  L$$MOD                                  
0     0000b65a  UL$$DIV                                 
0     0000b661  UL$$MOD                                 
0     0000b667  _usMBCRC16                              
0     0000b690  C$$EXIT                                 
0     0000b690  _abort                                  
0     0000b692  _exit                                   
0     0000b6b9  _InitPieCtrl                            
0     0000b6d8  _EnableInterrupts                       
0     0000b6e2  _sqrt                                   
0     0000b6e2  _sqrtf                                  
0     0000b709  _copy_in                                
0     0000b72d  FD$$TOI                                 
0     0000b74e  FD$$TOL                                 
0     0000b76d  LL$$CMP                                 
0     0000b77f  ULL$$CMP                                
0     0000b78b  I$$TOFD                                 
0     0000b7a8  FS$$TOFD                                
0     0000b7c4  L$$TOFD                                 
0     0000b7e0  _memcpy                                 
0     0000b7fc  _prolog_c28x_1                          
0     0000b800  _prolog_c28x_2                          
0     0000b808  _prolog_c28x_3                          
0     0000b815  LL$$AND                                 
0     0000b81d  LL$$OR                                  
0     0000b825  LL$$XOR                                 
0     0000b82d  _main                                   
0     0000b841  _eMBFuncReportSlaveID                   
0     0000b853  __args_main                             
0     0000b865  _InitPieVectTable                       
0     0000b876  FD$$SUB                                 
0     0000b884  _epilog_c28x_1                          
0     0000b888  _epilog_c28x_2                          
0     0000b890  U$$DIV                                  
0     0000b895  U$$MOD                                  
0     0000b89b  FD$$NEG                                 
0     0000b8ac  _memset                                 
0     0000b8b3  _prvvTIMERExpiredISR                    
0     00380080  _ADC_cal                                
1     00000400  __stack                                 
1     00000600  __STACK_END                             
1     00000880  _DevEmuRegs                             
1     00000a80  _FlashRegs                              
1     00000ae0  _CsmRegs                                
1     00000b00  _AdcMirror                              
1     00000b20  _XintfRegs                              
1     00000c00  _CpuTimer0Regs                          
1     00000c08  _CpuTimer1Regs                          
1     00000c10  _CpuTimer2Regs                          
1     00000ce0  _PieCtrlRegs                            
1     00000d00  _PieVectTable                           
1     00001000  _DmaRegs                                
1     00005000  _McbspaRegs                             
1     00005040  _McbspbRegs                             
1     00006000  _ECanaRegs                              
1     00006040  _ECanaLAMRegs                           
1     00006080  _ECanaMOTSRegs                          
1     000060c0  _ECanaMOTORegs                          
1     00006100  _ECanaMboxes                            
1     00006200  _ECanbRegs                              
1     00006240  _ECanbLAMRegs                           
1     00006280  _ECanbMOTSRegs                          
1     000062c0  _ECanbMOTORegs                          
1     00006300  _ECanbMboxes                            
1     00006800  _EPwm1Regs                              
1     00006840  _EPwm2Regs                              
1     00006880  _EPwm3Regs                              
1     000068c0  _EPwm4Regs                              
1     00006900  _EPwm5Regs                              
1     00006940  _EPwm6Regs                              
1     00006a00  _ECap1Regs                              
1     00006a20  _ECap2Regs                              
1     00006a40  _ECap3Regs                              
1     00006a60  _ECap4Regs                              
1     00006a80  _ECap5Regs                              
1     00006aa0  _ECap6Regs                              
1     00006b00  _EQep1Regs                              
1     00006b40  _EQep2Regs                              
1     00006f80  _GpioCtrlRegs                           
1     00006fc0  _GpioDataRegs                           
1     00006fe0  _GpioIntRegs                            
1     00007010  _SysCtrlRegs                            
1     00007040  _SpiaRegs                               
1     00007050  _SciaRegs                               
1     00007070  _XIntruptRegs                           
1     00007100  _AdcRegs                                
1     00007750  _ScibRegs                               
1     00007770  _ScicRegs                               
1     00007900  _I2caRegs                               
1     0000c000  _DMABuf1                                
1     0000c3c0  _g_app_main_stack                       
1     0000c3c1  _cnt                                    
1     0000c3c2  _sdata                                  
1     0000c3c3  _rdata                                  
1     0000c3c4  _t                                      
1     0000c3c6  _signal                                 
1     0000c400  _g_AppMainInfo                          
1     0000c5ee  _epwm1_info                             
1     0000c5f4  _epwm2_info                             
1     0000c5fa  _epwm3_info                             
1     0000c600  _ucRTUBuf                               
1     0000c7a0  _usRegHoldingBuf                        
1     0000c7c0  __gCOMList                              
1     0000c866  _pxMBFrameCBByteReceived                
1     0000c868  _pxMBFrameCBTransmitterEmpty            
1     0000c86a  _pxMBPortCBTimerExpired                 
1     0000c86c  _pxMBFrameCBReceiveFSMCur               
1     0000c86e  _pxMBFrameCBTransmitFSMCur              
1     0000c872  _can_rx_msg                             
1     0000c950  _CpuTimer0                              
1     0000c958  _CpuTimer1                              
1     0000c960  _CpuTimer2                              
1     0000ca60  _g_vcb_list                             
1     0000ca6a  _usRegInputBuf                          
1     0000ca74  _DMADest                                
1     0000ca76  _DMASource                              
1     0000cac6  ___TI_enable_exit_profile_output        
1     0000cac8  ___TI_cleanup_ptr                       
1     0000caca  ___TI_dtors_ptr                         
1     0000cacc  __lock                                  
1     0000cace  __unlock                                
1     0000cad0  _ucRegCoilsBuf                          
1     0000cad2  _ucRegDiscreteBuf                       
1     0000cadc  _errno                                  
1     0000d200  _PieVectTableInit                       
1     0000d300  _s_CRCHi                                
1     0000d400  _s_CRCLo                                
1     0000d5b6  _g_pSysInfo                             
1     0000d5b8  _usRegInputStart                        
1     0000d5b9  _usRegHoldingStart                      
1     0033fff8  _CsmPwl                                 
1     00380090  _PartIdRegs                             
abs   00000200  __STACK_SIZE                            
abs   ffffffff  .text                                   
abs   ffffffff  ___TI_pprof_out_hndl                    
abs   ffffffff  ___TI_prof_data_size                    
abs   ffffffff  ___TI_prof_data_start                   
abs   ffffffff  ___binit__                              
abs   ffffffff  ___c_args__                             
abs   ffffffff  ___etext__                              
abs   ffffffff  ___pinit__                              
abs   ffffffff  ___text__                               
abs   ffffffff  binit                                   
abs   ffffffff  etext                                   
abs   ffffffff  pinit                                   

[429 symbols]
