******************************************************************************
             TMS320C2000 Linker PC v22.6.1                     
******************************************************************************
>> Linked Wed May 15 23:56:15 2024

OUTPUT FILE NAME:   <Example_2833xCpuTimer.out>
ENTRY POINT SYMBOL: "code_start"  address: 00000000


MEMORY CONFIGURATION

         name            origin    length      used     unused   attr    fill
----------------------  --------  ---------  --------  --------  ----  --------
PAGE 0:
  BEGIN                 00000000   00000002  00000002  00000000  RWIX
  RAMM0                 00000050   000003b0  00000000  000003b0  RWIX
  RAML0                 00008000   00001000  000000e6  00000f1a  RWIX
  RAML1                 00009000   00001000  00001000  00000000  RWIX
  RAML2                 0000a000   00001000  00001000  00000000  RWIX
  RAML3                 0000b000   00001000  00000231  00000dcf  RWIX
  ZONE7A                00200000   0000fc00  00000000  0000fc00  RWIX
  CSM_RSVD              0033ff80   00000076  00000000  00000076  RWIX
  CSM_PWL               0033fff8   00000008  00000000  00000008  RWIX
  ADC_CAL               00380080   00000009  00000007  00000002  RWIX
  IQTABLES              003fe000   00000b50  00000000  00000b50  RWIX
  IQTABLES2             003feb50   0000008c  00000000  0000008c  RWIX
  FPUTABLES             003febdc   000006a0  00000000  000006a0  RWIX
  BOOTROM               003ff27c   00000d44  00000000  00000d44  RWIX
  RESET                 003fffc0   00000002  00000000  00000002  RWIX

PAGE 1:
  BOOT_RSVD             00000002   0000004e  00000000  0000004e  RWIX
  RAMM1                 00000400   00000400  00000200  00000200  RWIX
  DEV_EMU               00000880   00000180  000000d0  000000b0  RWIX
  FLASH_REGS            00000a80   00000060  00000008  00000058  RWIX
  CSM                   00000ae0   00000010  00000010  00000000  RWIX
  ADC_MIRROR            00000b00   00000010  00000010  00000000  RWIX
  XINTF                 00000b20   00000020  0000001e  00000002  RWIX
  CPU_TIMER0            00000c00   00000008  00000008  00000000  RWIX
  CPU_TIMER1            00000c08   00000008  00000008  00000000  RWIX
  CPU_TIMER2            00000c10   00000008  00000008  00000000  RWIX
  PIE_CTRL              00000ce0   00000020  0000001a  00000006  RWIX
  PIE_VECT              00000d00   00000100  00000100  00000000  RWIX
  DMA                   00001000   00000200  000000e0  00000120  RWIX
  MCBSPA                00005000   00000040  00000025  0000001b  RWIX
  MCBSPB                00005040   00000040  00000025  0000001b  RWIX
  ECANA                 00006000   00000040  00000034  0000000c  RWIX
  ECANA_LAM             00006040   00000040  00000040  00000000  RWIX
  ECANA_MOTS            00006080   00000040  00000040  00000000  RWIX
  ECANA_MOTO            000060c0   00000040  00000040  00000000  RWIX
  ECANA_MBOX            00006100   00000100  00000100  00000000  RWIX
  ECANB                 00006200   00000040  00000034  0000000c  RWIX
  ECANB_LAM             00006240   00000040  00000040  00000000  RWIX
  ECANB_MOTS            00006280   00000040  00000040  00000000  RWIX
  ECANB_MOTO            000062c0   00000040  00000040  00000000  RWIX
  ECANB_MBOX            00006300   00000100  00000100  00000000  RWIX
  EPWM1                 00006800   00000022  00000022  00000000  RWIX
  EPWM2                 00006840   00000022  00000022  00000000  RWIX
  EPWM3                 00006880   00000022  00000022  00000000  RWIX
  EPWM4                 000068c0   00000022  00000022  00000000  RWIX
  EPWM5                 00006900   00000022  00000022  00000000  RWIX
  EPWM6                 00006940   00000022  00000022  00000000  RWIX
  ECAP1                 00006a00   00000020  00000020  00000000  RWIX
  ECAP2                 00006a20   00000020  00000020  00000000  RWIX
  ECAP3                 00006a40   00000020  00000020  00000000  RWIX
  ECAP4                 00006a60   00000020  00000020  00000000  RWIX
  ECAP5                 00006a80   00000020  00000020  00000000  RWIX
  ECAP6                 00006aa0   00000020  00000020  00000000  RWIX
  EQEP1                 00006b00   00000040  00000040  00000000  RWIX
  EQEP2                 00006b40   00000040  00000040  00000000  RWIX
  GPIOCTRL              00006f80   00000040  0000002e  00000012  RWIX
  GPIODAT               00006fc0   00000020  00000020  00000000  RWIX
  GPIOINT               00006fe0   00000020  0000000a  00000016  RWIX
  SYSTEM                00007010   00000020  00000020  00000000  RWIX
  SPIA                  00007040   00000010  00000010  00000000  RWIX
  SCIA                  00007050   00000010  00000010  00000000  RWIX
  XINTRUPT              00007070   00000010  00000010  00000000  RWIX
  ADC                   00007100   00000020  0000001e  00000002  RWIX
  SCIB                  00007750   00000010  00000010  00000000  RWIX
  SCIC                  00007770   00000010  00000010  00000000  RWIX
  I2CA                  00007900   00000040  00000022  0000001e  RWIX
  RAML4                 0000c000   00001000  0000074c  000008b4  RWIX
  RAML5                 0000d000   00001000  00000358  00000ca8  RWIX
  RAML6                 0000e000   00001000  00000000  00001000  RWIX
  RAML7                 0000f000   00001000  00000000  00001000  RWIX
  ZONE7B                0020fc00   00000400  00000000  00000400  RWIX
  CSM_PWL               0033fff8   00000008  00000008  00000000  RWIX
  PARTID                00380090   00000001  00000001  00000000  RWIX


SECTION ALLOCATION MAP

 output                                  attributes/
section   page    origin      length       input sections
--------  ----  ----------  ----------   ----------------
codestart 
*          0    00000000    00000002     
                  00000000    00000002     DSP2833x_CodeStartBranch.obj (codestart)

.TI.ramfunc 
*          0    000080e2    00000004     
                  000080e2    00000004     DSP2833x_usDelay.obj (.TI.ramfunc)

.cinit     0    00008000    000000e2     
                  00008000    00000096     HDL_Uart.obj (.cinit:__gCOMList)
                  00008096    0000000e     rts2800_fpu32.lib : exit.c.obj (.cinit)
                  000080a4    00000009     APP_Main.obj (.cinit)
                  000080ad    00000009     HDL_CPU_Time.obj (.cinit)
                  000080b6    00000005     <whole-program> (.cinit:__lock)
                  000080bb    00000005     <whole-program> (.cinit:__unlock)
                  000080c0    00000004     BFL_Buzz.obj (.cinit)
                  000080c4    00000004     HDL_Uart.obj (.cinit:_m_Com1RxBuf)
                  000080c8    00000004     HDL_Uart.obj (.cinit:_m_Com1TxBuf)
                  000080cc    00000004     HDL_Uart.obj (.cinit:_m_Com2RxBuf)
                  000080d0    00000004     HDL_Uart.obj (.cinit:_m_Com2TxBuf)
                  000080d4    00000004     HDL_Uart.obj (.cinit:_m_Com3RxBuf)
                  000080d8    00000004     HDL_Uart.obj (.cinit:_m_Com3TxBuf)
                  000080dc    00000004     <whole-program> (.cinit)
                  000080e0    00000002     --HOLE-- [fill = 0]

.pinit     0    00008000    00000000     UNINITIALIZED

.stack     1    00000400    00000200     UNINITIALIZED
                  00000400    00000200     --HOLE--

DevEmuRegsFile 
*          1    00000880    000000d0     UNINITIALIZED
                  00000880    000000d0     DSP2833x_GlobalVariableDefs.obj (DevEmuRegsFile)

FlashRegsFile 
*          1    00000a80    00000008     UNINITIALIZED
                  00000a80    00000008     DSP2833x_GlobalVariableDefs.obj (FlashRegsFile)

CsmRegsFile 
*          1    00000ae0    00000010     UNINITIALIZED
                  00000ae0    00000010     DSP2833x_GlobalVariableDefs.obj (CsmRegsFile)

AdcMirrorFile 
*          1    00000b00    00000010     UNINITIALIZED
                  00000b00    00000010     DSP2833x_GlobalVariableDefs.obj (AdcMirrorFile)

XintfRegsFile 
*          1    00000b20    0000001e     UNINITIALIZED
                  00000b20    0000001e     DSP2833x_GlobalVariableDefs.obj (XintfRegsFile)

CpuTimer0RegsFile 
*          1    00000c00    00000008     UNINITIALIZED
                  00000c00    00000008     DSP2833x_GlobalVariableDefs.obj (CpuTimer0RegsFile)

CpuTimer1RegsFile 
*          1    00000c08    00000008     UNINITIALIZED
                  00000c08    00000008     DSP2833x_GlobalVariableDefs.obj (CpuTimer1RegsFile)

CpuTimer2RegsFile 
*          1    00000c10    00000008     UNINITIALIZED
                  00000c10    00000008     DSP2833x_GlobalVariableDefs.obj (CpuTimer2RegsFile)

PieCtrlRegsFile 
*          1    00000ce0    0000001a     UNINITIALIZED
                  00000ce0    0000001a     DSP2833x_GlobalVariableDefs.obj (PieCtrlRegsFile)

ECanaMOTSRegsFile 
*          1    00006080    00000040     UNINITIALIZED
                  00006080    00000040     DSP2833x_GlobalVariableDefs.obj (ECanaMOTSRegsFile)

ECanaMOTORegsFile 
*          1    000060c0    00000040     UNINITIALIZED
                  000060c0    00000040     DSP2833x_GlobalVariableDefs.obj (ECanaMOTORegsFile)

ECanbMOTSRegsFile 
*          1    00006280    00000040     UNINITIALIZED
                  00006280    00000040     DSP2833x_GlobalVariableDefs.obj (ECanbMOTSRegsFile)

ECanbMOTORegsFile 
*          1    000062c0    00000040     UNINITIALIZED
                  000062c0    00000040     DSP2833x_GlobalVariableDefs.obj (ECanbMOTORegsFile)

.econst    1    0000d000    00000358     
                  0000d000    00000101     rts2800_fpu32.lib : ctype.c.obj (.econst:.string:__ctypes_)
                  0000d101    00000001     --HOLE-- [fill = 0]
                  0000d102    00000100     DSP2833x_PieVect.obj (.econst:_PieVectTableInit)
                  0000d202    000000a7     APP_Main.obj (.econst:.string)
                  0000d2a9    00000001     --HOLE-- [fill = 0]
                  0000d2aa    0000005b     BFL_VCB.obj (.econst:.string)
                  0000d305    00000001     --HOLE-- [fill = 0]
                  0000d306    00000026     rts2800_fpu32.lib : _printfi.c.obj (.econst:.string)
                  0000d32c    0000001c                       : _printfi.c.obj (.econst)
                  0000d348    00000010     <whole-program> (.econst)

DMARAML4   1    0000c000    000003c0     UNINITIALIZED
                  0000c000    000003c0     BFL_Measure.obj (DMARAML4)

.reset     0    003fffc0    00000002     DSECT
                  003fffc0    00000002     rts2800_fpu32.lib : boot28.asm.obj (.reset)

csm_rsvd   0    0033ff80    00000000     DSECT

csmpasswds 
*          0    0033fff8    00000000     DSECT

.adc_cal   0    00380080    00000007     NOLOAD SECTION
                  00380080    00000007     DSP2833x_ADC_cal.obj (.adc_cal)

PieVectTableFile 
*          1    00000d00    00000100     UNINITIALIZED
                  00000d00    00000100     DSP2833x_GlobalVariableDefs.obj (PieVectTableFile)

DmaRegsFile 
*          1    00001000    000000e0     UNINITIALIZED
                  00001000    000000e0     DSP2833x_GlobalVariableDefs.obj (DmaRegsFile)

McbspaRegsFile 
*          1    00005000    00000025     UNINITIALIZED
                  00005000    00000025     DSP2833x_GlobalVariableDefs.obj (McbspaRegsFile)

McbspbRegsFile 
*          1    00005040    00000025     UNINITIALIZED
                  00005040    00000025     DSP2833x_GlobalVariableDefs.obj (McbspbRegsFile)

ECanaRegsFile 
*          1    00006000    00000034     UNINITIALIZED
                  00006000    00000034     DSP2833x_GlobalVariableDefs.obj (ECanaRegsFile)

ECanaLAMRegsFile 
*          1    00006040    00000040     UNINITIALIZED
                  00006040    00000040     DSP2833x_GlobalVariableDefs.obj (ECanaLAMRegsFile)

ECanaMboxesFile 
*          1    00006100    00000100     UNINITIALIZED
                  00006100    00000100     DSP2833x_GlobalVariableDefs.obj (ECanaMboxesFile)

ECanbRegsFile 
*          1    00006200    00000034     UNINITIALIZED
                  00006200    00000034     DSP2833x_GlobalVariableDefs.obj (ECanbRegsFile)

ECanbLAMRegsFile 
*          1    00006240    00000040     UNINITIALIZED
                  00006240    00000040     DSP2833x_GlobalVariableDefs.obj (ECanbLAMRegsFile)

ECanbMboxesFile 
*          1    00006300    00000100     UNINITIALIZED
                  00006300    00000100     DSP2833x_GlobalVariableDefs.obj (ECanbMboxesFile)

EPwm1RegsFile 
*          1    00006800    00000022     UNINITIALIZED
                  00006800    00000022     DSP2833x_GlobalVariableDefs.obj (EPwm1RegsFile)

EPwm2RegsFile 
*          1    00006840    00000022     UNINITIALIZED
                  00006840    00000022     DSP2833x_GlobalVariableDefs.obj (EPwm2RegsFile)

EPwm3RegsFile 
*          1    00006880    00000022     UNINITIALIZED
                  00006880    00000022     DSP2833x_GlobalVariableDefs.obj (EPwm3RegsFile)

EPwm4RegsFile 
*          1    000068c0    00000022     UNINITIALIZED
                  000068c0    00000022     DSP2833x_GlobalVariableDefs.obj (EPwm4RegsFile)

EPwm5RegsFile 
*          1    00006900    00000022     UNINITIALIZED
                  00006900    00000022     DSP2833x_GlobalVariableDefs.obj (EPwm5RegsFile)

EPwm6RegsFile 
*          1    00006940    00000022     UNINITIALIZED
                  00006940    00000022     DSP2833x_GlobalVariableDefs.obj (EPwm6RegsFile)

ECap1RegsFile 
*          1    00006a00    00000020     UNINITIALIZED
                  00006a00    00000020     DSP2833x_GlobalVariableDefs.obj (ECap1RegsFile)

ECap2RegsFile 
*          1    00006a20    00000020     UNINITIALIZED
                  00006a20    00000020     DSP2833x_GlobalVariableDefs.obj (ECap2RegsFile)

ECap3RegsFile 
*          1    00006a40    00000020     UNINITIALIZED
                  00006a40    00000020     DSP2833x_GlobalVariableDefs.obj (ECap3RegsFile)

ECap4RegsFile 
*          1    00006a60    00000020     UNINITIALIZED
                  00006a60    00000020     DSP2833x_GlobalVariableDefs.obj (ECap4RegsFile)

ECap5RegsFile 
*          1    00006a80    00000020     UNINITIALIZED
                  00006a80    00000020     DSP2833x_GlobalVariableDefs.obj (ECap5RegsFile)

ECap6RegsFile 
*          1    00006aa0    00000020     UNINITIALIZED
                  00006aa0    00000020     DSP2833x_GlobalVariableDefs.obj (ECap6RegsFile)

EQep1RegsFile 
*          1    00006b00    00000040     UNINITIALIZED
                  00006b00    00000040     DSP2833x_GlobalVariableDefs.obj (EQep1RegsFile)

EQep2RegsFile 
*          1    00006b40    00000040     UNINITIALIZED
                  00006b40    00000040     DSP2833x_GlobalVariableDefs.obj (EQep2RegsFile)

GpioCtrlRegsFile 
*          1    00006f80    0000002e     UNINITIALIZED
                  00006f80    0000002e     DSP2833x_GlobalVariableDefs.obj (GpioCtrlRegsFile)

GpioDataRegsFile 
*          1    00006fc0    00000020     UNINITIALIZED
                  00006fc0    00000020     DSP2833x_GlobalVariableDefs.obj (GpioDataRegsFile)

GpioIntRegsFile 
*          1    00006fe0    0000000a     UNINITIALIZED
                  00006fe0    0000000a     DSP2833x_GlobalVariableDefs.obj (GpioIntRegsFile)

SysCtrlRegsFile 
*          1    00007010    00000020     UNINITIALIZED
                  00007010    00000020     DSP2833x_GlobalVariableDefs.obj (SysCtrlRegsFile)

SpiaRegsFile 
*          1    00007040    00000010     UNINITIALIZED
                  00007040    00000010     DSP2833x_GlobalVariableDefs.obj (SpiaRegsFile)

SciaRegsFile 
*          1    00007050    00000010     UNINITIALIZED
                  00007050    00000010     DSP2833x_GlobalVariableDefs.obj (SciaRegsFile)

XIntruptRegsFile 
*          1    00007070    00000010     UNINITIALIZED
                  00007070    00000010     DSP2833x_GlobalVariableDefs.obj (XIntruptRegsFile)

AdcRegsFile 
*          1    00007100    0000001e     UNINITIALIZED
                  00007100    0000001e     DSP2833x_GlobalVariableDefs.obj (AdcRegsFile)

ScibRegsFile 
*          1    00007750    00000010     UNINITIALIZED
                  00007750    00000010     DSP2833x_GlobalVariableDefs.obj (ScibRegsFile)

ScicRegsFile 
*          1    00007770    00000010     UNINITIALIZED
                  00007770    00000010     DSP2833x_GlobalVariableDefs.obj (ScicRegsFile)

I2caRegsFile 
*          1    00007900    00000022     UNINITIALIZED
                  00007900    00000022     DSP2833x_GlobalVariableDefs.obj (I2caRegsFile)

CsmPwlFile 
*          1    0033fff8    00000008     UNINITIALIZED
                  0033fff8    00000008     DSP2833x_GlobalVariableDefs.obj (CsmPwlFile)

PartIdRegsFile 
*          1    00380090    00000001     UNINITIALIZED
                  00380090    00000001     DSP2833x_GlobalVariableDefs.obj (PartIdRegsFile)

.text.1    0    00009000    00001000     
                  00009000    000006d0     rts2800_fpu32.lib : _printfi.c.obj (.text)
                  000096d0    000005f5                       : _printfi.c.obj (.text:__TI_printfi)
                  00009cc5    00000316     DSP2833x_DefaultIsr.obj (.text:retain)
                  00009fdb    00000024     rts2800_fpu32.lib : cpy_tbl.c.obj (.text)
                  00009fff    00000001                       : _lock.c.obj (.text)

.text.2    0    0000a000    00001000     
                  0000a000    00000288     HDL_Uart.obj (.text)
                  0000a288    00000215     HDL_Uart.obj (.text:retain)
                  0000a49d    00000107     rts2800_fpu32.lib : ll_div28.asm.obj (.text)
                  0000a5a4    000000fc     DSP2833x_SysCtrl.obj (.text)
                  0000a6a0    000000e9     HDL_CPU_Time.obj (.text)
                  0000a789    000000c0     APP_Main.obj (.text)
                  0000a849    000000ac     rts2800_fpu32.lib : s_scalbn.c.obj (.text)
                  0000a8f5    00000001                       : startup.c.obj (.text)
                  0000a8f6    000000aa     BFL_Measure.obj (.text:retain)
                  0000a9a0    0000009c     rts2800_fpu32.lib : fd_add28.asm.obj (.text)
                  0000aa3c    0000008e     HDL_CPU_Time.obj (.text:retain)
                  0000aaca    0000008b     rts2800_fpu32.lib : fd_div28.asm.obj (.text)
                  0000ab55    00000088                       : fs_div28.asm.obj (.text)
                  0000abdd    00000083                       : fd_mpy28.asm.obj (.text)
                  0000ac60    00000081     BFL_SCR.obj (.text:retain)
                  0000ace1    0000006c     cqueue.obj (.text)
                  0000ad4d    0000005a     rts2800_fpu32.lib : s_frexp.c.obj (.text)
                  0000ada7    00000059     HDL_CAN.obj (.text:retain)
                  0000ae00    00000057     average_filter.obj (.text)
                  0000ae57    00000057     rts2800_fpu32.lib : vsnprintf.c.obj (.text)
                  0000aeae    00000056                       : boot28.asm.obj (.text)
                  0000af04    00000033     DSP2833x_CpuTimers.obj (.text)
                  0000af37    00000031     rts2800_fpu32.lib : atoi.c.obj (.text)
                  0000af68    00000030                       : _ltoa.c.obj (.text)
                  0000af98    0000002a                       : fd_cmp28.asm.obj (.text)
                  0000afc2    0000002a                       : l_div28.asm.obj (.text)
                  0000afec    00000014     main.obj (.text)

.text.3    0    0000b000    00000231     
                  0000b000    00000029     rts2800_fpu32.lib : exit.c.obj (.text)
                  0000b029    00000028     DSP2833x_PieCtrl.obj (.text)
                  0000b051    00000001     --HOLE-- [fill = 0]
                  0000b052    00000027     rts2800_fpu32.lib : e_sqrtf.c.obj (.text)
                  0000b079    00000024                       : s_copysign.c.obj (.text)
                  0000b09d    00000021                       : fd_toi28.asm.obj (.text)
                  0000b0be    0000001f                       : fd_tol28.asm.obj (.text)
                  0000b0dd    0000001e                       : ll_cmp28.asm.obj (.text)
                  0000b0fb    0000001d                       : i_tofd28.asm.obj (.text)
                  0000b118    0000001c                       : fs_tofdfpu32.asm.obj (.text)
                  0000b134    0000001c                       : l_tofd28.asm.obj (.text)
                  0000b150    0000001c                       : memcpy.c.obj (.text)
                  0000b16c    00000019                       : prolog28.asm.obj (.text)
                  0000b185    00000018                       : ll_aox28.asm.obj (.text)
                  0000b19d    00000012                       : args_main.c.obj (.text)
                  0000b1af    00000011     DSP2833x_PieVect.obj (.text)
                  0000b1c0    00000010     rts2800_fpu32.lib : memccpy.c.obj (.text)
                  0000b1d0    0000000e                       : fd_sub28.asm.obj (.text)
                  0000b1de    0000000c                       : epilog28.asm.obj (.text)
                  0000b1ea    0000000c                       : strchr.c.obj (.text)
                  0000b1f6    0000000b                       : u_div28.asm.obj (.text)
                  0000b201    00000009                       : fd_neg28.asm.obj (.text)
                  0000b20a    00000009                       : wcslen.c.obj (.text)
                  0000b213    00000008     DSP2833x_CodeStartBranch.obj (.text)
                  0000b21b    00000008     rts2800_fpu32.lib : strlen.c.obj (.text)
                  0000b223    00000007                       : memset.c.obj (.text)
                  0000b22a    00000005                       : strcpy.c.obj (.text)
                  0000b22f    00000002                       : pre_init.c.obj (.text)

.ebss.1    1    0000c3c0    000002ec     UNINITIALIZED
                  0000c3c0    00000101     APP_Main.obj (.ebss:_buffer)
                  0000c4c1    00000001     BFL_Buzz.obj (.ebss)
                  0000c4c2    00000018     DSP2833x_CpuTimers.obj (.ebss)
                  0000c4da    00000012     BFL_SCR.obj (.ebss)
                  0000c4ec    00000010     BFL_Measure.obj (.ebss:_AdcAvg)
                  0000c4fc    00000004     BFL_Measure.obj (.ebss)
                  0000c500    00000096     HDL_Uart.obj (.ebss:__gCOMList)
                  0000c596    00000010     BFL_Measure.obj (.ebss:_AdcRMS)
                  0000c5a6    00000010     BFL_Measure.obj (.ebss:_AdcVoltRMS)
                  0000c5b6    0000000a     HDL_CAN.obj (.ebss)
                  0000c5c0    00000080     BFL_Measure.obj (.ebss:_AdcVoltRMSFilter)
                  0000c640    00000050     HDL_Uart.obj (.ebss:_m_Com1RxBuf)
                  0000c690    00000008     APP_Main.obj (.ebss)
                  0000c698    00000006     HDL_CPU_Time.obj (.ebss)
                  0000c69e    00000006     rts2800_fpu32.lib : exit.c.obj (.ebss)
                  0000c6a4    00000002                       : _lock.c.obj (.ebss:__lock)
                  0000c6a6    00000002                       : _lock.c.obj (.ebss:__unlock)
                  0000c6a8    00000001     HDL_Uart.obj (.ebss:_m_Com1TxBuf)
                  0000c6a9    00000001     HDL_Uart.obj (.ebss:_m_Com2TxBuf)
                  0000c6aa    00000001     HDL_Uart.obj (.ebss:_m_Com3TxBuf)
                  0000c6ab    00000001     rts2800_fpu32.lib : errno.c.obj (.ebss)

.ebss.2    1    0000c6c0    00000050     UNINITIALIZED
                  0000c6c0    00000050     HDL_Uart.obj (.ebss:_m_Com2RxBuf)

.ebss.3    1    0000c740    00000050     UNINITIALIZED
                  0000c740    00000050     HDL_Uart.obj (.ebss:_m_Com3RxBuf)

MODULE SUMMARY

       Module                                   code   initialized data   uninitialized data
       ------                                   ----   ----------------   ------------------
    .\
       DSP2833x_GlobalVariableDefs.obj          0      0                  2679              
       DSP2833x_DefaultIsr.obj                  790    0                  0                 
       DSP2833x_PieVect.obj                     17     256                0                 
       DSP2833x_SysCtrl.obj                     252    0                  0                 
       DSP2833x_CpuTimers.obj                   51     0                  24                
       DSP2833x_PieCtrl.obj                     40     0                  0                 
       DSP2833x_CodeStartBranch.obj             10     0                  0                 
       DSP2833x_ADC_cal.obj                     7      0                  0                 
       DSP2833x_usDelay.obj                     4      0                  0                 
    +--+----------------------------------------+------+------------------+--------------------+
       Total:                                   1171   256                2703              
                                                                                            
    .\APP\
       APP_Main.obj                             192    176                265               
    +--+----------------------------------------+------+------------------+--------------------+
       Total:                                   192    176                265               
                                                                                            
    .\Application\
       main.obj                                 20     0                  0                 
    +--+----------------------------------------+------+------------------+--------------------+
       Total:                                   20     0                  0                 
                                                                                            
    .\BFL\
       BFL_Measure.obj                          170    0                  1140              
       BFL_SCR.obj                              129    0                  18                
       BFL_VCB.obj                              0      91                 0                 
       BFL_Buzz.obj                             0      4                  1                 
    +--+----------------------------------------+------+------------------+--------------------+
       Total:                                   299    95                 1159              
                                                                                            
    .\HDL\
       HDL_Uart.obj                             1181   174                393               
       HDL_CPU_Time.obj                         375    9                  6                 
       HDL_CAN.obj                              89     0                  10                
    +--+----------------------------------------+------+------------------+--------------------+
       Total:                                   1645   183                409               
                                                                                            
    .\LIB\
       cqueue.obj                               108    0                  0                 
       average_filter.obj                       87     0                  0                 
    +--+----------------------------------------+------+------------------+--------------------+
       Total:                                   195    0                  0                 
                                                                                            
    C:\Users\liuyu\AppData\Local\Temp\
       {E0E79A0E-1EEE-437E-84ED-F3E50406AF30}   0      30                 0                 
    +--+----------------------------------------+------+------------------+--------------------+
       Total:                                   0      30                 0                 
                                                                                            
    C:/ti/ccstheia131/ccs/tools/compiler/ti-cgt-c2000_22.6.1A23259/lib/rts2800_fpu32.lib
       _printfi.c.obj                           3269   66                 0                 
       ll_div28.asm.obj                         263    0                  0                 
       ctype.c.obj                              0      257                0                 
       s_scalbn.c.obj                           172    0                  0                 
       fd_add28.asm.obj                         156    0                  0                 
       fd_div28.asm.obj                         139    0                  0                 
       fs_div28.asm.obj                         136    0                  0                 
       fd_mpy28.asm.obj                         131    0                  0                 
       s_frexp.c.obj                            90     0                  0                 
       vsnprintf.c.obj                          87     0                  0                 
       boot28.asm.obj                           86     0                  0                 
       exit.c.obj                               41     14                 6                 
       atoi.c.obj                               49     0                  0                 
       _ltoa.c.obj                              48     0                  0                 
       fd_cmp28.asm.obj                         42     0                  0                 
       l_div28.asm.obj                          42     0                  0                 
       e_sqrtf.c.obj                            39     0                  0                 
       cpy_tbl.c.obj                            36     0                  0                 
       s_copysign.c.obj                         36     0                  0                 
       fd_toi28.asm.obj                         33     0                  0                 
       fd_tol28.asm.obj                         31     0                  0                 
       ll_cmp28.asm.obj                         30     0                  0                 
       i_tofd28.asm.obj                         29     0                  0                 
       fs_tofdfpu32.asm.obj                     28     0                  0                 
       l_tofd28.asm.obj                         28     0                  0                 
       memcpy.c.obj                             28     0                  0                 
       prolog28.asm.obj                         25     0                  0                 
       ll_aox28.asm.obj                         24     0                  0                 
       args_main.c.obj                          18     0                  0                 
       memccpy.c.obj                            16     0                  0                 
       fd_sub28.asm.obj                         14     0                  0                 
       epilog28.asm.obj                         12     0                  0                 
       strchr.c.obj                             12     0                  0                 
       u_div28.asm.obj                          11     0                  0                 
       fd_neg28.asm.obj                         9      0                  0                 
       wcslen.c.obj                             9      0                  0                 
       strlen.c.obj                             8      0                  0                 
       memset.c.obj                             7      0                  0                 
       _lock.c.obj                              1      0                  4                 
       strcpy.c.obj                             5      0                  0                 
       pre_init.c.obj                           2      0                  0                 
       errno.c.obj                              0      0                  1                 
       startup.c.obj                            1      0                  0                 
    +--+----------------------------------------+------+------------------+--------------------+
       Total:                                   5243   337                11                
                                                                                            
       Stack:                                   0      0                  512               
    +--+----------------------------------------+------+------------------+--------------------+
       Grand Total:                             8765   1077               5059              


GLOBAL DATA SYMBOLS: SORTED BY DATA PAGE

address     data page           name
--------    ----------------    ----
00000400      10 (00000400)     __stack

00000880      22 (00000880)     _DevEmuRegs

00000a80      2a (00000a80)     _FlashRegs

00000ae0      2b (00000ac0)     _CsmRegs

00000b00      2c (00000b00)     _AdcMirror
00000b20      2c (00000b00)     _XintfRegs

00000c00      30 (00000c00)     _CpuTimer0Regs
00000c08      30 (00000c00)     _CpuTimer1Regs
00000c10      30 (00000c00)     _CpuTimer2Regs

00000ce0      33 (00000cc0)     _PieCtrlRegs

00000d00      34 (00000d00)     _PieVectTable

00001000      40 (00001000)     _DmaRegs

00005000     140 (00005000)     _McbspaRegs

00005040     141 (00005040)     _McbspbRegs

00006000     180 (00006000)     _ECanaRegs

00006040     181 (00006040)     _ECanaLAMRegs

00006080     182 (00006080)     _ECanaMOTSRegs

000060c0     183 (000060c0)     _ECanaMOTORegs

00006100     184 (00006100)     _ECanaMboxes

00006200     188 (00006200)     _ECanbRegs

00006240     189 (00006240)     _ECanbLAMRegs

00006280     18a (00006280)     _ECanbMOTSRegs

000062c0     18b (000062c0)     _ECanbMOTORegs

00006300     18c (00006300)     _ECanbMboxes

00006800     1a0 (00006800)     _EPwm1Regs

00006840     1a1 (00006840)     _EPwm2Regs

00006880     1a2 (00006880)     _EPwm3Regs

000068c0     1a3 (000068c0)     _EPwm4Regs

00006900     1a4 (00006900)     _EPwm5Regs

00006940     1a5 (00006940)     _EPwm6Regs

00006a00     1a8 (00006a00)     _ECap1Regs
00006a20     1a8 (00006a00)     _ECap2Regs

00006a40     1a9 (00006a40)     _ECap3Regs
00006a60     1a9 (00006a40)     _ECap4Regs

00006a80     1aa (00006a80)     _ECap5Regs
00006aa0     1aa (00006a80)     _ECap6Regs

00006b00     1ac (00006b00)     _EQep1Regs

00006b40     1ad (00006b40)     _EQep2Regs

00006f80     1be (00006f80)     _GpioCtrlRegs

00006fc0     1bf (00006fc0)     _GpioDataRegs
00006fe0     1bf (00006fc0)     _GpioIntRegs

00007010     1c0 (00007000)     _SysCtrlRegs

00007040     1c1 (00007040)     _SpiaRegs
00007050     1c1 (00007040)     _SciaRegs
00007070     1c1 (00007040)     _XIntruptRegs

00007100     1c4 (00007100)     _AdcRegs

00007750     1dd (00007740)     _ScibRegs
00007770     1dd (00007740)     _ScicRegs

00007900     1e4 (00007900)     _I2caRegs

0000c000     300 (0000c000)     _DMABuf1

0000c4c2     313 (0000c4c0)     _CpuTimer0
0000c4ca     313 (0000c4c0)     _CpuTimer1
0000c4d2     313 (0000c4c0)     _CpuTimer2
0000c4da     313 (0000c4c0)     _epwm1_info
0000c4e0     313 (0000c4c0)     _epwm2_info
0000c4e6     313 (0000c4c0)     _epwm3_info
0000c4ec     313 (0000c4c0)     _AdcAvg
0000c4fc     313 (0000c4c0)     _DMADest
0000c4fe     313 (0000c4c0)     _DMASource

0000c500     314 (0000c500)     __gCOMList

0000c596     316 (0000c580)     _AdcRMS
0000c5a6     316 (0000c580)     _AdcVoltRMS
0000c5b6     316 (0000c580)     _can_rx_msg

0000c5c0     317 (0000c5c0)     _AdcVoltRMSFilter

0000c690     31a (0000c680)     _g_app_main_stack
0000c691     31a (0000c680)     _cnt
0000c692     31a (0000c680)     _sdata
0000c693     31a (0000c680)     _rdata
0000c694     31a (0000c680)     _t
0000c696     31a (0000c680)     _signal
0000c69e     31a (0000c680)     ___TI_enable_exit_profile_output
0000c6a0     31a (0000c680)     ___TI_cleanup_ptr
0000c6a2     31a (0000c680)     ___TI_dtors_ptr
0000c6a4     31a (0000c680)     __lock
0000c6a6     31a (0000c680)     __unlock
0000c6ab     31a (0000c680)     _errno

0000d000     340 (0000d000)     __ctypes_

0000d102     344 (0000d100)     _PieVectTableInit

0033fff8    cfff (0033ffc0)     _CsmPwl

00380090    e002 (00380080)     _PartIdRegs


GLOBAL SYMBOLS: SORTED ALPHABETICALLY BY Name 

page  address   name                                  
----  -------   ----                                  
abs   ffffffff  .text                                 
0     0000b000  C$$EXIT                               
0     0000a9a0  FD$$ADD                               
0     0000af98  FD$$CMP                               
0     0000aaca  FD$$DIV                               
0     0000abdd  FD$$MPY                               
0     0000b201  FD$$NEG                               
0     0000b1d0  FD$$SUB                               
0     0000b09d  FD$$TOI                               
0     0000b0be  FD$$TOL                               
0     0000ab55  FS$$DIV                               
0     0000b118  FS$$TOFD                              
0     0000b0fb  I$$TOFD                               
0     0000afc2  L$$DIV                                
0     0000afd1  L$$MOD                                
0     0000b134  L$$TOFD                               
0     0000b185  LL$$AND                               
0     0000b0dd  LL$$CMP                               
0     0000a49d  LL$$DIV                               
0     0000a4d9  LL$$MOD                               
0     0000b18d  LL$$OR                                
0     0000b195  LL$$XOR                               
0     0000b1f6  U$$DIV                                
0     0000b1fb  U$$MOD                                
0     0000afdf  UL$$DIV                               
0     0000afe6  UL$$MOD                               
0     0000b0ef  ULL$$CMP                              
0     0000a513  ULL$$DIV                              
0     0000a542  ULL$$MOD                              
0     00009fd1  _ADCINT_ISR                           
0     00380080  _ADC_cal                              
0     0000a7f0  _APP_Main_Init                        
0     0000a7b8  _APP_Main_Poll                        
1     0000c4ec  _AdcAvg                               
1     00000b00  _AdcMirror                            
1     0000c596  _AdcRMS                               
1     00007100  _AdcRegs                              
1     0000c5a6  _AdcVoltRMS                           
1     0000c5c0  _AdcVoltRMSFilter                     
0     0000ada7  _CANA_ISR                             
1     0000c4c2  _CpuTimer0                            
1     00000c00  _CpuTimer0Regs                        
1     0000c4ca  _CpuTimer1                            
1     00000c08  _CpuTimer1Regs                        
1     0000c4d2  _CpuTimer2                            
1     00000c10  _CpuTimer2Regs                        
1     0033fff8  _CsmPwl                               
1     00000ae0  _CsmRegs                              
0     0000a672  _CsmUnlock                            
0     00009fc7  _DATALOG_ISR                          
0     00009fbd  _DINTCH1_ISR                          
0     00009fb3  _DINTCH2_ISR                          
0     00009fa9  _DINTCH3_ISR                          
0     00009f9f  _DINTCH4_ISR                          
0     00009f95  _DINTCH5_ISR                          
0     00009f8b  _DINTCH6_ISR                          
1     0000c000  _DMABuf1                              
1     0000c4fc  _DMADest                              
1     0000c4fe  _DMASource                            
0     000080e2  _DSP28x_usDelay                       
0     0000a789  _Debug_Printf                         
1     00000880  _DevEmuRegs                           
0     0000a5ae  _DisableDog                           
1     00001000  _DmaRegs                              
0     00009f81  _ECAN0INTA_ISR                        
0     00009f77  _ECAN0INTB_ISR                        
0     00009f6d  _ECAN1INTA_ISR                        
0     00009f63  _ECAN1INTB_ISR                        
0     00009f59  _ECAP1_INT_ISR                        
0     00009f4f  _ECAP2_INT_ISR                        
0     00009f45  _ECAP3_INT_ISR                        
0     00009f3b  _ECAP4_INT_ISR                        
0     00009f31  _ECAP5_INT_ISR                        
0     00009f27  _ECAP6_INT_ISR                        
1     00006040  _ECanaLAMRegs                         
1     000060c0  _ECanaMOTORegs                        
1     00006080  _ECanaMOTSRegs                        
1     00006100  _ECanaMboxes                          
1     00006000  _ECanaRegs                            
1     00006240  _ECanbLAMRegs                         
1     000062c0  _ECanbMOTORegs                        
1     00006280  _ECanbMOTSRegs                        
1     00006300  _ECanbMboxes                          
1     00006200  _ECanbRegs                            
1     00006a00  _ECap1Regs                            
1     00006a20  _ECap2Regs                            
1     00006a40  _ECap3Regs                            
1     00006a60  _ECap4Regs                            
1     00006a80  _ECap5Regs                            
1     00006aa0  _ECap6Regs                            
0     00009f1d  _EMUINT_ISR                           
0     00009f13  _EPWM1_INT_ISR                        
0     00009f09  _EPWM1_TZINT_ISR                      
0     00009eff  _EPWM2_INT_ISR                        
0     00009ef5  _EPWM2_TZINT_ISR                      
0     00009eeb  _EPWM3_INT_ISR                        
0     00009ee1  _EPWM3_TZINT_ISR                      
0     00009ed7  _EPWM4_INT_ISR                        
0     00009ecd  _EPWM4_TZINT_ISR                      
0     00009ec3  _EPWM5_INT_ISR                        
0     00009eb9  _EPWM5_TZINT_ISR                      
0     00009eaf  _EPWM6_INT_ISR                        
0     00009ea5  _EPWM6_TZINT_ISR                      
1     00006800  _EPwm1Regs                            
1     00006840  _EPwm2Regs                            
1     00006880  _EPwm3Regs                            
1     000068c0  _EPwm4Regs                            
1     00006900  _EPwm5Regs                            
1     00006940  _EPwm6Regs                            
0     00009e9b  _EQEP1_INT_ISR                        
0     00009e91  _EQEP2_INT_ISR                        
1     00006b00  _EQep1Regs                            
1     00006b40  _EQep2Regs                            
0     0000b048  _EnableInterrupts                     
1     00000a80  _FlashRegs                            
1     00006f80  _GpioCtrlRegs                         
1     00006fc0  _GpioDataRegs                         
1     00006fe0  _GpioIntRegs                          
0     0000a776  _HDL_CPU_Time_DelayMs                 
0     0000a764  _HDL_CPU_Time_DelayUs                 
0     0000a75b  _HDL_CPU_Time_GetTick                 
0     0000a754  _HDL_CPU_Time_GetUsTick               
0     0000a70a  _HDL_CPU_Time_Init                    
0     0000a705  _HDL_CPU_Time_ResetTick               
0     0000a6ff  _HDL_CPU_Time_ResetUsTick             
0     0000a6fb  _HDL_CPU_Time_SetCPUTickCallback      
0     0000a6e0  _HDL_CPU_Time_StartHardTimer          
0     0000a6a0  _HDL_CPU_Time_StopHardTimer           
0     00009e87  _I2CINT1A_ISR                         
0     00009e7d  _I2CINT2A_ISR                         
1     00007900  _I2caRegs                             
0     00009e73  _ILLEGAL_ISR                          
0     00009e69  _INT13_ISR                            
0     00009e5f  _INT14_ISR                            
0     0000af04  _InitCpuTimers                        
0     0000a603  _InitPeripheralClocks                 
0     0000b029  _InitPieCtrl                          
0     0000b1af  _InitPieVectTable                     
0     0000a5b6  _InitPll                              
0     0000a145  _InitSciaGpio                         
0     0000a12b  _InitScibGpio                         
0     0000a09e  _InitScicGpio                         
0     0000a669  _InitSysCtrl                          
0     00009e55  _LUF_ISR                              
0     00009e4b  _LVF_ISR                              
0     00009e41  _MRINTA_ISR                           
0     00009e37  _MRINTB_ISR                           
0     00009e2d  _MXINTA_ISR                           
0     00009e23  _MXINTB_ISR                           
1     00005000  _McbspaRegs                           
1     00005040  _McbspbRegs                           
0     00009e19  _NMI_ISR                              
0     00009e0f  _PIE_RESERVED                         
1     00380090  _PartIdRegs                           
1     00000ce0  _PieCtrlRegs                          
1     00000d00  _PieVectTable                         
1     0000d102  _PieVectTableInit                     
0     00009e05  _RTOSINT_ISR                          
0     00009dfb  _SCIRXINTA_ISR                        
0     00009df1  _SCIRXINTB_ISR                        
0     00009de7  _SCIRXINTC_ISR                        
0     00009ddd  _SCITXINTA_ISR                        
0     00009dd3  _SCITXINTB_ISR                        
0     00009dc9  _SCITXINTC_ISR                        
0     00009dbf  _SEQ1INT_ISR                          
0     00009db5  _SEQ2INT_ISR                          
0     00009dab  _SPIRXINTA_ISR                        
0     00009da1  _SPITXINTA_ISR                        
1     00007050  _SciaRegs                             
1     00007750  _ScibRegs                             
1     00007770  _ScicRegs                             
0     0000a5a4  _ServiceDog                           
1     00007040  _SpiaRegs                             
1     00007010  _SysCtrlRegs                          
0     00009d97  _TINT0_ISR                            
0     00009d8d  _USER10_ISR                           
0     00009d83  _USER11_ISR                           
0     00009d79  _USER12_ISR                           
0     00009d6f  _USER1_ISR                            
0     00009d65  _USER2_ISR                            
0     00009d5b  _USER3_ISR                            
0     00009d51  _USER4_ISR                            
0     00009d47  _USER5_ISR                            
0     00009d3d  _USER6_ISR                            
0     00009d33  _USER7_ISR                            
0     00009d29  _USER8_ISR                            
0     00009d1f  _USER9_ISR                            
0     0000a270  _Uart_AvailableBytes                  
0     0000a251  _Uart_EmptyReadBuffer                 
0     0000a161  _Uart_Init                            
0     0000a08c  _Uart_Read                            
0     0000a07e  _Uart_RegisterReceiveCharCallback     
0     0000a070  _Uart_RegisterReceiveReadyCharCallback
0     0000a061  _Uart_SetWriteOverCallback            
0     0000a052  _Uart_UnregisterReceiveCharCallback   
0     0000a000  _Uart_Write                           
0     00009d15  _WAKEINT_ISR                          
0     00009d0b  _XINT1_ISR                            
0     00009d01  _XINT2_ISR                            
0     00009cf7  _XINT3_ISR                            
0     00009ced  _XINT4_ISR                            
0     00009ce3  _XINT5_ISR                            
0     00009cd9  _XINT6_ISR                            
0     00009ccf  _XINT7_ISR                            
1     00007070  _XIntruptRegs                         
1     00000b20  _XintfRegs                            
1     00000600  __STACK_END                           
abs   00000200  __STACK_SIZE                          
1     0000c6a0  ___TI_cleanup_ptr                     
1     0000c6a2  ___TI_dtors_ptr                       
1     0000c69e  ___TI_enable_exit_profile_output      
0     0000af68  ___TI_ltoa                            
abs   ffffffff  ___TI_pprof_out_hndl                  
0     00009b40  ___TI_printfi                         
abs   ffffffff  ___TI_prof_data_size                  
abs   ffffffff  ___TI_prof_data_start                 
abs   ffffffff  ___binit__                            
abs   ffffffff  ___c_args__                           
0     00008000  ___cinit__                            
abs   ffffffff  ___etext__                            
abs   ffffffff  ___pinit__                            
abs   ffffffff  ___text__                             
0     0000b19d  __args_main                           
1     0000d000  __ctypes_                             
1     0000c500  __gCOMList                            
1     0000c6a4  __lock                                
0     00009fff  __nop                                 
1     00000400  __stack                               
0     0000a8f5  __system_post_cinit                   
0     0000b22f  __system_pre_init                     
1     0000c6a6  __unlock                              
0     0000b000  _abort                                
0     0000af37  _atoi                                 
0     0000ae35  _average_filter_init                  
0     0000ae00  _average_filter_update                
0     0000aeae  _c_int00                              
1     0000c5b6  _can_rx_msg                           
0     0000a7b0  _cb1                                  
1     0000c691  _cnt                                  
0     00009fdb  _copy_in                              
0     0000b079  _copysignl                            
0     0000aa90  _cpu_timer0_isr                       
0     0000aa7c  _cpu_timer1_isr                       
0     0000aa3c  _cpu_timer2_isr                       
0     0000ad35  _cqueue_create                        
0     0000ad10  _cqueue_enqueue                       
0     0000ace1  _cqueue_out                           
0     0000b1de  _epilog_c28x_1                        
0     0000b1e2  _epilog_c28x_2                        
1     0000c4da  _epwm1_info                           
0     0000acb6  _epwm1_isr                            
1     0000c4e0  _epwm2_info                           
0     0000ac8b  _epwm2_isr                            
1     0000c4e6  _epwm3_info                           
0     0000ac60  _epwm3_isr                            
1     0000c6ab  _errno                                
0     0000b002  _exit                                 
0     0000ad4d  _frexpl                               
1     0000c690  _g_app_main_stack                     
0     0000a849  _ldexpl                               
0     0000a8f6  _local_DINTCH1_ISR                    
0     0000afec  _main                                 
0     0000b1c0  _memccpy                              
0     0000b150  _memcpy                               
0     0000b223  _memset                               
0     0000b16c  _prolog_c28x_1                        
0     0000b170  _prolog_c28x_2                        
0     0000b178  _prolog_c28x_3                        
1     0000c693  _rdata                                
0     00009cc5  _rsvd_ISR                             
0     0000a849  _scalbnl                              
0     0000a439  _sciaRxFifoIsr                        
0     0000a3f4  _sciaTxFifoIsr                        
0     0000a387  _scibRxFifoIsr                        
0     0000a33f  _scibTxFifoIsr                        
0     0000a2d0  _scicRxFifoIsr                        
0     0000a288  _scicTxFifoIsr                        
1     0000c692  _sdata                                
1     0000c696  _signal                               
0     0000b052  _sqrt                                 
0     0000b052  _sqrtf                                
0     0000b1ea  _strchr                               
0     0000b22a  _strcpy                               
0     0000b21b  _strlen                               
1     0000c694  _t                                    
0     0000a7a8  _timer_callback                       
0     0000ae57  _vsnprintf                            
0     0000b20a  _wcslen                               
abs   ffffffff  binit                                 
0     00008000  cinit                                 
0     00000000  code_start                            
abs   ffffffff  etext                                 
abs   ffffffff  pinit                                 


GLOBAL SYMBOLS: SORTED BY Symbol Address 

page  address   name                                  
----  -------   ----                                  
0     00000000  code_start                            
0     00008000  ___cinit__                            
0     00008000  cinit                                 
0     000080e2  _DSP28x_usDelay                       
0     00009b40  ___TI_printfi                         
0     00009cc5  _rsvd_ISR                             
0     00009ccf  _XINT7_ISR                            
0     00009cd9  _XINT6_ISR                            
0     00009ce3  _XINT5_ISR                            
0     00009ced  _XINT4_ISR                            
0     00009cf7  _XINT3_ISR                            
0     00009d01  _XINT2_ISR                            
0     00009d0b  _XINT1_ISR                            
0     00009d15  _WAKEINT_ISR                          
0     00009d1f  _USER9_ISR                            
0     00009d29  _USER8_ISR                            
0     00009d33  _USER7_ISR                            
0     00009d3d  _USER6_ISR                            
0     00009d47  _USER5_ISR                            
0     00009d51  _USER4_ISR                            
0     00009d5b  _USER3_ISR                            
0     00009d65  _USER2_ISR                            
0     00009d6f  _USER1_ISR                            
0     00009d79  _USER12_ISR                           
0     00009d83  _USER11_ISR                           
0     00009d8d  _USER10_ISR                           
0     00009d97  _TINT0_ISR                            
0     00009da1  _SPITXINTA_ISR                        
0     00009dab  _SPIRXINTA_ISR                        
0     00009db5  _SEQ2INT_ISR                          
0     00009dbf  _SEQ1INT_ISR                          
0     00009dc9  _SCITXINTC_ISR                        
0     00009dd3  _SCITXINTB_ISR                        
0     00009ddd  _SCITXINTA_ISR                        
0     00009de7  _SCIRXINTC_ISR                        
0     00009df1  _SCIRXINTB_ISR                        
0     00009dfb  _SCIRXINTA_ISR                        
0     00009e05  _RTOSINT_ISR                          
0     00009e0f  _PIE_RESERVED                         
0     00009e19  _NMI_ISR                              
0     00009e23  _MXINTB_ISR                           
0     00009e2d  _MXINTA_ISR                           
0     00009e37  _MRINTB_ISR                           
0     00009e41  _MRINTA_ISR                           
0     00009e4b  _LVF_ISR                              
0     00009e55  _LUF_ISR                              
0     00009e5f  _INT14_ISR                            
0     00009e69  _INT13_ISR                            
0     00009e73  _ILLEGAL_ISR                          
0     00009e7d  _I2CINT2A_ISR                         
0     00009e87  _I2CINT1A_ISR                         
0     00009e91  _EQEP2_INT_ISR                        
0     00009e9b  _EQEP1_INT_ISR                        
0     00009ea5  _EPWM6_TZINT_ISR                      
0     00009eaf  _EPWM6_INT_ISR                        
0     00009eb9  _EPWM5_TZINT_ISR                      
0     00009ec3  _EPWM5_INT_ISR                        
0     00009ecd  _EPWM4_TZINT_ISR                      
0     00009ed7  _EPWM4_INT_ISR                        
0     00009ee1  _EPWM3_TZINT_ISR                      
0     00009eeb  _EPWM3_INT_ISR                        
0     00009ef5  _EPWM2_TZINT_ISR                      
0     00009eff  _EPWM2_INT_ISR                        
0     00009f09  _EPWM1_TZINT_ISR                      
0     00009f13  _EPWM1_INT_ISR                        
0     00009f1d  _EMUINT_ISR                           
0     00009f27  _ECAP6_INT_ISR                        
0     00009f31  _ECAP5_INT_ISR                        
0     00009f3b  _ECAP4_INT_ISR                        
0     00009f45  _ECAP3_INT_ISR                        
0     00009f4f  _ECAP2_INT_ISR                        
0     00009f59  _ECAP1_INT_ISR                        
0     00009f63  _ECAN1INTB_ISR                        
0     00009f6d  _ECAN1INTA_ISR                        
0     00009f77  _ECAN0INTB_ISR                        
0     00009f81  _ECAN0INTA_ISR                        
0     00009f8b  _DINTCH6_ISR                          
0     00009f95  _DINTCH5_ISR                          
0     00009f9f  _DINTCH4_ISR                          
0     00009fa9  _DINTCH3_ISR                          
0     00009fb3  _DINTCH2_ISR                          
0     00009fbd  _DINTCH1_ISR                          
0     00009fc7  _DATALOG_ISR                          
0     00009fd1  _ADCINT_ISR                           
0     00009fdb  _copy_in                              
0     00009fff  __nop                                 
0     0000a000  _Uart_Write                           
0     0000a052  _Uart_UnregisterReceiveCharCallback   
0     0000a061  _Uart_SetWriteOverCallback            
0     0000a070  _Uart_RegisterReceiveReadyCharCallback
0     0000a07e  _Uart_RegisterReceiveCharCallback     
0     0000a08c  _Uart_Read                            
0     0000a09e  _InitScicGpio                         
0     0000a12b  _InitScibGpio                         
0     0000a145  _InitSciaGpio                         
0     0000a161  _Uart_Init                            
0     0000a251  _Uart_EmptyReadBuffer                 
0     0000a270  _Uart_AvailableBytes                  
0     0000a288  _scicTxFifoIsr                        
0     0000a2d0  _scicRxFifoIsr                        
0     0000a33f  _scibTxFifoIsr                        
0     0000a387  _scibRxFifoIsr                        
0     0000a3f4  _sciaTxFifoIsr                        
0     0000a439  _sciaRxFifoIsr                        
0     0000a49d  LL$$DIV                               
0     0000a4d9  LL$$MOD                               
0     0000a513  ULL$$DIV                              
0     0000a542  ULL$$MOD                              
0     0000a5a4  _ServiceDog                           
0     0000a5ae  _DisableDog                           
0     0000a5b6  _InitPll                              
0     0000a603  _InitPeripheralClocks                 
0     0000a669  _InitSysCtrl                          
0     0000a672  _CsmUnlock                            
0     0000a6a0  _HDL_CPU_Time_StopHardTimer           
0     0000a6e0  _HDL_CPU_Time_StartHardTimer          
0     0000a6fb  _HDL_CPU_Time_SetCPUTickCallback      
0     0000a6ff  _HDL_CPU_Time_ResetUsTick             
0     0000a705  _HDL_CPU_Time_ResetTick               
0     0000a70a  _HDL_CPU_Time_Init                    
0     0000a754  _HDL_CPU_Time_GetUsTick               
0     0000a75b  _HDL_CPU_Time_GetTick                 
0     0000a764  _HDL_CPU_Time_DelayUs                 
0     0000a776  _HDL_CPU_Time_DelayMs                 
0     0000a789  _Debug_Printf                         
0     0000a7a8  _timer_callback                       
0     0000a7b0  _cb1                                  
0     0000a7b8  _APP_Main_Poll                        
0     0000a7f0  _APP_Main_Init                        
0     0000a849  _ldexpl                               
0     0000a849  _scalbnl                              
0     0000a8f5  __system_post_cinit                   
0     0000a8f6  _local_DINTCH1_ISR                    
0     0000a9a0  FD$$ADD                               
0     0000aa3c  _cpu_timer2_isr                       
0     0000aa7c  _cpu_timer1_isr                       
0     0000aa90  _cpu_timer0_isr                       
0     0000aaca  FD$$DIV                               
0     0000ab55  FS$$DIV                               
0     0000abdd  FD$$MPY                               
0     0000ac60  _epwm3_isr                            
0     0000ac8b  _epwm2_isr                            
0     0000acb6  _epwm1_isr                            
0     0000ace1  _cqueue_out                           
0     0000ad10  _cqueue_enqueue                       
0     0000ad35  _cqueue_create                        
0     0000ad4d  _frexpl                               
0     0000ada7  _CANA_ISR                             
0     0000ae00  _average_filter_update                
0     0000ae35  _average_filter_init                  
0     0000ae57  _vsnprintf                            
0     0000aeae  _c_int00                              
0     0000af04  _InitCpuTimers                        
0     0000af37  _atoi                                 
0     0000af68  ___TI_ltoa                            
0     0000af98  FD$$CMP                               
0     0000afc2  L$$DIV                                
0     0000afd1  L$$MOD                                
0     0000afdf  UL$$DIV                               
0     0000afe6  UL$$MOD                               
0     0000afec  _main                                 
0     0000b000  C$$EXIT                               
0     0000b000  _abort                                
0     0000b002  _exit                                 
0     0000b029  _InitPieCtrl                          
0     0000b048  _EnableInterrupts                     
0     0000b052  _sqrt                                 
0     0000b052  _sqrtf                                
0     0000b079  _copysignl                            
0     0000b09d  FD$$TOI                               
0     0000b0be  FD$$TOL                               
0     0000b0dd  LL$$CMP                               
0     0000b0ef  ULL$$CMP                              
0     0000b0fb  I$$TOFD                               
0     0000b118  FS$$TOFD                              
0     0000b134  L$$TOFD                               
0     0000b150  _memcpy                               
0     0000b16c  _prolog_c28x_1                        
0     0000b170  _prolog_c28x_2                        
0     0000b178  _prolog_c28x_3                        
0     0000b185  LL$$AND                               
0     0000b18d  LL$$OR                                
0     0000b195  LL$$XOR                               
0     0000b19d  __args_main                           
0     0000b1af  _InitPieVectTable                     
0     0000b1c0  _memccpy                              
0     0000b1d0  FD$$SUB                               
0     0000b1de  _epilog_c28x_1                        
0     0000b1e2  _epilog_c28x_2                        
0     0000b1ea  _strchr                               
0     0000b1f6  U$$DIV                                
0     0000b1fb  U$$MOD                                
0     0000b201  FD$$NEG                               
0     0000b20a  _wcslen                               
0     0000b21b  _strlen                               
0     0000b223  _memset                               
0     0000b22a  _strcpy                               
0     0000b22f  __system_pre_init                     
0     00380080  _ADC_cal                              
1     00000400  __stack                               
1     00000600  __STACK_END                           
1     00000880  _DevEmuRegs                           
1     00000a80  _FlashRegs                            
1     00000ae0  _CsmRegs                              
1     00000b00  _AdcMirror                            
1     00000b20  _XintfRegs                            
1     00000c00  _CpuTimer0Regs                        
1     00000c08  _CpuTimer1Regs                        
1     00000c10  _CpuTimer2Regs                        
1     00000ce0  _PieCtrlRegs                          
1     00000d00  _PieVectTable                         
1     00001000  _DmaRegs                              
1     00005000  _McbspaRegs                           
1     00005040  _McbspbRegs                           
1     00006000  _ECanaRegs                            
1     00006040  _ECanaLAMRegs                         
1     00006080  _ECanaMOTSRegs                        
1     000060c0  _ECanaMOTORegs                        
1     00006100  _ECanaMboxes                          
1     00006200  _ECanbRegs                            
1     00006240  _ECanbLAMRegs                         
1     00006280  _ECanbMOTSRegs                        
1     000062c0  _ECanbMOTORegs                        
1     00006300  _ECanbMboxes                          
1     00006800  _EPwm1Regs                            
1     00006840  _EPwm2Regs                            
1     00006880  _EPwm3Regs                            
1     000068c0  _EPwm4Regs                            
1     00006900  _EPwm5Regs                            
1     00006940  _EPwm6Regs                            
1     00006a00  _ECap1Regs                            
1     00006a20  _ECap2Regs                            
1     00006a40  _ECap3Regs                            
1     00006a60  _ECap4Regs                            
1     00006a80  _ECap5Regs                            
1     00006aa0  _ECap6Regs                            
1     00006b00  _EQep1Regs                            
1     00006b40  _EQep2Regs                            
1     00006f80  _GpioCtrlRegs                         
1     00006fc0  _GpioDataRegs                         
1     00006fe0  _GpioIntRegs                          
1     00007010  _SysCtrlRegs                          
1     00007040  _SpiaRegs                             
1     00007050  _SciaRegs                             
1     00007070  _XIntruptRegs                         
1     00007100  _AdcRegs                              
1     00007750  _ScibRegs                             
1     00007770  _ScicRegs                             
1     00007900  _I2caRegs                             
1     0000c000  _DMABuf1                              
1     0000c4c2  _CpuTimer0                            
1     0000c4ca  _CpuTimer1                            
1     0000c4d2  _CpuTimer2                            
1     0000c4da  _epwm1_info                           
1     0000c4e0  _epwm2_info                           
1     0000c4e6  _epwm3_info                           
1     0000c4ec  _AdcAvg                               
1     0000c4fc  _DMADest                              
1     0000c4fe  _DMASource                            
1     0000c500  __gCOMList                            
1     0000c596  _AdcRMS                               
1     0000c5a6  _AdcVoltRMS                           
1     0000c5b6  _can_rx_msg                           
1     0000c5c0  _AdcVoltRMSFilter                     
1     0000c690  _g_app_main_stack                     
1     0000c691  _cnt                                  
1     0000c692  _sdata                                
1     0000c693  _rdata                                
1     0000c694  _t                                    
1     0000c696  _signal                               
1     0000c69e  ___TI_enable_exit_profile_output      
1     0000c6a0  ___TI_cleanup_ptr                     
1     0000c6a2  ___TI_dtors_ptr                       
1     0000c6a4  __lock                                
1     0000c6a6  __unlock                              
1     0000c6ab  _errno                                
1     0000d000  __ctypes_                             
1     0000d102  _PieVectTableInit                     
1     0033fff8  _CsmPwl                               
1     00380090  _PartIdRegs                           
abs   00000200  __STACK_SIZE                          
abs   ffffffff  .text                                 
abs   ffffffff  ___TI_pprof_out_hndl                  
abs   ffffffff  ___TI_prof_data_size                  
abs   ffffffff  ___TI_prof_data_start                 
abs   ffffffff  ___binit__                            
abs   ffffffff  ___c_args__                           
abs   ffffffff  ___etext__                            
abs   ffffffff  ___pinit__                            
abs   ffffffff  ___text__                             
abs   ffffffff  binit                                 
abs   ffffffff  etext                                 
abs   ffffffff  pinit                                 

[293 symbols]
