<?xml version="1.0" encoding="ISO-8859-1" ?>
<link_info>
   <banner>TMS320C2000 Linker PC v22.6.1A23259</banner>
   <copyright>Copyright (c) 1996-2018 Texas Instruments Incorporated</copyright>
   <link_time>0x664b3dfc</link_time>
   <link_errors>0x0</link_errors>
   <output_file>Example_2833xCpuTimer.out</output_file>
   <entry_point>
      <name>code_start</name>
      <address>0x0</address>
   </entry_point>
   <input_file_list>
      <input_file id="fl-7">
         <path>.\</path>
         <kind>object</kind>
         <file>DSP2833x_CpuTimers.obj</file>
         <name>DSP2833x_CpuTimers.obj</name>
      </input_file>
      <input_file id="fl-c">
         <path>.\</path>
         <kind>object</kind>
         <file>DSP2833x_GlobalVariableDefs.obj</file>
         <name>DSP2833x_GlobalVariableDefs.obj</name>
      </input_file>
      <input_file id="fl-12">
         <path>.\APP\</path>
         <kind>object</kind>
         <file>B1_CapacitanceTemperatureMeasure.obj</file>
         <name>B1_CapacitanceTemperatureMeasure.obj</name>
      </input_file>
      <input_file id="fl-13">
         <path>.\APP\</path>
         <kind>object</kind>
         <file>B1_Measure.obj</file>
         <name>B1_Measure.obj</name>
      </input_file>
      <input_file id="fl-14">
         <path>.\APP\</path>
         <kind>object</kind>
         <file>B1_ModbusRTUSlaver.obj</file>
         <name>B1_ModbusRTUSlaver.obj</name>
      </input_file>
      <input_file id="fl-15">
         <path>.\APP\</path>
         <kind>object</kind>
         <file>B1_SysModeGet.obj</file>
         <name>B1_SysModeGet.obj</name>
      </input_file>
      <input_file id="fl-16">
         <path>.\APP\</path>
         <kind>object</kind>
         <file>B1_VCBStatusGet.obj</file>
         <name>B1_VCBStatusGet.obj</name>
      </input_file>
      <input_file id="fl-17">
         <path>.\APP\</path>
         <kind>object</kind>
         <file>B2_CmdBypassCapacitors.obj</file>
         <name>B2_CmdBypassCapacitors.obj</name>
      </input_file>
      <input_file id="fl-18">
         <path>.\APP\</path>
         <kind>object</kind>
         <file>B2_CmdCutOffCapacitors.obj</file>
         <name>B2_CmdCutOffCapacitors.obj</name>
      </input_file>
      <input_file id="fl-19">
         <path>.\APP\</path>
         <kind>object</kind>
         <file>B2_CmdMakeCapacitorsWork.obj</file>
         <name>B2_CmdMakeCapacitorsWork.obj</name>
      </input_file>
      <input_file id="fl-1a">
         <path>.\APP\</path>
         <kind>object</kind>
         <file>B3_FaultDetect.obj</file>
         <name>B3_FaultDetect.obj</name>
      </input_file>
      <input_file id="fl-1b">
         <path>.\APP\</path>
         <kind>object</kind>
         <file>B3_SysAutoMode.obj</file>
         <name>B3_SysAutoMode.obj</name>
      </input_file>
      <input_file id="fl-1c">
         <path>.\APP\</path>
         <kind>object</kind>
         <file>B3_SysManualMode.obj</file>
         <name>B3_SysManualMode.obj</name>
      </input_file>
      <input_file id="fl-25">
         <path>.\BFL\</path>
         <kind>object</kind>
         <file>async_delay.obj</file>
         <name>async_delay.obj</name>
      </input_file>
      <input_file id="fl-26">
         <path>.\BFL\</path>
         <kind>object</kind>
         <file>log.obj</file>
         <name>log.obj</name>
      </input_file>
      <input_file id="fl-27">
         <path>.\BFL\</path>
         <kind>object</kind>
         <file>period_query.obj</file>
         <name>period_query.obj</name>
      </input_file>
      <input_file id="fl-28">
         <path>.\BFL\</path>
         <kind>object</kind>
         <file>state_duration_timer.obj</file>
         <name>state_duration_timer.obj</name>
      </input_file>
      <input_file id="fl-29">
         <path>.\CHIP\</path>
         <kind>object</kind>
         <file>CHIP_W25Q128.obj</file>
         <name>CHIP_W25Q128.obj</name>
      </input_file>
      <input_file id="fl-2f">
         <path>.\LIB\</path>
         <kind>object</kind>
         <file>average_filter.obj</file>
         <name>average_filter.obj</name>
      </input_file>
      <input_file id="fl-30">
         <path>.\LIB\</path>
         <kind>object</kind>
         <file>cfunction.obj</file>
         <name>cfunction.obj</name>
      </input_file>
      <input_file id="fl-31">
         <path>.\LIB\</path>
         <kind>object</kind>
         <file>cqueue.obj</file>
         <name>cqueue.obj</name>
      </input_file>
      <input_file id="fl-32">
         <path>.\LIB\</path>
         <kind>object</kind>
         <file>crc.obj</file>
         <name>crc.obj</name>
      </input_file>
      <input_file id="fl-33">
         <path>.\Test\</path>
         <kind>object</kind>
         <file>test.obj</file>
         <name>test.obj</name>
      </input_file>
      <input_file id="fl-34">
         <path>.\freemodbus\functions\</path>
         <kind>object</kind>
         <file>mbfunccoils.obj</file>
         <name>mbfunccoils.obj</name>
      </input_file>
      <input_file id="fl-35">
         <path>.\freemodbus\functions\</path>
         <kind>object</kind>
         <file>mbfuncdiag.obj</file>
         <name>mbfuncdiag.obj</name>
      </input_file>
      <input_file id="fl-36">
         <path>.\freemodbus\functions\</path>
         <kind>object</kind>
         <file>mbfuncdisc.obj</file>
         <name>mbfuncdisc.obj</name>
      </input_file>
      <input_file id="fl-37">
         <path>.\freemodbus\functions\</path>
         <kind>object</kind>
         <file>mbfuncholding.obj</file>
         <name>mbfuncholding.obj</name>
      </input_file>
      <input_file id="fl-38">
         <path>.\freemodbus\functions\</path>
         <kind>object</kind>
         <file>mbfuncinput.obj</file>
         <name>mbfuncinput.obj</name>
      </input_file>
      <input_file id="fl-39">
         <path>.\freemodbus\functions\</path>
         <kind>object</kind>
         <file>mbfuncother.obj</file>
         <name>mbfuncother.obj</name>
      </input_file>
      <input_file id="fl-3a">
         <path>.\freemodbus\functions\</path>
         <kind>object</kind>
         <file>mbutils.obj</file>
         <name>mbutils.obj</name>
      </input_file>
      <input_file id="fl-3b">
         <path>.\freemodbus\</path>
         <kind>object</kind>
         <file>mb.obj</file>
         <name>mb.obj</name>
      </input_file>
      <input_file id="fl-3c">
         <path>.\freemodbus\port\</path>
         <kind>object</kind>
         <file>mbcb.obj</file>
         <name>mbcb.obj</name>
      </input_file>
      <input_file id="fl-3d">
         <path>.\freemodbus\port\</path>
         <kind>object</kind>
         <file>portevent.obj</file>
         <name>portevent.obj</name>
      </input_file>
      <input_file id="fl-3e">
         <path>.\freemodbus\port\</path>
         <kind>object</kind>
         <file>portserial.obj</file>
         <name>portserial.obj</name>
      </input_file>
      <input_file id="fl-3f">
         <path>.\freemodbus\port\</path>
         <kind>object</kind>
         <file>porttimer.obj</file>
         <name>porttimer.obj</name>
      </input_file>
      <input_file id="fl-40">
         <path>.\freemodbus\rtu\</path>
         <kind>object</kind>
         <file>mbcrc.obj</file>
         <name>mbcrc.obj</name>
      </input_file>
      <input_file id="fl-41">
         <path>.\freemodbus\rtu\</path>
         <kind>object</kind>
         <file>mbrtu.obj</file>
         <name>mbrtu.obj</name>
      </input_file>
      <input_file id="fl-42">
         <path>.\freemodbus\tcp\</path>
         <kind>object</kind>
         <file>mbtcp.obj</file>
         <name>mbtcp.obj</name>
      </input_file>
      <input_file id="fl-52">
         <path>C:\ti\ccstheia131\ccs\tools\compiler\ti-cgt-c2000_22.6.1A23259\lib\</path>
         <kind>archive</kind>
         <file>rts2800_fpu32.lib</file>
         <name>pre_init.c.obj</name>
      </input_file>
      <input_file id="fl-53">
         <path>C:\ti\ccstheia131\ccs\tools\compiler\ti-cgt-c2000_22.6.1A23259\lib\</path>
         <kind>archive</kind>
         <file>rts2800_fpu32.lib</file>
         <name>cpy_tbl.c.obj</name>
      </input_file>
      <input_file id="fl-56">
         <path>C:\ti\ccstheia131\ccs\tools\compiler\ti-cgt-c2000_22.6.1A23259\lib\</path>
         <kind>archive</kind>
         <file>rts2800_fpu32.lib</file>
         <name>_lock.c.obj</name>
      </input_file>
      <input_file id="fl-57">
         <path>C:\ti\ccstheia131\ccs\tools\compiler\ti-cgt-c2000_22.6.1A23259\lib\</path>
         <kind>archive</kind>
         <file>rts2800_fpu32.lib</file>
         <name>ti_fmax.c.obj</name>
      </input_file>
      <input_file id="fl-5a">
         <path>C:\ti\ccstheia131\ccs\tools\compiler\ti-cgt-c2000_22.6.1A23259\lib\</path>
         <kind>archive</kind>
         <file>rts2800_fpu32.lib</file>
         <name>memcpy.c.obj</name>
      </input_file>
      <input_file id="fl-5b">
         <path>C:\ti\ccstheia131\ccs\tools\compiler\ti-cgt-c2000_22.6.1A23259\lib\</path>
         <kind>archive</kind>
         <file>rts2800_fpu32.lib</file>
         <name>memset.c.obj</name>
      </input_file>
      <input_file id="fl-5d">
         <path>C:\ti\ccstheia131\ccs\tools\compiler\ti-cgt-c2000_22.6.1A23259\lib\</path>
         <kind>archive</kind>
         <file>rts2800_fpu32.lib</file>
         <name>e_sqrtf.c.obj</name>
      </input_file>
      <input_file id="fl-5e">
         <path>C:\ti\ccstheia131\ccs\tools\compiler\ti-cgt-c2000_22.6.1A23259\lib\</path>
         <kind>archive</kind>
         <file>rts2800_fpu32.lib</file>
         <name>errno.c.obj</name>
      </input_file>
      <input_file id="fl-5f">
         <path>C:\ti\ccstheia131\ccs\tools\compiler\ti-cgt-c2000_22.6.1A23259\lib\</path>
         <kind>archive</kind>
         <file>rts2800_fpu32.lib</file>
         <name>vsnprintf.c.obj</name>
      </input_file>
      <input_file id="fl-6c">
         <path>C:\ti\ccstheia131\ccs\tools\compiler\ti-cgt-c2000_22.6.1A23259\lib\</path>
         <kind>archive</kind>
         <file>rts2800_fpu32.lib</file>
         <name>_ltoa.c.obj</name>
      </input_file>
      <input_file id="fl-6e">
         <path>C:\ti\ccstheia131\ccs\tools\compiler\ti-cgt-c2000_22.6.1A23259\lib\</path>
         <kind>archive</kind>
         <file>rts2800_fpu32.lib</file>
         <name>atoi.c.obj</name>
      </input_file>
      <input_file id="fl-6f">
         <path>C:\ti\ccstheia131\ccs\tools\compiler\ti-cgt-c2000_22.6.1A23259\lib\</path>
         <kind>archive</kind>
         <file>rts2800_fpu32.lib</file>
         <name>ctype.c.obj</name>
      </input_file>
      <input_file id="fl-70">
         <path>C:\ti\ccstheia131\ccs\tools\compiler\ti-cgt-c2000_22.6.1A23259\lib\</path>
         <kind>archive</kind>
         <file>rts2800_fpu32.lib</file>
         <name>s_frexp.c.obj</name>
      </input_file>
      <input_file id="fl-71">
         <path>C:\ti\ccstheia131\ccs\tools\compiler\ti-cgt-c2000_22.6.1A23259\lib\</path>
         <kind>archive</kind>
         <file>rts2800_fpu32.lib</file>
         <name>s_scalbn.c.obj</name>
      </input_file>
      <input_file id="fl-72">
         <path>C:\ti\ccstheia131\ccs\tools\compiler\ti-cgt-c2000_22.6.1A23259\lib\</path>
         <kind>archive</kind>
         <file>rts2800_fpu32.lib</file>
         <name>s_copysign.c.obj</name>
      </input_file>
      <input_file id="fl-73">
         <path>C:\ti\ccstheia131\ccs\tools\compiler\ti-cgt-c2000_22.6.1A23259\lib\</path>
         <kind>archive</kind>
         <file>rts2800_fpu32.lib</file>
         <name>memccpy.c.obj</name>
      </input_file>
      <input_file id="fl-74">
         <path>C:\ti\ccstheia131\ccs\tools\compiler\ti-cgt-c2000_22.6.1A23259\lib\</path>
         <kind>archive</kind>
         <file>rts2800_fpu32.lib</file>
         <name>strchr.c.obj</name>
      </input_file>
      <input_file id="fl-75">
         <path>C:\ti\ccstheia131\ccs\tools\compiler\ti-cgt-c2000_22.6.1A23259\lib\</path>
         <kind>archive</kind>
         <file>rts2800_fpu32.lib</file>
         <name>strcpy.c.obj</name>
      </input_file>
      <input_file id="fl-76">
         <path>C:\ti\ccstheia131\ccs\tools\compiler\ti-cgt-c2000_22.6.1A23259\lib\</path>
         <kind>archive</kind>
         <file>rts2800_fpu32.lib</file>
         <name>strlen.c.obj</name>
      </input_file>
      <input_file id="fl-77">
         <path>C:\ti\ccstheia131\ccs\tools\compiler\ti-cgt-c2000_22.6.1A23259\lib\</path>
         <kind>archive</kind>
         <file>rts2800_fpu32.lib</file>
         <name>wcslen.c.obj</name>
      </input_file>
      <input_file id="fl-78">
         <path>C:\Users\liuyu\AppData\Local\Temp\</path>
         <kind>object</kind>
         <file>{5B8EDCC3-2FF1-4FD0-AEDD-1E96061BA0F6}</file>
         <name>{5B8EDCC3-2FF1-4FD0-AEDD-1E96061BA0F6}</name>
      </input_file>
      <input_file id="fl-4">
         <path>.\</path>
         <kind>object</kind>
         <file>DSP2833x_ADC_cal.obj</file>
         <name>DSP2833x_ADC_cal.obj</name>
      </input_file>
      <input_file id="fl-5">
         <path>.\</path>
         <kind>object</kind>
         <file>DSP2833x_Adc.obj</file>
         <name>DSP2833x_Adc.obj</name>
      </input_file>
      <input_file id="fl-6">
         <path>.\</path>
         <kind>object</kind>
         <file>DSP2833x_CodeStartBranch.obj</file>
         <name>DSP2833x_CodeStartBranch.obj</name>
      </input_file>
      <input_file id="fl-8">
         <path>.\</path>
         <kind>object</kind>
         <file>DSP2833x_DMA.obj</file>
         <name>DSP2833x_DMA.obj</name>
      </input_file>
      <input_file id="fl-9">
         <path>.\</path>
         <kind>object</kind>
         <file>DSP2833x_DefaultIsr.obj</file>
         <name>DSP2833x_DefaultIsr.obj</name>
      </input_file>
      <input_file id="fl-a">
         <path>.\</path>
         <kind>object</kind>
         <file>DSP2833x_ECan.obj</file>
         <name>DSP2833x_ECan.obj</name>
      </input_file>
      <input_file id="fl-b">
         <path>.\</path>
         <kind>object</kind>
         <file>DSP2833x_EPwm.obj</file>
         <name>DSP2833x_EPwm.obj</name>
      </input_file>
      <input_file id="fl-d">
         <path>.\</path>
         <kind>object</kind>
         <file>DSP2833x_PieCtrl.obj</file>
         <name>DSP2833x_PieCtrl.obj</name>
      </input_file>
      <input_file id="fl-e">
         <path>.\</path>
         <kind>object</kind>
         <file>DSP2833x_PieVect.obj</file>
         <name>DSP2833x_PieVect.obj</name>
      </input_file>
      <input_file id="fl-f">
         <path>.\</path>
         <kind>object</kind>
         <file>DSP2833x_SysCtrl.obj</file>
         <name>DSP2833x_SysCtrl.obj</name>
      </input_file>
      <input_file id="fl-10">
         <path>.\</path>
         <kind>object</kind>
         <file>DSP2833x_usDelay.obj</file>
         <name>DSP2833x_usDelay.obj</name>
      </input_file>
      <input_file id="fl-11">
         <path>.\APP\</path>
         <kind>object</kind>
         <file>APP_Main.obj</file>
         <name>APP_Main.obj</name>
      </input_file>
      <input_file id="fl-1d">
         <path>.\Application\</path>
         <kind>object</kind>
         <file>main.obj</file>
         <name>main.obj</name>
      </input_file>
      <input_file id="fl-1e">
         <path>.\BFL\</path>
         <kind>object</kind>
         <file>BFL_Button.obj</file>
         <name>BFL_Button.obj</name>
      </input_file>
      <input_file id="fl-1f">
         <path>.\BFL\</path>
         <kind>object</kind>
         <file>BFL_Buzz.obj</file>
         <name>BFL_Buzz.obj</name>
      </input_file>
      <input_file id="fl-20">
         <path>.\BFL\</path>
         <kind>object</kind>
         <file>BFL_DebugPin.obj</file>
         <name>BFL_DebugPin.obj</name>
      </input_file>
      <input_file id="fl-21">
         <path>.\BFL\</path>
         <kind>object</kind>
         <file>BFL_Measure.obj</file>
         <name>BFL_Measure.obj</name>
      </input_file>
      <input_file id="fl-22">
         <path>.\BFL\</path>
         <kind>object</kind>
         <file>BFL_RS485.obj</file>
         <name>BFL_RS485.obj</name>
      </input_file>
      <input_file id="fl-23">
         <path>.\BFL\</path>
         <kind>object</kind>
         <file>BFL_SCR.obj</file>
         <name>BFL_SCR.obj</name>
      </input_file>
      <input_file id="fl-24">
         <path>.\BFL\</path>
         <kind>object</kind>
         <file>BFL_VCB.obj</file>
         <name>BFL_VCB.obj</name>
      </input_file>
      <input_file id="fl-2a">
         <path>.\HDL\</path>
         <kind>object</kind>
         <file>HDL_CAN.obj</file>
         <name>HDL_CAN.obj</name>
      </input_file>
      <input_file id="fl-2b">
         <path>.\HDL\</path>
         <kind>object</kind>
         <file>HDL_CPU_Time.obj</file>
         <name>HDL_CPU_Time.obj</name>
      </input_file>
      <input_file id="fl-2c">
         <path>.\HDL\</path>
         <kind>object</kind>
         <file>HDL_GPIO.obj</file>
         <name>HDL_GPIO.obj</name>
      </input_file>
      <input_file id="fl-2d">
         <path>.\HDL\</path>
         <kind>object</kind>
         <file>HDL_SPI.obj</file>
         <name>HDL_SPI.obj</name>
      </input_file>
      <input_file id="fl-2e">
         <path>.\HDL\</path>
         <kind>object</kind>
         <file>HDL_Uart.obj</file>
         <name>HDL_Uart.obj</name>
      </input_file>
      <input_file id="fl-48">
         <kind>object</kind>
         <file>&lt;internal&gt;</file>
         <name>&lt;internal&gt;</name>
      </input_file>
      <input_file id="fl-4c">
         <path>C:\ti\ccstheia131\ccs\tools\compiler\ti-cgt-c2000_22.6.1A23259\lib\</path>
         <kind>archive</kind>
         <file>rts2800_fpu32.lib</file>
         <name>fs_div28.asm.obj</name>
      </input_file>
      <input_file id="fl-4d">
         <path>C:\ti\ccstheia131\ccs\tools\compiler\ti-cgt-c2000_22.6.1A23259\lib\</path>
         <kind>archive</kind>
         <file>rts2800_fpu32.lib</file>
         <name>u_div28.asm.obj</name>
      </input_file>
      <input_file id="fl-4e">
         <path>C:\ti\ccstheia131\ccs\tools\compiler\ti-cgt-c2000_22.6.1A23259\lib\</path>
         <kind>archive</kind>
         <file>rts2800_fpu32.lib</file>
         <name>ll_div28.asm.obj</name>
      </input_file>
      <input_file id="fl-4f">
         <path>C:\ti\ccstheia131\ccs\tools\compiler\ti-cgt-c2000_22.6.1A23259\lib\</path>
         <kind>archive</kind>
         <file>rts2800_fpu32.lib</file>
         <name>boot28.asm.obj</name>
      </input_file>
      <input_file id="fl-50">
         <path>C:\ti\ccstheia131\ccs\tools\compiler\ti-cgt-c2000_22.6.1A23259\lib\</path>
         <kind>archive</kind>
         <file>rts2800_fpu32.lib</file>
         <name>args_main.c.obj</name>
      </input_file>
      <input_file id="fl-51">
         <path>C:\ti\ccstheia131\ccs\tools\compiler\ti-cgt-c2000_22.6.1A23259\lib\</path>
         <kind>archive</kind>
         <file>rts2800_fpu32.lib</file>
         <name>startup.c.obj</name>
      </input_file>
      <input_file id="fl-54">
         <path>C:\ti\ccstheia131\ccs\tools\compiler\ti-cgt-c2000_22.6.1A23259\lib\</path>
         <kind>archive</kind>
         <file>rts2800_fpu32.lib</file>
         <name>epilog28.asm.obj</name>
      </input_file>
      <input_file id="fl-55">
         <path>C:\ti\ccstheia131\ccs\tools\compiler\ti-cgt-c2000_22.6.1A23259\lib\</path>
         <kind>archive</kind>
         <file>rts2800_fpu32.lib</file>
         <name>exit.c.obj</name>
      </input_file>
      <input_file id="fl-58">
         <path>C:\ti\ccstheia131\ccs\tools\compiler\ti-cgt-c2000_22.6.1A23259\lib\</path>
         <kind>archive</kind>
         <file>rts2800_fpu32.lib</file>
         <name>fd_cmp28.asm.obj</name>
      </input_file>
      <input_file id="fl-59">
         <path>C:\ti\ccstheia131\ccs\tools\compiler\ti-cgt-c2000_22.6.1A23259\lib\</path>
         <kind>archive</kind>
         <file>rts2800_fpu32.lib</file>
         <name>ll_cmp28.asm.obj</name>
      </input_file>
      <input_file id="fl-5c">
         <path>C:\ti\ccstheia131\ccs\tools\compiler\ti-cgt-c2000_22.6.1A23259\lib\</path>
         <kind>archive</kind>
         <file>rts2800_fpu32.lib</file>
         <name>prolog28.asm.obj</name>
      </input_file>
      <input_file id="fl-60">
         <path>C:\ti\ccstheia131\ccs\tools\compiler\ti-cgt-c2000_22.6.1A23259\lib\</path>
         <kind>archive</kind>
         <file>rts2800_fpu32.lib</file>
         <name>_printfi.c.obj</name>
      </input_file>
      <input_file id="fl-61">
         <path>C:\ti\ccstheia131\ccs\tools\compiler\ti-cgt-c2000_22.6.1A23259\lib\</path>
         <kind>archive</kind>
         <file>rts2800_fpu32.lib</file>
         <name>fd_div28.asm.obj</name>
      </input_file>
      <input_file id="fl-62">
         <path>C:\ti\ccstheia131\ccs\tools\compiler\ti-cgt-c2000_22.6.1A23259\lib\</path>
         <kind>archive</kind>
         <file>rts2800_fpu32.lib</file>
         <name>fd_mpy28.asm.obj</name>
      </input_file>
      <input_file id="fl-63">
         <path>C:\ti\ccstheia131\ccs\tools\compiler\ti-cgt-c2000_22.6.1A23259\lib\</path>
         <kind>archive</kind>
         <file>rts2800_fpu32.lib</file>
         <name>fd_neg28.asm.obj</name>
      </input_file>
      <input_file id="fl-64">
         <path>C:\ti\ccstheia131\ccs\tools\compiler\ti-cgt-c2000_22.6.1A23259\lib\</path>
         <kind>archive</kind>
         <file>rts2800_fpu32.lib</file>
         <name>fd_sub28.asm.obj</name>
      </input_file>
      <input_file id="fl-65">
         <path>C:\ti\ccstheia131\ccs\tools\compiler\ti-cgt-c2000_22.6.1A23259\lib\</path>
         <kind>archive</kind>
         <file>rts2800_fpu32.lib</file>
         <name>fd_add28.asm.obj</name>
      </input_file>
      <input_file id="fl-66">
         <path>C:\ti\ccstheia131\ccs\tools\compiler\ti-cgt-c2000_22.6.1A23259\lib\</path>
         <kind>archive</kind>
         <file>rts2800_fpu32.lib</file>
         <name>fd_toi28.asm.obj</name>
      </input_file>
      <input_file id="fl-67">
         <path>C:\ti\ccstheia131\ccs\tools\compiler\ti-cgt-c2000_22.6.1A23259\lib\</path>
         <kind>archive</kind>
         <file>rts2800_fpu32.lib</file>
         <name>fd_tol28.asm.obj</name>
      </input_file>
      <input_file id="fl-68">
         <path>C:\ti\ccstheia131\ccs\tools\compiler\ti-cgt-c2000_22.6.1A23259\lib\</path>
         <kind>archive</kind>
         <file>rts2800_fpu32.lib</file>
         <name>fs_tofdfpu32.asm.obj</name>
      </input_file>
      <input_file id="fl-69">
         <path>C:\ti\ccstheia131\ccs\tools\compiler\ti-cgt-c2000_22.6.1A23259\lib\</path>
         <kind>archive</kind>
         <file>rts2800_fpu32.lib</file>
         <name>i_tofd28.asm.obj</name>
      </input_file>
      <input_file id="fl-6a">
         <path>C:\ti\ccstheia131\ccs\tools\compiler\ti-cgt-c2000_22.6.1A23259\lib\</path>
         <kind>archive</kind>
         <file>rts2800_fpu32.lib</file>
         <name>l_tofd28.asm.obj</name>
      </input_file>
      <input_file id="fl-6b">
         <path>C:\ti\ccstheia131\ccs\tools\compiler\ti-cgt-c2000_22.6.1A23259\lib\</path>
         <kind>archive</kind>
         <file>rts2800_fpu32.lib</file>
         <name>ll_aox28.asm.obj</name>
      </input_file>
      <input_file id="fl-6d">
         <path>C:\ti\ccstheia131\ccs\tools\compiler\ti-cgt-c2000_22.6.1A23259\lib\</path>
         <kind>archive</kind>
         <file>rts2800_fpu32.lib</file>
         <name>l_div28.asm.obj</name>
      </input_file>
   </input_file_list>
   <object_component_list>
      <object_component id="oc-4c">
         <name>codestart</name>
         <load_address>0x0</load_address>
         <run_address>0x0</run_address>
         <size>0x2</size>
         <input_file_ref idref="fl-6"/>
      </object_component>
      <object_component id="oc-c3">
         <name>.TI.ramfunc</name>
         <load_address>0x8161</load_address>
         <run_address>0x8161</run_address>
         <size>0x4</size>
         <input_file_ref idref="fl-10"/>
      </object_component>
      <object_component id="oc-1ed">
         <name>.text</name>
         <load_address>0x8166</load_address>
         <run_address>0x8166</run_address>
         <size>0x377</size>
         <input_file_ref idref="fl-8"/>
      </object_component>
      <object_component id="oc-a5">
         <name>.text:retain</name>
         <load_address>0x84dd</load_address>
         <run_address>0x84dd</run_address>
         <size>0x316</size>
         <input_file_ref idref="fl-9"/>
      </object_component>
      <object_component id="oc-1c1">
         <name>.text</name>
         <load_address>0x87f3</load_address>
         <run_address>0x87f3</run_address>
         <size>0x2d5</size>
         <input_file_ref idref="fl-11"/>
      </object_component>
      <object_component id="oc-1a7">
         <name>.text</name>
         <load_address>0x8ac8</load_address>
         <run_address>0x8ac8</run_address>
         <size>0x2c7</size>
         <input_file_ref idref="fl-2e"/>
      </object_component>
      <object_component id="oc-1ca">
         <name>.text</name>
         <load_address>0x8d8f</load_address>
         <run_address>0x8d8f</run_address>
         <size>0x21a</size>
         <input_file_ref idref="fl-24"/>
      </object_component>
      <object_component id="oc-1a4">
         <name>.text</name>
         <load_address>0x8fa9</load_address>
         <run_address>0x8fa9</run_address>
         <size>0x57</size>
         <input_file_ref idref="fl-2f"/>
      </object_component>
      <object_component id="oc-1cb">
         <name>.text</name>
         <load_address>0x9000</load_address>
         <run_address>0x9000</run_address>
         <size>0x281</size>
         <input_file_ref idref="fl-23"/>
      </object_component>
      <object_component id="oc-1ec">
         <name>.text</name>
         <load_address>0x9281</load_address>
         <run_address>0x9281</run_address>
         <size>0x215</size>
         <input_file_ref idref="fl-1a"/>
      </object_component>
      <object_component id="oc-11b">
         <name>.text:retain</name>
         <load_address>0x9496</load_address>
         <run_address>0x9496</run_address>
         <size>0x1eb</size>
         <input_file_ref idref="fl-2e"/>
      </object_component>
      <object_component id="oc-1c7">
         <name>.text</name>
         <load_address>0x9681</load_address>
         <run_address>0x9681</run_address>
         <size>0x1b4</size>
         <input_file_ref idref="fl-29"/>
      </object_component>
      <object_component id="oc-1e5">
         <name>.text</name>
         <load_address>0x9835</load_address>
         <run_address>0x9835</run_address>
         <size>0x12e</size>
         <input_file_ref idref="fl-41"/>
      </object_component>
      <object_component id="oc-1d7">
         <name>.text</name>
         <load_address>0x9963</load_address>
         <run_address>0x9963</run_address>
         <size>0x124</size>
         <input_file_ref idref="fl-2d"/>
      </object_component>
      <object_component id="oc-1c2">
         <name>.text</name>
         <load_address>0x9a87</load_address>
         <run_address>0x9a87</run_address>
         <size>0x1</size>
         <input_file_ref idref="fl-56"/>
      </object_component>
      <object_component id="oc-1e1">
         <name>.text</name>
         <load_address>0x9a88</load_address>
         <run_address>0x9a88</run_address>
         <size>0x117</size>
         <input_file_ref idref="fl-21"/>
      </object_component>
      <object_component id="oc-12a">
         <name>.text</name>
         <load_address>0x9b9f</load_address>
         <run_address>0x9b9f</run_address>
         <size>0x107</size>
         <input_file_ref idref="fl-4e"/>
      </object_component>
      <object_component id="oc-1d1">
         <name>.text</name>
         <load_address>0x9ca6</load_address>
         <run_address>0x9ca6</run_address>
         <size>0xff</size>
         <input_file_ref idref="fl-1b"/>
      </object_component>
      <object_component id="oc-1be">
         <name>.text</name>
         <load_address>0x9da5</load_address>
         <run_address>0x9da5</run_address>
         <size>0xfc</size>
         <input_file_ref idref="fl-f"/>
      </object_component>
      <object_component id="oc-1cc">
         <name>.text</name>
         <load_address>0x9ea1</load_address>
         <run_address>0x9ea1</run_address>
         <size>0xf5</size>
         <input_file_ref idref="fl-13"/>
      </object_component>
      <object_component id="oc-1d0">
         <name>.text</name>
         <load_address>0x9f96</load_address>
         <run_address>0x9f96</run_address>
         <size>0x64</size>
         <input_file_ref idref="fl-16"/>
      </object_component>
      <object_component id="oc-1f5">
         <name>.text</name>
         <load_address>0x9ffa</load_address>
         <run_address>0x9ffa</run_address>
         <size>0x5</size>
         <input_file_ref idref="fl-3f"/>
      </object_component>
      <object_component id="oc-1ab">
         <name>.text</name>
         <load_address>0x9fff</load_address>
         <run_address>0x9fff</run_address>
         <size>0x1</size>
         <input_file_ref idref="fl-51"/>
      </object_component>
      <object_component id="oc-1e0">
         <name>.text</name>
         <load_address>0xa000</load_address>
         <run_address>0xa000</run_address>
         <size>0xee</size>
         <input_file_ref idref="fl-b"/>
      </object_component>
      <object_component id="oc-1c8">
         <name>.text</name>
         <load_address>0xa0ee</load_address>
         <run_address>0xa0ee</run_address>
         <size>0xec</size>
         <input_file_ref idref="fl-2b"/>
      </object_component>
      <object_component id="oc-1eb">
         <name>.text</name>
         <load_address>0xa1da</load_address>
         <run_address>0xa1da</run_address>
         <size>0xd0</size>
         <input_file_ref idref="fl-18"/>
      </object_component>
      <object_component id="oc-1cd">
         <name>.text</name>
         <load_address>0xa2aa</load_address>
         <run_address>0xa2aa</run_address>
         <size>0xc3</size>
         <input_file_ref idref="fl-12"/>
      </object_component>
      <object_component id="oc-1fa">
         <name>.text</name>
         <load_address>0xa36d</load_address>
         <run_address>0xa36d</run_address>
         <size>0xba</size>
         <input_file_ref idref="fl-37"/>
      </object_component>
      <object_component id="oc-ea">
         <name>.text:retain</name>
         <load_address>0xa428</load_address>
         <run_address>0xa428</run_address>
         <size>0xb4</size>
         <input_file_ref idref="fl-21"/>
      </object_component>
      <object_component id="oc-1e2">
         <name>.text</name>
         <load_address>0xa4dc</load_address>
         <run_address>0xa4dc</run_address>
         <size>0x9f</size>
         <input_file_ref idref="fl-22"/>
      </object_component>
      <object_component id="oc-176">
         <name>.text</name>
         <load_address>0xa57b</load_address>
         <run_address>0xa57b</run_address>
         <size>0x9c</size>
         <input_file_ref idref="fl-65"/>
      </object_component>
      <object_component id="oc-203">
         <name>.text</name>
         <load_address>0xa618</load_address>
         <run_address>0xa618</run_address>
         <size>0x97</size>
         <input_file_ref idref="fl-3c"/>
      </object_component>
      <object_component id="oc-1fb">
         <name>.text</name>
         <load_address>0xa6af</load_address>
         <run_address>0xa6af</run_address>
         <size>0x94</size>
         <input_file_ref idref="fl-34"/>
      </object_component>
      <object_component id="oc-1a8">
         <name>.text</name>
         <load_address>0xa743</load_address>
         <run_address>0xa743</run_address>
         <size>0x8f</size>
         <input_file_ref idref="fl-31"/>
      </object_component>
      <object_component id="oc-10b">
         <name>.text:retain</name>
         <load_address>0xa7d2</load_address>
         <run_address>0xa7d2</run_address>
         <size>0x8e</size>
         <input_file_ref idref="fl-2b"/>
      </object_component>
      <object_component id="oc-162">
         <name>.text</name>
         <load_address>0xa860</load_address>
         <run_address>0xa860</run_address>
         <size>0x8b</size>
         <input_file_ref idref="fl-61"/>
      </object_component>
      <object_component id="oc-120">
         <name>.text</name>
         <load_address>0xa8eb</load_address>
         <run_address>0xa8eb</run_address>
         <size>0x88</size>
         <input_file_ref idref="fl-4c"/>
      </object_component>
      <object_component id="oc-1ea">
         <name>.text</name>
         <load_address>0xa973</load_address>
         <run_address>0xa973</run_address>
         <size>0x83</size>
         <input_file_ref idref="fl-17"/>
      </object_component>
      <object_component id="oc-167">
         <name>.text</name>
         <load_address>0xa9f6</load_address>
         <run_address>0xa9f6</run_address>
         <size>0x83</size>
         <input_file_ref idref="fl-62"/>
      </object_component>
      <object_component id="oc-f6">
         <name>.text:retain</name>
         <load_address>0xaa79</load_address>
         <run_address>0xaa79</run_address>
         <size>0x81</size>
         <input_file_ref idref="fl-23"/>
      </object_component>
      <object_component id="oc-1e8">
         <name>.text</name>
         <load_address>0xaafa</load_address>
         <run_address>0xaafa</run_address>
         <size>0x72</size>
         <input_file_ref idref="fl-57"/>
      </object_component>
      <object_component id="oc-1e9">
         <name>.text</name>
         <load_address>0xab6c</load_address>
         <run_address>0xab6c</run_address>
         <size>0x6f</size>
         <input_file_ref idref="fl-19"/>
      </object_component>
      <object_component id="oc-1e4">
         <name>.text</name>
         <load_address>0xabdb</load_address>
         <run_address>0xabdb</run_address>
         <size>0x5a</size>
         <input_file_ref idref="fl-3b"/>
      </object_component>
      <object_component id="oc-1c9">
         <name>.text</name>
         <load_address>0xac35</load_address>
         <run_address>0xac35</run_address>
         <size>0x59</size>
         <input_file_ref idref="fl-1f"/>
      </object_component>
      <object_component id="oc-103">
         <name>.text:retain</name>
         <load_address>0xac8e</load_address>
         <run_address>0xac8e</run_address>
         <size>0x59</size>
         <input_file_ref idref="fl-2a"/>
      </object_component>
      <object_component id="oc-12f">
         <name>.text</name>
         <load_address>0xace7</load_address>
         <run_address>0xace7</run_address>
         <size>0x56</size>
         <input_file_ref idref="fl-4f"/>
      </object_component>
      <object_component id="oc-1fc">
         <name>.text</name>
         <load_address>0xad3d</load_address>
         <run_address>0xad3d</run_address>
         <size>0x52</size>
         <input_file_ref idref="fl-36"/>
      </object_component>
      <object_component id="oc-1e6">
         <name>.text</name>
         <load_address>0xad8f</load_address>
         <run_address>0xad8f</run_address>
         <size>0x4b</size>
         <input_file_ref idref="fl-1e"/>
      </object_component>
      <object_component id="oc-19e">
         <name>.text</name>
         <load_address>0xadda</load_address>
         <run_address>0xadda</run_address>
         <size>0x49</size>
         <input_file_ref idref="fl-20"/>
      </object_component>
      <object_component id="oc-1ce">
         <name>.text</name>
         <load_address>0xae23</load_address>
         <run_address>0xae23</run_address>
         <size>0x45</size>
         <input_file_ref idref="fl-14"/>
      </object_component>
      <object_component id="oc-1f9">
         <name>.text</name>
         <load_address>0xae68</load_address>
         <run_address>0xae68</run_address>
         <size>0x3c</size>
         <input_file_ref idref="fl-38"/>
      </object_component>
      <object_component id="oc-1cf">
         <name>.text</name>
         <load_address>0xaea4</load_address>
         <run_address>0xaea4</run_address>
         <size>0x38</size>
         <input_file_ref idref="fl-15"/>
      </object_component>
      <object_component id="oc-1de">
         <name>.text</name>
         <load_address>0xaedc</load_address>
         <run_address>0xaedc</run_address>
         <size>0x35</size>
         <input_file_ref idref="fl-7"/>
      </object_component>
      <object_component id="oc-1f3">
         <name>.text</name>
         <load_address>0xaf11</load_address>
         <run_address>0xaf11</run_address>
         <size>0x34</size>
         <input_file_ref idref="fl-3e"/>
      </object_component>
      <object_component id="oc-202">
         <name>.text</name>
         <load_address>0xaf45</load_address>
         <run_address>0xaf45</run_address>
         <size>0x2a</size>
         <input_file_ref idref="fl-3a"/>
      </object_component>
      <object_component id="oc-14c">
         <name>.text</name>
         <load_address>0xaf6f</load_address>
         <run_address>0xaf6f</run_address>
         <size>0x2a</size>
         <input_file_ref idref="fl-58"/>
      </object_component>
      <object_component id="oc-199">
         <name>.text</name>
         <load_address>0xaf99</load_address>
         <run_address>0xaf99</run_address>
         <size>0x2a</size>
         <input_file_ref idref="fl-6d"/>
      </object_component>
      <object_component id="oc-1f6">
         <name>.text</name>
         <load_address>0xafc3</load_address>
         <run_address>0xafc3</run_address>
         <size>0x29</size>
         <input_file_ref idref="fl-40"/>
      </object_component>
      <object_component id="oc-1ee">
         <name>.text</name>
         <load_address>0xafec</load_address>
         <run_address>0xafec</run_address>
         <size>0x14</size>
         <input_file_ref idref="fl-5"/>
      </object_component>
      <object_component id="oc-1ad">
         <name>.text</name>
         <load_address>0xb000</load_address>
         <run_address>0xb000</run_address>
         <size>0x29</size>
         <input_file_ref idref="fl-55"/>
      </object_component>
      <object_component id="oc-1bf">
         <name>.text</name>
         <load_address>0xb029</load_address>
         <run_address>0xb029</run_address>
         <size>0x28</size>
         <input_file_ref idref="fl-d"/>
      </object_component>
      <object_component id="oc-1a3">
         <name>.text</name>
         <load_address>0xb052</load_address>
         <run_address>0xb052</run_address>
         <size>0x27</size>
         <input_file_ref idref="fl-5d"/>
      </object_component>
      <object_component id="oc-1aa">
         <name>.text</name>
         <load_address>0xb079</load_address>
         <run_address>0xb079</run_address>
         <size>0x24</size>
         <input_file_ref idref="fl-53"/>
      </object_component>
      <object_component id="oc-17b">
         <name>.text</name>
         <load_address>0xb09d</load_address>
         <run_address>0xb09d</run_address>
         <size>0x21</size>
         <input_file_ref idref="fl-66"/>
      </object_component>
      <object_component id="oc-180">
         <name>.text</name>
         <load_address>0xb0be</load_address>
         <run_address>0xb0be</run_address>
         <size>0x1f</size>
         <input_file_ref idref="fl-67"/>
      </object_component>
      <object_component id="oc-151">
         <name>.text</name>
         <load_address>0xb0dd</load_address>
         <run_address>0xb0dd</run_address>
         <size>0x1e</size>
         <input_file_ref idref="fl-59"/>
      </object_component>
      <object_component id="oc-18a">
         <name>.text</name>
         <load_address>0xb0fb</load_address>
         <run_address>0xb0fb</run_address>
         <size>0x1d</size>
         <input_file_ref idref="fl-69"/>
      </object_component>
      <object_component id="oc-1f7">
         <name>.text</name>
         <load_address>0xb118</load_address>
         <run_address>0xb118</run_address>
         <size>0x1c</size>
         <input_file_ref idref="fl-25"/>
      </object_component>
      <object_component id="oc-185">
         <name>.text</name>
         <load_address>0xb134</load_address>
         <run_address>0xb134</run_address>
         <size>0x1c</size>
         <input_file_ref idref="fl-68"/>
      </object_component>
      <object_component id="oc-18f">
         <name>.text</name>
         <load_address>0xb150</load_address>
         <run_address>0xb150</run_address>
         <size>0x1c</size>
         <input_file_ref idref="fl-6a"/>
      </object_component>
      <object_component id="oc-1ba">
         <name>.text</name>
         <load_address>0xb16c</load_address>
         <run_address>0xb16c</run_address>
         <size>0x1c</size>
         <input_file_ref idref="fl-5a"/>
      </object_component>
      <object_component id="oc-156">
         <name>.text</name>
         <load_address>0xb188</load_address>
         <run_address>0xb188</run_address>
         <size>0x19</size>
         <input_file_ref idref="fl-5c"/>
      </object_component>
      <object_component id="oc-194">
         <name>.text</name>
         <load_address>0xb1a1</load_address>
         <run_address>0xb1a1</run_address>
         <size>0x18</size>
         <input_file_ref idref="fl-6b"/>
      </object_component>
      <object_component id="oc-1bb">
         <name>.text</name>
         <load_address>0xb1b9</load_address>
         <run_address>0xb1b9</run_address>
         <size>0x14</size>
         <input_file_ref idref="fl-1d"/>
      </object_component>
      <object_component id="oc-1c6">
         <name>.text</name>
         <load_address>0xb1cd</load_address>
         <run_address>0xb1cd</run_address>
         <size>0x13</size>
         <input_file_ref idref="fl-32"/>
      </object_component>
      <object_component id="oc-1f8">
         <name>.text</name>
         <load_address>0xb1e0</load_address>
         <run_address>0xb1e0</run_address>
         <size>0x12</size>
         <input_file_ref idref="fl-39"/>
      </object_component>
      <object_component id="oc-1ac">
         <name>.text</name>
         <load_address>0xb1f2</load_address>
         <run_address>0xb1f2</run_address>
         <size>0x12</size>
         <input_file_ref idref="fl-50"/>
      </object_component>
      <object_component id="oc-1c0">
         <name>.text</name>
         <load_address>0xb204</load_address>
         <run_address>0xb204</run_address>
         <size>0x11</size>
         <input_file_ref idref="fl-e"/>
      </object_component>
      <object_component id="oc-1e7">
         <name>.text</name>
         <load_address>0xb215</load_address>
         <run_address>0xb215</run_address>
         <size>0x11</size>
         <input_file_ref idref="fl-28"/>
      </object_component>
      <object_component id="oc-171">
         <name>.text</name>
         <load_address>0xb226</load_address>
         <run_address>0xb226</run_address>
         <size>0xe</size>
         <input_file_ref idref="fl-64"/>
      </object_component>
      <object_component id="oc-140">
         <name>.text</name>
         <load_address>0xb234</load_address>
         <run_address>0xb234</run_address>
         <size>0xc</size>
         <input_file_ref idref="fl-54"/>
      </object_component>
      <object_component id="oc-125">
         <name>.text</name>
         <load_address>0xb240</load_address>
         <run_address>0xb240</run_address>
         <size>0xb</size>
         <input_file_ref idref="fl-4d"/>
      </object_component>
      <object_component id="oc-1d2">
         <name>.text</name>
         <load_address>0xb24b</load_address>
         <run_address>0xb24b</run_address>
         <size>0x9</size>
         <input_file_ref idref="fl-1c"/>
      </object_component>
      <object_component id="oc-16c">
         <name>.text</name>
         <load_address>0xb254</load_address>
         <run_address>0xb254</run_address>
         <size>0x9</size>
         <input_file_ref idref="fl-63"/>
      </object_component>
      <object_component id="oc-9a">
         <name>.text</name>
         <load_address>0xb25d</load_address>
         <run_address>0xb25d</run_address>
         <size>0x8</size>
         <input_file_ref idref="fl-6"/>
      </object_component>
      <object_component id="oc-1c5">
         <name>.text</name>
         <load_address>0xb265</load_address>
         <run_address>0xb265</run_address>
         <size>0x7</size>
         <input_file_ref idref="fl-5b"/>
      </object_component>
      <object_component id="oc-1a9">
         <name>.text</name>
         <load_address>0xb26c</load_address>
         <run_address>0xb26c</run_address>
         <size>0x2</size>
         <input_file_ref idref="fl-52"/>
      </object_component>
      <object_component id="oc-1a6">
         <name>.cinit:__gCOMList</name>
         <load_address>0x8000</load_address>
         <run_address>0x8000</run_address>
         <size>0x96</size>
         <input_file_ref idref="fl-2e"/>
      </object_component>
      <object_component id="oc-1f2">
         <name>.cinit:_xFuncHandlers$30</name>
         <load_address>0x8096</load_address>
         <run_address>0x8096</run_address>
         <size>0x2b</size>
         <input_file_ref idref="fl-78"/>
      </object_component>
      <object_component id="oc-c9">
         <name>.cinit</name>
         <load_address>0x80c1</load_address>
         <run_address>0x80c1</run_address>
         <size>0x26</size>
         <input_file_ref idref="fl-11"/>
      </object_component>
      <object_component id="oc-4e">
         <name>.cinit</name>
         <load_address>0x80e7</load_address>
         <run_address>0x80e7</run_address>
         <size>0x16</size>
         <input_file_ref idref="fl-78"/>
      </object_component>
      <object_component id="oc-146">
         <name>.cinit</name>
         <load_address>0x80fd</load_address>
         <run_address>0x80fd</run_address>
         <size>0xe</size>
         <input_file_ref idref="fl-55"/>
      </object_component>
      <object_component id="oc-109">
         <name>.cinit</name>
         <load_address>0x810b</load_address>
         <run_address>0x810b</run_address>
         <size>0xd</size>
         <input_file_ref idref="fl-2b"/>
      </object_component>
      <object_component id="oc-201">
         <name>.cinit:_usRegInputBuf</name>
         <load_address>0x8118</load_address>
         <run_address>0x8118</run_address>
         <size>0xb</size>
         <input_file_ref idref="fl-78"/>
      </object_component>
      <object_component id="oc-1bd">
         <name>.cinit:__lock</name>
         <load_address>0x8123</load_address>
         <run_address>0x8123</run_address>
         <size>0x5</size>
         <input_file_ref idref="fl-78"/>
      </object_component>
      <object_component id="oc-1c3">
         <name>.cinit:__unlock</name>
         <load_address>0x8128</load_address>
         <run_address>0x8128</run_address>
         <size>0x5</size>
         <input_file_ref idref="fl-78"/>
      </object_component>
      <object_component id="oc-207">
         <name>.cinit:_ucRegCoilsBuf</name>
         <load_address>0x812d</load_address>
         <run_address>0x812d</run_address>
         <size>0x5</size>
         <input_file_ref idref="fl-78"/>
      </object_component>
      <object_component id="oc-205">
         <name>.cinit:_ucRegDiscreteBuf</name>
         <load_address>0x8132</load_address>
         <run_address>0x8132</run_address>
         <size>0x5</size>
         <input_file_ref idref="fl-78"/>
      </object_component>
      <object_component id="oc-db">
         <name>.cinit</name>
         <load_address>0x8137</load_address>
         <run_address>0x8137</run_address>
         <size>0x4</size>
         <input_file_ref idref="fl-1f"/>
      </object_component>
      <object_component id="oc-e7">
         <name>.cinit</name>
         <load_address>0x813b</load_address>
         <run_address>0x813b</run_address>
         <size>0x4</size>
         <input_file_ref idref="fl-21"/>
      </object_component>
      <object_component id="oc-1dc">
         <name>.cinit:_g_pageBuf$17</name>
         <load_address>0x813f</load_address>
         <run_address>0x813f</run_address>
         <size>0x4</size>
         <input_file_ref idref="fl-78"/>
      </object_component>
      <object_component id="oc-1b9">
         <name>.cinit:_m_Com1RxBuf</name>
         <load_address>0x8143</load_address>
         <run_address>0x8143</run_address>
         <size>0x4</size>
         <input_file_ref idref="fl-2e"/>
      </object_component>
      <object_component id="oc-1b7">
         <name>.cinit:_m_Com1TxBuf</name>
         <load_address>0x8147</load_address>
         <run_address>0x8147</run_address>
         <size>0x4</size>
         <input_file_ref idref="fl-2e"/>
      </object_component>
      <object_component id="oc-1b5">
         <name>.cinit:_m_Com2RxBuf</name>
         <load_address>0x814b</load_address>
         <run_address>0x814b</run_address>
         <size>0x4</size>
         <input_file_ref idref="fl-2e"/>
      </object_component>
      <object_component id="oc-1b3">
         <name>.cinit:_m_Com2TxBuf</name>
         <load_address>0x814f</load_address>
         <run_address>0x814f</run_address>
         <size>0x4</size>
         <input_file_ref idref="fl-2e"/>
      </object_component>
      <object_component id="oc-1b1">
         <name>.cinit:_m_Com3RxBuf</name>
         <load_address>0x8153</load_address>
         <run_address>0x8153</run_address>
         <size>0x4</size>
         <input_file_ref idref="fl-2e"/>
      </object_component>
      <object_component id="oc-1af">
         <name>.cinit:_m_Com3TxBuf</name>
         <load_address>0x8157</load_address>
         <run_address>0x8157</run_address>
         <size>0x4</size>
         <input_file_ref idref="fl-2e"/>
      </object_component>
      <object_component id="oc-209">
         <name>.cinit:_usRegHoldingBuf</name>
         <load_address>0x815b</load_address>
         <run_address>0x815b</run_address>
         <size>0x4</size>
         <input_file_ref idref="fl-78"/>
      </object_component>
      <object_component id="oc-130">
         <name>.stack</name>
         <uninitialized>true</uninitialized>
         <run_address>0x400</run_address>
         <size>0x0</size>
         <input_file_ref idref="fl-4f"/>
      </object_component>
      <object_component id="oc-25f">
         <name>.stack</name>
         <uninitialized>true</uninitialized>
         <run_address>0x400</run_address>
         <size>0x0</size>
      </object_component>
      <object_component id="oc-ca">
         <name>.ebss</name>
         <uninitialized>true</uninitialized>
         <run_address>0xc3c0</run_address>
         <size>0x33c</size>
         <input_file_ref idref="fl-11"/>
      </object_component>
      <object_component id="oc-57">
         <name>.ebss</name>
         <uninitialized>true</uninitialized>
         <run_address>0xc6fc</run_address>
         <size>0x2</size>
         <input_file_ref idref="fl-12"/>
      </object_component>
      <object_component id="oc-58">
         <name>.ebss</name>
         <uninitialized>true</uninitialized>
         <run_address>0xc6fe</run_address>
         <size>0x2</size>
         <input_file_ref idref="fl-14"/>
      </object_component>
      <object_component id="oc-1db">
         <name>.ebss:_g_pageBuf$17</name>
         <uninitialized>true</uninitialized>
         <run_address>0xc700</run_address>
         <size>0x100</size>
         <input_file_ref idref="fl-29"/>
      </object_component>
      <object_component id="oc-1b2">
         <name>.ebss:_m_Com2TxBuf</name>
         <uninitialized>true</uninitialized>
         <run_address>0xc800</run_address>
         <size>0x100</size>
         <input_file_ref idref="fl-2e"/>
      </object_component>
      <object_component id="oc-1f4">
         <name>.ebss:_ucRTUBuf</name>
         <uninitialized>true</uninitialized>
         <run_address>0xc900</run_address>
         <size>0x100</size>
         <input_file_ref idref="fl-41"/>
      </object_component>
      <object_component id="oc-1f0">
         <name>.ebss:_AdcVoltRMSFilterBuf</name>
         <uninitialized>true</uninitialized>
         <run_address>0xca00</run_address>
         <size>0xa0</size>
         <input_file_ref idref="fl-21"/>
      </object_component>
      <object_component id="oc-1b6">
         <name>.ebss:_m_Com1TxBuf</name>
         <uninitialized>true</uninitialized>
         <run_address>0xcaa0</run_address>
         <size>0x20</size>
         <input_file_ref idref="fl-2e"/>
      </object_component>
      <object_component id="oc-1a5">
         <name>.ebss:__gCOMList</name>
         <uninitialized>true</uninitialized>
         <run_address>0xcac0</run_address>
         <size>0x96</size>
         <input_file_ref idref="fl-2e"/>
      </object_component>
      <object_component id="oc-1ae">
         <name>.ebss:_m_Com3TxBuf</name>
         <uninitialized>true</uninitialized>
         <run_address>0xcb56</run_address>
         <size>0x20</size>
         <input_file_ref idref="fl-2e"/>
      </object_component>
      <object_component id="oc-102">
         <name>.ebss</name>
         <uninitialized>true</uninitialized>
         <run_address>0xcb76</run_address>
         <size>0xa</size>
         <input_file_ref idref="fl-2a"/>
      </object_component>
      <object_component id="oc-19f">
         <name>.ebss:_AdcVoltRMSFilter</name>
         <uninitialized>true</uninitialized>
         <run_address>0xcb80</run_address>
         <size>0x80</size>
         <input_file_ref idref="fl-21"/>
      </object_component>
      <object_component id="oc-1b8">
         <name>.ebss:_m_Com1RxBuf</name>
         <uninitialized>true</uninitialized>
         <run_address>0xcc00</run_address>
         <size>0x50</size>
         <input_file_ref idref="fl-2e"/>
      </object_component>
      <object_component id="oc-1ff">
         <name>.ebss:_ucMBSlaveID$28</name>
         <uninitialized>true</uninitialized>
         <run_address>0xcc50</run_address>
         <size>0x20</size>
         <input_file_ref idref="fl-39"/>
      </object_component>
      <object_component id="oc-1a2">
         <name>.ebss:_AdcAvg</name>
         <uninitialized>true</uninitialized>
         <run_address>0xcc70</run_address>
         <size>0x10</size>
         <input_file_ref idref="fl-21"/>
      </object_component>
      <object_component id="oc-1b4">
         <name>.ebss:_m_Com2RxBuf</name>
         <uninitialized>true</uninitialized>
         <run_address>0xcc80</run_address>
         <size>0x50</size>
         <input_file_ref idref="fl-2e"/>
      </object_component>
      <object_component id="oc-208">
         <name>.ebss:_usRegHoldingBuf</name>
         <uninitialized>true</uninitialized>
         <run_address>0xccd0</run_address>
         <size>0x20</size>
         <input_file_ref idref="fl-3c"/>
      </object_component>
      <object_component id="oc-1a1">
         <name>.ebss:_AdcRMS</name>
         <uninitialized>true</uninitialized>
         <run_address>0xccf0</run_address>
         <size>0x10</size>
         <input_file_ref idref="fl-21"/>
      </object_component>
      <object_component id="oc-1b0">
         <name>.ebss:_m_Com3RxBuf</name>
         <uninitialized>true</uninitialized>
         <run_address>0xcd00</run_address>
         <size>0x50</size>
         <input_file_ref idref="fl-2e"/>
      </object_component>
      <object_component id="oc-51">
         <name>.ebss</name>
         <uninitialized>true</uninitialized>
         <run_address>0xcd50</run_address>
         <size>0x1c</size>
         <input_file_ref idref="fl-3b"/>
      </object_component>
      <object_component id="oc-f5">
         <name>.ebss</name>
         <uninitialized>true</uninitialized>
         <run_address>0xcd6c</run_address>
         <size>0x12</size>
         <input_file_ref idref="fl-23"/>
      </object_component>
      <object_component id="oc-1bc">
         <name>.ebss:__lock</name>
         <uninitialized>true</uninitialized>
         <run_address>0xcd7e</run_address>
         <size>0x2</size>
         <input_file_ref idref="fl-56"/>
      </object_component>
      <object_component id="oc-1f1">
         <name>.ebss:_xFuncHandlers$30</name>
         <uninitialized>true</uninitialized>
         <run_address>0xcd80</run_address>
         <size>0x40</size>
         <input_file_ref idref="fl-3b"/>
      </object_component>
      <object_component id="oc-5c">
         <name>.ebss</name>
         <uninitialized>true</uninitialized>
         <run_address>0xcdc0</run_address>
         <size>0x18</size>
         <input_file_ref idref="fl-7"/>
      </object_component>
      <object_component id="oc-1ef">
         <name>.ebss:_AdcVoltAvg</name>
         <uninitialized>true</uninitialized>
         <run_address>0xcdd8</run_address>
         <size>0x10</size>
         <input_file_ref idref="fl-21"/>
      </object_component>
      <object_component id="oc-1a0">
         <name>.ebss:_AdcVoltRMS</name>
         <uninitialized>true</uninitialized>
         <run_address>0xcde8</run_address>
         <size>0x10</size>
         <input_file_ref idref="fl-21"/>
      </object_component>
      <object_component id="oc-200">
         <name>.ebss:_usRegInputBuf</name>
         <uninitialized>true</uninitialized>
         <run_address>0xcdf8</run_address>
         <size>0x8</size>
         <input_file_ref idref="fl-3c"/>
      </object_component>
      <object_component id="oc-1df">
         <name>.ebss:_g_vcb_list</name>
         <uninitialized>true</uninitialized>
         <run_address>0xce00</run_address>
         <size>0xa</size>
         <input_file_ref idref="fl-24"/>
      </object_component>
      <object_component id="oc-e8">
         <name>.ebss</name>
         <uninitialized>true</uninitialized>
         <run_address>0xce0a</run_address>
         <size>0x6</size>
         <input_file_ref idref="fl-21"/>
      </object_component>
      <object_component id="oc-10a">
         <name>.ebss</name>
         <uninitialized>true</uninitialized>
         <run_address>0xce10</run_address>
         <size>0x6</size>
         <input_file_ref idref="fl-2b"/>
      </object_component>
      <object_component id="oc-55">
         <name>.ebss</name>
         <uninitialized>true</uninitialized>
         <run_address>0xce16</run_address>
         <size>0x6</size>
         <input_file_ref idref="fl-41"/>
      </object_component>
      <object_component id="oc-147">
         <name>.ebss</name>
         <uninitialized>true</uninitialized>
         <run_address>0xce1c</run_address>
         <size>0x6</size>
         <input_file_ref idref="fl-55"/>
      </object_component>
      <object_component id="oc-1d3">
         <name>.ebss:__unlock</name>
         <uninitialized>true</uninitialized>
         <run_address>0xce22</run_address>
         <size>0x2</size>
         <input_file_ref idref="fl-56"/>
      </object_component>
      <object_component id="oc-206">
         <name>.ebss:_ucRegCoilsBuf</name>
         <uninitialized>true</uninitialized>
         <run_address>0xce24</run_address>
         <size>0x2</size>
         <input_file_ref idref="fl-3c"/>
      </object_component>
      <object_component id="oc-204">
         <name>.ebss:_ucRegDiscreteBuf</name>
         <uninitialized>true</uninitialized>
         <run_address>0xce26</run_address>
         <size>0x2</size>
         <input_file_ref idref="fl-3c"/>
      </object_component>
      <object_component id="oc-53">
         <name>.ebss</name>
         <uninitialized>true</uninitialized>
         <run_address>0xce28</run_address>
         <size>0x2</size>
         <input_file_ref idref="fl-3d"/>
      </object_component>
      <object_component id="oc-dc">
         <name>.ebss</name>
         <uninitialized>true</uninitialized>
         <run_address>0xce2a</run_address>
         <size>0x1</size>
         <input_file_ref idref="fl-1f"/>
      </object_component>
      <object_component id="oc-50">
         <name>.ebss</name>
         <uninitialized>true</uninitialized>
         <run_address>0xce2b</run_address>
         <size>0x1</size>
         <input_file_ref idref="fl-39"/>
      </object_component>
      <object_component id="oc-54">
         <name>.ebss</name>
         <uninitialized>true</uninitialized>
         <run_address>0xce2c</run_address>
         <size>0x1</size>
         <input_file_ref idref="fl-3f"/>
      </object_component>
      <object_component id="oc-56">
         <name>.ebss</name>
         <uninitialized>true</uninitialized>
         <run_address>0xce2d</run_address>
         <size>0x1</size>
         <input_file_ref idref="fl-5e"/>
      </object_component>
      <object_component id="oc-1fd">
         <name>.econst:.string:_aucCRCHi$35</name>
         <load_address>0xd000</load_address>
         <run_address>0xd000</run_address>
         <size>0x100</size>
         <input_file_ref idref="fl-40"/>
      </object_component>
      <object_component id="oc-1fe">
         <name>.econst:.string:_aucCRCLo$35</name>
         <load_address>0xd100</load_address>
         <run_address>0xd100</run_address>
         <size>0x100</size>
         <input_file_ref idref="fl-40"/>
      </object_component>
      <object_component id="oc-1c4">
         <name>.econst:_PieVectTableInit</name>
         <load_address>0xd200</load_address>
         <run_address>0xd200</run_address>
         <size>0x100</size>
         <input_file_ref idref="fl-e"/>
      </object_component>
      <object_component id="oc-1d4">
         <name>.econst:_s_CRCHi</name>
         <load_address>0xd300</load_address>
         <run_address>0xd300</run_address>
         <size>0x100</size>
         <input_file_ref idref="fl-32"/>
      </object_component>
      <object_component id="oc-1d5">
         <name>.econst:_s_CRCLo</name>
         <load_address>0xd400</load_address>
         <run_address>0xd400</run_address>
         <size>0x100</size>
         <input_file_ref idref="fl-32"/>
      </object_component>
      <object_component id="oc-cb">
         <name>.econst:.string</name>
         <load_address>0xd500</load_address>
         <run_address>0xd500</run_address>
         <size>0x91</size>
         <input_file_ref idref="fl-11"/>
      </object_component>
      <object_component id="oc-1d8">
         <name>.econst:_$P$T2$3$17</name>
         <load_address>0xd591</load_address>
         <run_address>0xd591</run_address>
         <size>0x1</size>
         <input_file_ref idref="fl-29"/>
      </object_component>
      <object_component id="oc-fc">
         <name>.econst:.string</name>
         <load_address>0xd592</load_address>
         <run_address>0xd592</run_address>
         <size>0x5b</size>
         <input_file_ref idref="fl-24"/>
      </object_component>
      <object_component id="oc-15d">
         <name>.econst:.string</name>
         <load_address>0xd5ee</load_address>
         <run_address>0xd5ee</run_address>
         <size>0x26</size>
         <input_file_ref idref="fl-60"/>
      </object_component>
      <object_component id="oc-15c">
         <name>.econst</name>
         <load_address>0xd614</load_address>
         <run_address>0xd614</run_address>
         <size>0x1c</size>
         <input_file_ref idref="fl-60"/>
      </object_component>
      <object_component id="oc-8b">
         <name>.econst</name>
         <load_address>0xd630</load_address>
         <run_address>0xd630</run_address>
         <size>0x10</size>
         <input_file_ref idref="fl-78"/>
      </object_component>
      <object_component id="oc-1e3">
         <name>.econst:_request_cmd$2</name>
         <load_address>0xd640</load_address>
         <run_address>0xd640</run_address>
         <size>0x8</size>
         <input_file_ref idref="fl-12"/>
      </object_component>
      <object_component id="oc-1d9">
         <name>.econst:_$P$T5$6$17</name>
         <load_address>0xd648</load_address>
         <run_address>0xd648</run_address>
         <size>0x6</size>
         <input_file_ref idref="fl-29"/>
      </object_component>
      <object_component id="oc-1dd">
         <name>.econst:_$P$T4$5$17</name>
         <load_address>0xd64e</load_address>
         <run_address>0xd64e</run_address>
         <size>0x4</size>
         <input_file_ref idref="fl-29"/>
      </object_component>
      <object_component id="oc-1da">
         <name>.econst:_$P$T6$7$17</name>
         <load_address>0xd652</load_address>
         <run_address>0xd652</run_address>
         <size>0x4</size>
         <input_file_ref idref="fl-29"/>
      </object_component>
      <object_component id="oc-1d6">
         <name>.econst:_$P$T0$1$17</name>
         <load_address>0xd656</load_address>
         <run_address>0xd656</run_address>
         <size>0x2</size>
         <input_file_ref idref="fl-29"/>
      </object_component>
      <object_component id="oc-52">
         <name>.econst</name>
         <load_address>0xd658</load_address>
         <run_address>0xd658</run_address>
         <size>0x2</size>
         <input_file_ref idref="fl-3c"/>
      </object_component>
      <object_component id="oc-e9">
         <name>DMARAML4</name>
         <uninitialized>true</uninitialized>
         <run_address>0xc000</run_address>
         <size>0x3c0</size>
         <input_file_ref idref="fl-21"/>
      </object_component>
      <object_component id="oc-131">
         <name>.reset</name>
         <load_address>0x3fffc0</load_address>
         <run_address>0x3fffc0</run_address>
         <size>0x2</size>
         <input_file_ref idref="fl-4f"/>
      </object_component>
      <object_component id="oc-90">
         <name>.adc_cal</name>
         <load_address>0x380080</load_address>
         <run_address>0x380080</run_address>
         <size>0x7</size>
         <input_file_ref idref="fl-4"/>
      </object_component>
      <object_component id="oc-8a">
         <name>PieVectTableFile</name>
         <uninitialized>true</uninitialized>
         <run_address>0xd00</run_address>
         <size>0x100</size>
         <input_file_ref idref="fl-c"/>
      </object_component>
      <object_component id="oc-86">
         <name>DevEmuRegsFile</name>
         <uninitialized>true</uninitialized>
         <run_address>0x880</run_address>
         <size>0xd0</size>
         <input_file_ref idref="fl-c"/>
      </object_component>
      <object_component id="oc-5e">
         <name>FlashRegsFile</name>
         <uninitialized>true</uninitialized>
         <run_address>0xa80</run_address>
         <size>0x8</size>
         <input_file_ref idref="fl-c"/>
      </object_component>
      <object_component id="oc-61">
         <name>CsmRegsFile</name>
         <uninitialized>true</uninitialized>
         <run_address>0xae0</run_address>
         <size>0x10</size>
         <input_file_ref idref="fl-c"/>
      </object_component>
      <object_component id="oc-60">
         <name>AdcMirrorFile</name>
         <uninitialized>true</uninitialized>
         <run_address>0xb00</run_address>
         <size>0x10</size>
         <input_file_ref idref="fl-c"/>
      </object_component>
      <object_component id="oc-69">
         <name>XintfRegsFile</name>
         <uninitialized>true</uninitialized>
         <run_address>0xb20</run_address>
         <size>0x1e</size>
         <input_file_ref idref="fl-c"/>
      </object_component>
      <object_component id="oc-59">
         <name>CpuTimer0RegsFile</name>
         <uninitialized>true</uninitialized>
         <run_address>0xc00</run_address>
         <size>0x8</size>
         <input_file_ref idref="fl-c"/>
      </object_component>
      <object_component id="oc-5a">
         <name>CpuTimer1RegsFile</name>
         <uninitialized>true</uninitialized>
         <run_address>0xc08</run_address>
         <size>0x8</size>
         <input_file_ref idref="fl-c"/>
      </object_component>
      <object_component id="oc-5b">
         <name>CpuTimer2RegsFile</name>
         <uninitialized>true</uninitialized>
         <run_address>0xc10</run_address>
         <size>0x8</size>
         <input_file_ref idref="fl-c"/>
      </object_component>
      <object_component id="oc-67">
         <name>PieCtrlRegsFile</name>
         <uninitialized>true</uninitialized>
         <run_address>0xce0</run_address>
         <size>0x1a</size>
         <input_file_ref idref="fl-c"/>
      </object_component>
      <object_component id="oc-87">
         <name>DmaRegsFile</name>
         <uninitialized>true</uninitialized>
         <run_address>0x1000</run_address>
         <size>0xe0</size>
         <input_file_ref idref="fl-c"/>
      </object_component>
      <object_component id="oc-79">
         <name>McbspaRegsFile</name>
         <uninitialized>true</uninitialized>
         <run_address>0x5000</run_address>
         <size>0x25</size>
         <input_file_ref idref="fl-c"/>
      </object_component>
      <object_component id="oc-7a">
         <name>McbspbRegsFile</name>
         <uninitialized>true</uninitialized>
         <run_address>0x5040</run_address>
         <size>0x25</size>
         <input_file_ref idref="fl-c"/>
      </object_component>
      <object_component id="oc-7c">
         <name>ECanaRegsFile</name>
         <uninitialized>true</uninitialized>
         <run_address>0x6000</run_address>
         <size>0x34</size>
         <input_file_ref idref="fl-c"/>
      </object_component>
      <object_component id="oc-7e">
         <name>ECanaLAMRegsFile</name>
         <uninitialized>true</uninitialized>
         <run_address>0x6040</run_address>
         <size>0x40</size>
         <input_file_ref idref="fl-c"/>
      </object_component>
      <object_component id="oc-88">
         <name>ECanaMboxesFile</name>
         <uninitialized>true</uninitialized>
         <run_address>0x6100</run_address>
         <size>0x100</size>
         <input_file_ref idref="fl-c"/>
      </object_component>
      <object_component id="oc-7f">
         <name>ECanaMOTSRegsFile</name>
         <uninitialized>true</uninitialized>
         <run_address>0x6080</run_address>
         <size>0x40</size>
         <input_file_ref idref="fl-c"/>
      </object_component>
      <object_component id="oc-80">
         <name>ECanaMOTORegsFile</name>
         <uninitialized>true</uninitialized>
         <run_address>0x60c0</run_address>
         <size>0x40</size>
         <input_file_ref idref="fl-c"/>
      </object_component>
      <object_component id="oc-7d">
         <name>ECanbRegsFile</name>
         <uninitialized>true</uninitialized>
         <run_address>0x6200</run_address>
         <size>0x34</size>
         <input_file_ref idref="fl-c"/>
      </object_component>
      <object_component id="oc-81">
         <name>ECanbLAMRegsFile</name>
         <uninitialized>true</uninitialized>
         <run_address>0x6240</run_address>
         <size>0x40</size>
         <input_file_ref idref="fl-c"/>
      </object_component>
      <object_component id="oc-89">
         <name>ECanbMboxesFile</name>
         <uninitialized>true</uninitialized>
         <run_address>0x6300</run_address>
         <size>0x100</size>
         <input_file_ref idref="fl-c"/>
      </object_component>
      <object_component id="oc-82">
         <name>ECanbMOTSRegsFile</name>
         <uninitialized>true</uninitialized>
         <run_address>0x6280</run_address>
         <size>0x40</size>
         <input_file_ref idref="fl-c"/>
      </object_component>
      <object_component id="oc-83">
         <name>ECanbMOTORegsFile</name>
         <uninitialized>true</uninitialized>
         <run_address>0x62c0</run_address>
         <size>0x40</size>
         <input_file_ref idref="fl-c"/>
      </object_component>
      <object_component id="oc-72">
         <name>EPwm1RegsFile</name>
         <uninitialized>true</uninitialized>
         <run_address>0x6800</run_address>
         <size>0x22</size>
         <input_file_ref idref="fl-c"/>
      </object_component>
      <object_component id="oc-73">
         <name>EPwm2RegsFile</name>
         <uninitialized>true</uninitialized>
         <run_address>0x6840</run_address>
         <size>0x22</size>
         <input_file_ref idref="fl-c"/>
      </object_component>
      <object_component id="oc-74">
         <name>EPwm3RegsFile</name>
         <uninitialized>true</uninitialized>
         <run_address>0x6880</run_address>
         <size>0x22</size>
         <input_file_ref idref="fl-c"/>
      </object_component>
      <object_component id="oc-75">
         <name>EPwm4RegsFile</name>
         <uninitialized>true</uninitialized>
         <run_address>0x68c0</run_address>
         <size>0x22</size>
         <input_file_ref idref="fl-c"/>
      </object_component>
      <object_component id="oc-76">
         <name>EPwm5RegsFile</name>
         <uninitialized>true</uninitialized>
         <run_address>0x6900</run_address>
         <size>0x22</size>
         <input_file_ref idref="fl-c"/>
      </object_component>
      <object_component id="oc-77">
         <name>EPwm6RegsFile</name>
         <uninitialized>true</uninitialized>
         <run_address>0x6940</run_address>
         <size>0x22</size>
         <input_file_ref idref="fl-c"/>
      </object_component>
      <object_component id="oc-6a">
         <name>ECap1RegsFile</name>
         <uninitialized>true</uninitialized>
         <run_address>0x6a00</run_address>
         <size>0x20</size>
         <input_file_ref idref="fl-c"/>
      </object_component>
      <object_component id="oc-6b">
         <name>ECap2RegsFile</name>
         <uninitialized>true</uninitialized>
         <run_address>0x6a20</run_address>
         <size>0x20</size>
         <input_file_ref idref="fl-c"/>
      </object_component>
      <object_component id="oc-6c">
         <name>ECap3RegsFile</name>
         <uninitialized>true</uninitialized>
         <run_address>0x6a40</run_address>
         <size>0x20</size>
         <input_file_ref idref="fl-c"/>
      </object_component>
      <object_component id="oc-6d">
         <name>ECap4RegsFile</name>
         <uninitialized>true</uninitialized>
         <run_address>0x6a60</run_address>
         <size>0x20</size>
         <input_file_ref idref="fl-c"/>
      </object_component>
      <object_component id="oc-6e">
         <name>ECap5RegsFile</name>
         <uninitialized>true</uninitialized>
         <run_address>0x6a80</run_address>
         <size>0x20</size>
         <input_file_ref idref="fl-c"/>
      </object_component>
      <object_component id="oc-6f">
         <name>ECap6RegsFile</name>
         <uninitialized>true</uninitialized>
         <run_address>0x6aa0</run_address>
         <size>0x20</size>
         <input_file_ref idref="fl-c"/>
      </object_component>
      <object_component id="oc-84">
         <name>EQep1RegsFile</name>
         <uninitialized>true</uninitialized>
         <run_address>0x6b00</run_address>
         <size>0x40</size>
         <input_file_ref idref="fl-c"/>
      </object_component>
      <object_component id="oc-85">
         <name>EQep2RegsFile</name>
         <uninitialized>true</uninitialized>
         <run_address>0x6b40</run_address>
         <size>0x40</size>
         <input_file_ref idref="fl-c"/>
      </object_component>
      <object_component id="oc-7b">
         <name>GpioCtrlRegsFile</name>
         <uninitialized>true</uninitialized>
         <run_address>0x6f80</run_address>
         <size>0x2e</size>
         <input_file_ref idref="fl-c"/>
      </object_component>
      <object_component id="oc-70">
         <name>GpioDataRegsFile</name>
         <uninitialized>true</uninitialized>
         <run_address>0x6fc0</run_address>
         <size>0x20</size>
         <input_file_ref idref="fl-c"/>
      </object_component>
      <object_component id="oc-5f">
         <name>GpioIntRegsFile</name>
         <uninitialized>true</uninitialized>
         <run_address>0x6fe0</run_address>
         <size>0xa</size>
         <input_file_ref idref="fl-c"/>
      </object_component>
      <object_component id="oc-71">
         <name>SysCtrlRegsFile</name>
         <uninitialized>true</uninitialized>
         <run_address>0x7010</run_address>
         <size>0x20</size>
         <input_file_ref idref="fl-c"/>
      </object_component>
      <object_component id="oc-65">
         <name>SpiaRegsFile</name>
         <uninitialized>true</uninitialized>
         <run_address>0x7040</run_address>
         <size>0x10</size>
         <input_file_ref idref="fl-c"/>
      </object_component>
      <object_component id="oc-62">
         <name>SciaRegsFile</name>
         <uninitialized>true</uninitialized>
         <run_address>0x7050</run_address>
         <size>0x10</size>
         <input_file_ref idref="fl-c"/>
      </object_component>
      <object_component id="oc-66">
         <name>XIntruptRegsFile</name>
         <uninitialized>true</uninitialized>
         <run_address>0x7070</run_address>
         <size>0x10</size>
         <input_file_ref idref="fl-c"/>
      </object_component>
      <object_component id="oc-68">
         <name>AdcRegsFile</name>
         <uninitialized>true</uninitialized>
         <run_address>0x7100</run_address>
         <size>0x1e</size>
         <input_file_ref idref="fl-c"/>
      </object_component>
      <object_component id="oc-63">
         <name>ScibRegsFile</name>
         <uninitialized>true</uninitialized>
         <run_address>0x7750</run_address>
         <size>0x10</size>
         <input_file_ref idref="fl-c"/>
      </object_component>
      <object_component id="oc-64">
         <name>ScicRegsFile</name>
         <uninitialized>true</uninitialized>
         <run_address>0x7770</run_address>
         <size>0x10</size>
         <input_file_ref idref="fl-c"/>
      </object_component>
      <object_component id="oc-78">
         <name>I2caRegsFile</name>
         <uninitialized>true</uninitialized>
         <run_address>0x7900</run_address>
         <size>0x22</size>
         <input_file_ref idref="fl-c"/>
      </object_component>
      <object_component id="oc-5d">
         <name>CsmPwlFile</name>
         <uninitialized>true</uninitialized>
         <run_address>0x33fff8</run_address>
         <size>0x8</size>
         <input_file_ref idref="fl-c"/>
      </object_component>
      <object_component id="oc-4f">
         <name>PartIdRegsFile</name>
         <uninitialized>true</uninitialized>
         <run_address>0x380090</run_address>
         <size>0x1</size>
         <input_file_ref idref="fl-c"/>
      </object_component>
      <object_component id="oc-91">
         <name>.debug_line</name>
         <load_address>0x0</load_address>
         <run_address>0x0</run_address>
         <size>0x8b</size>
         <input_file_ref idref="fl-4"/>
      </object_component>
      <object_component id="oc-97">
         <name>.debug_line</name>
         <load_address>0x8b</load_address>
         <run_address>0x8b</run_address>
         <size>0x8d</size>
         <input_file_ref idref="fl-5"/>
      </object_component>
      <object_component id="oc-9b">
         <name>.debug_line</name>
         <load_address>0x118</load_address>
         <run_address>0x118</run_address>
         <size>0xa9</size>
         <input_file_ref idref="fl-6"/>
      </object_component>
      <object_component id="oc-a1">
         <name>.debug_line</name>
         <load_address>0x1c1</load_address>
         <run_address>0x1c1</run_address>
         <size>0x496</size>
         <input_file_ref idref="fl-8"/>
      </object_component>
[...]
         <name>_BFL_Measure_ReadReady</name>
         <value>0x9b5b</value>
         <object_component_ref idref="oc-1e1"/>
      </symbol>
      <symbol id="sm-66c">
         <name>_config_ADC</name>
         <value>0x9b18</value>
         <object_component_ref idref="oc-1e1"/>
      </symbol>
      <symbol id="sm-66e">
         <name>_BFL_Measure_Read</name>
         <value>0x9b61</value>
         <object_component_ref idref="oc-1e1"/>
      </symbol>
      <symbol id="sm-670">
         <name>_config_ePWM4_to_generate_ADCSOCA_</name>
         <value>0x9a95</value>
         <object_component_ref idref="oc-1e1"/>
      </symbol>
      <symbol id="sm-68a">
         <name>_BFL_RS485_Release_Bus_RS4852</name>
         <value>0xa50a</value>
         <object_component_ref idref="oc-1e2"/>
      </symbol>
      <symbol id="sm-68c">
         <name>_BFL_RS485_Release_Bus_RS4851</name>
         <value>0xa50f</value>
         <object_component_ref idref="oc-1e2"/>
      </symbol>
      <symbol id="sm-68e">
         <name>_BFL_RS485_Release_Bus</name>
         <value>0xa514</value>
         <object_component_ref idref="oc-1e2"/>
      </symbol>
      <symbol id="sm-690">
         <name>_BFL_RS485_Take_Bus</name>
         <value>0xa4dc</value>
         <object_component_ref idref="oc-1e2"/>
      </symbol>
      <symbol id="sm-692">
         <name>_BFL_RS485_Init</name>
         <value>0xa530</value>
         <object_component_ref idref="oc-1e2"/>
      </symbol>
      <symbol id="sm-694">
         <name>_BFL_RS485_Write</name>
         <value>0xa4ea</value>
         <object_component_ref idref="oc-1e2"/>
      </symbol>
      <symbol id="sm-696">
         <name>_BFL_RS485_Read</name>
         <value>0xa522</value>
         <object_component_ref idref="oc-1e2"/>
      </symbol>
      <symbol id="sm-698">
         <name>_BFL_RS485_Take_Bus_RS4851</name>
         <value>0xa505</value>
         <object_component_ref idref="oc-1e2"/>
      </symbol>
      <symbol id="sm-69a">
         <name>_BFL_RS485_Take_Bus_RS4852</name>
         <value>0xa500</value>
         <object_component_ref idref="oc-1e2"/>
      </symbol>
      <symbol id="sm-6c0">
         <name>_BFL_SCR_Init</name>
         <value>0x910f</value>
         <object_component_ref idref="oc-1cb"/>
      </symbol>
      <symbol id="sm-6c2">
         <name>_InitEPwm2Example</name>
         <value>0x9056</value>
         <object_component_ref idref="oc-1cb"/>
      </symbol>
      <symbol id="sm-6c4">
         <name>_epwm2_isr</name>
         <value>0xaaa4</value>
         <object_component_ref idref="oc-f6"/>
      </symbol>
      <symbol id="sm-6c6">
         <name>_InitEPwm3Example</name>
         <value>0x9000</value>
         <object_component_ref idref="oc-1cb"/>
      </symbol>
      <symbol id="sm-6c8">
         <name>_epwm3_isr</name>
         <value>0xaa79</value>
         <object_component_ref idref="oc-f6"/>
      </symbol>
      <symbol id="sm-6ca">
         <name>_BFL_SCRR_Have_Signal</name>
         <value>0x9240</value>
         <object_component_ref idref="oc-1cb"/>
      </symbol>
      <symbol id="sm-6cc">
         <name>_epwm1_isr</name>
         <value>0xaacf</value>
         <object_component_ref idref="oc-f6"/>
      </symbol>
      <symbol id="sm-6ce">
         <name>_epwm1_info</name>
         <value>0xcd6c</value>
         <object_component_ref idref="oc-f5"/>
      </symbol>
      <symbol id="sm-6cf">
         <name>_epwm2_info</name>
         <value>0xcd72</value>
         <object_component_ref idref="oc-f5"/>
      </symbol>
      <symbol id="sm-6d0">
         <name>_epwm3_info</name>
         <value>0xcd78</value>
         <object_component_ref idref="oc-f5"/>
      </symbol>
      <symbol id="sm-6d1">
         <name>_InitEPwm1Example</name>
         <value>0x90ac</value>
         <object_component_ref idref="oc-1cb"/>
      </symbol>
      <symbol id="sm-6d3">
         <name>_BFL_SCRT_Pluse_Transmit</name>
         <value>0x91b8</value>
         <object_component_ref idref="oc-1cb"/>
      </symbol>
      <symbol id="sm-71a">
         <name>_BFL_VCB_Relay_Set_As_Switch_No_Ctrl</name>
         <value>0x8d8f</value>
         <object_component_ref idref="oc-1ca"/>
      </symbol>
      <symbol id="sm-71c">
         <name>_BFL_VCB_Get_Setting_State</name>
         <value>0x8f67</value>
         <object_component_ref idref="oc-1ca"/>
      </symbol>
      <symbol id="sm-71e">
         <name>_BFL_VCB_Seurity_Init</name>
         <value>0x8dce</value>
         <object_component_ref idref="oc-1ca"/>
      </symbol>
      <symbol id="sm-720">
         <name>_BFL_VCB_Set_As_Switch_Opened</name>
         <value>0x8eb9</value>
         <object_component_ref idref="oc-1ca"/>
      </symbol>
      <symbol id="sm-722">
         <name>_BFL_VCB_Set_As_Switch_No_Ctrl</name>
         <value>0x8ec6</value>
         <object_component_ref idref="oc-1ca"/>
      </symbol>
      <symbol id="sm-724">
         <name>_g_vcb_list</name>
         <value>0xce00</value>
         <object_component_ref idref="oc-1df"/>
      </symbol>
      <symbol id="sm-725">
         <name>_BFL_VCB_Relay_Get_Setting_State</name>
         <value>0x8f5a</value>
         <object_component_ref idref="oc-1ca"/>
      </symbol>
      <symbol id="sm-727">
         <name>_BFL_VCB_Relay_Set_As_Switch_Opened</name>
         <value>0x8e66</value>
         <object_component_ref idref="oc-1ca"/>
      </symbol>
      <symbol id="sm-729">
         <name>_BFL_VCB_STATE_To_String</name>
         <value>0x8f4c</value>
         <object_component_ref idref="oc-1ca"/>
      </symbol>
      <symbol id="sm-72b">
         <name>_BFL_VCB_Relay_Set_As_Switch_Closed</name>
         <value>0x8ecb</value>
         <object_component_ref idref="oc-1ca"/>
      </symbol>
      <symbol id="sm-72d">
         <name>_BFL_VCB_Set_As_Switch_Closed</name>
         <value>0x8f1e</value>
         <object_component_ref idref="oc-1ca"/>
      </symbol>
      <symbol id="sm-72f">
         <name>_BFL_VCB_SW_To_String</name>
         <value>0x8f2c</value>
         <object_component_ref idref="oc-1ca"/>
      </symbol>
      <symbol id="sm-731">
         <name>_BFL_VCB_Get_Actual_State</name>
         <value>0x8f74</value>
         <object_component_ref idref="oc-1ca"/>
      </symbol>
      <symbol id="sm-733">
         <name>_BFL_VCB_CTRL_STATE_To_String</name>
         <value>0x8f96</value>
         <object_component_ref idref="oc-1ca"/>
      </symbol>
      <symbol id="sm-743">
         <name>_can_rx_msg</name>
         <value>0xcb76</value>
         <object_component_ref idref="oc-102"/>
      </symbol>
      <symbol id="sm-744">
         <name>_CANA_ISR</name>
         <value>0xac8e</value>
         <object_component_ref idref="oc-103"/>
      </symbol>
      <symbol id="sm-764">
         <name>_cpu_timer2_isr</name>
         <value>0xa7d2</value>
         <object_component_ref idref="oc-10b"/>
      </symbol>
      <symbol id="sm-766">
         <name>_HDL_CPU_Time_Init</name>
         <value>0xa152</value>
         <object_component_ref idref="oc-1c8"/>
      </symbol>
      <symbol id="sm-768">
         <name>_HDL_CPU_Time_SetCPUTickCallback</name>
         <value>0xa143</value>
         <object_component_ref idref="oc-1c8"/>
      </symbol>
      <symbol id="sm-76a">
         <name>_cpu_timer1_isr</name>
         <value>0xa812</value>
         <object_component_ref idref="oc-10b"/>
      </symbol>
      <symbol id="sm-76c">
         <name>_HDL_CPU_Time_DelayUs</name>
         <value>0xa1b3</value>
         <object_component_ref idref="oc-1c8"/>
      </symbol>
      <symbol id="sm-76e">
         <name>_HDL_CPU_Time_StartHardTimer</name>
         <value>0xa128</value>
         <object_component_ref idref="oc-1c8"/>
      </symbol>
      <symbol id="sm-770">
         <name>_cpu_timer0_isr</name>
         <value>0xa826</value>
         <object_component_ref idref="oc-10b"/>
      </symbol>
      <symbol id="sm-772">
         <name>_HDL_CPU_Time_GetUsTick</name>
         <value>0xa1a2</value>
         <object_component_ref idref="oc-1c8"/>
      </symbol>
      <symbol id="sm-774">
         <name>_HDL_CPU_Time_StopHardTimer</name>
         <value>0xa0ee</value>
         <object_component_ref idref="oc-1c8"/>
      </symbol>
      <symbol id="sm-776">
         <name>_HDL_CPU_Time_ResetTick</name>
         <value>0xa14d</value>
         <object_component_ref idref="oc-1c8"/>
      </symbol>
      <symbol id="sm-778">
         <name>_HDL_CPU_Time_GetTick</name>
         <value>0xa1a9</value>
         <object_component_ref idref="oc-1c8"/>
      </symbol>
      <symbol id="sm-77a">
         <name>_HDL_CPU_Time_ResetUsTick</name>
         <value>0xa147</value>
         <object_component_ref idref="oc-1c8"/>
      </symbol>
      <symbol id="sm-77c">
         <name>_HDL_CPU_Time_DelayMs</name>
         <value>0xa1c5</value>
         <object_component_ref idref="oc-1c8"/>
      </symbol>
      <symbol id="sm-7ab">
         <name>_HDL_SPI_Init</name>
         <value>0x9a57</value>
         <object_component_ref idref="oc-1d7"/>
      </symbol>
      <symbol id="sm-7ad">
         <name>_InitSpiaGpio</name>
         <value>0x9974</value>
         <object_component_ref idref="oc-1d7"/>
      </symbol>
      <symbol id="sm-7af">
         <name>_HDL_SPI_Write</name>
         <value>0x99f1</value>
         <object_component_ref idref="oc-1d7"/>
      </symbol>
      <symbol id="sm-7b1">
         <name>_InitSpiGpio</name>
         <value>0x9974</value>
         <object_component_ref idref="oc-1d7"/>
      </symbol>
      <symbol id="sm-7b2">
         <name>_spi_init</name>
         <value>0x9967</value>
         <object_component_ref idref="oc-1d7"/>
      </symbol>
      <symbol id="sm-7b4">
         <name>_HDL_SPI_WriteRead</name>
         <value>0x99a0</value>
         <object_component_ref idref="oc-1d7"/>
      </symbol>
      <symbol id="sm-7b6">
         <name>_HDL_SPI_Read</name>
         <value>0x9a22</value>
         <object_component_ref idref="oc-1d7"/>
      </symbol>
      <symbol id="sm-7b8">
         <name>_spi_xmit</name>
         <value>0x9963</value>
         <object_component_ref idref="oc-1d7"/>
      </symbol>
      <symbol id="sm-81a">
         <name>_Uart_Write</name>
         <value>0x8b0a</value>
         <object_component_ref idref="oc-1a7"/>
      </symbol>
      <symbol id="sm-81c">
         <name>_scibRxFifoIsr</name>
         <value>0x9579</value>
         <object_component_ref idref="oc-11b"/>
      </symbol>
      <symbol id="sm-81e">
         <name>_InitScicGpio</name>
         <value>0x8b9b</value>
         <object_component_ref idref="oc-1a7"/>
      </symbol>
      <symbol id="sm-820">
         <name>_Uart_RegisterReceiveCharCallback</name>
         <value>0x8b75</value>
         <object_component_ref idref="oc-1a7"/>
      </symbol>
      <symbol id="sm-822">
         <name>_InitScibGpio</name>
         <value>0x8c28</value>
         <object_component_ref idref="oc-1a7"/>
      </symbol>
      <symbol id="sm-824">
         <name>__gCOMList</name>
         <value>0xcac0</value>
         <object_component_ref idref="oc-1a5"/>
      </symbol>
      <symbol id="sm-825">
         <name>_Uart_Read</name>
         <value>0x8b83</value>
         <object_component_ref idref="oc-1a7"/>
      </symbol>
      <symbol id="sm-827">
         <name>_Uart_EmptyReadBuffer</name>
         <value>0x8d52</value>
         <object_component_ref idref="oc-1a7"/>
      </symbol>
      <symbol id="sm-829">
         <name>_Uart_Init</name>
         <value>0x8c5e</value>
         <object_component_ref idref="oc-1a7"/>
      </symbol>
      <symbol id="sm-82b">
         <name>_scicRxFifoIsr</name>
         <value>0x94cd</value>
         <object_component_ref idref="oc-11b"/>
      </symbol>
      <symbol id="sm-82d">
         <name>_sciaRxFifoIsr</name>
         <value>0x961d</value>
         <object_component_ref idref="oc-11b"/>
      </symbol>
      <symbol id="sm-82f">
         <name>_InitSciaGpio</name>
         <value>0x8c42</value>
         <object_component_ref idref="oc-1a7"/>
      </symbol>
      <symbol id="sm-831">
         <name>_scibTxFifoIsr</name>
         <value>0x953c</value>
         <object_component_ref idref="oc-11b"/>
      </symbol>
      <symbol id="sm-833">
         <name>_Uart_UnregisterReceiveCharCallback</name>
         <value>0x8b49</value>
         <object_component_ref idref="oc-1a7"/>
      </symbol>
      <symbol id="sm-835">
         <name>_Uart_AvailableBytes</name>
         <value>0x8d77</value>
         <object_component_ref idref="oc-1a7"/>
      </symbol>
      <symbol id="sm-837">
         <name>_Uart_RegisterReceiveReadyCharCallback</name>
         <value>0x8b67</value>
         <object_component_ref idref="oc-1a7"/>
      </symbol>
      <symbol id="sm-839">
         <name>_scicTxFifoIsr</name>
         <value>0x9496</value>
         <object_component_ref idref="oc-11b"/>
      </symbol>
      <symbol id="sm-83b">
         <name>_sciaTxFifoIsr</name>
         <value>0x95e6</value>
         <object_component_ref idref="oc-11b"/>
      </symbol>
      <symbol id="sm-83d">
         <name>_USART_Callback</name>
         <value>0x8ac8</value>
         <object_component_ref idref="oc-1a7"/>
      </symbol>
      <symbol id="sm-83f">
         <name>_Uart_SetWriteOverCallback</name>
         <value>0x8b58</value>
         <object_component_ref idref="oc-1a7"/>
      </symbol>
      <symbol id="sm-851">
         <name>FS$$DIV</name>
         <value>0xa8eb</value>
         <object_component_ref idref="oc-120"/>
      </symbol>
      <symbol id="sm-85d">
         <name>U$$MOD</name>
         <value>0xb245</value>
         <object_component_ref idref="oc-125"/>
      </symbol>
      <symbol id="sm-85e">
         <name>U$$DIV</name>
         <value>0xb240</value>
         <object_component_ref idref="oc-125"/>
      </symbol>
      <symbol id="sm-88a">
         <name>ULL$$MOD</name>
         <value>0x9c44</value>
         <object_component_ref idref="oc-12a"/>
      </symbol>
      <symbol id="sm-88b">
         <name>ULL$$DIV</name>
         <value>0x9c15</value>
         <object_component_ref idref="oc-12a"/>
      </symbol>
      <symbol id="sm-88c">
         <name>LL$$MOD</name>
         <value>0x9bdb</value>
         <object_component_ref idref="oc-12a"/>
      </symbol>
      <symbol id="sm-88d">
         <name>LL$$DIV</name>
         <value>0x9b9f</value>
         <object_component_ref idref="oc-12a"/>
      </symbol>
      <symbol id="sm-8a8">
         <name>_c_int00</name>
         <value>0xace7</value>
         <object_component_ref idref="oc-12f"/>
      </symbol>
      <symbol id="sm-8a9">
         <name>__stack</name>
         <value>0x400</value>
         <object_component_ref idref="oc-130"/>
      </symbol>
      <symbol id="sm-8b8">
         <name>__args_main</name>
         <value>0xb1f2</value>
         <object_component_ref idref="oc-1ac"/>
      </symbol>
      <symbol id="sm-8c6">
         <name>__system_post_cinit</name>
         <value>0x9fff</value>
         <object_component_ref idref="oc-1ab"/>
      </symbol>
      <symbol id="sm-8d3">
         <name>_epilog_c28x_1</name>
         <value>0xb234</value>
         <object_component_ref idref="oc-140"/>
      </symbol>
      <symbol id="sm-8d4">
         <name>_epilog_c28x_2</name>
         <value>0xb238</value>
         <object_component_ref idref="oc-140"/>
      </symbol>
      <symbol id="sm-8e8">
         <name>C$$EXIT</name>
         <value>0xb000</value>
         <object_component_ref idref="oc-1ad"/>
      </symbol>
      <symbol id="sm-8e9">
         <name>_exit</name>
         <value>0xb002</value>
         <object_component_ref idref="oc-1ad"/>
      </symbol>
      <symbol id="sm-8eb">
         <name>___TI_cleanup_ptr</name>
         <value>0xce1e</value>
         <object_component_ref idref="oc-147"/>
      </symbol>
      <symbol id="sm-8ec">
         <name>___TI_enable_exit_profile_output</name>
         <value>0xce1c</value>
         <object_component_ref idref="oc-147"/>
      </symbol>
      <symbol id="sm-8ed">
         <name>_abort</name>
         <value>0xb000</value>
         <object_component_ref idref="oc-1ad"/>
      </symbol>
      <symbol id="sm-8ef">
         <name>___TI_dtors_ptr</name>
         <value>0xce20</value>
         <object_component_ref idref="oc-147"/>
      </symbol>
      <symbol id="sm-8ff">
         <name>FD$$CMP</name>
         <value>0xaf6f</value>
         <object_component_ref idref="oc-14c"/>
      </symbol>
      <symbol id="sm-90d">
         <name>ULL$$CMP</name>
         <value>0xb0ef</value>
         <object_component_ref idref="oc-151"/>
      </symbol>
      <symbol id="sm-90e">
         <name>LL$$CMP</name>
         <value>0xb0dd</value>
         <object_component_ref idref="oc-151"/>
      </symbol>
      <symbol id="sm-91a">
         <name>_prolog_c28x_1</name>
         <value>0xb188</value>
         <object_component_ref idref="oc-156"/>
      </symbol>
      <symbol id="sm-91b">
         <name>_prolog_c28x_2</name>
         <value>0xb18c</value>
         <object_component_ref idref="oc-156"/>
      </symbol>
      <symbol id="sm-91c">
         <name>_prolog_c28x_3</name>
         <value>0xb194</value>
         <object_component_ref idref="oc-156"/>
      </symbol>
      <symbol id="sm-94b">
         <name>FD$$DIV</name>
         <value>0xa860</value>
         <object_component_ref idref="oc-162"/>
      </symbol>
      <symbol id="sm-95d">
         <name>FD$$MPY</name>
         <value>0xa9f6</value>
         <object_component_ref idref="oc-167"/>
      </symbol>
      <symbol id="sm-96a">
         <name>FD$$NEG</name>
         <value>0xb254</value>
         <object_component_ref idref="oc-16c"/>
      </symbol>
      <symbol id="sm-976">
         <name>FD$$SUB</name>
         <value>0xb226</value>
         <object_component_ref idref="oc-171"/>
      </symbol>
      <symbol id="sm-991">
         <name>FD$$ADD</name>
         <value>0xa57b</value>
         <object_component_ref idref="oc-176"/>
      </symbol>
      <symbol id="sm-9a0">
         <name>FD$$TOI</name>
         <value>0xb09d</value>
         <object_component_ref idref="oc-17b"/>
      </symbol>
      <symbol id="sm-9af">
         <name>FD$$TOL</name>
         <value>0xb0be</value>
         <object_component_ref idref="oc-180"/>
      </symbol>
      <symbol id="sm-9bf">
         <name>FS$$TOFD</name>
         <value>0xb134</value>
         <object_component_ref idref="oc-185"/>
      </symbol>
      <symbol id="sm-9cf">
         <name>I$$TOFD</name>
         <value>0xb0fb</value>
         <object_component_ref idref="oc-18a"/>
      </symbol>
      <symbol id="sm-9df">
         <name>L$$TOFD</name>
         <value>0xb150</value>
         <object_component_ref idref="oc-18f"/>
      </symbol>
      <symbol id="sm-9eb">
         <name>LL$$AND</name>
         <value>0xb1a1</value>
         <object_component_ref idref="oc-194"/>
      </symbol>
      <symbol id="sm-9ec">
         <name>LL$$OR</name>
         <value>0xb1a9</value>
         <object_component_ref idref="oc-194"/>
      </symbol>
      <symbol id="sm-9ed">
         <name>LL$$XOR</name>
         <value>0xb1b1</value>
         <object_component_ref idref="oc-194"/>
      </symbol>
      <symbol id="sm-9f9">
         <name>UL$$MOD</name>
         <value>0xafbd</value>
         <object_component_ref idref="oc-199"/>
      </symbol>
      <symbol id="sm-9fa">
         <name>L$$MOD</name>
         <value>0xafa8</value>
         <object_component_ref idref="oc-199"/>
      </symbol>
      <symbol id="sm-9fb">
         <name>L$$DIV</name>
         <value>0xaf99</value>
         <object_component_ref idref="oc-199"/>
      </symbol>
      <symbol id="sm-9fc">
         <name>UL$$DIV</name>
         <value>0xafb6</value>
         <object_component_ref idref="oc-199"/>
      </symbol>
   </symbol_table>
   <title>Link successful</title>
</link_info>
