******************************************************************************
             TMS320C2000 Linker PC v22.6.1                     
******************************************************************************
>> Linked Mon Jun 24 01:05:34 2024

OUTPUT FILE NAME:   <Example_2833xCpuTimer.out>
ENTRY POINT SYMBOL: "code_start"  address: 0033fff6


MEMORY CONFIGURATION

         name            origin    length      used     unused   attr    fill
----------------------  --------  ---------  --------  --------  ----  --------
PAGE 0:
  ZONE0                 00004000   00001000  00000000  00001000  RWIX
  RAML0                 00008000   00001000  000001a4  00000e5c  RWIX
  RAML1                 00009000   00001000  00000000  00001000  RWIX
  RAML2                 0000a000   00001000  00000000  00001000  RWIX
  RAML3                 0000b000   00001000  00000000  00001000  RWIX
  ZONE6                 00100000   00100000  00000000  00100000  RWIX
  ZONE7A                00200000   0000fc00  00000000  0000fc00  RWIX
  FLASHH                00300000   00008000  00000000  00008000  RWIX
  FLASHG                00308000   00008000  00000000  00008000  RWIX
  FLASHF                00310000   00008000  00000000  00008000  RWIX
  FLASHE                00318000   00008000  00000000  00008000  RWIX
  FLASHD                00320000   00008000  000001a4  00007e5c  RWIX
  FLASHC                00328000   00008000  00000000  00008000  RWIX
  FLASHA                00338000   00007f80  0000437c  00003c04  RWIX
  CSM_RSVD              0033ff80   00000076  00000000  00000076  RWIX
  BEGIN                 0033fff6   00000002  00000002  00000000  RWIX
  CSM_PWL               0033fff8   00000008  00000000  00000008  RWIX
  ADC_CAL               00380080   00000009  00000007  00000002  RWIX
  OTP                   00380400   00000400  00000000  00000400  RWIX
  IQTABLES              003fe000   00000b50  00000000  00000b50  RWIX
  IQTABLES2             003feb50   0000008c  00000000  0000008c  RWIX
  FPUTABLES             003febdc   000006a0  00000000  000006a0  RWIX
  ROM                   003ff27c   00000d44  00000000  00000d44  RWIX
  RESET                 003fffc0   00000002  00000000  00000002  RWIX
  VECTORS               003fffc2   0000003e  00000000  0000003e  RWIX

PAGE 1:
  BOOT_RSVD             00000000   00000050  00000000  00000050  RWIX
  RAMM0                 00000050   000003b0  00000000  000003b0  RWIX
  RAMM1                 00000400   00000400  00000400  00000000  RWIX
  DEV_EMU               00000880   00000180  000000d0  000000b0  RWIX
  FLASH_REGS            00000a80   00000060  00000008  00000058  RWIX
  CSM                   00000ae0   00000010  00000010  00000000  RWIX
  ADC_MIRROR            00000b00   00000010  00000010  00000000  RWIX
  XINTF                 00000b20   00000020  0000001e  00000002  RWIX
  CPU_TIMER0            00000c00   00000008  00000008  00000000  RWIX
  CPU_TIMER1            00000c08   00000008  00000008  00000000  RWIX
  CPU_TIMER2            00000c10   00000008  00000008  00000000  RWIX
  PIE_CTRL              00000ce0   00000020  0000001a  00000006  RWIX
  PIE_VECT              00000d00   00000100  00000100  00000000  RWIX
  DMA                   00001000   00000200  000000e0  00000120  RWIX
  MCBSPA                00005000   00000040  00000025  0000001b  RWIX
  MCBSPB                00005040   00000040  00000025  0000001b  RWIX
  ECANA                 00006000   00000040  00000034  0000000c  RWIX
  ECANA_LAM             00006040   00000040  00000040  00000000  RWIX
  ECANA_MOTS            00006080   00000040  00000040  00000000  RWIX
  ECANA_MOTO            000060c0   00000040  00000040  00000000  RWIX
  ECANA_MBOX            00006100   00000100  00000100  00000000  RWIX
  ECANB                 00006200   00000040  00000034  0000000c  RWIX
  ECANB_LAM             00006240   00000040  00000040  00000000  RWIX
  ECANB_MOTS            00006280   00000040  00000040  00000000  RWIX
  ECANB_MOTO            000062c0   00000040  00000040  00000000  RWIX
  ECANB_MBOX            00006300   00000100  00000100  00000000  RWIX
  EPWM1                 00006800   00000022  00000022  00000000  RWIX
  EPWM2                 00006840   00000022  00000022  00000000  RWIX
  EPWM3                 00006880   00000022  00000022  00000000  RWIX
  EPWM4                 000068c0   00000022  00000022  00000000  RWIX
  EPWM5                 00006900   00000022  00000022  00000000  RWIX
  EPWM6                 00006940   00000022  00000022  00000000  RWIX
  ECAP1                 00006a00   00000020  00000020  00000000  RWIX
  ECAP2                 00006a20   00000020  00000020  00000000  RWIX
  ECAP3                 00006a40   00000020  00000020  00000000  RWIX
  ECAP4                 00006a60   00000020  00000020  00000000  RWIX
  ECAP5                 00006a80   00000020  00000020  00000000  RWIX
  ECAP6                 00006aa0   00000020  00000020  00000000  RWIX
  EQEP1                 00006b00   00000040  00000040  00000000  RWIX
  EQEP2                 00006b40   00000040  00000040  00000000  RWIX
  GPIOCTRL              00006f80   00000040  0000002e  00000012  RWIX
  GPIODAT               00006fc0   00000020  00000020  00000000  RWIX
  GPIOINT               00006fe0   00000020  0000000a  00000016  RWIX
  SYSTEM                00007010   00000020  00000020  00000000  RWIX
  SPIA                  00007040   00000010  00000010  00000000  RWIX
  SCIA                  00007050   00000010  00000010  00000000  RWIX
  XINTRUPT              00007070   00000010  00000010  00000000  RWIX
  ADC                   00007100   00000020  0000001e  00000002  RWIX
  SCIB                  00007750   00000010  00000010  00000000  RWIX
  SCIC                  00007770   00000010  00000010  00000000  RWIX
  I2CA                  00007900   00000040  00000022  0000001e  RWIX
  RAML4                 0000c000   00001000  00000fa8  00000058  RWIX
  RAML5                 0000d000   00001000  00000000  00001000  RWIX
  RAML6                 0000e000   00001000  00000000  00001000  RWIX
  RAML7                 0000f000   00001000  00000000  00001000  RWIX
  ZONE7B                0020fc00   00000400  00000000  00000400  RWIX
  FLASHB                00330000   00008000  00000000  00008000  RWIX
  CSM_PWL               0033fff8   00000008  00000008  00000000  RWIX
  PARTID                00380090   00000001  00000001  00000000  RWIX


SECTION ALLOCATION MAP

 output                                  attributes/
section   page    origin      length       input sections
--------  ----  ----------  ----------   ----------------
.TI.ramfunc 
*          0    00320000    000001a4     RUN ADDR = 00008000
                  00320000    00000183     BFL_Measure.obj (.TI.ramfunc:retain)
                  00320183    0000001d     DSP2833x_SysCtrl.obj (.TI.ramfunc)
                  003201a0    00000004     DSP2833x_usDelay.obj (.TI.ramfunc)

.cinit     0    0033c1de    00000186     
                  0033c1de    00000096     HDL_Uart.obj (.cinit:__gCOMList)
                  0033c274    00000057     <whole-program> (.cinit)
                  0033c2cb    0000002b     <whole-program> (.cinit:_xFuncHandlers$30)
                  0033c2f6    0000000e     rts2800_fpu32.lib : exit.c.obj (.cinit)
                  0033c304    0000000d     HDL_CPU_Time.obj (.cinit)
                  0033c311    0000000a     HDL_IWDG.obj (.cinit)
                  0033c31b    00000009     B2_CmdBypassCapacitors.obj (.cinit)
                  0033c324    00000005     <whole-program> (.cinit:__lock)
                  0033c329    00000005     <whole-program> (.cinit:__unlock)
                  0033c32e    00000004     BFL_Buzz.obj (.cinit)
                  0033c332    00000004     BFL_Measure.obj (.cinit)
                  0033c336    00000004     <whole-program> (.cinit:_g_pageBuf$17)
                  0033c33a    00000004     HDL_Uart.obj (.cinit:_m_Com1RxBuf)
                  0033c33e    00000004     HDL_Uart.obj (.cinit:_m_Com1TxBuf)
                  0033c342    00000004     HDL_Uart.obj (.cinit:_m_Com2RxBuf)
                  0033c346    00000004     HDL_Uart.obj (.cinit:_m_Com2TxBuf)
                  0033c34a    00000004     HDL_Uart.obj (.cinit:_m_Com3RxBuf)
                  0033c34e    00000004     HDL_Uart.obj (.cinit:_m_Com3TxBuf)
                  0033c352    00000004     <whole-program> (.cinit:_ucRegCoilsBuf)
                  0033c356    00000004     <whole-program> (.cinit:_ucRegDiscreteBuf)
                  0033c35a    00000004     <whole-program> (.cinit:_usRegHoldingBuf)
                  0033c35e    00000004     <whole-program> (.cinit:_usRegInputBuf)
                  0033c362    00000002     --HOLE-- [fill = 0]

DevEmuRegsFile 
*          1    00000880    000000d0     UNINITIALIZED
                  00000880    000000d0     DSP2833x_GlobalVariableDefs.obj (DevEmuRegsFile)

FlashRegsFile 
*          1    00000a80    00000008     UNINITIALIZED
                  00000a80    00000008     DSP2833x_GlobalVariableDefs.obj (FlashRegsFile)

CsmRegsFile 
*          1    00000ae0    00000010     UNINITIALIZED
                  00000ae0    00000010     DSP2833x_GlobalVariableDefs.obj (CsmRegsFile)

AdcMirrorFile 
*          1    00000b00    00000010     UNINITIALIZED
                  00000b00    00000010     DSP2833x_GlobalVariableDefs.obj (AdcMirrorFile)

XintfRegsFile 
*          1    00000b20    0000001e     UNINITIALIZED
                  00000b20    0000001e     DSP2833x_GlobalVariableDefs.obj (XintfRegsFile)

CpuTimer0RegsFile 
*          1    00000c00    00000008     UNINITIALIZED
                  00000c00    00000008     DSP2833x_GlobalVariableDefs.obj (CpuTimer0RegsFile)

CpuTimer1RegsFile 
*          1    00000c08    00000008     UNINITIALIZED
                  00000c08    00000008     DSP2833x_GlobalVariableDefs.obj (CpuTimer1RegsFile)

CpuTimer2RegsFile 
*          1    00000c10    00000008     UNINITIALIZED
                  00000c10    00000008     DSP2833x_GlobalVariableDefs.obj (CpuTimer2RegsFile)

PieCtrlRegsFile 
*          1    00000ce0    0000001a     UNINITIALIZED
                  00000ce0    0000001a     DSP2833x_GlobalVariableDefs.obj (PieCtrlRegsFile)

PieVectTableFile 
*          1    00000d00    00000100     UNINITIALIZED
                  00000d00    00000100     DSP2833x_GlobalVariableDefs.obj (PieVectTableFile)

DmaRegsFile 
*          1    00001000    000000e0     UNINITIALIZED
                  00001000    000000e0     DSP2833x_GlobalVariableDefs.obj (DmaRegsFile)

McbspaRegsFile 
*          1    00005000    00000025     UNINITIALIZED
                  00005000    00000025     DSP2833x_GlobalVariableDefs.obj (McbspaRegsFile)

McbspbRegsFile 
*          1    00005040    00000025     UNINITIALIZED
                  00005040    00000025     DSP2833x_GlobalVariableDefs.obj (McbspbRegsFile)

ECanaRegsFile 
*          1    00006000    00000034     UNINITIALIZED
                  00006000    00000034     DSP2833x_GlobalVariableDefs.obj (ECanaRegsFile)

ECanaLAMRegsFile 
*          1    00006040    00000040     UNINITIALIZED
                  00006040    00000040     DSP2833x_GlobalVariableDefs.obj (ECanaLAMRegsFile)

ECanaMOTSRegsFile 
*          1    00006080    00000040     UNINITIALIZED
                  00006080    00000040     DSP2833x_GlobalVariableDefs.obj (ECanaMOTSRegsFile)

ECanaMOTORegsFile 
*          1    000060c0    00000040     UNINITIALIZED
                  000060c0    00000040     DSP2833x_GlobalVariableDefs.obj (ECanaMOTORegsFile)

ECanaMboxesFile 
*          1    00006100    00000100     UNINITIALIZED
                  00006100    00000100     DSP2833x_GlobalVariableDefs.obj (ECanaMboxesFile)

ECanbRegsFile 
*          1    00006200    00000034     UNINITIALIZED
                  00006200    00000034     DSP2833x_GlobalVariableDefs.obj (ECanbRegsFile)

ECanbLAMRegsFile 
*          1    00006240    00000040     UNINITIALIZED
                  00006240    00000040     DSP2833x_GlobalVariableDefs.obj (ECanbLAMRegsFile)

ECanbMOTSRegsFile 
*          1    00006280    00000040     UNINITIALIZED
                  00006280    00000040     DSP2833x_GlobalVariableDefs.obj (ECanbMOTSRegsFile)

ECanbMOTORegsFile 
*          1    000062c0    00000040     UNINITIALIZED
                  000062c0    00000040     DSP2833x_GlobalVariableDefs.obj (ECanbMOTORegsFile)

ECanbMboxesFile 
*          1    00006300    00000100     UNINITIALIZED
                  00006300    00000100     DSP2833x_GlobalVariableDefs.obj (ECanbMboxesFile)

EPwm1RegsFile 
*          1    00006800    00000022     UNINITIALIZED
                  00006800    00000022     DSP2833x_GlobalVariableDefs.obj (EPwm1RegsFile)

EPwm2RegsFile 
*          1    00006840    00000022     UNINITIALIZED
                  00006840    00000022     DSP2833x_GlobalVariableDefs.obj (EPwm2RegsFile)

EPwm3RegsFile 
*          1    00006880    00000022     UNINITIALIZED
                  00006880    00000022     DSP2833x_GlobalVariableDefs.obj (EPwm3RegsFile)

EPwm4RegsFile 
*          1    000068c0    00000022     UNINITIALIZED
                  000068c0    00000022     DSP2833x_GlobalVariableDefs.obj (EPwm4RegsFile)

EPwm5RegsFile 
*          1    00006900    00000022     UNINITIALIZED
                  00006900    00000022     DSP2833x_GlobalVariableDefs.obj (EPwm5RegsFile)

EPwm6RegsFile 
*          1    00006940    00000022     UNINITIALIZED
                  00006940    00000022     DSP2833x_GlobalVariableDefs.obj (EPwm6RegsFile)

ECap1RegsFile 
*          1    00006a00    00000020     UNINITIALIZED
                  00006a00    00000020     DSP2833x_GlobalVariableDefs.obj (ECap1RegsFile)

ECap2RegsFile 
*          1    00006a20    00000020     UNINITIALIZED
                  00006a20    00000020     DSP2833x_GlobalVariableDefs.obj (ECap2RegsFile)

ECap3RegsFile 
*          1    00006a40    00000020     UNINITIALIZED
                  00006a40    00000020     DSP2833x_GlobalVariableDefs.obj (ECap3RegsFile)

ECap4RegsFile 
*          1    00006a60    00000020     UNINITIALIZED
                  00006a60    00000020     DSP2833x_GlobalVariableDefs.obj (ECap4RegsFile)

ECap5RegsFile 
*          1    00006a80    00000020     UNINITIALIZED
                  00006a80    00000020     DSP2833x_GlobalVariableDefs.obj (ECap5RegsFile)

ECap6RegsFile 
*          1    00006aa0    00000020     UNINITIALIZED
                  00006aa0    00000020     DSP2833x_GlobalVariableDefs.obj (ECap6RegsFile)

EQep1RegsFile 
*          1    00006b00    00000040     UNINITIALIZED
                  00006b00    00000040     DSP2833x_GlobalVariableDefs.obj (EQep1RegsFile)

EQep2RegsFile 
*          1    00006b40    00000040     UNINITIALIZED
                  00006b40    00000040     DSP2833x_GlobalVariableDefs.obj (EQep2RegsFile)

GpioCtrlRegsFile 
*          1    00006f80    0000002e     UNINITIALIZED
                  00006f80    0000002e     DSP2833x_GlobalVariableDefs.obj (GpioCtrlRegsFile)

GpioDataRegsFile 
*          1    00006fc0    00000020     UNINITIALIZED
                  00006fc0    00000020     DSP2833x_GlobalVariableDefs.obj (GpioDataRegsFile)

GpioIntRegsFile 
*          1    00006fe0    0000000a     UNINITIALIZED
                  00006fe0    0000000a     DSP2833x_GlobalVariableDefs.obj (GpioIntRegsFile)

SysCtrlRegsFile 
*          1    00007010    00000020     UNINITIALIZED
                  00007010    00000020     DSP2833x_GlobalVariableDefs.obj (SysCtrlRegsFile)

SpiaRegsFile 
*          1    00007040    00000010     UNINITIALIZED
                  00007040    00000010     DSP2833x_GlobalVariableDefs.obj (SpiaRegsFile)

SciaRegsFile 
*          1    00007050    00000010     UNINITIALIZED
                  00007050    00000010     DSP2833x_GlobalVariableDefs.obj (SciaRegsFile)

XIntruptRegsFile 
*          1    00007070    00000010     UNINITIALIZED
                  00007070    00000010     DSP2833x_GlobalVariableDefs.obj (XIntruptRegsFile)

AdcRegsFile 
*          1    00007100    0000001e     UNINITIALIZED
                  00007100    0000001e     DSP2833x_GlobalVariableDefs.obj (AdcRegsFile)

ScibRegsFile 
*          1    00007750    00000010     UNINITIALIZED
                  00007750    00000010     DSP2833x_GlobalVariableDefs.obj (ScibRegsFile)

ScicRegsFile 
*          1    00007770    00000010     UNINITIALIZED
                  00007770    00000010     DSP2833x_GlobalVariableDefs.obj (ScicRegsFile)

I2caRegsFile 
*          1    00007900    00000022     UNINITIALIZED
                  00007900    00000022     DSP2833x_GlobalVariableDefs.obj (I2caRegsFile)

CsmPwlFile 
*          1    0033fff8    00000008     UNINITIALIZED
                  0033fff8    00000008     DSP2833x_GlobalVariableDefs.obj (CsmPwlFile)

PartIdRegsFile 
*          1    00380090    00000001     UNINITIALIZED
                  00380090    00000001     DSP2833x_GlobalVariableDefs.obj (PartIdRegsFile)

.pinit     0    00338000    00000000     UNINITIALIZED

.text      0    00338000    00003c16     
                  00338000    00000668     B1_ModbusRTUSlaver.obj (.text)
                  00338668    00000383     DSP2833x_DMA.obj (.text)
                  003389eb    00000316     DSP2833x_DefaultIsr.obj (.text:retain)
                  00338d01    00000001     rts2800_fpu32.lib : _lock.c.obj (.text)
                  00338d02    000002f7     APP_Main.obj (.text)
                  00338ff9    000002e8     HDL_Uart.obj (.text)
                  003392e1    00000264     BFL_SCR.obj (.text)
                  00339545    0000021c     B3_FaultDetect.obj (.text)
                  00339761    0000021b     BFL_VCB.obj (.text)
                  0033997c    000001fc     B3_RTUPush.obj (.text)
                  00339b78    000001fa     HDL_Uart.obj (.text:retain)
                  00339d72    0000016a     CHIP_W25Q128.obj (.text)
                  00339edc    00000137     mbcb.obj (.text)
                  0033a013    00000136     B2_CmdBypassCapacitors.obj (.text)
                  0033a149    00000001     rts2800_fpu32.lib : startup.c.obj (.text)
                  0033a14a    00000135     BFL_Measure.obj (.text)
                  0033a27f    0000012d     mbrtu.obj (.text)
                  0033a3ac    0000012b     HDL_SPI.obj (.text)
                  0033a4d7    0000011e     B2_CmdCutOffCapacitors.obj (.text)
                  0033a5f5    00000107     rts2800_fpu32.lib : ll_div28.asm.obj (.text)
                  0033a6fc    000000fc     DSP2833x_SysCtrl.obj (.text)
                  0033a7f8    000000f4     B1_Measure.obj (.text)
                  0033a8ec    000000ee     DSP2833x_EPwm.obj (.text)
                  0033a9da    000000e9     HDL_CPU_Time.obj (.text)
                  0033aac3    000000d2     cqueue.obj (.text)
                  0033ab95    000000ca     B3_SysAutoMode.obj (.text)
                  0033ac5f    000000c7     mbcrc.obj (.text)
                  0033ad26    000000c1     B2_CmdMakeCapacitorsWork.obj (.text)
                  0033ade7    000000c0     mbfuncholding.obj (.text)
                  0033aea7    000000ae     B1_CapacitanceTemperatureMeasure.obj (.text)
                  0033af55    000000a1     BFL_RS485.obj (.text)
                  0033aff6    0000009c     rts2800_fpu32.lib : fd_add28.asm.obj (.text)
                  0033b092    00000095     mbfunccoils.obj (.text)
                  0033b127    00000090     mbfuncinput.obj (.text)
                  0033b1b7    0000008e     HDL_CPU_Time.obj (.text:retain)
                  0033b245    0000008b     rts2800_fpu32.lib : fd_div28.asm.obj (.text)
                  0033b2d0    00000088                       : fs_div28.asm.obj (.text)
                  0033b358    00000083                       : fd_mpy28.asm.obj (.text)
                  0033b3db    00000078     BFL_SCR.obj (.text:retain)
                  0033b453    00000077     average_filter.obj (.text)
                  0033b4ca    00000072     rts2800_fpu32.lib : ti_fmax.c.obj (.text)
                  0033b53c    0000005e     mb.obj (.text)
                  0033b59a    0000005d     B1_VCBStatusGet.obj (.text)
                  0033b5f7    00000059     BFL_Buzz.obj (.text)
                  0033b650    00000059     HDL_CAN.obj (.text:retain)
                  0033b6a9    00000056     rts2800_fpu32.lib : boot28.asm.obj (.text)
                  0033b6ff    0000004b     BFL_Button.obj (.text)
                  0033b74a    0000004b     crc.obj (.text)
                  0033b795    00000049     BFL_DebugPin.obj (.text)
                  0033b7de    00000048     mbfuncdisc.obj (.text)
                  0033b826    00000046     HDL_IWDG.obj (.text)
                  0033b86c    00000035     B1_SysModeGet.obj (.text)
                  0033b8a1    00000035     DSP2833x_CpuTimers.obj (.text)
                  0033b8d6    00000034     portserial.obj (.text)
                  0033b90a    0000002a     mbutils.obj (.text)
                  0033b934    0000002a     rts2800_fpu32.lib : fd_cmp28.asm.obj (.text)
                  0033b95e    0000002a                       : l_div28.asm.obj (.text)
                  0033b988    00000029                       : exit.c.obj (.text)
                  0033b9b1    00000028     DSP2833x_PieCtrl.obj (.text)
                  0033b9d9    00000001     --HOLE-- [fill = 0]
                  0033b9da    00000027     rts2800_fpu32.lib : e_sqrtf.c.obj (.text)
                  0033ba01    00000025     HDL_IWDG.obj (.text:retain)
                  0033ba26    00000024     rts2800_fpu32.lib : cpy_tbl.c.obj (.text)
                  0033ba4a    00000021                       : fd_toi28.asm.obj (.text)
                  0033ba6b    00000020     main.obj (.text)
                  0033ba8b    0000001f     rts2800_fpu32.lib : fd_tol28.asm.obj (.text)
                  0033baaa    0000001e     async_delay.obj (.text)
                  0033bac8    0000001e     rts2800_fpu32.lib : ll_cmp28.asm.obj (.text)
                  0033bae6    0000001d                       : i_tofd28.asm.obj (.text)
                  0033bb03    0000001d                       : memcpy.c.obj (.text)
                  0033bb20    0000001c                       : fs_tofdfpu32.asm.obj (.text)
                  0033bb3c    0000001c                       : l_tofd28.asm.obj (.text)
                  0033bb58    00000018                       : ll_aox28.asm.obj (.text)
                  0033bb70    00000014     DSP2833x_Adc.obj (.text)
                  0033bb84    00000013     period_query.obj (.text)
                  0033bb97    00000012     mbfuncother.obj (.text)
                  0033bba9    00000012     rts2800_fpu32.lib : args_main.c.obj (.text)
                  0033bbbb    00000012     state_duration_timer.obj (.text)
                  0033bbcd    00000011     DSP2833x_PieVect.obj (.text)
                  0033bbde    0000000e     rts2800_fpu32.lib : fd_sub28.asm.obj (.text)
                  0033bbec    0000000b                       : u_div28.asm.obj (.text)
                  0033bbf7    00000009                       : fd_neg28.asm.obj (.text)
                  0033bc00    00000008     DSP2833x_CodeStartBranch.obj (.text)
                  0033bc08    00000007     rts2800_fpu32.lib : memset.c.obj (.text)
                  0033bc0f    00000005     porttimer.obj (.text)
                  0033bc14    00000002     rts2800_fpu32.lib : pre_init.c.obj (.text)

codestart 
*          0    0033fff6    00000002     
                  0033fff6    00000002     DSP2833x_CodeStartBranch.obj (codestart)

.stack     1    00000400    00000400     UNINITIALIZED
                  00000400    00000400     --HOLE--

.ebss      1    0000c000    00000be8     UNINITIALIZED
                  0000c000    00000374     APP_Main.obj (.ebss)
                  0000c374    0000000a     HDL_CAN.obj (.ebss)
                  0000c37e    00000002     B1_CapacitanceTemperatureMeasure.obj (.ebss)
                  0000c380    00000100     CHIP_W25Q128.obj (.ebss:_g_pageBuf$17)
                  0000c480    00000100     HDL_Uart.obj (.ebss:_m_Com2TxBuf)
                  0000c580    00000100     HDL_Uart.obj (.ebss:_m_Com3TxBuf)
                  0000c680    00000100     mbrtu.obj (.ebss:_ucRTUBuf)
                  0000c780    000000a0     BFL_Measure.obj (.ebss:_AdcVoltRMSFilterBuf)
                  0000c820    00000020     HDL_Uart.obj (.ebss:_m_Com1TxBuf)
                  0000c840    00000096     HDL_Uart.obj (.ebss:__gCOMList)
                  0000c8d6    00000020     mbfuncother.obj (.ebss:_ucMBSlaveID$28)
                  0000c8f6    0000000a     BFL_VCB.obj (.ebss:_g_vcb_list)
                  0000c900    00000080     BFL_Measure.obj (.ebss:_AdcVoltRMSFilter)
                  0000c980    00000050     HDL_Uart.obj (.ebss:_m_Com1RxBuf)
                  0000c9d0    0000001c     mb.obj (.ebss)
                  0000c9ec    00000012     BFL_SCR.obj (.ebss)
                  0000c9fe    00000002     rts2800_fpu32.lib : _lock.c.obj (.ebss:__lock)
                  0000ca00    00000050     HDL_Uart.obj (.ebss:_m_Com2RxBuf)
                  0000ca50    00000018     DSP2833x_CpuTimers.obj (.ebss)
                  0000ca68    00000010     BFL_Measure.obj (.ebss:_AdcAvg)
                  0000ca78    00000006     B2_CmdBypassCapacitors.obj (.ebss)
                  0000ca7e    00000002     rts2800_fpu32.lib : _lock.c.obj (.ebss:__unlock)
                  0000ca80    00000050     HDL_Uart.obj (.ebss:_m_Com3RxBuf)
                  0000cad0    00000010     BFL_Measure.obj (.ebss:_AdcRMS)
                  0000cae0    00000010     BFL_Measure.obj (.ebss:_AdcVoltAvg)
                  0000caf0    00000010     BFL_Measure.obj (.ebss:_AdcVoltRMS)
                  0000cb00    00000040     mb.obj (.ebss:_xFuncHandlers$30)
                  0000cb40    0000003c     mbcb.obj (.ebss:_usRegHoldingBuf)
                  0000cb7c    00000004     B1_ModbusRTUSlaver.obj (.ebss)
                  0000cb80    0000003c     mbcb.obj (.ebss:_usRegInputBuf)
                  0000cbbc    00000004     B3_RTUPush.obj (.ebss)
                  0000cbc0    00000006     BFL_Measure.obj (.ebss)
                  0000cbc6    00000006     HDL_CPU_Time.obj (.ebss)
                  0000cbcc    00000006     mbrtu.obj (.ebss)
                  0000cbd2    00000006     rts2800_fpu32.lib : exit.c.obj (.ebss)
                  0000cbd8    00000004     HDL_IWDG.obj (.ebss)
                  0000cbdc    00000002     mbcb.obj (.ebss:_ucRegCoilsBuf)
                  0000cbde    00000002     mbcb.obj (.ebss:_ucRegDiscreteBuf)
                  0000cbe0    00000002     portevent.obj (.ebss)
                  0000cbe2    00000001     B3_SysAutoMode.obj (.ebss)
                  0000cbe3    00000001     BFL_Buzz.obj (.ebss)
                  0000cbe4    00000001     mbcb.obj (.ebss)
                  0000cbe5    00000001     mbfuncother.obj (.ebss)
                  0000cbe6    00000001     porttimer.obj (.ebss)
                  0000cbe7    00000001     rts2800_fpu32.lib : errno.c.obj (.ebss)

.econst    0    0033bc16    000005c8     
                  0033bc16    00000100     mbcrc.obj (.econst:.string:_aucCRCHi$35)
                  0033bd16    00000100     mbcrc.obj (.econst:.string:_aucCRCLo$35)
                  0033be16    00000100     DSP2833x_PieVect.obj (.econst:_PieVectTableInit)
                  0033bf16    00000100     crc.obj (.econst:_s_CRCHi)
                  0033c016    00000100     crc.obj (.econst:_s_CRCLo)
                  0033c116    0000005b     BFL_VCB.obj (.econst:.string)
                  0033c171    00000001     CHIP_W25Q128.obj (.econst:_$P$T2$3$17)
                  0033c172    00000026     rts2800_fpu32.lib : _printfi.c.obj (.econst:.string)
                  0033c198    0000001c                       : _printfi.c.obj (.econst)
                  0033c1b4    00000010     <whole-program> (.econst)
                  0033c1c4    00000008     B1_CapacitanceTemperatureMeasure.obj (.econst:_request_cmd$3)
                  0033c1cc    00000006     CHIP_W25Q128.obj (.econst:_$P$T5$6$17)
                  0033c1d2    00000004     CHIP_W25Q128.obj (.econst:_$P$T4$5$17)
                  0033c1d6    00000004     CHIP_W25Q128.obj (.econst:_$P$T6$7$17)
                  0033c1da    00000002     CHIP_W25Q128.obj (.econst:_$P$T0$1$17)
                  0033c1dc    00000002     mbcb.obj (.econst)

.switch    0    0033c364    00000018     
                  0033c364    00000018     <whole-program> (.switch:_B3_RTUPush_Poll)

DMARAML4   1    0000cc00    000003c0     UNINITIALIZED
                  0000cc00    000003c0     BFL_Measure.obj (DMARAML4)

.reset     0    003fffc0    00000002     DSECT
                  003fffc0    00000002     rts2800_fpu32.lib : boot28.asm.obj (.reset)

vectors    0    003fffc2    00000000     DSECT

.adc_cal   0    00380080    00000007     NOLOAD SECTION
                  00380080    00000007     DSP2833x_ADC_cal.obj (.adc_cal)

MODULE SUMMARY

       Module                                   code    initialized data   uninitialized data
       ------                                   ----    ----------------   ------------------
    .\
       DSP2833x_GlobalVariableDefs.obj          0       0                  2679              
       DSP2833x_DMA.obj                         899     0                  0                 
       DSP2833x_DefaultIsr.obj                  790     0                  0                 
       DSP2833x_SysCtrl.obj                     310     0                  0                 
       DSP2833x_PieVect.obj                     17      256                0                 
       DSP2833x_EPwm.obj                        238     0                  0                 
       DSP2833x_CpuTimers.obj                   53      0                  24                
       DSP2833x_PieCtrl.obj                     40      0                  0                 
       DSP2833x_Adc.obj                         20      0                  0                 
       DSP2833x_CodeStartBranch.obj             10      0                  0                 
       DSP2833x_usDelay.obj                     8       0                  0                 
       DSP2833x_ADC_cal.obj                     7       0                  0                 
    +--+----------------------------------------+-------+------------------+--------------------+
       Total:                                   2392    256                2703              
                                                                                             
    .\APP\
       B1_ModbusRTUSlaver.obj                   1640    0                  4                 
       APP_Main.obj                             759     0                  884               
       B3_FaultDetect.obj                       540     0                  0                 
       B3_RTUPush.obj                           508     0                  4                 
       B2_CmdBypassCapacitors.obj               310     9                  6                 
       B2_CmdCutOffCapacitors.obj               286     0                  0                 
       B1_Measure.obj                           244     0                  0                 
       B3_SysAutoMode.obj                       202     0                  1                 
       B2_CmdMakeCapacitorsWork.obj             193     0                  0                 
       B1_CapacitanceTemperatureMeasure.obj     174     8                  2                 
       B1_VCBStatusGet.obj                      93      0                  0                 
       B1_SysModeGet.obj                        53      0                  0                 
    +--+----------------------------------------+-------+------------------+--------------------+
       Total:                                   5002    17                 901               
                                                                                             
    .\Application\
       main.obj                                 32      0                  0                 
    +--+----------------------------------------+-------+------------------+--------------------+
       Total:                                   32      0                  0                 
                                                                                             
    .\BFL\
       BFL_Measure.obj                          1083    4                  1318              
       BFL_SCR.obj                              732     0                  18                
       BFL_VCB.obj                              539     91                 10                
       BFL_RS485.obj                            161     0                  0                 
       BFL_Buzz.obj                             89      4                  1                 
       BFL_Button.obj                           75      0                  0                 
       BFL_DebugPin.obj                         73      0                  0                 
       async_delay.obj                          30      0                  0                 
       period_query.obj                         19      0                  0                 
       state_duration_timer.obj                 18      0                  0                 
    +--+----------------------------------------+-------+------------------+--------------------+
       Total:                                   2819    99                 1347              
                                                                                             
    .\CHIP\
       CHIP_W25Q128.obj                         362     17                 256               
    +--+----------------------------------------+-------+------------------+--------------------+
       Total:                                   362     17                 256               
                                                                                             
    .\HDL\
       HDL_Uart.obj                             1250    174                934               
       HDL_CPU_Time.obj                         375     13                 6                 
       HDL_SPI.obj                              299     0                  0                 
       HDL_IWDG.obj                             107     10                 4                 
       HDL_CAN.obj                              89      0                  10                
    +--+----------------------------------------+-------+------------------+--------------------+
       Total:                                   2120    197                954               
                                                                                             
    .\LIB\
       crc.obj                                  75      512                0                 
       cqueue.obj                               210     0                  0                 
       average_filter.obj                       119     0                  0                 
    +--+----------------------------------------+-------+------------------+--------------------+
       Total:                                   404     512                0                 
                                                                                             
    .\freemodbus\
       mb.obj                                   94      0                  92                
    +--+----------------------------------------+-------+------------------+--------------------+
       Total:                                   94      0                  92                
                                                                                             
    .\freemodbus\functions\
       mbfuncholding.obj                        192     0                  0                 
       mbfunccoils.obj                          149     0                  0                 
       mbfuncinput.obj                          144     0                  0                 
       mbfuncdisc.obj                           72      0                  0                 
       mbfuncother.obj                          18      0                  33                
       mbutils.obj                              42      0                  0                 
    +--+----------------------------------------+-------+------------------+--------------------+
       Total:                                   617     0                  33                
                                                                                             
    .\freemodbus\port\
       mbcb.obj                                 311     2                  125               
       portserial.obj                           52      0                  0                 
       porttimer.obj                            5       0                  1                 
       portevent.obj                            0       0                  2                 
    +--+----------------------------------------+-------+------------------+--------------------+
       Total:                                   368     2                  128               
                                                                                             
    .\freemodbus\rtu\
       mbcrc.obj                                199     512                0                 
       mbrtu.obj                                301     0                  262               
    +--+----------------------------------------+-------+------------------+--------------------+
       Total:                                   500     512                262               
                                                                                             
    C:\Users\liuyu\AppData\Local\Temp\
       {FE31B3DC-DCDB-4D7D-99FE-81F03709E431}   0       200                0                 
    +--+----------------------------------------+-------+------------------+--------------------+
       Total:                                   0       200                0                 
                                                                                             
    C:/ti/ccstheia131/ccs/tools/compiler/ti-cgt-c2000_22.6.1A23259/lib/rts2800_fpu32.lib
       ll_div28.asm.obj                         263     0                  0                 
       fd_add28.asm.obj                         156     0                  0                 
       fd_div28.asm.obj                         139     0                  0                 
       fs_div28.asm.obj                         136     0                  0                 
       fd_mpy28.asm.obj                         131     0                  0                 
       ti_fmax.c.obj                            114     0                  0                 
       boot28.asm.obj                           86      0                  0                 
       _printfi.c.obj                           0       66                 0                 
       exit.c.obj                               41      14                 6                 
       fd_cmp28.asm.obj                         42      0                  0                 
       l_div28.asm.obj                          42      0                  0                 
       e_sqrtf.c.obj                            39      0                  0                 
       cpy_tbl.c.obj                            36      0                  0                 
       fd_toi28.asm.obj                         33      0                  0                 
       fd_tol28.asm.obj                         31      0                  0                 
       ll_cmp28.asm.obj                         30      0                  0                 
       i_tofd28.asm.obj                         29      0                  0                 
       memcpy.c.obj                             29      0                  0                 
       fs_tofdfpu32.asm.obj                     28      0                  0                 
       l_tofd28.asm.obj                         28      0                  0                 
       ll_aox28.asm.obj                         24      0                  0                 
       args_main.c.obj                          18      0                  0                 
       fd_sub28.asm.obj                         14      0                  0                 
       u_div28.asm.obj                          11      0                  0                 
       fd_neg28.asm.obj                         9       0                  0                 
       memset.c.obj                             7       0                  0                 
       _lock.c.obj                              1       0                  4                 
       pre_init.c.obj                           2       0                  0                 
       errno.c.obj                              0       0                  1                 
       startup.c.obj                            1       0                  0                 
    +--+----------------------------------------+-------+------------------+--------------------+
       Total:                                   1520    80                 11                
                                                                                             
       Stack:                                   0       0                  1024              
    +--+----------------------------------------+-------+------------------+--------------------+
       Grand Total:                             16230   1892               7711              


GLOBAL DATA SYMBOLS: SORTED BY DATA PAGE

address     data page           name
--------    ----------------    ----
00000400      10 (00000400)     __stack

00000880      22 (00000880)     _DevEmuRegs

00000a80      2a (00000a80)     _FlashRegs

00000ae0      2b (00000ac0)     _CsmRegs

00000b00      2c (00000b00)     _AdcMirror
00000b20      2c (00000b00)     _XintfRegs

00000c00      30 (00000c00)     _CpuTimer0Regs
00000c08      30 (00000c00)     _CpuTimer1Regs
00000c10      30 (00000c00)     _CpuTimer2Regs

00000ce0      33 (00000cc0)     _PieCtrlRegs

00000d00      34 (00000d00)     _PieVectTable

00001000      40 (00001000)     _DmaRegs

00005000     140 (00005000)     _McbspaRegs

00005040     141 (00005040)     _McbspbRegs

00006000     180 (00006000)     _ECanaRegs

00006040     181 (00006040)     _ECanaLAMRegs

00006080     182 (00006080)     _ECanaMOTSRegs

000060c0     183 (000060c0)     _ECanaMOTORegs

00006100     184 (00006100)     _ECanaMboxes

00006200     188 (00006200)     _ECanbRegs

00006240     189 (00006240)     _ECanbLAMRegs

00006280     18a (00006280)     _ECanbMOTSRegs

000062c0     18b (000062c0)     _ECanbMOTORegs

00006300     18c (00006300)     _ECanbMboxes

00006800     1a0 (00006800)     _EPwm1Regs

00006840     1a1 (00006840)     _EPwm2Regs

00006880     1a2 (00006880)     _EPwm3Regs

000068c0     1a3 (000068c0)     _EPwm4Regs

00006900     1a4 (00006900)     _EPwm5Regs

00006940     1a5 (00006940)     _EPwm6Regs

00006a00     1a8 (00006a00)     _ECap1Regs
00006a20     1a8 (00006a00)     _ECap2Regs

00006a40     1a9 (00006a40)     _ECap3Regs
00006a60     1a9 (00006a40)     _ECap4Regs

00006a80     1aa (00006a80)     _ECap5Regs
00006aa0     1aa (00006a80)     _ECap6Regs

00006b00     1ac (00006b00)     _EQep1Regs

00006b40     1ad (00006b40)     _EQep2Regs

00006f80     1be (00006f80)     _GpioCtrlRegs

00006fc0     1bf (00006fc0)     _GpioDataRegs
00006fe0     1bf (00006fc0)     _GpioIntRegs

00007010     1c0 (00007000)     _SysCtrlRegs

00007040     1c1 (00007040)     _SpiaRegs
00007050     1c1 (00007040)     _SciaRegs
00007070     1c1 (00007040)     _XIntruptRegs

00007100     1c4 (00007100)     _AdcRegs

00007750     1dd (00007740)     _ScibRegs
00007770     1dd (00007740)     _ScicRegs

00007900     1e4 (00007900)     _I2caRegs

0000c002     300 (0000c000)     _g_pSysInfo
0000c004     300 (0000c000)     _g_backGroundTaskMaxRuningTimeUS
0000c006     300 (0000c000)     _g_backGroundTaskRuningTimeUS
0000c008     300 (0000c000)     _g_A
0000c00a     300 (0000c000)     _g_B

0000c040     301 (0000c040)     _g_AppMainInfo

0000c374     30d (0000c340)     _can_rx_msg

0000c680     31a (0000c680)     _ucRTUBuf

0000c840     321 (0000c840)     __gCOMList

0000c8f6     323 (0000c8c0)     _g_vcb_list

0000c9e0     327 (0000c9c0)     _pxMBFrameCBByteReceived
0000c9e2     327 (0000c9c0)     _pxMBFrameCBTransmitterEmpty
0000c9e4     327 (0000c9c0)     _pxMBPortCBTimerExpired
0000c9e6     327 (0000c9c0)     _pxMBFrameCBReceiveFSMCur
0000c9e8     327 (0000c9c0)     _pxMBFrameCBTransmitFSMCur
0000c9ec     327 (0000c9c0)     _epwm1_info
0000c9f2     327 (0000c9c0)     _epwm2_info
0000c9f8     327 (0000c9c0)     _epwm3_info
0000c9fe     327 (0000c9c0)     __lock

0000ca50     329 (0000ca40)     _CpuTimer0
0000ca58     329 (0000ca40)     _CpuTimer1
0000ca60     329 (0000ca40)     _CpuTimer2
0000ca78     329 (0000ca40)     _SCRT_Fault1
0000ca7a     329 (0000ca40)     _scrtFb1
0000ca7c     329 (0000ca40)     _s_t1
0000ca7e     329 (0000ca40)     __unlock

0000cb40     32d (0000cb40)     _usRegHoldingBuf

0000cb80     32e (0000cb80)     _usRegInputBuf

0000cbc2     32f (0000cbc0)     _DMADest
0000cbc4     32f (0000cbc0)     _DMASource
0000cbd2     32f (0000cbc0)     ___TI_enable_exit_profile_output
0000cbd4     32f (0000cbc0)     ___TI_cleanup_ptr
0000cbd6     32f (0000cbc0)     ___TI_dtors_ptr
0000cbdc     32f (0000cbc0)     _ucRegCoilsBuf
0000cbde     32f (0000cbc0)     _ucRegDiscreteBuf
0000cbe2     32f (0000cbc0)     _debugVar
0000cbe4     32f (0000cbc0)     _boolRegHoldingChanged
0000cbe7     32f (0000cbc0)     _errno

0000cc00     330 (0000cc00)     _DMABuf1

0033be16    cef8 (0033be00)     _PieVectTableInit

0033bf16    cefc (0033bf00)     _s_CRCHi

0033c016    cf00 (0033c000)     _s_CRCLo

0033c1dc    cf07 (0033c1c0)     _usRegInputStart
0033c1dd    cf07 (0033c1c0)     _usRegHoldingStart

0033fff8    cfff (0033ffc0)     _CsmPwl

00380090    e002 (00380080)     _PartIdRegs


GLOBAL SYMBOLS: SORTED ALPHABETICALLY BY Name 

page  address   name                                    
----  -------   ----                                    
0     00338000  .text                                   
0     0033b988  C$$EXIT                                 
0     0033aff6  FD$$ADD                                 
0     0033b934  FD$$CMP                                 
0     0033b245  FD$$DIV                                 
0     0033b358  FD$$MPY                                 
0     0033bbf7  FD$$NEG                                 
0     0033bbde  FD$$SUB                                 
0     0033ba4a  FD$$TOI                                 
0     0033ba8b  FD$$TOL                                 
0     0033b2d0  FS$$DIV                                 
0     0033bb20  FS$$TOFD                                
0     0033bae6  I$$TOFD                                 
0     0033b95e  L$$DIV                                  
0     0033b96d  L$$MOD                                  
0     0033bb3c  L$$TOFD                                 
0     0033bb58  LL$$AND                                 
0     0033bac8  LL$$CMP                                 
0     0033a5f5  LL$$DIV                                 
0     0033a631  LL$$MOD                                 
0     0033bb60  LL$$OR                                  
0     0033bb68  LL$$XOR                                 
0     0033bbec  U$$DIV                                  
0     0033bbf1  U$$MOD                                  
0     0033b97b  UL$$DIV                                 
0     0033b982  UL$$MOD                                 
0     0033bada  ULL$$CMP                                
0     0033a66b  ULL$$DIV                                
0     0033a69a  ULL$$MOD                                
0     00338cf7  _ADCINT_ISR                             
0     00380080  _ADC_cal                                
0     00338f19  _APP_Main_Init                          
0     00338e6c  _APP_Main_Poll                          
0     00338dd8  _APP_Main_Save_SysInfo                  
1     00000b00  _AdcMirror                              
1     00007100  _AdcRegs                                
0     0033aea7  _B1_CapacitanceTemperatureMeasure_Poll  
0     0033a7f8  _B1_Measure_Poll                        
0     0033863e  _B1_ModbusRTUSlaver_Poll                
0     0033b86c  _B1_SysModeGet_DeltaPoll                
0     0033b5d4  _B1_VCBStatusGet_DeltaPoll              
0     0033b59a  _B1_VCBStatus_Update                    
0     0033a053  _B2_CmdBypassCapacitors_Exec            
0     0033a0f3  _B2_CmdBypassCapacitors_Exec_Solution   
0     0033a02a  _B2_CmdBypassCapacitors_Test            
0     0033a4ee  _B2_CmdCutOffCapacitors_Exec            
0     0033a5a3  _B2_CmdCutOffCapacitors_Exec_Solution   
0     0033ad29  _B2_CmdMakeCapacitorsWork_Exec          
0     0033ada1  _B2_CmdMakeCapacitorsWork_Exec_Solution 
0     00339545  _B3_Check_Minor_Fault_Exist             
0     00339727  _B3_Check_SCR_Serious_Fault             
0     0033997c  _B3_RTUPush_Poll                        
0     0033ab95  _B3_SysAutoMode_DeltaPoll               
0     0033b709  _BFL_Button_Init                        
0     0033b6ff  _BFL_Button_IsPressed                   
0     0033b630  _BFL_Buzz_Init                          
0     0033b61e  _BFL_Buzz_IsOff                         
0     0033b60f  _BFL_Buzz_Off                           
0     0033b600  _BFL_Buzz_On                            
0     0033b5fc  _BFL_Buzz_SetTrigLevel                  
0     0033b5f7  _BFL_Buzz_Toggle                        
0     0033b7bf  _BFL_DebugPin_Init                      
0     0033b7b1  _BFL_DebugPin_Reset                     
0     0033b7a3  _BFL_DebugPin_Set                       
0     0033b795  _BFL_DebugPin_Toggle                    
0     0033a260  _BFL_Measure_Init                       
0     0033a22c  _BFL_Measure_Read                       
0     0033a226  _BFL_Measure_ReadReady                  
0     0033afa9  _BFL_RS485_Init                         
0     0033af9b  _BFL_RS485_Read                         
0     0033af8d  _BFL_RS485_Release_Bus                  
0     0033af88  _BFL_RS485_Release_Bus_RS4851           
0     0033af83  _BFL_RS485_Release_Bus_RS4852           
0     0033af55  _BFL_RS485_Take_Bus                     
0     0033af7e  _BFL_RS485_Take_Bus_RS4851              
0     0033af79  _BFL_RS485_Take_Bus_RS4852              
0     0033af63  _BFL_RS485_Write                        
0     00339505  _BFL_SCRR_Have_Signal                   
0     00339475  _BFL_SCRT_Pluse_Transmit                
0     003393c7  _BFL_SCR_Init                           
0     00339969  _BFL_VCB_CTRL_STATE_To_String           
0     00339946  _BFL_VCB_Get_Actual_State               
0     00339939  _BFL_VCB_Get_Setting_State              
0     0033992c  _BFL_VCB_Relay_Get_Setting_State        
0     0033989d  _BFL_VCB_Relay_Set_As_Switch_Closed     
0     00339761  _BFL_VCB_Relay_Set_As_Switch_No_Ctrl    
0     00339838  _BFL_VCB_Relay_Set_As_Switch_Opened     
0     0033991e  _BFL_VCB_STATE_To_String                
0     003398fe  _BFL_VCB_SW_To_String                   
0     003398f0  _BFL_VCB_Set_As_Switch_Closed           
0     00339898  _BFL_VCB_Set_As_Switch_No_Ctrl          
0     0033988b  _BFL_VCB_Set_As_Switch_Opened           
0     003397a0  _BFL_VCB_Seurity_Init                   
0     00338e16  _BackGroundTask                         
0     0033b650  _CANA_ISR                               
0     00339de8  _CHIP_W25Q128_Erase_One_Sector          
0     00339ea4  _CHIP_W25Q128_Read                      
0     00339e7a  _CHIP_W25Q128_Write                     
0     0033b74a  _CRC16_Modbus                           
0     0033bbbb  _CheckConditionDurationMet              
0     00338d02  _Config_Default_Parameter               
1     0000ca50  _CpuTimer0                              
1     00000c00  _CpuTimer0Regs                          
1     0000ca58  _CpuTimer1                              
1     00000c08  _CpuTimer1Regs                          
1     0000ca60  _CpuTimer2                              
1     00000c10  _CpuTimer2Regs                          
1     0033fff8  _CsmPwl                                 
1     00000ae0  _CsmRegs                                
0     0033a7ca  _CsmUnlock                              
0     00338ced  _DATALOG_ISR                            
0     00338ce3  _DINTCH1_ISR                            
0     00338cd9  _DINTCH2_ISR                            
0     00338ccf  _DINTCH3_ISR                            
0     00338cc5  _DINTCH4_ISR                            
0     00338cbb  _DINTCH5_ISR                            
0     00338cb1  _DINTCH6_ISR                            
1     0000cc00  _DMABuf1                                
0     003389e1  _DMACH1AddrConfig                       
0     003389d8  _DMACH1BurstConfig                      
0     00338973  _DMACH1ModeConfig                       
0     0033896a  _DMACH1TransferConfig                   
0     00338960  _DMACH1WrapConfig                       
0     00338956  _DMACH2AddrConfig                       
0     0033894d  _DMACH2BurstConfig                      
0     003388e8  _DMACH2ModeConfig                       
0     003388df  _DMACH2TransferConfig                   
0     003388d5  _DMACH2WrapConfig                       
0     003388cb  _DMACH3AddrConfig                       
0     003388c2  _DMACH3BurstConfig                      
0     0033885d  _DMACH3ModeConfig                       
0     00338854  _DMACH3TransferConfig                   
0     0033884a  _DMACH3WrapConfig                       
0     00338840  _DMACH4AddrConfig                       
0     00338837  _DMACH4BurstConfig                      
0     003387d0  _DMACH4ModeConfig                       
0     003387c7  _DMACH4TransferConfig                   
0     003387bd  _DMACH4WrapConfig                       
0     003387b3  _DMACH5AddrConfig                       
0     003387aa  _DMACH5BurstConfig                      
0     00338743  _DMACH5ModeConfig                       
0     0033873a  _DMACH5TransferConfig                   
0     00338730  _DMACH5WrapConfig                       
0     00338726  _DMACH6AddrConfig                       
0     0033871d  _DMACH6BurstConfig                      
0     003386b6  _DMACH6ModeConfig                       
0     003386ad  _DMACH6TransferConfig                   
0     003386a3  _DMACH6WrapConfig                       
1     0000cbc2  _DMADest                                
0     00338698  _DMAInitialize                          
1     0000cbc4  _DMASource                              
0     000081a0  _DSP28x_usDelay                         
1     00000880  _DevEmuRegs                             
0     0033a706  _DisableDog                             
1     00001000  _DmaRegs                                
0     00338ca7  _ECAN0INTA_ISR                          
0     00338c9d  _ECAN0INTB_ISR                          
0     00338c93  _ECAN1INTA_ISR                          
0     00338c89  _ECAN1INTB_ISR                          
0     00338c7f  _ECAP1_INT_ISR                          
0     00338c75  _ECAP2_INT_ISR                          
0     00338c6b  _ECAP3_INT_ISR                          
0     00338c61  _ECAP4_INT_ISR                          
0     00338c57  _ECAP5_INT_ISR                          
0     00338c4d  _ECAP6_INT_ISR                          
1     00006040  _ECanaLAMRegs                           
1     000060c0  _ECanaMOTORegs                          
1     00006080  _ECanaMOTSRegs                          
1     00006100  _ECanaMboxes                            
1     00006000  _ECanaRegs                              
1     00006240  _ECanbLAMRegs                           
1     000062c0  _ECanbMOTORegs                          
1     00006280  _ECanbMOTSRegs                          
1     00006300  _ECanbMboxes                            
1     00006200  _ECanbRegs                              
1     00006a00  _ECap1Regs                              
1     00006a20  _ECap2Regs                              
1     00006a40  _ECap3Regs                              
1     00006a60  _ECap4Regs                              
1     00006a80  _ECap5Regs                              
1     00006aa0  _ECap6Regs                              
0     00338c43  _EMUINT_ISR                             
0     00338c39  _EPWM1_INT_ISR                          
0     00338c2f  _EPWM1_TZINT_ISR                        
0     00338c25  _EPWM2_INT_ISR                          
0     00338c1b  _EPWM2_TZINT_ISR                        
0     00338c11  _EPWM3_INT_ISR                          
0     00338c07  _EPWM3_TZINT_ISR                        
0     00338bfd  _EPWM4_INT_ISR                          
0     00338bf3  _EPWM4_TZINT_ISR                        
0     00338be9  _EPWM5_INT_ISR                          
0     00338bdf  _EPWM5_TZINT_ISR                        
0     00338bd5  _EPWM6_INT_ISR                          
0     00338bcb  _EPWM6_TZINT_ISR                        
1     00006800  _EPwm1Regs                              
1     00006840  _EPwm2Regs                              
1     00006880  _EPwm3Regs                              
1     000068c0  _EPwm4Regs                              
1     00006900  _EPwm5Regs                              
1     00006940  _EPwm6Regs                              
0     003392e1  _EPwmx_ActionInit                       
0     00338bc1  _EQEP1_INT_ISR                          
0     00338bb7  _EQEP2_INT_ISR                          
1     00006b00  _EQep1Regs                              
1     00006b40  _EQep2Regs                              
0     0033b9d0  _EnableInterrupts                       
0     0033b8f8  _EnterCriticalSection                   
0     0033b8fc  _ExitCriticalSection                    
1     00000a80  _FlashRegs                              
0     00339d72  _Flash_ReadSR1                          
0     00339d9e  _Flash_Wait_Busy                        
0     00339dbb  _Flash_Write_Enable                     
1     00006f80  _GpioCtrlRegs                           
1     00006fc0  _GpioDataRegs                           
1     00006fe0  _GpioIntRegs                            
0     0033aaae  _HDL_CPU_Time_DelayMs                   
0     0033aa9c  _HDL_CPU_Time_DelayUs                   
0     0033aa92  _HDL_CPU_Time_GetTick                   
0     0033aa8b  _HDL_CPU_Time_GetUsTick                 
0     0033aa3b  _HDL_CPU_Time_Init                      
0     0033aa36  _HDL_CPU_Time_ResetTick                 
0     0033aa30  _HDL_CPU_Time_ResetUsTick               
0     0033aa2c  _HDL_CPU_Time_SetCPUTickCallback        
0     0033aa14  _HDL_CPU_Time_StartHardTimer            
0     0033a9da  _HDL_CPU_Time_StopHardTimer             
0     0033b869  _HDL_IWDG_Feed                          
0     0033b826  _HDL_IWDG_Init                          
0     0033a4a7  _HDL_SPI_Init                           
0     0033a46f  _HDL_SPI_Read                           
0     0033a43c  _HDL_SPI_Write                          
0     0033a3e9  _HDL_SPI_WriteRead                      
0     00338bad  _I2CINT1A_ISR                           
0     00338ba3  _I2CINT2A_ISR                           
1     00007900  _I2caRegs                               
0     00338b99  _ILLEGAL_ISR                            
0     00338b8f  _INT13_ISR                              
0     00338b85  _INT14_ISR                              
0     0033bb70  _InitAdc                                
0     0033b8a1  _InitCpuTimers                          
0     0033a9d9  _InitEPwm                               
0     00339388  _InitEPwm1Example                       
0     0033a944  _InitEPwm1Gpio                          
0     00339349  _InitEPwm2Example                       
0     0033a95a  _InitEPwm2Gpio                          
0     0033930a  _InitEPwm3Example                       
0     0033a970  _InitEPwm3Gpio                          
0     0033a988  _InitEPwm4Gpio                          
0     0033a9a0  _InitEPwm5Gpio                          
0     0033a9b6  _InitEPwm6Gpio                          
0     0033a9cc  _InitEPwmGpio                           
0     0033a929  _InitEPwmSyncGpio                       
0     00008183  _InitFlash                              
0     0033a75b  _InitPeripheralClocks                   
0     0033b9b1  _InitPieCtrl                            
0     0033bbcd  _InitPieVectTable                       
0     0033a70e  _InitPll                                
0     00339188  _InitSciaGpio                           
0     0033916e  _InitScibGpio                           
0     003390df  _InitScicGpio                           
0     0033a3bd  _InitSpiGpio                            
0     0033a3bd  _InitSpiaGpio                           
0     0033a7c1  _InitSysCtrl                            
0     0033a8ec  _InitTzGpio                             
0     00338b7b  _LUF_ISR                                
0     00338b71  _LVF_ISR                                
0     00338e99  _Load_Parameter_From_Flash              
0     00338b67  _MRINTA_ISR                             
0     00338b5d  _MRINTB_ISR                             
0     00338b53  _MXINTA_ISR                             
0     00338b49  _MXINTB_ISR                             
1     00005000  _McbspaRegs                             
1     00005040  _McbspbRegs                             
0     00338b3f  _NMI_ISR                                
0     00338b35  _PIE_RESERVED                           
1     00380090  _PartIdRegs                             
1     00000ce0  _PieCtrlRegs                            
1     00000d00  _PieVectTable                           
0     0033be16  _PieVectTableInit                       
0     00338b2b  _RTOSINT_ISR                            
0     003201a4  _RamfuncsLoadEnd                        
abs   000001a4  _RamfuncsLoadSize                       
0     00320000  _RamfuncsLoadStart                      
0     00008000  _RamfuncsRunStart                       
0     00338b21  _SCIRXINTA_ISR                          
0     00338b17  _SCIRXINTB_ISR                          
0     00338b0d  _SCIRXINTC_ISR                          
0     00338b03  _SCITXINTA_ISR                          
0     00338af9  _SCITXINTB_ISR                          
0     00338aef  _SCITXINTC_ISR                          
1     0000ca78  _SCRT_Fault1                            
0     00338ae5  _SEQ1INT_ISR                            
0     00338adb  _SEQ2INT_ISR                            
0     00338ad1  _SPIRXINTA_ISR                          
0     00338ac7  _SPITXINTA_ISR                          
1     00007050  _SciaRegs                               
1     00007750  _ScibRegs                               
1     00007770  _ScicRegs                               
0     0033a6fc  _ServiceDog                             
1     00007040  _SpiaRegs                               
0     00338690  _StartDMACH1                            
0     00338688  _StartDMACH2                            
0     00338680  _StartDMACH3                            
0     00338678  _StartDMACH4                            
0     00338670  _StartDMACH5                            
0     00338668  _StartDMACH6                            
0     00338000  _SyncModbusRegToSysinfo                 
0     00338256  _SyncSysinfoToModbusReg                 
1     00007010  _SysCtrlRegs                            
0     00338abd  _TINT0_ISR                              
0     00338ff9  _USART_Callback                         
0     00338ab3  _USER10_ISR                             
0     00338aa9  _USER11_ISR                             
0     00338a9f  _USER12_ISR                             
0     00338a95  _USER1_ISR                              
0     00338a8b  _USER2_ISR                              
0     00338a81  _USER3_ISR                              
0     00338a77  _USER4_ISR                              
0     00338a6d  _USER5_ISR                              
0     00338a63  _USER6_ISR                              
0     00338a59  _USER7_ISR                              
0     00338a4f  _USER8_ISR                              
0     00338a45  _USER9_ISR                              
0     003392c9  _Uart_AvailableBytes                    
0     003392a1  _Uart_EmptyReadBuffer                   
0     003391a4  _Uart_Init                              
0     003390c7  _Uart_Read                              
0     003390b9  _Uart_RegisterReceiveCharCallback       
0     003390ab  _Uart_RegisterReceiveReadyCharCallback  
0     0033909c  _Uart_SetWriteOverCallback              
0     0033908d  _Uart_UnregisterReceiveCharCallback     
0     0033903d  _Uart_Write                             
0     00338a3b  _WAKEINT_ISR                            
0     00338a31  _XINT1_ISR                              
0     00338a27  _XINT2_ISR                              
0     00338a1d  _XINT3_ISR                              
0     00338a13  _XINT4_ISR                              
0     00338a09  _XINT5_ISR                              
0     003389ff  _XINT6_ISR                              
0     003389f5  _XINT7_ISR                              
1     00007070  _XIntruptRegs                           
1     00000b20  _XintfRegs                              
1     00000800  __STACK_END                             
abs   00000400  __STACK_SIZE                            
1     0000cbd4  ___TI_cleanup_ptr                       
1     0000cbd6  ___TI_dtors_ptr                         
1     0000cbd2  ___TI_enable_exit_profile_output        
abs   ffffffff  ___TI_pprof_out_hndl                    
abs   ffffffff  ___TI_prof_data_size                    
abs   ffffffff  ___TI_prof_data_start                   
abs   ffffffff  ___binit__                              
abs   ffffffff  ___c_args__                             
0     0033c1de  ___cinit__                              
0     0033bc16  ___etext__                              
abs   ffffffff  ___pinit__                              
0     00338000  ___text__                               
0     0033bba9  __args_main                             
1     0000c840  __gCOMList                              
1     0000c9fe  __lock                                  
0     00338d01  __nop                                   
1     00000400  __stack                                 
0     0033a149  __system_post_cinit                     
0     0033bc14  __system_pre_init                       
1     0000ca7e  __unlock                                
0     0033b988  _abort                                  
0     0033baaa  _async_delay                            
0     0033b48a  _average_filter_init                    
0     0033b453  _average_filter_update                  
1     0000cbe4  _boolRegHoldingChanged                  
0     0033b6a9  _c_int00                                
1     0000c374  _can_rx_msg                             
0     0033a1e3  _config_ADC                             
0     0033a19d  _config_DMA                             
0     0033a18c  _config_ePWM4_to_generate_ADCSOCA       
0     0033a157  _config_ePWM4_to_generate_ADCSOCA_      
0     0033ba26  _copy_in                                
0     0033b20b  _cpu_timer0_isr                         
0     0033b1f7  _cpu_timer1_isr                         
0     0033b1b7  _cpu_timer2_isr                         
0     0033ab7d  _cqueue_create                          
0     0033ab5a  _cqueue_dequeue                         
0     0033ab36  _cqueue_enqueue                         
0     0033aaf6  _cqueue_in                              
0     0033aac3  _cqueue_out                             
1     0000cbe2  _debugVar                               
0     0033b0f3  _eMBFuncReadCoils                       
0     0033b7de  _eMBFuncReadDiscreteInputs              
0     0033ae7c  _eMBFuncReadHoldingRegister             
0     0033b127  _eMBFuncReadInputRegister               
0     0033ade7  _eMBFuncReadWriteMultipleHoldingRegister
0     0033bb97  _eMBFuncReportSlaveID                   
0     0033b0c8  _eMBFuncWriteCoil                       
0     0033ae3c  _eMBFuncWriteHoldingRegister            
0     0033b092  _eMBFuncWriteMultipleCoils              
0     0033ae51  _eMBFuncWriteMultipleHoldingRegister    
0     0033b53c  _eMBPoll                                
0     0033a385  _eMBRTUInit                             
0     0033a30a  _eMBRTUReceive                          
0     0033a333  _eMBRTUSend                             
0     0033a36f  _eMBRTUStart                            
0     0033a361  _eMBRTUStop                             
0     00339edc  _eMBRegCoilsCB                          
0     00339f4a  _eMBRegHoldingCB                        
0     0033a14a  _enable_ePWM4                           
1     0000c9ec  _epwm1_info                             
0     0033b42b  _epwm1_isr                              
1     0000c9f2  _epwm2_info                             
0     0033b403  _epwm2_isr                              
1     0000c9f8  _epwm3_info                             
0     0033b3db  _epwm3_isr                              
1     0000cbe7  _errno                                  
0     0033b98a  _exit                                   
0     0033b503  _fmax                                   
0     0033b503  _fmaxf                                  
0     0033b4ca  _fmin                                   
0     0033b4ca  _fminf                                  
1     0000c008  _g_A                                    
1     0000c040  _g_AppMainInfo                          
1     0000c00a  _g_B                                    
1     0000c004  _g_backGroundTaskMaxRuningTimeUS        
1     0000c006  _g_backGroundTaskRuningTimeUS           
1     0000c002  _g_pSysInfo                             
1     0000c8f6  _g_vcb_list                             
0     00008000  _local_DINTCH1_ISR                      
0     0033ba6b  _main                                   
0     0033bb03  _memcpy                                 
0     0033bc08  _memset                                 
0     0033bb84  _period_query_user_us                   
0     0033b926  _prveMBError2Exception                  
0     0033bc0f  _prvvTIMERExpiredISR                    
1     0000c9e0  _pxMBFrameCBByteReceived                
1     0000c9e6  _pxMBFrameCBReceiveFSMCur               
1     0000c9e8  _pxMBFrameCBTransmitFSMCur              
1     0000c9e2  _pxMBFrameCBTransmitterEmpty            
1     0000c9e4  _pxMBPortCBTimerExpired                 
0     003389eb  _rsvd_ISR                               
0     0033bf16  _s_CRCHi                                
0     0033c016  _s_CRCLo                                
1     0000ca7c  _s_t1                                   
0     00339d09  _sciaRxFifoIsr                          
0     00339cd2  _sciaTxFifoIsr                          
0     00339c5e  _scibRxFifoIsr                          
0     00339c27  _scibTxFifoIsr                          
0     00339baf  _scicRxFifoIsr                          
0     00339b78  _scicTxFifoIsr                          
1     0000ca7a  _scrtFb1                                
0     0033b900  _serialReceiveOneByteISR                
0     0033b905  _serialSentOneByteISR                   
0     0033a3b0  _spi_init                               
0     0033a3ac  _spi_xmit                               
0     0033b9da  _sqrt                                   
0     0033b9da  _sqrtf                                  
1     0000c680  _ucRTUBuf                               
1     0000cbdc  _ucRegCoilsBuf                          
1     0000cbde  _ucRegDiscreteBuf                       
0     0033ac5f  _usMBCRC16                              
1     0000cb40  _usRegHoldingBuf                        
0     0033c1dd  _usRegHoldingStart                      
1     0000cb80  _usRegInputBuf                          
0     0033c1dc  _usRegInputStart                        
0     0033b8d6  _vMBPortSerialEnable                    
0     00339e2e  _w25q128_write_page_no_erase            
0     0033ba01  _wakeint_isr                            
0     0033a2d0  _xMBRTUReceiveFSM                       
0     0033a2af  _xMBRTUTimerT35Expired                  
0     0033a27f  _xMBRTUTransmitFSM                      
0     0033b90a  _xMBUtilGetBits                         
abs   ffffffff  binit                                   
0     0033c1de  cinit                                   
0     0033fff6  code_start                              
0     0033bc16  etext                                   
abs   ffffffff  pinit                                   


GLOBAL SYMBOLS: SORTED BY Symbol Address 

page  address   name                                    
----  -------   ----                                    
0     00008000  _RamfuncsRunStart                       
0     00008000  _local_DINTCH1_ISR                      
0     00008183  _InitFlash                              
0     000081a0  _DSP28x_usDelay                         
0     00320000  _RamfuncsLoadStart                      
0     003201a4  _RamfuncsLoadEnd                        
0     00338000  .text                                   
0     00338000  _SyncModbusRegToSysinfo                 
0     00338000  ___text__                               
0     00338256  _SyncSysinfoToModbusReg                 
0     0033863e  _B1_ModbusRTUSlaver_Poll                
0     00338668  _StartDMACH6                            
0     00338670  _StartDMACH5                            
0     00338678  _StartDMACH4                            
0     00338680  _StartDMACH3                            
0     00338688  _StartDMACH2                            
0     00338690  _StartDMACH1                            
0     00338698  _DMAInitialize                          
0     003386a3  _DMACH6WrapConfig                       
0     003386ad  _DMACH6TransferConfig                   
0     003386b6  _DMACH6ModeConfig                       
0     0033871d  _DMACH6BurstConfig                      
0     00338726  _DMACH6AddrConfig                       
0     00338730  _DMACH5WrapConfig                       
0     0033873a  _DMACH5TransferConfig                   
0     00338743  _DMACH5ModeConfig                       
0     003387aa  _DMACH5BurstConfig                      
0     003387b3  _DMACH5AddrConfig                       
0     003387bd  _DMACH4WrapConfig                       
0     003387c7  _DMACH4TransferConfig                   
0     003387d0  _DMACH4ModeConfig                       
0     00338837  _DMACH4BurstConfig                      
0     00338840  _DMACH4AddrConfig                       
0     0033884a  _DMACH3WrapConfig                       
0     00338854  _DMACH3TransferConfig                   
0     0033885d  _DMACH3ModeConfig                       
0     003388c2  _DMACH3BurstConfig                      
0     003388cb  _DMACH3AddrConfig                       
0     003388d5  _DMACH2WrapConfig                       
0     003388df  _DMACH2TransferConfig                   
0     003388e8  _DMACH2ModeConfig                       
0     0033894d  _DMACH2BurstConfig                      
0     00338956  _DMACH2AddrConfig                       
0     00338960  _DMACH1WrapConfig                       
0     0033896a  _DMACH1TransferConfig                   
0     00338973  _DMACH1ModeConfig                       
0     003389d8  _DMACH1BurstConfig                      
0     003389e1  _DMACH1AddrConfig                       
0     003389eb  _rsvd_ISR                               
0     003389f5  _XINT7_ISR                              
0     003389ff  _XINT6_ISR                              
0     00338a09  _XINT5_ISR                              
0     00338a13  _XINT4_ISR                              
0     00338a1d  _XINT3_ISR                              
0     00338a27  _XINT2_ISR                              
0     00338a31  _XINT1_ISR                              
0     00338a3b  _WAKEINT_ISR                            
0     00338a45  _USER9_ISR                              
0     00338a4f  _USER8_ISR                              
0     00338a59  _USER7_ISR                              
0     00338a63  _USER6_ISR                              
0     00338a6d  _USER5_ISR                              
0     00338a77  _USER4_ISR                              
0     00338a81  _USER3_ISR                              
0     00338a8b  _USER2_ISR                              
0     00338a95  _USER1_ISR                              
0     00338a9f  _USER12_ISR                             
0     00338aa9  _USER11_ISR                             
0     00338ab3  _USER10_ISR                             
0     00338abd  _TINT0_ISR                              
0     00338ac7  _SPITXINTA_ISR                          
0     00338ad1  _SPIRXINTA_ISR                          
0     00338adb  _SEQ2INT_ISR                            
0     00338ae5  _SEQ1INT_ISR                            
0     00338aef  _SCITXINTC_ISR                          
0     00338af9  _SCITXINTB_ISR                          
0     00338b03  _SCITXINTA_ISR                          
0     00338b0d  _SCIRXINTC_ISR                          
0     00338b17  _SCIRXINTB_ISR                          
0     00338b21  _SCIRXINTA_ISR                          
0     00338b2b  _RTOSINT_ISR                            
0     00338b35  _PIE_RESERVED                           
0     00338b3f  _NMI_ISR                                
0     00338b49  _MXINTB_ISR                             
0     00338b53  _MXINTA_ISR                             
0     00338b5d  _MRINTB_ISR                             
0     00338b67  _MRINTA_ISR                             
0     00338b71  _LVF_ISR                                
0     00338b7b  _LUF_ISR                                
0     00338b85  _INT14_ISR                              
0     00338b8f  _INT13_ISR                              
0     00338b99  _ILLEGAL_ISR                            
0     00338ba3  _I2CINT2A_ISR                           
0     00338bad  _I2CINT1A_ISR                           
0     00338bb7  _EQEP2_INT_ISR                          
0     00338bc1  _EQEP1_INT_ISR                          
0     00338bcb  _EPWM6_TZINT_ISR                        
0     00338bd5  _EPWM6_INT_ISR                          
0     00338bdf  _EPWM5_TZINT_ISR                        
0     00338be9  _EPWM5_INT_ISR                          
0     00338bf3  _EPWM4_TZINT_ISR                        
0     00338bfd  _EPWM4_INT_ISR                          
0     00338c07  _EPWM3_TZINT_ISR                        
0     00338c11  _EPWM3_INT_ISR                          
0     00338c1b  _EPWM2_TZINT_ISR                        
0     00338c25  _EPWM2_INT_ISR                          
0     00338c2f  _EPWM1_TZINT_ISR                        
0     00338c39  _EPWM1_INT_ISR                          
0     00338c43  _EMUINT_ISR                             
0     00338c4d  _ECAP6_INT_ISR                          
0     00338c57  _ECAP5_INT_ISR                          
0     00338c61  _ECAP4_INT_ISR                          
0     00338c6b  _ECAP3_INT_ISR                          
0     00338c75  _ECAP2_INT_ISR                          
0     00338c7f  _ECAP1_INT_ISR                          
[...]
0     00338cc5  _DINTCH4_ISR                            
0     00338ccf  _DINTCH3_ISR                            
0     00338cd9  _DINTCH2_ISR                            
0     00338ce3  _DINTCH1_ISR                            
0     00338ced  _DATALOG_ISR                            
0     00338cf7  _ADCINT_ISR                             
0     00338d01  __nop                                   
0     00338d02  _Config_Default_Parameter               
0     00338dd8  _APP_Main_Save_SysInfo                  
0     00338e16  _BackGroundTask                         
0     00338e6c  _APP_Main_Poll                          
0     00338e99  _Load_Parameter_From_Flash              
0     00338f19  _APP_Main_Init                          
0     00338ff9  _USART_Callback                         
0     0033903d  _Uart_Write                             
0     0033908d  _Uart_UnregisterReceiveCharCallback     
0     0033909c  _Uart_SetWriteOverCallback              
0     003390ab  _Uart_RegisterReceiveReadyCharCallback  
0     003390b9  _Uart_RegisterReceiveCharCallback       
0     003390c7  _Uart_Read                              
0     003390df  _InitScicGpio                           
0     0033916e  _InitScibGpio                           
0     00339188  _InitSciaGpio                           
0     003391a4  _Uart_Init                              
0     003392a1  _Uart_EmptyReadBuffer                   
0     003392c9  _Uart_AvailableBytes                    
0     003392e1  _EPwmx_ActionInit                       
0     0033930a  _InitEPwm3Example                       
0     00339349  _InitEPwm2Example                       
0     00339388  _InitEPwm1Example                       
0     003393c7  _BFL_SCR_Init                           
0     00339475  _BFL_SCRT_Pluse_Transmit                
0     00339505  _BFL_SCRR_Have_Signal                   
0     00339545  _B3_Check_Minor_Fault_Exist             
0     00339727  _B3_Check_SCR_Serious_Fault             
0     00339761  _BFL_VCB_Relay_Set_As_Switch_No_Ctrl    
0     003397a0  _BFL_VCB_Seurity_Init                   
0     00339838  _BFL_VCB_Relay_Set_As_Switch_Opened     
0     0033988b  _BFL_VCB_Set_As_Switch_Opened           
0     00339898  _BFL_VCB_Set_As_Switch_No_Ctrl          
0     0033989d  _BFL_VCB_Relay_Set_As_Switch_Closed     
0     003398f0  _BFL_VCB_Set_As_Switch_Closed           
0     003398fe  _BFL_VCB_SW_To_String                   
0     0033991e  _BFL_VCB_STATE_To_String                
0     0033992c  _BFL_VCB_Relay_Get_Setting_State        
0     00339939  _BFL_VCB_Get_Setting_State              
0     00339946  _BFL_VCB_Get_Actual_State               
0     00339969  _BFL_VCB_CTRL_STATE_To_String           
0     0033997c  _B3_RTUPush_Poll                        
0     00339b78  _scicTxFifoIsr                          
0     00339baf  _scicRxFifoIsr                          
0     00339c27  _scibTxFifoIsr                          
0     00339c5e  _scibRxFifoIsr                          
0     00339cd2  _sciaTxFifoIsr                          
0     00339d09  _sciaRxFifoIsr                          
0     00339d72  _Flash_ReadSR1                          
0     00339d9e  _Flash_Wait_Busy                        
0     00339dbb  _Flash_Write_Enable                     
0     00339de8  _CHIP_W25Q128_Erase_One_Sector          
0     00339e2e  _w25q128_write_page_no_erase            
0     00339e7a  _CHIP_W25Q128_Write                     
0     00339ea4  _CHIP_W25Q128_Read                      
0     00339edc  _eMBRegCoilsCB                          
0     00339f4a  _eMBRegHoldingCB                        
0     0033a02a  _B2_CmdBypassCapacitors_Test            
0     0033a053  _B2_CmdBypassCapacitors_Exec            
0     0033a0f3  _B2_CmdBypassCapacitors_Exec_Solution   
0     0033a149  __system_post_cinit                     
0     0033a14a  _enable_ePWM4                           
0     0033a157  _config_ePWM4_to_generate_ADCSOCA_      
0     0033a18c  _config_ePWM4_to_generate_ADCSOCA       
0     0033a19d  _config_DMA                             
0     0033a1e3  _config_ADC                             
0     0033a226  _BFL_Measure_ReadReady                  
0     0033a22c  _BFL_Measure_Read                       
0     0033a260  _BFL_Measure_Init                       
0     0033a27f  _xMBRTUTransmitFSM                      
0     0033a2af  _xMBRTUTimerT35Expired                  
0     0033a2d0  _xMBRTUReceiveFSM                       
0     0033a30a  _eMBRTUReceive                          
0     0033a333  _eMBRTUSend                             
0     0033a361  _eMBRTUStop                             
0     0033a36f  _eMBRTUStart                            
0     0033a385  _eMBRTUInit                             
0     0033a3ac  _spi_xmit                               
0     0033a3b0  _spi_init                               
0     0033a3bd  _InitSpiGpio                            
0     0033a3bd  _InitSpiaGpio                           
0     0033a3e9  _HDL_SPI_WriteRead                      
0     0033a43c  _HDL_SPI_Write                          
0     0033a46f  _HDL_SPI_Read                           
0     0033a4a7  _HDL_SPI_Init                           
0     0033a4ee  _B2_CmdCutOffCapacitors_Exec            
0     0033a5a3  _B2_CmdCutOffCapacitors_Exec_Solution   
0     0033a5f5  LL$$DIV                                 
0     0033a631  LL$$MOD                                 
0     0033a66b  ULL$$DIV                                
0     0033a69a  ULL$$MOD                                
0     0033a6fc  _ServiceDog                             
0     0033a706  _DisableDog                             
0     0033a70e  _InitPll                                
0     0033a75b  _InitPeripheralClocks                   
0     0033a7c1  _InitSysCtrl                            
0     0033a7ca  _CsmUnlock                              
0     0033a7f8  _B1_Measure_Poll                        
0     0033a8ec  _InitTzGpio                             
0     0033a929  _InitEPwmSyncGpio                       
0     0033a944  _InitEPwm1Gpio                          
0     0033a95a  _InitEPwm2Gpio                          
0     0033a970  _InitEPwm3Gpio                          
0     0033a988  _InitEPwm4Gpio                          
0     0033a9a0  _InitEPwm5Gpio                          
0     0033a9b6  _InitEPwm6Gpio                          
0     0033a9cc  _InitEPwmGpio                           
0     0033a9d9  _InitEPwm                               
0     0033a9da  _HDL_CPU_Time_StopHardTimer             
0     0033aa14  _HDL_CPU_Time_StartHardTimer            
0     0033aa2c  _HDL_CPU_Time_SetCPUTickCallback        
0     0033aa30  _HDL_CPU_Time_ResetUsTick               
0     0033aa36  _HDL_CPU_Time_ResetTick                 
0     0033aa3b  _HDL_CPU_Time_Init                      
0     0033aa8b  _HDL_CPU_Time_GetUsTick                 
0     0033aa92  _HDL_CPU_Time_GetTick                   
0     0033aa9c  _HDL_CPU_Time_DelayUs                   
0     0033aaae  _HDL_CPU_Time_DelayMs                   
0     0033aac3  _cqueue_out                             
0     0033aaf6  _cqueue_in                              
0     0033ab36  _cqueue_enqueue                         
0     0033ab5a  _cqueue_dequeue                         
0     0033ab7d  _cqueue_create                          
0     0033ab95  _B3_SysAutoMode_DeltaPoll               
0     0033ac5f  _usMBCRC16                              
0     0033ad29  _B2_CmdMakeCapacitorsWork_Exec          
0     0033ada1  _B2_CmdMakeCapacitorsWork_Exec_Solution 
0     0033ade7  _eMBFuncReadWriteMultipleHoldingRegister
0     0033ae3c  _eMBFuncWriteHoldingRegister            
0     0033ae51  _eMBFuncWriteMultipleHoldingRegister    
0     0033ae7c  _eMBFuncReadHoldingRegister             
0     0033aea7  _B1_CapacitanceTemperatureMeasure_Poll  
0     0033af55  _BFL_RS485_Take_Bus                     
0     0033af63  _BFL_RS485_Write                        
0     0033af79  _BFL_RS485_Take_Bus_RS4852              
0     0033af7e  _BFL_RS485_Take_Bus_RS4851              
0     0033af83  _BFL_RS485_Release_Bus_RS4852           
0     0033af88  _BFL_RS485_Release_Bus_RS4851           
0     0033af8d  _BFL_RS485_Release_Bus                  
0     0033af9b  _BFL_RS485_Read                         
0     0033afa9  _BFL_RS485_Init                         
0     0033aff6  FD$$ADD                                 
0     0033b092  _eMBFuncWriteMultipleCoils              
0     0033b0c8  _eMBFuncWriteCoil                       
0     0033b0f3  _eMBFuncReadCoils                       
0     0033b127  _eMBFuncReadInputRegister               
0     0033b1b7  _cpu_timer2_isr                         
0     0033b1f7  _cpu_timer1_isr                         
0     0033b20b  _cpu_timer0_isr                         
0     0033b245  FD$$DIV                                 
0     0033b2d0  FS$$DIV                                 
0     0033b358  FD$$MPY                                 
0     0033b3db  _epwm3_isr                              
0     0033b403  _epwm2_isr                              
0     0033b42b  _epwm1_isr                              
0     0033b453  _average_filter_update                  
0     0033b48a  _average_filter_init                    
0     0033b4ca  _fmin                                   
0     0033b4ca  _fminf                                  
0     0033b503  _fmax                                   
0     0033b503  _fmaxf                                  
0     0033b53c  _eMBPoll                                
0     0033b59a  _B1_VCBStatus_Update                    
0     0033b5d4  _B1_VCBStatusGet_DeltaPoll              
0     0033b5f7  _BFL_Buzz_Toggle                        
0     0033b5fc  _BFL_Buzz_SetTrigLevel                  
0     0033b600  _BFL_Buzz_On                            
0     0033b60f  _BFL_Buzz_Off                           
0     0033b61e  _BFL_Buzz_IsOff                         
0     0033b630  _BFL_Buzz_Init                          
0     0033b650  _CANA_ISR                               
0     0033b6a9  _c_int00                                
0     0033b6ff  _BFL_Button_IsPressed                   
0     0033b709  _BFL_Button_Init                        
0     0033b74a  _CRC16_Modbus                           
0     0033b795  _BFL_DebugPin_Toggle                    
0     0033b7a3  _BFL_DebugPin_Set                       
0     0033b7b1  _BFL_DebugPin_Reset                     
0     0033b7bf  _BFL_DebugPin_Init                      
0     0033b7de  _eMBFuncReadDiscreteInputs              
0     0033b826  _HDL_IWDG_Init                          
0     0033b869  _HDL_IWDG_Feed                          
0     0033b86c  _B1_SysModeGet_DeltaPoll                
0     0033b8a1  _InitCpuTimers                          
0     0033b8d6  _vMBPortSerialEnable                    
0     0033b8f8  _EnterCriticalSection                   
0     0033b8fc  _ExitCriticalSection                    
0     0033b900  _serialReceiveOneByteISR                
0     0033b905  _serialSentOneByteISR                   
0     0033b90a  _xMBUtilGetBits                         
0     0033b926  _prveMBError2Exception                  
0     0033b934  FD$$CMP                                 
0     0033b95e  L$$DIV                                  
0     0033b96d  L$$MOD                                  
0     0033b97b  UL$$DIV                                 
0     0033b982  UL$$MOD                                 
0     0033b988  C$$EXIT                                 
0     0033b988  _abort                                  
0     0033b98a  _exit                                   
0     0033b9b1  _InitPieCtrl                            
0     0033b9d0  _EnableInterrupts                       
0     0033b9da  _sqrt                                   
0     0033b9da  _sqrtf                                  
0     0033ba01  _wakeint_isr                            
0     0033ba26  _copy_in                                
0     0033ba4a  FD$$TOI                                 
0     0033ba6b  _main                                   
0     0033ba8b  FD$$TOL                                 
0     0033baaa  _async_delay                            
0     0033bac8  LL$$CMP                                 
0     0033bada  ULL$$CMP                                
0     0033bae6  I$$TOFD                                 
0     0033bb03  _memcpy                                 
0     0033bb20  FS$$TOFD                                
0     0033bb3c  L$$TOFD                                 
0     0033bb58  LL$$AND                                 
0     0033bb60  LL$$OR                                  
0     0033bb68  LL$$XOR                                 
0     0033bb70  _InitAdc                                
0     0033bb84  _period_query_user_us                   
0     0033bb97  _eMBFuncReportSlaveID                   
0     0033bba9  __args_main                             
0     0033bbbb  _CheckConditionDurationMet              
0     0033bbcd  _InitPieVectTable                       
0     0033bbde  FD$$SUB                                 
0     0033bbec  U$$DIV                                  
0     0033bbf1  U$$MOD                                  
0     0033bbf7  FD$$NEG                                 
0     0033bc08  _memset                                 
0     0033bc0f  _prvvTIMERExpiredISR                    
0     0033bc14  __system_pre_init                       
0     0033bc16  ___etext__                              
0     0033bc16  etext                                   
0     0033be16  _PieVectTableInit                       
0     0033bf16  _s_CRCHi                                
0     0033c016  _s_CRCLo                                
0     0033c1dc  _usRegInputStart                        
0     0033c1dd  _usRegHoldingStart                      
0     0033c1de  ___cinit__                              
0     0033c1de  cinit                                   
0     0033fff6  code_start                              
0     00380080  _ADC_cal                                
1     00000400  __stack                                 
1     00000800  __STACK_END                             
1     00000880  _DevEmuRegs                             
1     00000a80  _FlashRegs                              
1     00000ae0  _CsmRegs                                
1     00000b00  _AdcMirror                              
1     00000b20  _XintfRegs                              
1     00000c00  _CpuTimer0Regs                          
1     00000c08  _CpuTimer1Regs                          
1     00000c10  _CpuTimer2Regs                          
1     00000ce0  _PieCtrlRegs                            
1     00000d00  _PieVectTable                           
1     00001000  _DmaRegs                                
1     00005000  _McbspaRegs                             
1     00005040  _McbspbRegs                             
1     00006000  _ECanaRegs                              
1     00006040  _ECanaLAMRegs                           
1     00006080  _ECanaMOTSRegs                          
1     000060c0  _ECanaMOTORegs                          
1     00006100  _ECanaMboxes                            
1     00006200  _ECanbRegs                              
1     00006240  _ECanbLAMRegs                           
1     00006280  _ECanbMOTSRegs                          
1     000062c0  _ECanbMOTORegs                          
1     00006300  _ECanbMboxes                            
1     00006800  _EPwm1Regs                              
1     00006840  _EPwm2Regs                              
1     00006880  _EPwm3Regs                              
1     000068c0  _EPwm4Regs                              
1     00006900  _EPwm5Regs                              
1     00006940  _EPwm6Regs                              
1     00006a00  _ECap1Regs                              
1     00006a20  _ECap2Regs                              
1     00006a40  _ECap3Regs                              
1     00006a60  _ECap4Regs                              
1     00006a80  _ECap5Regs                              
1     00006aa0  _ECap6Regs                              
1     00006b00  _EQep1Regs                              
1     00006b40  _EQep2Regs                              
1     00006f80  _GpioCtrlRegs                           
1     00006fc0  _GpioDataRegs                           
1     00006fe0  _GpioIntRegs                            
1     00007010  _SysCtrlRegs                            
1     00007040  _SpiaRegs                               
1     00007050  _SciaRegs                               
1     00007070  _XIntruptRegs                           
1     00007100  _AdcRegs                                
1     00007750  _ScibRegs                               
1     00007770  _ScicRegs                               
1     00007900  _I2caRegs                               
1     0000c002  _g_pSysInfo                             
1     0000c004  _g_backGroundTaskMaxRuningTimeUS        
1     0000c006  _g_backGroundTaskRuningTimeUS           
1     0000c008  _g_A                                    
1     0000c00a  _g_B                                    
1     0000c040  _g_AppMainInfo                          
1     0000c374  _can_rx_msg                             
1     0000c680  _ucRTUBuf                               
1     0000c840  __gCOMList                              
1     0000c8f6  _g_vcb_list                             
1     0000c9e0  _pxMBFrameCBByteReceived                
1     0000c9e2  _pxMBFrameCBTransmitterEmpty            
1     0000c9e4  _pxMBPortCBTimerExpired                 
1     0000c9e6  _pxMBFrameCBReceiveFSMCur               
1     0000c9e8  _pxMBFrameCBTransmitFSMCur              
1     0000c9ec  _epwm1_info                             
1     0000c9f2  _epwm2_info                             
1     0000c9f8  _epwm3_info                             
1     0000c9fe  __lock                                  
1     0000ca50  _CpuTimer0                              
1     0000ca58  _CpuTimer1                              
1     0000ca60  _CpuTimer2                              
1     0000ca78  _SCRT_Fault1                            
1     0000ca7a  _scrtFb1                                
1     0000ca7c  _s_t1                                   
1     0000ca7e  __unlock                                
1     0000cb40  _usRegHoldingBuf                        
1     0000cb80  _usRegInputBuf                          
1     0000cbc2  _DMADest                                
1     0000cbc4  _DMASource                              
1     0000cbd2  ___TI_enable_exit_profile_output        
1     0000cbd4  ___TI_cleanup_ptr                       
1     0000cbd6  ___TI_dtors_ptr                         
1     0000cbdc  _ucRegCoilsBuf                          
1     0000cbde  _ucRegDiscreteBuf                       
1     0000cbe2  _debugVar                               
1     0000cbe4  _boolRegHoldingChanged                  
1     0000cbe7  _errno                                  
1     0000cc00  _DMABuf1                                
1     0033fff8  _CsmPwl                                 
1     00380090  _PartIdRegs                             
abs   000001a4  _RamfuncsLoadSize                       
abs   00000400  __STACK_SIZE                            
abs   ffffffff  ___TI_pprof_out_hndl                    
abs   ffffffff  ___TI_prof_data_size                    
abs   ffffffff  ___TI_prof_data_start                   
abs   ffffffff  ___binit__                              
abs   ffffffff  ___c_args__                             
abs   ffffffff  ___pinit__                              
abs   ffffffff  binit                                   
abs   ffffffff  pinit                                   

[471 symbols]
